settings_page.c:59:6:settings_page_set_onchange_callback	0	static
settings_page.c:64:5:settings_page_is_open	0	static
settings_page.c:69:5:settings_page_selected_index	0	static
settings_page.c:74:5:settings_page_previous_state	0	static
settings_page.c:79:6:settings_page_open	8	static
settings_page.c:94:6:settings_page_close	0	static
settings_page.c:134:13:settings_page_staged_value	8	static
settings_page.c:165:7:settings_page_handle_input	16	static
settings_page.c:292:6:settings_page_draw	88	static
