settings_page.c:60:6:settings_page_set_onchange_callback	0	static
settings_page.c:65:5:settings_page_is_open	0	static
settings_page.c:70:5:settings_page_selected_index	0	static
settings_page.c:75:5:settings_page_previous_state	0	static
settings_page.c:80:6:settings_page_open	8	static
settings_page.c:96:6:settings_page_close	0	static
settings_page.c:137:13:settings_page_staged_value	8	static
settings_page.c:170:7:settings_page_handle_input	16	static
settings_page.c:303:6:settings_page_draw	88	static
