keyboard.c:249:13:playSound	24	static
keyboard.c:264:13:freeSounds	8	static
keyboard.c:528:13:PDKeyboardMutableTextEnsureCapacity	16	static
keyboard.c:1001:29:loadBitmapOrError	24	static
keyboard.c:1090:13:PDKeyboardFree	16	static
keyboard.c:1152:13:PDKeyboardSetPlaydateUpdateCallback	0	static
keyboard.c:1171:12:PDKeyboardGetWidth	0	static
keyboard.c:1175:12:PDKeyboardGetLeft	0	static
keyboard.c:1179:15:PDKeyboardIsVisible	0	static
keyboard.c:1183:33:PDKeyboardGetCapitalizationBehavior	0	static
keyboard.c:1187:13:PDKeyboardSetCapitalizationBehavior	16	static
keyboard.c:1194:13:PDKeyboardSetKeyboardDidShowCallback	0	static
keyboard.c:1199:13:PDKeyboardSetKeyboardDidHideCallback	0	static
keyboard.c:1204:13:PDKeyboardSetKeyboardWillHideCallback	0	static
keyboard.c:1209:13:PDKeyboardSetKeyboardAnimatingCallback	0	static
keyboard.c:1214:13:PDKeyboardSetTextChangedCallback	0	static
keyboard.c:1162:13:PDKeyboardGetText	24	static
keyboard.c:660:13:updateAnimation	16	static
keyboard.c:715:13:startAnimation	24	static
keyboard.c:731:13:moveSelectionUp	24	static
keyboard.c:782:13:moveSelectionDown	24	static
keyboard.c:1156:13:PDKeyboardSetRefreshRate	0	static
keyboard.c:1035:30:PDKeyboardNew	32	static
keyboard.c:1142:13:PDKeyboardHide.part.0	8	static
keyboard.c:1142:13:PDKeyboardHide	0	static
keyboard.c:543:13:hideKeyboard	8	static
keyboard.c:1097:13:PDKeyboardShow	24	static
keyboard.c:578:13:addLetter	40	static
keyboard.c:616:13:enterKey	16	static
keyboard.c:295:13:fillRoundRect.constprop	88	static
keyboard.c:967:12:keyboardUpdate	176	static
