keyboard.c:249:13:playSound	24	static
keyboard.c:264:13:freeSounds	8	static
keyboard.c:525:13:PDKeyboardMutableTextEnsureCapacity	16	static
keyboard.c:1005:29:loadBitmapOrError	24	static
keyboard.c:1155:13:PDKeyboardSetPlaydateUpdateCallback	0	static
keyboard.c:1174:12:PDKeyboardGetWidth	0	static
keyboard.c:1178:12:PDKeyboardGetLeft	0	static
keyboard.c:1182:15:PDKeyboardIsVisible	0	static
keyboard.c:1186:33:PDKeyboardGetCapitalizationBehavior	0	static
keyboard.c:1190:13:PDKeyboardSetCapitalizationBehavior	16	static
keyboard.c:1197:13:PDKeyboardSetKeyboardDidShowCallback	0	static
keyboard.c:1202:13:PDKeyboardSetKeyboardDidHideCallback	0	static
keyboard.c:1207:13:PDKeyboardSetKeyboardWillHideCallback	0	static
keyboard.c:1212:13:PDKeyboardSetKeyboardAnimatingCallback	0	static
keyboard.c:1217:13:PDKeyboardSetTextChangedCallback	0	static
keyboard.c:1165:13:PDKeyboardGetText	24	static
keyboard.c:655:13:updateAnimation	16	static
keyboard.c:710:13:startAnimation	24	static
keyboard.c:726:13:moveSelectionUp	24	static
keyboard.c:777:13:moveSelectionDown	24	static
keyboard.c:1159:13:PDKeyboardSetRefreshRate	0	static
keyboard.c:1039:30:PDKeyboardNew	32	static
keyboard.c:1093:13:PDKeyboardFree	8	static
keyboard.c:1145:13:PDKeyboardHide.part.0	8	static
keyboard.c:1145:13:PDKeyboardHide	0	static
keyboard.c:540:13:hideKeyboard	8	static
keyboard.c:1100:13:PDKeyboardShow	24	static
keyboard.c:573:13:addLetter	40	static
keyboard.c:611:13:enterKey	16	static
keyboard.c:295:13:fillRoundRect.constprop	88	static
keyboard.c:962:12:keyboardUpdate	176	static
