=== PlutoBrowser crash log ===
gamePath: unknown
[21:48:34 #1] PlutoBrowser boot (C port of CometBrowser)
[21:48:34 #2] constants: screen=400x240 chrome=24 contentY=24 contentH=216
[21:48:34 #3] [P02] util selftests begin
[21:48:34 #4] [P02] PASS mem.malloc
[21:48:34 #5] [P02] PASS mem.realloc_preserves
[21:48:34 #6] [P02] PASS mem.strdup
[21:48:34 #7] [P02] PASS mem.strndup
[21:48:34 #8] [P02] PASS mem.free_null
[21:48:34 #9] [P02] PASS strbuf.init
[21:48:34 #10] [P02] PASS strbuf.append_str
[21:48:34 #11] [P02] PASS strbuf.append_char
[21:48:34 #12] [P02] PASS strbuf.embedded_nul
[21:48:34 #13] [P02] PASS strbuf.clear_keeps_cap
[21:48:34 #14] [P02] PASS strbuf.printf
[21:48:34 #15] [P02] PASS strbuf.grow_500
[21:48:34 #16] [P02] PASS strbuf.detach
[21:48:34 #17] [P02] PASS strbuf.detach_resets
[21:48:34 #18] [P02] PASS strbuf.free_idempotent
[21:48:34 #19] [P02] PASS dynarray.init
[21:48:34 #20] [P02] PASS dynarray.push_100_grow
[21:48:34 #21] [P02] PASS dynarray.get_mid
[21:48:34 #22] [P02] PASS dynarray.last
[21:48:34 #23] [P02] PASS dynarray.pop
[21:48:34 #24] [P02] PASS dynarray.get_oob_null
[21:48:34 #25] [P02] PASS dynarray.free
[21:48:34 #26] [P02] PASS strmap.create
[21:48:34 #27] [P02] PASS strmap.put_get
[21:48:34 #28] [P02] PASS strmap.replace_value
[21:48:34 #29] [P02] PASS strmap.has_false
[21:48:34 #30] [P02] PASS strmap.get_missing_null
[21:48:34 #31] [P02] PASS strmap.200_keys_rehash
[21:48:34 #32] [P02] PASS strmap.get_after_rehash
[21:48:34 #33] [P02] PASS strmap.remove
[21:48:34 #34] [P02] PASS strmap.remove_twice_false
[21:48:34 #35] [P02] PASS strmap.survivor_intact
[21:48:34 #36] [P02] PASS strmap.foreach_null_fn_safe
[21:48:34 #37] [P02] PASS strmap.destroy
[21:48:34 #38] [P02] PASS lpat.trim_spaces
[21:48:34 #39] [P02] PASS lpat.trim_empty
[21:48:34 #40] [P02] PASS lpat.trim_only_spaces
[21:48:34 #41] [P02] PASS lpat.scheme_split
[21:48:34 #42] [P02] PASS lpat.scheme_no_match
[21:48:34 #43] [P02] PASS lpat.host_path_no_match_lua
[21:48:34 #44] [P02] PASS lpat.host_bare_no_match_lua
[21:48:34 #45] [P02] PASS lpat.host_reject_spaces
[21:48:34 #46] [P02] PASS lpat.host_trailing_qmark_lua
[21:48:34 #47] [P02] PASS lpat.attr_dquote_1
[21:48:34 #48] [P02] PASS lpat.attr_dquote_2
[21:48:34 #49] [P02] PASS lpat.attr_dquote_done
[21:48:34 #50] [P02] PASS lpat.attr_squote_1
[21:48:34 #51] [P02] PASS lpat.attr_squote_2
[21:48:34 #52] [P02] PASS lpat.attr_squote_done
[21:48:34 #53] [P02] PASS lpat.pathcmd_M
[21:48:34 #54] [P02] PASS lpat.pathcmd_L
[21:48:34 #55] [P02] PASS lpat.pathcmd_Z_empty_arg
[21:48:34 #56] [P02] PASS lpat.pathcmd_done
[21:48:34 #57] [P02] PASS lpat.entity_named_amp
[21:48:34 #58] [P02] PASS lpat.entity_named_lt
[21:48:34 #59] [P02] PASS lpat.entity_named_skips_dec
[21:48:34 #60] [P02] PASS lpat.entity_decimal
[21:48:34 #61] [P02] PASS lpat.entity_hex_lower_x
[21:48:34 #62] [P02] PASS lpat.entity_hex_upper_X
[21:48:34 #63] [P02] PASS lpat.entity_hex_done
[21:48:34 #64] [P02] PASS lpat.charset_utf8
[21:48:34 #65] [P02] PASS lpat.http_status
[21:48:34 #66] [P02] PASS lpat.meta_refresh_url_upper
[21:48:34 #67] [P02] PASS lpat.meta_refresh_frac
[21:48:34 #68] [P02] PASS lpat.viewbox_four_caps
[21:48:34 #69] [P02] PASS lpat.tag_div_attrs
[21:48:34 #70] [P02] PASS lpat.tag_br_selfclose
[21:48:34 #71] [P02] PASS lpat.tag_close_not_matched
[21:48:34 #72] [P02] PASS lpat.css_prop_lua_truth
[21:48:34 #73] [P02] PASS lpat.cookie_pair
[21:48:34 #74] [P02] PASS lpat.tokens_a
[21:48:34 #75] [P02] PASS lpat.tokens_bb
[21:48:34 #76] [P02] PASS lpat.tokens_ccc
[21:48:34 #77] [P02] PASS lpat.tokens_done
[21:48:34 #78] [P02] PASS lpat.lazy_dash
[21:48:34 #79] [P02] PASS lpat.greedy_star
[21:48:34 #80] [P02] PASS lpat.endpunct_true
[21:48:34 #81] [P02] PASS lpat.endpunct_false
[21:48:34 #82] [P02] PASS lpat.escape_dot
[21:48:34 #83] [P02] PASS lpat.escape_percent
[21:48:34 #84] [P02] PASS lpat.escape_dash_outside_set
[21:48:34 #85] [P02] PASS lpat.gsub_fn_hexdecode
[21:48:34 #86] [P02] PASS lpat.gsub_fn_encode
[21:48:34 #87] [P02] PASS lpat.find_init_offset
[21:48:34 #88] [P02] PASS lpat.find_plain
[21:48:34 #89] [P02] PASS lpat.find_plain_miss
[21:48:34 #90] [P02] PASS lpat.gsub_template_trim
[21:48:34 #91] [P02] PASS lpat.gsub_crlf
[21:48:34 #92] [P02] PASS lpat.gsub_count3
[21:48:34 #93] [P02] PASS lpat.gsub_empty_matches
[21:48:34 #94] [P02] PASS lpat.negclass_A
[21:48:34 #95] [P02] PASS lpat.negclass_done
[21:48:34 #96] [P02] PASS lpat.set_leading_bracket
[21:48:34 #97] [P02] PASS lpat.nul_subject_first
[21:48:34 #98] [P02] PASS lpat.nul_subject_second
[21:48:34 #99] [P02] PASS lpat.nul_subject_done
[21:48:34 #100] [P02] PASS lpat.position_capture
[21:48:34 #101] [P02] PASS lpat.balance
[21:48:34 #102] [P02] PASS lpat.frontier_THE
[21:48:34 #103] [P02] PASS lpat.frontier_quick
[21:48:34 #104] [P02] PASS lpat.frontier_fox
[21:48:34 #105] [P02] PASS lpat.frontier_done
[21:48:34 #106] [P02] PASS lpat.opt_without_u
[21:48:34 #107] [P02] PASS lpat.opt_with_u
[21:48:34 #108] [P02] PASS lpat.ip_anchor_ok
[21:48:34 #109] [P02] PASS lpat.ip_anchor_trailing_fail
[21:48:34 #110] ERROR: luapattern: malformed pattern (missing ])  ||  stack: src/util/luapattern.c:79
[21:48:34 #111] [P02] PASS lpat.malformed_set_err
[21:48:34 #112] [P02] PASS json.parse_fixture
[21:48:34 #113] [P02] PASS json.obj_string
[21:48:34 #114] [P02] PASS json.negative_int
[21:48:34 #115] [P02] PASS json.float
[21:48:34 #116] [P02] PASS json.exponent
[21:48:34 #117] [P02] PASS json.bool_true
[21:48:34 #118] [P02] PASS json.null_value
[21:48:34 #119] [P02] PASS json.absent_key
[21:48:34 #120] [P02] PASS json.arr_count
[21:48:34 #121] [P02] PASS json.arr_num
[21:48:34 #122] [P02] PASS json.arr_null_elem
[21:48:34 #123] [P02] PASS json.arr_nested_obj
[21:48:34 #124] [P02] PASS json.escapes_unicode_surrogate
[21:48:34 #125] [P02] PASS json.trailing_data_error
[21:48:34 #126] [P02] PASS json.bad_value_error
[21:48:34 #127] [P02] PASS json.unterminated_error
[21:48:34 #128] [P02] PASS json.roundtrip_parse
[21:48:34 #129] [P02] PASS json.roundtrip_stable
[21:48:34 #130] [P02] PASS json.roundtrip_arr_value
[21:48:34 #131] [P02] PASS json.roundtrip_nested_bool
[21:48:34 #132] [P02] PASS json.obj_set_replace
[21:48:34 #133] [P02] util selftests done: 128 passed, 0 failed
[21:48:34 #134] [P03] url selftests begin
[21:48:34 #135] [P03] PASS url.parse.empty
[21:48:34 #136] [P03] PASS url.parse.https_host
[21:48:34 #137] [P03] PASS url.parse.full
[21:48:34 #138] [P03] PASS url.parse.no_scheme
[21:48:34 #139] [P03] PASS url.parse.empty_host
[21:48:34 #140] [P03] PASS url.parse.ftp_custom_port
[21:48:34 #141] [P03] PASS url.parse.userinfo_quirk
[21:48:34 #142] [P03] PASS url.parse.colon_empty_port
[21:48:34 #143] [P03] PASS url.parse.port_zero
[21:48:34 #144] [P03] PASS url.parse.spaces_trimmed
[21:48:34 #145] [P03] PASS url.parse.about_blank
[21:48:34 #146] [P03] PASS url.parse.about_home
[21:48:34 #147] [P03] PASS url.parse.case_fold
[21:48:34 #148] [P03] PASS url.parse.ip_host
[21:48:34 #149] [P03] PASS url.parse.raw_trimmed
[21:48:34 #150] [P03] PASS url.parse.junk_port_ignored
[21:48:34 #151] [P03] PASS enc.plain
[21:48:34 #152] [P03] PASS enc.specials
[21:48:34 #153] [P03] PASS enc.unreserved_kept
[21:48:34 #154] [P03] PASS enc.plus_encoded
[21:48:34 #155] [P03] PASS enc.utf8
[21:48:34 #156] [P03] PASS enc.percent_literal
[21:48:34 #157] [P03] PASS enc.newline_crlf
[21:48:34 #158] [P03] PASS enc.empty
[21:48:34 #159] [P03] PASS dec.plus_space
[21:48:34 #160] [P03] PASS dec.pct_utf8
[21:48:34 #161] [P03] PASS dec.mixed
[21:48:34 #162] [P03] PASS dec.invalid_pct_kept
[21:48:34 #163] [P03] PASS dec.truncated_pct_kept
[21:48:34 #164] [P03] PASS dec.empty
[21:48:34 #165] [P03] PASS url.roundtrip
[21:48:34 #166] [P03] PASS isq.null_false
[21:48:34 #167] [P03] PASS isq.empty_false
[21:48:34 #168] [P03] PASS isq.spaces_query
[21:48:34 #169] [P03] PASS isq.dot_url
[21:48:34 #170] [P03] PASS isq.bare_word_query
[21:48:34 #171] [P03] PASS isq.leading_dot_query
[21:48:34 #172] [P03] PASS isq.trailing_dot_query
[21:48:34 #173] [P03] PASS isq.ip_url
[21:48:34 #174] [P03] PASS isq.localhost_url
[21:48:34 #175] [P03] PASS isq.localhost_suffix_url
[21:48:34 #176] [P03] PASS isq.https_url
[21:48:34 #177] [P03] PASS isq.about_url
[21:48:34 #178] [P03] PASS isq.file_url
[21:48:34 #179] [P03] PASS isq.spaces_only_is_query
[21:48:34 #180] [P03] PASS isq.upper_scheme_via_dot_rule
[21:48:34 #181] [P03] PASS isq.trimmed_before_dot_rule
[21:48:34 #182] [P03] PASS unwrap.ddg_uddg
[21:48:34 #183] [P03] PASS unwrap.non_ddg_false
[21:48:34 #184] [P03] PASS wrap.missing_uddg_false
[21:48:34 #185] [P03] PASS resolve.same_dir
[21:48:34 #186] [P03] PASS resolve.subdir
[21:48:34 #187] [P03] PASS resolve.root_rel
[21:48:34 #188] [P03] PASS resolve.protocol_relative
[21:48:34 #189] [P03] PASS resolve.anchor
[21:48:34 #190] [P03] PASS resolve.query_only
[21:48:34 #191] [P03] PASS resolve.custom_port_base
[21:48:34 #192] [P03] PASS resolve.anchor_keeps_query
[21:48:34 #193] [P03] PASS resolve.query_replaces
[21:48:34 #194] [P03] PASS resolve.dot_slash
[21:48:34 #195] [P03] PASS resolve.dotdot
[21:48:34 #196] [P03] PASS resolve.dotdot_clamped_root
[21:48:34 #197] [P03] PASS resolve.deep_beyond_root_dropped
[21:48:34 #198] [P03] PASS resolve.about_passthrough
[21:48:34 #199] [P03] PASS resolve.data_passthrough
[21:48:34 #200] [P03] PASS resolve.js_passthrough
[21:48:34 #201] [P03] PASS resolve.absolute_verbatim_case
[21:48:34 #202] [P03] PASS resolve.mailto_not_special
[21:48:34 #203] [P03] PASS resolve.empty_returns_base
[21:48:34 #204] [P03] PASS searchurl.ddg
[21:48:34 #205] [P03] url selftests done: 70 passed, 0 failed
[21:48:34 #206] [P04] storage+cookiejar selftests begin
[21:48:34 #207] [P04] PASS ts.epoch1970
[21:48:34 #208] [P04] PASS ts.bttf2015
[21:48:34 #209] [P04] PASS ts.leap2000feb29
[21:48:34 #210] [P04] PASS ts.neg1969
[21:48:34 #211] [P04] PASS ts.clamp_month0
[21:48:34 #212] [P04] PASS ts.clamp_month13
[21:48:34 #213] [P04] PASS ts.clamp_year_neg
[21:48:34 #214] [P04] PASS ts.clamp_day0
[21:48:34 #215] [P04] PASS ts.floor_frac
[21:48:34 #216] [P04] PASS ts.frac_hour
[21:48:34 #217] [P04] PASS ts.nil_hms_zeroed
[21:48:34 #218] [P04] PASS date.imf_fixdate
[21:48:34 #219] [P04] PASS date.rfc850_4digit
[21:48:34 #220] [P04] PASS date.rfc850_2digit
[21:48:34 #221] [P04] PASS date.rfc850_pivot69
[21:48:34 #222] [P04] PASS date.asctime_dblspace_nil
[21:48:34 #223] [P04] PASS date.asctime_single_space
[21:48:34 #224] [P04] PASS date.lowercase_month_nil
[21:48:34 #225] [P04] PASS date.garbage_nil
[21:48:34 #226] [P04] PASS date.trailing_junk_ok
[21:48:34 #227] [P04] PASS date.no_weekday_nil
[21:48:34 #228] [P04] PASS date.empty_nil
[21:48:34 #229] [P04] PASS sc01.basic
[21:48:34 #230] [P04] PASS sc02.attrs
[21:48:34 #231] [P04] PASS sc03.domain_dot
[21:48:34 #232] [P04] PASS sc04.domain_exact
[21:48:34 #233] [P04] PASS sc05.domain_suffix
[21:48:34 #234] [P04] PASS sc06.domain_localhost
[21:48:34 #235] [P04] PASS sc07.domain_foreign_reject
[21:48:34 #236] [P04] PASS sc08.domain_undotted_reject
[21:48:34 #237] [P04] PASS sc09.path_noslash
[21:48:34 #238] [P04] PASS sc10.samesite_lax
[21:48:34 #239] [P04] PASS sc11.samesite_weird_ignored
[21:48:34 #240] [P04] PASS sc12.maxage_future
[21:48:34 #241] [P04] PASS sc13.maxage_zero_del
[21:48:34 #242] [P04] PASS sc14.maxage_negative_del
[21:48:34 #243] [P04] PASS sc15.maxage_junk_ignored
[21:48:34 #244] [P04] PASS sc16.expires_imf
[21:48:34 #245] [P04] PASS sc17.expires_asctime
[21:48:34 #246] [P04] PASS sc18.expires_garbage_ignored
[21:48:34 #247] [P04] PASS sc19.expires_then_maxage_wins
[21:48:34 #248] [P04] PASS sc20.maxage_then_expires_skipped
[21:48:34 #249] [P04] PASS rej.space_in_pair
[21:48:34 #250] [P04] PASS rej.bad_name
[21:48:34 #251] [P04] PASS rej.no_name
[21:48:34 #252] [P04] PASS rej.quote_in_value
[21:48:34 #253] [P04] PASS rej.comma_in_value
[21:48:34 #254] [P04] PASS rej.no_equals
[21:48:34 #255] [P04] PASS sc27.empty_value_ok
[21:48:34 #256] [P04] PASS sc32.dollar_name_ok
[21:48:34 #257] [P04] PASS sc33.empty_attrs_skipped
[21:48:34 #258] [P04] PASS rej.empty_host_raw
[21:48:34 #259] [P04] PASS rej.null_host
[21:48:34 #260] [P04] PASS rej.null_raw
[21:48:34 #261] [P04] PASS rej.ws_only_raw
[21:48:34 #262] [P04] PASS hdr.two_cookies
[21:48:34 #263] [P04] PASS hdr.replace_moves_end
[21:48:34 #264] [P04] PASS store.replace_count
[21:48:34 #265] [P04] PASS hdr.after_delete
[21:48:34 #266] [P04] PASS store.delete_count
[21:48:34 #267] [P04] PASS hdr.domain_cookie
[21:48:34 #268] [P04] PASS hdr.cross_host_isolated
[21:48:34 #269] [P04] PASS store.domain_count
[21:48:34 #270] [P04] PASS hdr.secure_blocked_http
[21:48:34 #271] [P04] PASS hdr.secure_allowed_https
[21:48:34 #272] [P04] PASS store.secure_count
[21:48:34 #273] [P04] PASS hdr.path_prefix_no
[21:48:34 #274] [P04] PASS hdr.path_exact_yes
[21:48:34 #275] [P04] PASS hdr.path_subdir_yes
[21:48:34 #276] [P04] PASS hdr.path_boundary_no
[21:48:34 #277] [P04] PASS store.docs_count
[21:48:34 #278] [P04] PASS cap.count300
[21:48:34 #279] [P04] PASS cap.first_evicted_to_c6
[21:48:34 #280] [P04] PASS cap.last_is_c305
[21:48:34 #281] [P04] PASS cap.future_expires_stored_evicts
[21:48:34 #282] [P04] PASS clear.zeroes
[21:48:34 #283] [P04] PASS exp.stored
[21:48:34 #284] [P04] PASS exp.alive_before
[21:48:34 #285] [P04] PASS exp.pruned_after
[21:48:34 #286] [P04] PASS exp.list_empty_after_prune
[21:48:34 #287] [P04] PASS st.defaults_bm9
[21:48:34 #288] [P04] PASS st.default_bm1_fields
[21:48:34 #289] [P04] PASS st.default_bm8_title
[21:48:34 #290] [P04] PASS st.default_settings
[21:48:34 #291] [P04] PASS hist.about_and_empty_skipped
[21:48:34 #292] [P04] PASS hist.two_added
[21:48:34 #293] [P04] PASS hist.insert_front_order
[21:48:34 #294] [P04] PASS hist.time_hhmm
[21:48:34 #295] [P04] PASS hist.dedup_count
[21:48:34 #296] [P04] PASS hist.dedup_moves_front_title_defaults_url
[21:48:34 #297] [P04] PASS hist.cap50
[21:48:34 #298] [P04] PASS hist.cap_newest_first
[21:48:34 #299] [P04] PASS hist.cap_oldest_evicted_fill1to5_gone
[21:48:34 #300] [P04] PASS bm.is_true
[21:48:34 #301] [P04] PASS bm.is_false
[21:48:34 #302] [P04] PASS bm.add_empty_rejected
[21:48:34 #303] [P04] PASS bm.dup_returns_true
[21:48:34 #304] [P04] PASS bm.dup_updates_title_only_keeps_desc
[21:48:34 #305] [P04] PASS bm.append_true
[21:48:34 #306] [P04] PASS bm.appended_last
[21:48:34 #307] [P04] PASS bm.remove_valid
[21:48:34 #308] [P04] PASS bm.remove_zero_invalid
[21:48:34 #309] [P04] PASS bm.remove_big_invalid
[21:48:34 #310] [P04] PASS st.save_ok
[21:48:34 #311] [P04] PASS st.load_ok
[21:48:34 #312] [P04] PASS st.roundtrip_bm9
[21:48:34 #313] [P04] PASS st.roundtrip_bm1
[21:48:34 #314] [P04] PASS st.roundtrip_hist_top
[21:48:34 #315] [P04] PASS st.roundtrip_settings
[21:48:34 #316] [P04] PASS st.save_empty_bm
[21:48:34 #317] [P04] PASS st.load_empty_bm
[21:48:34 #318] [P04] PASS st.empty_bm_falls_back_to_defaults
[21:48:34 #319] [P04] PASS st.empty_bm_default_google
[21:48:34 #320] [P04] PASS num.junk_fail
[21:48:34 #321] [P04] PASS num.empty_fail
[21:48:34 #322] [P04] PASS num.comma_fail
[21:48:34 #323] [P04] PASS num.ws_trimmed
[21:48:34 #324] [P04] PASS num.hex
[21:48:34 #325] [P04] PASS num.exponent
[21:48:34 #326] [P04] storage+cookiejar selftests done: 119 passed, 0 failed
[21:48:34 #327] [P05] task queued (queue=1)
[21:48:34 #328] [P05] PASS run.is_running_immediately
[21:48:34 #329] [P05] PASS run.progress_reset_immediately
[21:48:34 #330] [P05] PASS run.step_not_called_before_update
[21:48:34 #331] [P05] task done
[21:48:34 #332] [P05] gc drain (no-op in C)
[21:48:34 #333] [P05] PASS done.no_callback_when_null_onComplete
[21:48:34 #334] [P05] PASS done.queue_emptied_progress_forced_one
[21:48:34 #335] [P05] task queued (queue=1)
[21:48:34 #336] [P05] task done
[21:48:34 #337] [P05] gc drain (no-op in C)
[21:48:34 #338] [P05] PASS budget.first_yield_at_iter64
[21:48:34 #339] [P05] PASS budget.frames16_for_1000iters_at20ms
[21:48:34 #340] [P05] task queued (queue=1)
[21:48:34 #341] [P05] task done
[21:48:34 #342] [P05] gc drain (no-op in C)
[21:48:34 #343] [P05] PASS budget.frozen_clock_single_frame
[21:48:34 #344] [P05] PASS outside.never_yields
[21:48:34 #345] [P05] task queued (queue=1)
[21:48:34 #346] [P05] task error: Parse Error: boom
[21:48:34 #347] [P05] gc drain (no-op in C)
[21:48:34 #348] [P05] PASS err.onError_not_onComplete
[21:48:34 #349] [P05] PASS err.message_delivered_verbatim
[21:48:34 #350] [P05] PASS err.progress_keeps_task_report
[21:48:34 #351] [P05] task queued (queue=1)
[21:48:34 #352] [P05] task error: task error
[21:48:34 #353] [P05] gc drain (no-op in C)
[21:48:34 #354] [P05] PASS err.default_message
[21:48:34 #355] [P05] task queued (queue=1)
[21:48:34 #356] [P05] task queued (queue=2)
[21:48:34 #357] [P05] PASS fifo.two_queued
[21:48:34 #358] [P05] task done
[21:48:34 #359] [P05] gc drain (no-op in C)
[21:48:34 #360] [P05] PASS fifo.upd1_only_head_a
[21:48:34 #361] [P05] task done
[21:48:34 #362] [P05] gc drain (no-op in C)
[21:48:34 #363] [P05] PASS fifo.upd2_then_b
[21:48:34 #364] [P05] PASS fifo.upd3_idle
[21:48:34 #365] [P05] task queued (queue=1)
[21:48:34 #366] [P05] PASS prog.reset_by_run
[21:48:34 #367] [P05] PASS prog.neg_clamped
[21:48:34 #368] [P05] PASS prog.set03
[21:48:34 #369] [P05] PASS prog.regression_ignored
[21:48:34 #370] [P05] PASS prog.over_clamped
[21:48:34 #371] [P05] task done
[21:48:34 #372] [P05] gc drain (no-op in C)
[21:48:34 #373] [P05] PASS cancel.empty_queue_noop
[21:48:34 #374] [P05] task queued (queue=1)
[21:48:34 #375] [P05] PASS cancel.job_started_yielded
[21:48:34 #376] [P05] cancelAll dropped all tasks
[21:48:34 #377] [P05] PASS cancel.queue_cleared_progress_zeroed
[21:48:34 #378] [P05] PASS cancel.no_callbacks_fired
[21:48:34 #379] [P05] PASS cancel.ctx_freed
[21:48:34 #380] [P05] gc drain (no-op in C)
[21:48:34 #381] [P05] PASS cancel.post_cancel_idle_safe
[21:48:34 #382] [P05] task queued (queue=1)
[21:48:34 #383] [P05] task queued (queue=2)
[21:48:34 #384] [P05] PASS run.second_run_resets_progress
[21:48:34 #385] [P05] cancelAll dropped all tasks
[21:48:34 #386] [P05] task queued (queue=1)
[21:48:34 #387] [P05] task done
[21:48:34 #388] [P05] gc drain (no-op in C)
[21:48:34 #389] [P05] PASS free.on_complete_path
[21:48:34 #390] [P05] task queued (queue=1)
[21:48:34 #391] [P05] task error: task error
[21:48:34 #392] [P05] gc drain (no-op in C)
[21:48:34 #393] [P05] PASS free.on_error_path
[21:48:34 #394] [P05] task queued (queue=1)
[21:48:34 #395] [P05] task done
[21:48:34 #396] [P05] gc drain (no-op in C)
[21:48:34 #397] [P05] PASS yieldn.four_frames_then_done
[21:48:34 #398] [P05] gc drain (no-op in C)
[21:48:34 #399] [P05] PASS gc.external_schedule_safe
[21:48:34 #400] [P05] tasks selftests done: 33 passed, 0 failed
[21:48:34 #401] [P06] PASS cp1252.A41_raw_ascii
[21:48:34 #402] [P06] PASS cp1252.7f_stays_raw
[21:48:34 #403] [P06] PASS cp1252.80_is_euro
[21:48:34 #404] [P06] PASS cp1252.81_self_map_C281
[21:48:34 #405] [P06] PASS cp1252.92_right_quote
[21:48:34 #406] [P06] PASS cp1252.9c_oe_ligature
[21:48:34 #407] [P06] PASS cp1252.9f_Y_dieresis
[21:48:34 #408] [P06] PASS cp1252.a0_passthrough_C2A0
[21:48:34 #409] [P06] PASS cp1252.no_header_verbatim
[21:48:34 #410] [P06] PASS cp1252.e9_decodes_C3A9
[21:48:34 #411] [P06] PASS cp1252.ff_decodes_C3BF
[21:48:34 #412] [P06] PASS utf16le.bom_A
[21:48:34 #413] [P06] PASS utf16le.surrogate_pair_U10037
[21:48:34 #414] [P06] PASS utf16le.lone_high_consumes_next
[21:48:34 #415] [P06] PASS utf16be.euro_check
[21:48:34 #416] [P06] PASS utf8bom.stripped_hello
[21:48:34 #417] [P06] PASS hdr.utf8_verbatim_E9
[21:48:34 #418] [P06] PASS hdr.utf_8_alias_verbatim
[21:48:34 #419] [P06] PASS hdr.utf8mb4_passthrough
[21:48:34 #420] [P06] PASS hdr.ascii_verbatim
[21:48:34 #421] [P06] PASS hdr.usascii_passthrough
[21:48:34 #422] [P06] PASS hdr.quoted_value_fails_pattern
[21:48:34 #423] [P06] PASS hdr.missing_value_fails
[21:48:34 #424] [P06] PASS hdr.no_charset_verbatim
[21:48:34 #425] [P06] PASS hdr.Windows1252_decodes
[21:48:34 #426] [P06] PASS hdr.cp1252_decodes
[21:48:34 #427] [P06] PASS hdr.latin1_decodes
[21:48:34 #428] [P06] PASS hdr.iso88591_decodes
[21:48:34 #429] [P06] PASS hdr.iso8859_decodes
[21:48:34 #430] [P06] PASS hdr.shiftjis_besteffort
[21:48:34 #431] [P06] PASS hdr.eucjp_besteffort
[21:48:34 #432] [P06] PASS hdr.utf16le_nonbom_empty
[21:48:34 #433] [P06] PASS hdr.bare_utf16_not_dispatched
[21:48:34 #434] [P06] PASS meta.charset_simple_decodes
[21:48:34 #435] [P06] PASS meta.http_equiv_content_pattern
[21:48:34 #436] [P06] PASS meta.beyond1024_ignored
[21:48:34 #437] [P06] PASS prec.header_cp1252_beats_meta
[21:48:34 #438] [P06] PASS prec.header_utf8_allows_meta
[21:48:34 #439] [P06] PASS ent.fastpath_control_verbatim
[21:48:34 #440] [P06] PASS ent.named_basics
[21:48:34 #441] [P06] PASS ent.copy_reg_trade
[21:48:34 #442] [P06] PASS ent.deg_not_exact_spacing
[21:48:34 #443] [P06] PASS ent.frac12_never_matches
[21:48:34 #444] [P06] PASS ent.unknown_name_spaced
[21:48:34 #445] [P06] PASS ent.case_sensitive
[21:48:34 #446] [P06] PASS ent.missing_semicolon_raw
[21:48:34 #447] [P06] PASS dec.basic_nbsp_dashes
[21:48:34 #448] [P06] PASS dec.quote_family_ellipsis_bullet
[21:48:34 #449] [P06] PASS dec.math_table
[21:48:34 #450] [P06] PASS dec.range_edges
[21:48:34 #451] [P06] PASS dec.huge_number_space
[21:48:34 #452] [P06] PASS hex.basic_a0_dash
[21:48:34 #453] [P06] PASS hex.thin_spaces
[21:48:34 #454] [P06] PASS hex.lacks_201a_asymmetry
[21:48:34 #455] [P06] PASS dec.has_201a_quote
[21:48:34 #456] [P06] PASS clean.translit_accents
[21:48:34 #457] [P06] PASS clean.OE_thorn
[21:48:34 #458] [P06] PASS clean.caron_unmapped_space
[21:48:34 #459] [P06] PASS clean.euro_3byte_single_space
[21:48:34 #460] [P06] PASS clean.emoji_widens_per_byte
[21:48:34 #461] [P06] PASS clean.truncated_tail_single_space
[21:48:34 #462] [P06] PASS clean.nbsp_fixed_seq
[21:48:34 #463] [P06] PASS clean.emdash_fixed_seq
[21:48:34 #464] [P06] PASS clean.full_pipeline_mixed
[21:48:34 #465] [P06] PASS clean.high_absent_keeps_control
[21:48:34 #466] [P06] PASS encode.all_but_apostrophe
[21:48:34 #467] [P06] PASS encode.null_empty
[21:48:34 #468] [P05] task queued (queue=1)
[21:48:34 #469] [P05] task done
[21:48:34 #470] [P05] gc drain (no-op in C)
[21:48:34 #471] [P06] PASS task.decode_completes_one_frame
[21:48:34 #472] [P06] PASS task.decode_outlen
[21:48:34 #473] [P06] PASS task.decode_output
[21:48:34 #474] [P06] PASS norm.windows1252_alias
[21:48:34 #475] [P06] PASS norm.utf8_alias
[21:48:34 #476] [P06] PASS norm.null_safe
[21:48:34 #477] [P06] PASS degen.null_body_empty
[21:48:34 #478] [P06] PASS degen.decode_empty
[21:48:34 #479] [P06] encoding selftests done: 75 passed, 0 failed
[21:48:34 #480] [P07] PASS A.ret
[21:48:34 #481] [P07] PASS A.loading_after_get
[21:48:34 #482] [P07] PASS A.conn_args
[21:48:34 #483] [P07] PASS A.timeouts_ms_and_bufsize
[21:48:34 #484] [P07] PASS A.request_bytes_exact
[21:48:34 #485] [P07] PASS A.loading_after_success
[21:48:34 #486] [P07] PASS A2.conn_ssl_8443
[21:48:34 #487] [P07] PASS A2.cookie_request_bytes
[21:48:34 #488] [P07] PASS A3.default_port_suppressed
[21:48:34 #489] [P07] PASS C.jar_count_2
[21:48:34 #490] [P07] PASS C.cookie_header_roundtrip
[21:48:34 #491] [P07] PASS D.ret
[21:48:34 #492] [P07] PASS D.status
[21:48:34 #493] [P07] PASS D.bodylen_beyond_cl
[21:48:34 #494] [P07] PASS D.slice_to_end
[21:48:34 #495] [P07] PASS D.url
[21:48:34 #496] [P07] PASS E.no_success_midstream
[21:48:34 #497] [P07] PASS E.status
[21:48:34 #498] [P07] PASS E.decoded_body
[21:48:34 #499] [P07] PASS F.first_hop_closed
[21:48:34 #500] [P07] PASS F.hop2_conn
[21:48:34 #501] [P07] PASS F.relative_resolution
[21:48:34 #502] [P07] PASS F.final_status
[21:48:34 #503] [P07] PASS F.final_url
[21:48:34 #504] [P07] PASS F.sock_count
[21:48:34 #505] [P07] PASS G.six_sockets
[21:48:34 #506] [P07] PASS G.silent_drop_no_callbacks
[21:48:34 #507] [P07] PASS G.not_loading_after
[21:48:34 #508] [P07] PASS H.partial_over_512_done
[21:48:34 #509] [P07] PASS H.bodylen_600
[21:48:34 #510] [P07] PASS I.timeout_error
[21:48:34 #511] [P07] PASS I.timeout_message
[21:48:34 #512] [P07] PASS J.closed_no_data_error
[21:48:34 #513] [P07] PASS J.closed_message
[21:48:34 #514] [P07] PASS P.closed_midbody_done
[21:48:34 #515] [P07] PASS P.partial_body
[21:48:34 #516] [P07] PASS K.stale_socket_closed
[21:48:34 #517] [P07] PASS K.silent
[21:48:34 #518] [P07] PASS K.idle
[21:48:34 #519] [P07] PASS L.get_about_loading
[21:48:34 #520] [P07] PASS L.still_pending
[21:48:34 #521] [P07] PASS L.progress_100
[21:48:34 #522] [P07] PASS L.home_status
[21:48:34 #523] [P07] PASS L.home_ct
[21:48:34 #524] [P07] PASS L.home_len_100
[21:48:34 #525] [P07] PASS L.home_url
[21:48:34 #526] [P07] PASS L.done_not_loading
[21:48:34 #527] [P07] PASS L.unknown_ret_true
[21:48:34 #528] [P07] PASS L.unknown_error
[21:48:34 #529] [P07] PASS L.unknown_message
[21:48:34 #530] [P07] PASS L.unknown_idle
[21:48:34 #531] [P07] PASS L.blank_len_26
[21:48:34 #532] [P07] PASS L.acid_len_2984
[21:48:34 #533] [P07] PASS L.acid_title_present
[21:48:34 #534] [P07] PASS M.ret_false
[21:48:34 #535] [P07] PASS M.sync_error
[21:48:34 #536] [P07] PASS M.message
[21:48:34 #537] [P07] PASS M.idle
[21:48:34 #538] [P07] PASS N.send_error
[21:48:34 #539] [P07] PASS N.send_failed_prefix
[21:48:34 #540] [P07] PASS N.idle
[21:48:34 #541] [P07] PASS O.three_progress_calls
[21:48:34 #542] [P07] PASS O.first_0_0
[21:48:34 #543] [P07] PASS O.second_body_bytes
[21:48:34 #544] [P07] PASS O.clamped_final
[21:48:34 #545] [P07] PASS O.delivered
[21:48:34 #546] [P07] PASS Q.delivered_as_normal
[21:48:34 #547] [P07] PASS Q.empty_body
[21:48:34 #548] [P07] PASS R.deny_ret_false
[21:48:34 #549] [P07] PASS R.deny_error
[21:48:34 #550] [P07] PASS R.deny_message
[21:48:34 #551] [P07] PASS R.purpose_string
[21:48:34 #552] [P07] PASS S.ask_ret_true
[21:48:34 #553] [P07] PASS S.waiting_no_socket_yet
[21:48:34 #554] [P07] PASS S.one_access_call
[21:48:34 #555] [P07] PASS S.callback_recorded
[21:48:34 #556] [P07] PASS S.socket_after_grant
[21:48:34 #557] [P07] PASS S.completed_after_grant
[21:48:34 #558] [P07] PASS S.grant_cached_same_host
[21:48:34 #559] [P07] PASS T.waiting
[21:48:34 #560] [P07] PASS T.async_deny_error
[21:48:34 #561] [P07] PASS T.async_deny_message
[21:48:34 #562] [P07] PASS T.idle_after_deny
[21:48:34 #563] [P07] PASS W.error_state_before_tick
[21:48:34 #564] [P07] PASS W.open_failed_delivered
[21:48:34 #565] [P07] PASS W.open_failed_message
[21:48:34 #566] [P07] PASS W.idle
[21:48:34 #567] [P07] PASS V.empty_parses_to_blank_host
[21:48:34 #568] [P07] PASS V.host_blank_port0
[21:48:34 #569] [P07] http selftests done: 89 passed, 0 failed
[21:48:34 #570] [P08] tokenizer selftests start
[21:48:34 #571] [P08] PASS A.nonnull
[21:48:34 #572] [P08] PASS A.title_default
[21:48:34 #573] [P08] PASS A.count_1
[21:48:34 #574] [P08] PASS A.text
[21:48:34 #575] [P08] PASS B.empty_count0
[21:48:34 #576] [P08] PASS B.empty_title
[21:48:34 #577] [P08] PASS C.entity_decode
[21:48:34 #578] [P08] PASS D.count_3
[21:48:34 #579] [P08] PASS D.tag_p_open
[21:48:34 #580] [P08] PASS D.text_hi
[21:48:34 #581] [P08] PASS D.tag_p_close_self
[21:48:34 #582] [P08] PASS E.count_4
[21:48:34 #583] [P08] PASS E.br_slash
[21:48:34 #584] [P08] PASS E.br_space_slash
[21:48:34 #585] [P08] PASS E.hr_plain
[21:48:34 #586] [P08] PASS E.close_p_self
[21:48:34 #587] [P08] PASS F.colon_names
[21:48:34 #588] [P08] PASS F.attr_datax
[21:48:34 #589] [P08] PASS G.lowered_names
[21:48:34 #590] [P08] PASS G.attr_val_case_kept
[21:48:34 #591] [P08] PASS G.text_Y
[21:48:34 #592] [P08] PASS H.interleave
[21:48:34 #593] [P08] PASS I.lt_space_gt_quirk
[21:48:34 #594] [P08] PASS J.junk_dropped
[21:48:34 #595] [P08] PASS K.doctype_vanishes
[21:48:34 #596] [P08] PASS L.broken_tail_dropped
[21:48:34 #597] [P08] PASS M.count_3
[21:48:34 #598] [P08] PASS M.tag_a
[21:48:34 #599] [P08] PASS M.href_decoded
[21:48:34 #600] [P08] PASS M.id_single_quoted
[21:48:34 #601] [P08] PASS M.unquoted
[21:48:34 #602] [P08] PASS M.boolean_disabled
[21:48:34 #603] [P08] PASS M.boolean_datax
[21:48:34 #604] [P08] PASS M.attr_count_5
[21:48:34 #605] [P08] PASS M.text_y
[21:48:34 #606] [P08] PASS M.close_a
[21:48:34 #607] [P08] PASS N.first_wins
[21:48:34 #608] [P08] PASS N.src_first
[21:48:34 #609] [P08] PASS N.alt_first_lowered_key
[21:48:34 #610] [P08] PASS N.attr_count_2
[21:48:34 #611] [P08] PASS O.key_dot_quirk
[21:48:34 #612] [P08] PASS O.a_bool
[21:48:34 #613] [P08] PASS O.b_c
[21:48:34 #614] [P08] PASS O.d_e_f_g
[21:48:34 #615] [P08] PASS O.attr_count_3
[21:48:34 #616] [P08] PASS P.space_before_eq_quirk
[21:48:34 #617] [P08] PASS P.href_empty
[21:48:34 #618] [P08] PASS P.v_bool_lost_value
[21:48:34 #619] [P08] PASS P.attr_count_2
[21:48:34 #620] [P08] PASS Q.unterminated_quote_all_dropped
[21:48:34 #621] [P08] PASS R.comment_full
[21:48:34 #622] [P08] PASS S.comment_unclosed_tail_after_gt
[21:48:34 #623] [P08] PASS T.script_skip
[21:48:34 #624] [P08] PASS U.script_case_insensitive
[21:48:34 #625] [P08] PASS V.script_unclosed_swallows_rest
[21:48:34 #626] [P08] PASS W.style_skip
[21:48:34 #627] [P08] PASS X.style_unclosed_swallows
[21:48:34 #628] [P08] PASS Y.title_decoded_collapsed
[21:48:34 #629] [P08] PASS Y.title_tags_not_emitted
[21:48:34 #630] [P08] PASS Z.title_unclosed_default
[21:48:34 #631] [P08] PASS AA.prefix_hijack_title
[21:48:34 #632] [P08] PASS AB.alloc_big
[21:48:34 #633] [P08] PASS AC.trunc_cut_at_gt_single
[21:48:34 #634] [P08] PASS AC.text_len_262202
[21:48:34 #635] [P08] PASS AD.alloc_flat
[21:48:34 #636] [P08] PASS AE.no_gt_exact_max
[21:48:34 #637] [P08] PASS AF.exact_max_untouched
[21:48:34 #638] [P08] PASS AG.progress_reported
[21:48:34 #639] [P08] tokenizer selftests done: 68 passed, 0 failed
[21:48:34 #640] [P09] dom selftests start
[21:48:34 #641] [P09] PASS A.root
[21:48:34 #642] [P09] PASS A.diag
[21:48:34 #643] [P09] PASS A.child_text
[21:48:34 #644] [P09] PASS B.empty
[21:48:34 #645] [P09] PASS C.nested_counts
[21:48:34 #646] [P09] PASS C.structure
[21:48:34 #647] [P09] PASS D.format_survives
[21:48:34 #648] [P09] PASS D.b_nests_i
[21:48:34 #649] [P09] PASS E.p_implied_by_div
[21:48:34 #650] [P09] PASS F.stray_li_root_siblings
[21:48:34 #651] [P09] PASS G.list_counts
[21:48:34 #652] [P09] PASS G.list_shape
[21:48:34 #653] [P09] PASS G.inner_list
[21:48:34 #654] [P09] PASS H.dtdd
[21:48:34 #655] [P09] PASS I.table_counts
[21:48:34 #656] [P09] PASS I.table_shape
[21:48:34 #657] [P09] PASS I.rows_cells
[21:48:34 #658] [P09] PASS J.stray_tr_dropped
[21:48:34 #659] [P09] PASS K.stray_td_dropped
[21:48:34 #660] [P09] PASS L.option_outside_dropped
[21:48:34 #661] [P09] PASS M.anchor_reopen
[21:48:34 #662] [P09] PASS M.second_a_sibling
[21:48:34 #663] [P09] PASS N.voids_flat
[21:48:34 #664] [P09] PASS N.sequence
[21:48:34 #665] [P09] PASS N.close_br_ignored
[21:48:34 #666] [P09] PASS O.selfclose_not_pushed
[21:48:34 #667] [P09] PASS P.head_skipped
[21:48:34 #668] [P09] PASS P.body_p_vis
[21:48:34 #669] [P09] PASS P.diag_skipped1_proc10
[21:48:34 #670] [P09] PASS Q.template_hidden
[21:48:34 #671] [P09] PASS Q.skipped3
[21:48:34 #672] [P09] PASS R.close_through_counts
[21:48:34 #673] [P09] PASS R.popped_through_span
[21:48:34 #674] [P09] PASS R.deep_sibling_of_p
[21:48:34 #675] [P09] PASS S.unknown_close_noop
[21:48:34 #676] [P09] PASS S.b_inside_div
[21:48:34 #677] [P09] PASS T.attrs_kept
[21:48:34 #678] [P09] PASS T.attr_values
[21:48:34 #679] [P09] PASS T.text
[21:48:34 #680] [P09] PASS U.chain_depth_12
[21:48:34 #681] [P09] PASS V.blockquote_ps
[21:48:34 #682] [P09] PASS V.two_siblings
[21:48:34 #683] [P09] PASS W.alloc
[21:48:34 #684] [P09] PASS W.valve_diag
[21:48:34 #685] [P09] PASS W.valve_kids
[21:48:34 #686] [P09] PASS X.alloc
[21:48:34 #687] [P09] PASS X.capped_at_6000
[21:48:34 #688] [P09] PASS X.maxhit_dead_flag_false
[21:48:34 #689] [P09] PASS Y.progress_in_dom_range
[21:48:34 #690] [P09] dom selftests done: 49 passed, 0 failed
[21:48:34 #691] font loaded: fonts/Roobert-11-Medium
[21:48:34 #692] update callback registered
[21:48:34 #693] first frame rendered
[21:48:39 #694] [P07] bench start https://wiesmann.codiferes.net/share/bitmaps/
[21:48:42 #695] [P07] bench OK https://wiesmann.codiferes.net/share/bitmaps/ status=200 bytes=5217 ms=3634 kbps=1
[21:48:42 #696] [P07] bench start http://wiesmann.codiferes.net/share/bitmaps/test_image_4c.png
[21:48:42 #697] [P07] bench OK http://wiesmann.codiferes.net/share/bitmaps/test_image_4c.png status=404 bytes=996 ms=276 kbps=3
[21:48:42 #698] [P07] benchmark done
[21:48:45 #699] heartbeat frame=300
[21:48:56 #700] heartbeat frame=600
[21:49:00 #701] terminate event, frames=722
