=== PlutoBrowser crash log ===
gamePath: unknown
[00:22:09 #1] PlutoBrowser boot (C port of CometBrowser)
[00:22:09 #2] constants: screen=400x240 chrome=24 contentY=24 contentH=216
[00:22:09 #3] [P02] util selftests begin
[00:22:09 #4] [P02] PASS mem.malloc
[00:22:09 #5] [P02] PASS mem.realloc_preserves
[00:22:09 #6] [P02] PASS mem.strdup
[00:22:09 #7] [P02] PASS mem.strndup
[00:22:09 #8] [P02] PASS mem.free_null
[00:22:09 #9] [P02] PASS strbuf.init
[00:22:09 #10] [P02] PASS strbuf.append_str
[00:22:09 #11] [P02] PASS strbuf.append_char
[00:22:09 #12] [P02] PASS strbuf.embedded_nul
[00:22:09 #13] [P02] PASS strbuf.clear_keeps_cap
[00:22:09 #14] [P02] PASS strbuf.printf
[00:22:09 #15] [P02] PASS strbuf.grow_500
[00:22:09 #16] [P02] PASS strbuf.detach
[00:22:09 #17] [P02] PASS strbuf.detach_resets
[00:22:09 #18] [P02] PASS strbuf.free_idempotent
[00:22:09 #19] [P02] PASS dynarray.init
[00:22:09 #20] [P02] PASS dynarray.push_100_grow
[00:22:09 #21] [P02] PASS dynarray.get_mid
[00:22:09 #22] [P02] PASS dynarray.last
[00:22:09 #23] [P02] PASS dynarray.pop
[00:22:09 #24] [P02] PASS dynarray.get_oob_null
[00:22:09 #25] [P02] PASS dynarray.free
[00:22:09 #26] [P02] PASS strmap.create
[00:22:09 #27] [P02] PASS strmap.put_get
[00:22:09 #28] [P02] PASS strmap.replace_value
[00:22:09 #29] [P02] PASS strmap.has_false
[00:22:09 #30] [P02] PASS strmap.get_missing_null
[00:22:09 #31] [P02] PASS strmap.200_keys_rehash
[00:22:09 #32] [P02] PASS strmap.get_after_rehash
[00:22:09 #33] [P02] PASS strmap.remove
[00:22:09 #34] [P02] PASS strmap.remove_twice_false
[00:22:09 #35] [P02] PASS strmap.survivor_intact
[00:22:09 #36] [P02] PASS strmap.foreach_null_fn_safe
[00:22:09 #37] [P02] PASS strmap.destroy
[00:22:09 #38] [P02] PASS lpat.trim_spaces
[00:22:09 #39] [P02] PASS lpat.trim_empty
[00:22:09 #40] [P02] PASS lpat.trim_only_spaces
[00:22:09 #41] [P02] PASS lpat.scheme_split
[00:22:09 #42] [P02] PASS lpat.scheme_no_match
[00:22:09 #43] [P02] PASS lpat.host_path_no_match_lua
[00:22:09 #44] [P02] PASS lpat.host_bare_no_match_lua
[00:22:09 #45] [P02] PASS lpat.host_reject_spaces
[00:22:09 #46] [P02] PASS lpat.host_trailing_qmark_lua
[00:22:09 #47] [P02] PASS lpat.attr_dquote_1
[00:22:09 #48] [P02] PASS lpat.attr_dquote_2
[00:22:09 #49] [P02] PASS lpat.attr_dquote_done
[00:22:09 #50] [P02] PASS lpat.attr_squote_1
[00:22:09 #51] [P02] PASS lpat.attr_squote_2
[00:22:09 #52] [P02] PASS lpat.attr_squote_done
[00:22:09 #53] [P02] PASS lpat.pathcmd_M
[00:22:09 #54] [P02] PASS lpat.pathcmd_L
[00:22:09 #55] [P02] PASS lpat.pathcmd_Z_empty_arg
[00:22:09 #56] [P02] PASS lpat.pathcmd_done
[00:22:09 #57] [P02] PASS lpat.entity_named_amp
[00:22:09 #58] [P02] PASS lpat.entity_named_lt
[00:22:09 #59] [P02] PASS lpat.entity_named_skips_dec
[00:22:09 #60] [P02] PASS lpat.entity_decimal
[00:22:09 #61] [P02] PASS lpat.entity_hex_lower_x
[00:22:09 #62] [P02] PASS lpat.entity_hex_upper_X
[00:22:09 #63] [P02] PASS lpat.entity_hex_done
[00:22:09 #64] [P02] PASS lpat.charset_utf8
[00:22:09 #65] [P02] PASS lpat.http_status
[00:22:09 #66] [P02] PASS lpat.meta_refresh_url_upper
[00:22:09 #67] [P02] PASS lpat.meta_refresh_frac
[00:22:09 #68] [P02] PASS lpat.viewbox_four_caps
[00:22:09 #69] [P02] PASS lpat.tag_div_attrs
[00:22:09 #70] [P02] PASS lpat.tag_br_selfclose
[00:22:09 #71] [P02] PASS lpat.tag_close_not_matched
[00:22:09 #72] [P02] PASS lpat.css_prop_lua_truth
[00:22:09 #73] [P02] PASS lpat.cookie_pair
[00:22:09 #74] [P02] PASS lpat.tokens_a
[00:22:09 #75] [P02] PASS lpat.tokens_bb
[00:22:09 #76] [P02] PASS lpat.tokens_ccc
[00:22:09 #77] [P02] PASS lpat.tokens_done
[00:22:09 #78] [P02] PASS lpat.lazy_dash
[00:22:09 #79] [P02] PASS lpat.greedy_star
[00:22:09 #80] [P02] PASS lpat.endpunct_true
[00:22:09 #81] [P02] PASS lpat.endpunct_false
[00:22:09 #82] [P02] PASS lpat.escape_dot
[00:22:09 #83] [P02] PASS lpat.escape_percent
[00:22:09 #84] [P02] PASS lpat.escape_dash_outside_set
[00:22:09 #85] [P02] PASS lpat.gsub_fn_hexdecode
[00:22:09 #86] [P02] PASS lpat.gsub_fn_encode
[00:22:09 #87] [P02] PASS lpat.find_init_offset
[00:22:09 #88] [P02] PASS lpat.find_plain
[00:22:09 #89] [P02] PASS lpat.find_plain_miss
[00:22:09 #90] [P02] PASS lpat.gsub_template_trim
[00:22:09 #91] [P02] PASS lpat.gsub_crlf
[00:22:09 #92] [P02] PASS lpat.gsub_count3
[00:22:09 #93] [P02] PASS lpat.gsub_empty_matches
[00:22:09 #94] [P02] PASS lpat.negclass_A
[00:22:09 #95] [P02] PASS lpat.negclass_done
[00:22:09 #96] [P02] PASS lpat.set_leading_bracket
[00:22:09 #97] [P02] PASS lpat.nul_subject_first
[00:22:09 #98] [P02] PASS lpat.nul_subject_second
[00:22:09 #99] [P02] PASS lpat.nul_subject_done
[00:22:09 #100] [P02] PASS lpat.position_capture
[00:22:09 #101] [P02] PASS lpat.balance
[00:22:09 #102] [P02] PASS lpat.frontier_THE
[00:22:09 #103] [P02] PASS lpat.frontier_quick
[00:22:09 #104] [P02] PASS lpat.frontier_fox
[00:22:09 #105] [P02] PASS lpat.frontier_done
[00:22:09 #106] [P02] PASS lpat.opt_without_u
[00:22:09 #107] [P02] PASS lpat.opt_with_u
[00:22:09 #108] [P02] PASS lpat.ip_anchor_ok
[00:22:09 #109] [P02] PASS lpat.ip_anchor_trailing_fail
[00:22:09 #110] ERROR: luapattern: malformed pattern (missing ])  ||  stack: src/util/luapattern.c:79
[00:22:09 #111] [P02] PASS lpat.malformed_set_err
[00:22:09 #112] [P02] PASS json.parse_fixture
[00:22:09 #113] [P02] PASS json.obj_string
[00:22:09 #114] [P02] PASS json.negative_int
[00:22:09 #115] [P02] PASS json.float
[00:22:09 #116] [P02] PASS json.exponent
[00:22:09 #117] [P02] PASS json.bool_true
[00:22:09 #118] [P02] PASS json.null_value
[00:22:09 #119] [P02] PASS json.absent_key
[00:22:09 #120] [P02] PASS json.arr_count
[00:22:09 #121] [P02] PASS json.arr_num
[00:22:09 #122] [P02] PASS json.arr_null_elem
[00:22:09 #123] [P02] PASS json.arr_nested_obj
[00:22:09 #124] [P02] PASS json.escapes_unicode_surrogate
[00:22:09 #125] [P02] PASS json.trailing_data_error
[00:22:09 #126] [P02] PASS json.bad_value_error
[00:22:09 #127] [P02] PASS json.unterminated_error
[00:22:09 #128] [P02] PASS json.roundtrip_parse
[00:22:09 #129] [P02] PASS json.roundtrip_stable
[00:22:09 #130] [P02] PASS json.roundtrip_arr_value
[00:22:09 #131] [P02] PASS json.roundtrip_nested_bool
[00:22:09 #132] [P02] PASS json.obj_set_replace
[00:22:09 #133] [P02] util selftests done: 128 passed, 0 failed
[00:22:09 #134] [P03] url selftests begin
[00:22:09 #135] [P03] PASS url.parse.empty
[00:22:09 #136] [P03] PASS url.parse.https_host
[00:22:09 #137] [P03] PASS url.parse.full
[00:22:09 #138] [P03] PASS url.parse.no_scheme
[00:22:09 #139] [P03] PASS url.parse.empty_host
[00:22:09 #140] [P03] PASS url.parse.ftp_custom_port
[00:22:09 #141] [P03] PASS url.parse.userinfo_quirk
[00:22:09 #142] [P03] PASS url.parse.colon_empty_port
[00:22:09 #143] [P03] PASS url.parse.port_zero
[00:22:09 #144] [P03] PASS url.parse.spaces_trimmed
[00:22:09 #145] [P03] PASS url.parse.about_blank
[00:22:09 #146] [P03] PASS url.parse.about_home
[00:22:09 #147] [P03] PASS url.parse.case_fold
[00:22:09 #148] [P03] PASS url.parse.ip_host
[00:22:09 #149] [P03] PASS url.parse.raw_trimmed
[00:22:09 #150] [P03] PASS url.parse.junk_port_ignored
[00:22:09 #151] [P03] PASS enc.plain
[00:22:09 #152] [P03] PASS enc.specials
[00:22:09 #153] [P03] PASS enc.unreserved_kept
[00:22:09 #154] [P03] PASS enc.plus_encoded
[00:22:09 #155] [P03] PASS enc.utf8
[00:22:09 #156] [P03] PASS enc.percent_literal
[00:22:09 #157] [P03] PASS enc.newline_crlf
[00:22:09 #158] [P03] PASS enc.empty
[00:22:09 #159] [P03] PASS dec.plus_space
[00:22:09 #160] [P03] PASS dec.pct_utf8
[00:22:09 #161] [P03] PASS dec.mixed
[00:22:09 #162] [P03] PASS dec.invalid_pct_kept
[00:22:09 #163] [P03] PASS dec.truncated_pct_kept
[00:22:09 #164] [P03] PASS dec.empty
[00:22:09 #165] [P03] PASS url.roundtrip
[00:22:09 #166] [P03] PASS isq.null_false
[00:22:09 #167] [P03] PASS isq.empty_false
[00:22:09 #168] [P03] PASS isq.spaces_query
[00:22:09 #169] [P03] PASS isq.dot_url
[00:22:09 #170] [P03] PASS isq.bare_word_query
[00:22:09 #171] [P03] PASS isq.leading_dot_query
[00:22:09 #172] [P03] PASS isq.trailing_dot_query
[00:22:09 #173] [P03] PASS isq.ip_url
[00:22:09 #174] [P03] PASS isq.localhost_url
[00:22:09 #175] [P03] PASS isq.localhost_suffix_url
[00:22:09 #176] [P03] PASS isq.https_url
[00:22:09 #177] [P03] PASS isq.about_url
[00:22:09 #178] [P03] PASS isq.file_url
[00:22:09 #179] [P03] PASS isq.spaces_only_is_query
[00:22:09 #180] [P03] PASS isq.upper_scheme_via_dot_rule
[00:22:09 #181] [P03] PASS isq.trimmed_before_dot_rule
[00:22:09 #182] [P03] PASS unwrap.ddg_uddg
[00:22:09 #183] [P03] PASS unwrap.non_ddg_false
[00:22:09 #184] [P03] PASS wrap.missing_uddg_false
[00:22:09 #185] [P03] PASS resolve.same_dir
[00:22:09 #186] [P03] PASS resolve.subdir
[00:22:09 #187] [P03] PASS resolve.root_rel
[00:22:09 #188] [P03] PASS resolve.protocol_relative
[00:22:09 #189] [P03] PASS resolve.anchor
[00:22:09 #190] [P03] PASS resolve.query_only
[00:22:09 #191] [P03] PASS resolve.custom_port_base
[00:22:09 #192] [P03] PASS resolve.anchor_keeps_query
[00:22:09 #193] [P03] PASS resolve.query_replaces
[00:22:09 #194] [P03] PASS resolve.dot_slash
[00:22:09 #195] [P03] PASS resolve.dotdot
[00:22:09 #196] [P03] PASS resolve.dotdot_clamped_root
[00:22:09 #197] [P03] PASS resolve.deep_beyond_root_dropped
[00:22:09 #198] [P03] PASS resolve.about_passthrough
[00:22:09 #199] [P03] PASS resolve.data_passthrough
[00:22:09 #200] [P03] PASS resolve.js_passthrough
[00:22:09 #201] [P03] PASS resolve.absolute_verbatim_case
[00:22:09 #202] [P03] PASS resolve.mailto_not_special
[00:22:09 #203] [P03] PASS resolve.empty_returns_base
[00:22:09 #204] [P03] PASS searchurl.ddg
[00:22:09 #205] [P03] url selftests done: 70 passed, 0 failed
[00:22:09 #206] [P04] storage+cookiejar selftests begin
[00:22:09 #207] [P04] PASS ts.epoch1970
[00:22:09 #208] [P04] PASS ts.bttf2015
[00:22:09 #209] [P04] PASS ts.leap2000feb29
[00:22:09 #210] [P04] PASS ts.neg1969
[00:22:09 #211] [P04] PASS ts.clamp_month0
[00:22:09 #212] [P04] PASS ts.clamp_month13
[00:22:09 #213] [P04] PASS ts.clamp_year_neg
[00:22:09 #214] [P04] PASS ts.clamp_day0
[00:22:09 #215] [P04] PASS ts.floor_frac
[00:22:09 #216] [P04] PASS ts.frac_hour
[00:22:09 #217] [P04] PASS ts.nil_hms_zeroed
[00:22:09 #218] [P04] PASS date.imf_fixdate
[00:22:09 #219] [P04] PASS date.rfc850_4digit
[00:22:09 #220] [P04] PASS date.rfc850_2digit
[00:22:09 #221] [P04] PASS date.rfc850_pivot69
[00:22:09 #222] [P04] PASS date.asctime_dblspace_nil
[00:22:09 #223] [P04] PASS date.asctime_single_space
[00:22:09 #224] [P04] PASS date.lowercase_month_nil
[00:22:09 #225] [P04] PASS date.garbage_nil
[00:22:09 #226] [P04] PASS date.trailing_junk_ok
[00:22:09 #227] [P04] PASS date.no_weekday_nil
[00:22:09 #228] [P04] PASS date.empty_nil
[00:22:09 #229] [P04] PASS sc01.basic
[00:22:09 #230] [P04] PASS sc02.attrs
[00:22:09 #231] [P04] PASS sc03.domain_dot
[00:22:09 #232] [P04] PASS sc04.domain_exact
[00:22:09 #233] [P04] PASS sc05.domain_suffix
[00:22:09 #234] [P04] PASS sc06.domain_localhost
[00:22:09 #235] [P04] PASS sc07.domain_foreign_reject
[00:22:09 #236] [P04] PASS sc08.domain_undotted_reject
[00:22:09 #237] [P04] PASS sc09.path_noslash
[00:22:09 #238] [P04] PASS sc10.samesite_lax
[00:22:09 #239] [P04] PASS sc11.samesite_weird_ignored
[00:22:09 #240] [P04] PASS sc12.maxage_future
[00:22:09 #241] [P04] PASS sc13.maxage_zero_del
[00:22:09 #242] [P04] PASS sc14.maxage_negative_del
[00:22:09 #243] [P04] PASS sc15.maxage_junk_ignored
[00:22:09 #244] [P04] PASS sc16.expires_imf
[00:22:09 #245] [P04] PASS sc17.expires_asctime
[00:22:09 #246] [P04] PASS sc18.expires_garbage_ignored
[00:22:09 #247] [P04] PASS sc19.expires_then_maxage_wins
[00:22:09 #248] [P04] PASS sc20.maxage_then_expires_skipped
[00:22:09 #249] [P04] PASS rej.space_in_pair
[00:22:09 #250] [P04] PASS rej.bad_name
[00:22:09 #251] [P04] PASS rej.no_name
[00:22:09 #252] [P04] PASS rej.quote_in_value
[00:22:09 #253] [P04] PASS rej.comma_in_value
[00:22:09 #254] [P04] PASS rej.no_equals
[00:22:09 #255] [P04] PASS sc27.empty_value_ok
[00:22:09 #256] [P04] PASS sc32.dollar_name_ok
[00:22:09 #257] [P04] PASS sc33.empty_attrs_skipped
[00:22:09 #258] [P04] PASS rej.empty_host_raw
[00:22:09 #259] [P04] PASS rej.null_host
[00:22:09 #260] [P04] PASS rej.null_raw
[00:22:09 #261] [P04] PASS rej.ws_only_raw
[00:22:09 #262] [P04] PASS hdr.two_cookies
[00:22:09 #263] [P04] PASS hdr.replace_moves_end
[00:22:09 #264] [P04] PASS store.replace_count
[00:22:09 #265] [P04] PASS hdr.after_delete
[00:22:09 #266] [P04] PASS store.delete_count
[00:22:09 #267] [P04] PASS hdr.domain_cookie
[00:22:09 #268] [P04] PASS hdr.cross_host_isolated
[00:22:09 #269] [P04] PASS store.domain_count
[00:22:09 #270] [P04] PASS hdr.secure_blocked_http
[00:22:09 #271] [P04] PASS hdr.secure_allowed_https
[00:22:09 #272] [P04] PASS store.secure_count
[00:22:09 #273] [P04] PASS hdr.path_prefix_no
[00:22:09 #274] [P04] PASS hdr.path_exact_yes
[00:22:09 #275] [P04] PASS hdr.path_subdir_yes
[00:22:09 #276] [P04] PASS hdr.path_boundary_no
[00:22:09 #277] [P04] PASS store.docs_count
[00:22:09 #278] [P04] PASS cap.count300
[00:22:09 #279] [P04] PASS cap.first_evicted_to_c6
[00:22:09 #280] [P04] PASS cap.last_is_c305
[00:22:09 #281] [P04] PASS cap.future_expires_stored_evicts
[00:22:09 #282] [P04] PASS clear.zeroes
[00:22:09 #283] [P04] PASS exp.stored
[00:22:09 #284] [P04] PASS exp.alive_before
[00:22:09 #285] [P04] PASS exp.pruned_after
[00:22:09 #286] [P04] PASS exp.list_empty_after_prune
[00:22:09 #287] [P04] PASS st.defaults_bm9
[00:22:09 #288] [P04] PASS st.default_bm1_fields
[00:22:09 #289] [P04] PASS st.default_bm8_title
[00:22:09 #290] [P04] PASS st.default_settings
[00:22:09 #291] [P04] PASS hist.about_and_empty_skipped
[00:22:09 #292] [P04] PASS hist.two_added
[00:22:09 #293] [P04] PASS hist.insert_front_order
[00:22:09 #294] [P04] PASS hist.time_hhmm
[00:22:09 #295] [P04] PASS hist.dedup_count
[00:22:09 #296] [P04] PASS hist.dedup_moves_front_title_defaults_url
[00:22:09 #297] [P04] PASS hist.cap50
[00:22:09 #298] [P04] PASS hist.cap_newest_first
[00:22:09 #299] [P04] PASS hist.cap_oldest_evicted_fill1to5_gone
[00:22:09 #300] [P04] PASS bm.is_true
[00:22:09 #301] [P04] PASS bm.is_false
[00:22:09 #302] [P04] PASS bm.add_empty_rejected
[00:22:09 #303] [P04] PASS bm.dup_returns_true
[00:22:09 #304] [P04] PASS bm.dup_updates_title_only_keeps_desc
[00:22:09 #305] [P04] PASS bm.append_true
[00:22:09 #306] [P04] PASS bm.appended_last
[00:22:09 #307] [P04] PASS bm.remove_valid
[00:22:09 #308] [P04] PASS bm.remove_zero_invalid
[00:22:09 #309] [P04] PASS bm.remove_big_invalid
[00:22:09 #310] [P04] PASS st.save_ok
[00:22:09 #311] [P04] PASS st.load_ok
[00:22:09 #312] [P04] PASS st.roundtrip_bm9
[00:22:09 #313] [P04] PASS st.roundtrip_bm1
[00:22:09 #314] [P04] PASS st.roundtrip_hist_top
[00:22:09 #315] [P04] PASS st.roundtrip_settings
[00:22:09 #316] [P04] PASS st.save_empty_bm
[00:22:09 #317] [P04] PASS st.load_empty_bm
[00:22:09 #318] [P04] PASS st.empty_bm_falls_back_to_defaults
[00:22:09 #319] [P04] PASS st.empty_bm_default_google
[00:22:09 #320] [P04] PASS num.junk_fail
[00:22:09 #321] [P04] PASS num.empty_fail
[00:22:09 #322] [P04] PASS num.comma_fail
[00:22:09 #323] [P04] PASS num.ws_trimmed
[00:22:09 #324] [P04] PASS num.hex
[00:22:09 #325] [P04] PASS num.exponent
[00:22:09 #326] [P04] storage+cookiejar selftests done: 119 passed, 0 failed
[00:22:09 #327] [P05] task queued (queue=1)
[00:22:09 #328] [P05] PASS run.is_running_immediately
[00:22:09 #329] [P05] PASS run.progress_reset_immediately
[00:22:09 #330] [P05] PASS run.step_not_called_before_update
[00:22:09 #331] [P05] task done
[00:22:09 #332] [P05] gc drain (no-op in C)
[00:22:09 #333] [P05] PASS done.no_callback_when_null_onComplete
[00:22:09 #334] [P05] PASS done.queue_emptied_progress_forced_one
[00:22:09 #335] [P05] task queued (queue=1)
[00:22:09 #336] [P05] task done
[00:22:09 #337] [P05] gc drain (no-op in C)
[00:22:09 #338] [P05] PASS budget.first_yield_at_iter64
[00:22:09 #339] [P05] PASS budget.frames16_for_1000iters_at20ms
[00:22:09 #340] [P05] task queued (queue=1)
[00:22:09 #341] [P05] task done
[00:22:09 #342] [P05] gc drain (no-op in C)
[00:22:09 #343] [P05] PASS budget.frozen_clock_single_frame
[00:22:09 #344] [P05] PASS outside.never_yields
[00:22:09 #345] [P05] task queued (queue=1)
[00:22:09 #346] [P05] task error: Parse Error: boom
[00:22:09 #347] [P05] gc drain (no-op in C)
[00:22:09 #348] [P05] PASS err.onError_not_onComplete
[00:22:09 #349] [P05] PASS err.message_delivered_verbatim
[00:22:09 #350] [P05] PASS err.progress_keeps_task_report
[00:22:09 #351] [P05] task queued (queue=1)
[00:22:09 #352] [P05] task error: task error
[00:22:09 #353] [P05] gc drain (no-op in C)
[00:22:09 #354] [P05] PASS err.default_message
[00:22:09 #355] [P05] task queued (queue=1)
[00:22:09 #356] [P05] task queued (queue=2)
[00:22:09 #357] [P05] PASS fifo.two_queued
[00:22:09 #358] [P05] task done
[00:22:09 #359] [P05] gc drain (no-op in C)
[00:22:09 #360] [P05] PASS fifo.upd1_only_head_a
[00:22:09 #361] [P05] task done
[00:22:09 #362] [P05] gc drain (no-op in C)
[00:22:09 #363] [P05] PASS fifo.upd2_then_b
[00:22:09 #364] [P05] PASS fifo.upd3_idle
[00:22:09 #365] [P05] task queued (queue=1)
[00:22:09 #366] [P05] PASS prog.reset_by_run
[00:22:09 #367] [P05] PASS prog.neg_clamped
[00:22:09 #368] [P05] PASS prog.set03
[00:22:09 #369] [P05] PASS prog.regression_ignored
[00:22:09 #370] [P05] PASS prog.over_clamped
[00:22:09 #371] [P05] task done
[00:22:09 #372] [P05] gc drain (no-op in C)
[00:22:09 #373] [P05] PASS cancel.empty_queue_noop
[00:22:09 #374] [P05] task queued (queue=1)
[00:22:09 #375] [P05] PASS cancel.job_started_yielded
[00:22:09 #376] [P05] cancelAll dropped all tasks
[00:22:09 #377] [P05] PASS cancel.queue_cleared_progress_zeroed
[00:22:09 #378] [P05] PASS cancel.no_callbacks_fired
[00:22:09 #379] [P05] PASS cancel.ctx_freed
[00:22:09 #380] [P05] gc drain (no-op in C)
[00:22:09 #381] [P05] PASS cancel.post_cancel_idle_safe
[00:22:09 #382] [P05] task queued (queue=1)
[00:22:09 #383] [P05] task queued (queue=2)
[00:22:09 #384] [P05] PASS run.second_run_resets_progress
[00:22:09 #385] [P05] cancelAll dropped all tasks
[00:22:09 #386] [P05] task queued (queue=1)
[00:22:09 #387] [P05] task done
[00:22:09 #388] [P05] gc drain (no-op in C)
[00:22:09 #389] [P05] PASS free.on_complete_path
[00:22:09 #390] [P05] task queued (queue=1)
[00:22:09 #391] [P05] task error: task error
[00:22:09 #392] [P05] gc drain (no-op in C)
[00:22:09 #393] [P05] PASS free.on_error_path
[00:22:09 #394] [P05] task queued (queue=1)
[00:22:09 #395] [P05] task done
[00:22:09 #396] [P05] gc drain (no-op in C)
[00:22:09 #397] [P05] PASS yieldn.four_frames_then_done
[00:22:09 #398] [P05] gc drain (no-op in C)
[00:22:09 #399] [P05] PASS gc.external_schedule_safe
[00:22:09 #400] [P05] tasks selftests done: 33 passed, 0 failed
[00:22:09 #401] [P06] PASS cp1252.A41_raw_ascii
[00:22:09 #402] [P06] PASS cp1252.7f_stays_raw
[00:22:09 #403] [P06] PASS cp1252.80_is_euro
[00:22:09 #404] [P06] PASS cp1252.81_self_map_C281
[00:22:09 #405] [P06] PASS cp1252.92_right_quote
[00:22:09 #406] [P06] PASS cp1252.9c_oe_ligature
[00:22:09 #407] [P06] PASS cp1252.9f_Y_dieresis
[00:22:09 #408] [P06] PASS cp1252.a0_passthrough_C2A0
[00:22:09 #409] [P06] PASS cp1252.no_header_verbatim
[00:22:09 #410] [P06] PASS cp1252.e9_decodes_C3A9
[00:22:09 #411] [P06] PASS cp1252.ff_decodes_C3BF
[00:22:09 #412] [P06] PASS utf16le.bom_A
[00:22:09 #413] [P06] PASS utf16le.surrogate_pair_U10037
[00:22:09 #414] [P06] PASS utf16le.lone_high_consumes_next
[00:22:09 #415] [P06] PASS utf16be.euro_check
[00:22:09 #416] [P06] PASS utf8bom.stripped_hello
[00:22:09 #417] [P06] PASS hdr.utf8_verbatim_E9
[00:22:09 #418] [P06] PASS hdr.utf_8_alias_verbatim
[00:22:09 #419] [P06] PASS hdr.utf8mb4_passthrough
[00:22:09 #420] [P06] PASS hdr.ascii_verbatim
[00:22:09 #421] [P06] PASS hdr.usascii_passthrough
[00:22:09 #422] [P06] PASS hdr.quoted_value_fails_pattern
[00:22:09 #423] [P06] PASS hdr.missing_value_fails
[00:22:09 #424] [P06] PASS hdr.no_charset_verbatim
[00:22:09 #425] [P06] PASS hdr.Windows1252_decodes
[00:22:09 #426] [P06] PASS hdr.cp1252_decodes
[00:22:09 #427] [P06] PASS hdr.latin1_decodes
[00:22:09 #428] [P06] PASS hdr.iso88591_decodes
[00:22:09 #429] [P06] PASS hdr.iso8859_decodes
[00:22:09 #430] [P06] PASS hdr.shiftjis_besteffort
[00:22:09 #431] [P06] PASS hdr.eucjp_besteffort
[00:22:09 #432] [P06] PASS hdr.utf16le_nonbom_empty
[00:22:09 #433] [P06] PASS hdr.bare_utf16_not_dispatched
[00:22:09 #434] [P06] PASS meta.charset_simple_decodes
[00:22:09 #435] [P06] PASS meta.http_equiv_content_pattern
[00:22:09 #436] [P06] PASS meta.beyond1024_ignored
[00:22:09 #437] [P06] PASS prec.header_cp1252_beats_meta
[00:22:09 #438] [P06] PASS prec.header_utf8_allows_meta
[00:22:09 #439] [P06] PASS ent.fastpath_control_verbatim
[00:22:09 #440] [P06] PASS ent.named_basics
[00:22:09 #441] [P06] PASS ent.copy_reg_trade
[00:22:09 #442] [P06] PASS ent.deg_not_exact_spacing
[00:22:09 #443] [P06] PASS ent.frac12_never_matches
[00:22:09 #444] [P06] PASS ent.unknown_name_spaced
[00:22:09 #445] [P06] PASS ent.case_sensitive
[00:22:09 #446] [P06] PASS ent.missing_semicolon_raw
[00:22:09 #447] [P06] PASS dec.basic_nbsp_dashes
[00:22:09 #448] [P06] PASS dec.quote_family_ellipsis_bullet
[00:22:09 #449] [P06] PASS dec.math_table
[00:22:09 #450] [P06] PASS dec.range_edges
[00:22:09 #451] [P06] PASS dec.huge_number_space
[00:22:09 #452] [P06] PASS hex.basic_a0_dash
[00:22:09 #453] [P06] PASS hex.thin_spaces
[00:22:09 #454] [P06] PASS hex.lacks_201a_asymmetry
[00:22:09 #455] [P06] PASS dec.has_201a_quote
[00:22:09 #456] [P06] PASS clean.translit_accents
[00:22:09 #457] [P06] PASS clean.OE_thorn
[00:22:09 #458] [P06] PASS clean.caron_unmapped_space
[00:22:09 #459] [P06] PASS clean.euro_3byte_single_space
[00:22:09 #460] [P06] PASS clean.emoji_widens_per_byte
[00:22:09 #461] [P06] PASS clean.truncated_tail_single_space
[00:22:09 #462] [P06] PASS clean.nbsp_fixed_seq
[00:22:09 #463] [P06] PASS clean.emdash_fixed_seq
[00:22:09 #464] [P06] PASS clean.full_pipeline_mixed
[00:22:09 #465] [P06] PASS clean.high_absent_keeps_control
[00:22:09 #466] [P06] PASS encode.all_but_apostrophe
[00:22:09 #467] [P06] PASS encode.null_empty
[00:22:09 #468] [P05] task queued (queue=1)
[00:22:09 #469] [P05] task done
[00:22:09 #470] [P05] gc drain (no-op in C)
[00:22:09 #471] [P06] PASS task.decode_completes_one_frame
[00:22:09 #472] [P06] PASS task.decode_outlen
[00:22:09 #473] [P06] PASS task.decode_output
[00:22:09 #474] [P06] PASS norm.windows1252_alias
[00:22:09 #475] [P06] PASS norm.utf8_alias
[00:22:09 #476] [P06] PASS norm.null_safe
[00:22:09 #477] [P06] PASS degen.null_body_empty
[00:22:09 #478] [P06] PASS degen.decode_empty
[00:22:09 #479] [P06] encoding selftests done: 75 passed, 0 failed
[00:22:09 #480] [P07] PASS A.ret
[00:22:09 #481] [P07] PASS A.loading_after_get
[00:22:09 #482] [P07] PASS A.conn_args
[00:22:09 #483] [P07] PASS A.timeouts_ms_and_bufsize
[00:22:09 #484] [P07] PASS A.request_bytes_exact
[00:22:09 #485] [P07] PASS A.loading_after_success
[00:22:09 #486] [P07] PASS A2.conn_ssl_8443
[00:22:09 #487] [P07] PASS A2.cookie_request_bytes
[00:22:09 #488] [P07] PASS A3.default_port_suppressed
[00:22:09 #489] [P07] PASS C.jar_count_2
[00:22:09 #490] [P07] PASS C.cookie_header_roundtrip
[00:22:09 #491] [P07] PASS D.ret
[00:22:09 #492] [P07] PASS D.status
[00:22:09 #493] [P07] PASS D.bodylen_beyond_cl
[00:22:09 #494] [P07] PASS D.slice_to_end
[00:22:09 #495] [P07] PASS D.url
[00:22:09 #496] [P07] PASS E.no_success_midstream
[00:22:09 #497] [P07] PASS E.status
[00:22:09 #498] [P07] PASS E.decoded_body
[00:22:09 #499] [P07] PASS F.first_hop_closed
[00:22:09 #500] [P07] PASS F.hop2_conn
[00:22:09 #501] [P07] PASS F.relative_resolution
[00:22:09 #502] [P07] PASS F.final_status
[00:22:09 #503] [P07] PASS F.final_url
[00:22:09 #504] [P07] PASS F.sock_count
[00:22:09 #505] [P07] PASS G.six_sockets
[00:22:09 #506] [P07] PASS G.silent_drop_no_callbacks
[00:22:09 #507] [P07] PASS G.not_loading_after
[00:22:09 #508] [P07] PASS H.partial_over_512_done
[00:22:09 #509] [P07] PASS H.bodylen_600
[00:22:09 #510] [P07] PASS I.timeout_error
[00:22:09 #511] [P07] PASS I.timeout_message
[00:22:09 #512] [P07] PASS J.closed_no_data_error
[00:22:09 #513] [P07] PASS J.closed_message
[00:22:09 #514] [P07] PASS P.closed_midbody_done
[00:22:09 #515] [P07] PASS P.partial_body
[00:22:09 #516] [P07] PASS K.stale_socket_closed
[00:22:09 #517] [P07] PASS K.silent
[00:22:09 #518] [P07] PASS K.idle
[00:22:09 #519] [P07] PASS L.get_about_loading
[00:22:09 #520] [P07] PASS L.still_pending
[00:22:09 #521] [P07] PASS L.progress_100
[00:22:09 #522] [P07] PASS L.home_status
[00:22:09 #523] [P07] PASS L.home_ct
[00:22:09 #524] [P07] PASS L.home_len_100
[00:22:09 #525] [P07] PASS L.home_url
[00:22:09 #526] [P07] PASS L.done_not_loading
[00:22:09 #527] [P07] PASS L.unknown_ret_true
[00:22:09 #528] [P07] PASS L.unknown_error
[00:22:09 #529] [P07] PASS L.unknown_message
[00:22:09 #530] [P07] PASS L.unknown_idle
[00:22:09 #531] [P07] PASS L.blank_len_26
[00:22:09 #532] [P07] PASS L.acid_len_2984
[00:22:09 #533] [P07] PASS L.acid_title_present
[00:22:09 #534] [P07] PASS M.ret_false
[00:22:09 #535] [P07] PASS M.sync_error
[00:22:09 #536] [P07] PASS M.message
[00:22:09 #537] [P07] PASS M.idle
[00:22:09 #538] [P07] PASS N.send_error
[00:22:09 #539] [P07] PASS N.send_failed_prefix
[00:22:09 #540] [P07] PASS N.idle
[00:22:09 #541] [P07] PASS O.three_progress_calls
[00:22:09 #542] [P07] PASS O.first_0_0
[00:22:09 #543] [P07] PASS O.second_body_bytes
[00:22:09 #544] [P07] PASS O.clamped_final
[00:22:09 #545] [P07] PASS O.delivered
[00:22:09 #546] [P07] PASS Q.delivered_as_normal
[00:22:09 #547] [P07] PASS Q.empty_body
[00:22:09 #548] [P07] PASS R.deny_ret_false
[00:22:09 #549] [P07] PASS R.deny_error
[00:22:09 #550] [P07] PASS R.deny_message
[00:22:09 #551] [P07] PASS R.purpose_string
[00:22:09 #552] [P07] PASS S.ask_ret_true
[00:22:09 #553] [P07] PASS S.waiting_no_socket_yet
[00:22:09 #554] [P07] PASS S.one_access_call
[00:22:09 #555] [P07] PASS S.callback_recorded
[00:22:09 #556] [P07] PASS S.socket_after_grant
[00:22:09 #557] [P07] PASS S.completed_after_grant
[00:22:09 #558] [P07] PASS S.grant_cached_same_host
[00:22:09 #559] [P07] PASS T.waiting
[00:22:09 #560] [P07] PASS T.async_deny_error
[00:22:09 #561] [P07] PASS T.async_deny_message
[00:22:09 #562] [P07] PASS T.idle_after_deny
[00:22:09 #563] [P07] PASS W.error_state_before_tick
[00:22:09 #564] [P07] PASS W.open_failed_delivered
[00:22:09 #565] [P07] PASS W.open_failed_message
[00:22:09 #566] [P07] PASS W.idle
[00:22:09 #567] [P07] PASS V.empty_parses_to_blank_host
[00:22:09 #568] [P07] PASS V.host_blank_port0
[00:22:09 #569] [P07] http selftests done: 89 passed, 0 failed
[00:22:09 #570] [P08] tokenizer selftests start
[00:22:09 #571] [P08] PASS A.nonnull
[00:22:09 #572] [P08] PASS A.title_default
[00:22:09 #573] [P08] PASS A.count_1
[00:22:09 #574] [P08] PASS A.text
[00:22:09 #575] [P08] PASS B.empty_count0
[00:22:09 #576] [P08] PASS B.empty_title
[00:22:09 #577] [P08] PASS C.entity_decode
[00:22:09 #578] [P08] PASS D.count_3
[00:22:09 #579] [P08] PASS D.tag_p_open
[00:22:09 #580] [P08] PASS D.text_hi
[00:22:09 #581] [P08] PASS D.tag_p_close_self
[00:22:09 #582] [P08] PASS E.count_4
[00:22:09 #583] [P08] PASS E.br_slash
[00:22:09 #584] [P08] PASS E.br_space_slash
[00:22:09 #585] [P08] PASS E.hr_plain
[00:22:09 #586] [P08] PASS E.close_p_self
[00:22:09 #587] [P08] PASS F.colon_names
[00:22:09 #588] [P08] PASS F.attr_datax
[00:22:09 #589] [P08] PASS G.lowered_names
[00:22:09 #590] [P08] PASS G.attr_val_case_kept
[00:22:09 #591] [P08] PASS G.text_Y
[00:22:09 #592] [P08] PASS H.interleave
[00:22:09 #593] [P08] PASS I.lt_space_gt_quirk
[00:22:09 #594] [P08] PASS J.junk_dropped
[00:22:09 #595] [P08] PASS K.doctype_vanishes
[00:22:09 #596] [P08] PASS L.broken_tail_dropped
[00:22:09 #597] [P08] PASS M.count_3
[00:22:09 #598] [P08] PASS M.tag_a
[00:22:09 #599] [P08] PASS M.href_decoded
[00:22:09 #600] [P08] PASS M.id_single_quoted
[00:22:09 #601] [P08] PASS M.unquoted
[00:22:09 #602] [P08] PASS M.boolean_disabled
[00:22:09 #603] [P08] PASS M.boolean_datax
[00:22:09 #604] [P08] PASS M.attr_count_5
[00:22:09 #605] [P08] PASS M.text_y
[00:22:09 #606] [P08] PASS M.close_a
[00:22:09 #607] [P08] PASS N.first_wins
[00:22:09 #608] [P08] PASS N.src_first
[00:22:09 #609] [P08] PASS N.alt_first_lowered_key
[00:22:09 #610] [P08] PASS N.attr_count_2
[00:22:09 #611] [P08] PASS O.key_dot_quirk
[00:22:09 #612] [P08] PASS O.a_bool
[00:22:09 #613] [P08] PASS O.b_c
[00:22:09 #614] [P08] PASS O.d_e_f_g
[00:22:09 #615] [P08] PASS O.attr_count_3
[00:22:09 #616] [P08] PASS P.space_before_eq_quirk
[00:22:09 #617] [P08] PASS P.href_empty
[00:22:09 #618] [P08] PASS P.v_bool_lost_value
[00:22:09 #619] [P08] PASS P.attr_count_2
[00:22:09 #620] [P08] PASS Q.unterminated_quote_all_dropped
[00:22:09 #621] [P08] PASS R.comment_full
[00:22:09 #622] [P08] PASS S.comment_unclosed_tail_after_gt
[00:22:09 #623] [P08] PASS T.script_skip
[00:22:09 #624] [P08] PASS U.script_case_insensitive
[00:22:09 #625] [P08] PASS V.script_unclosed_swallows_rest
[00:22:09 #626] [P08] PASS W.style_skip
[00:22:09 #627] [P08] PASS X.style_unclosed_swallows
[00:22:09 #628] [P08] PASS Y.title_decoded_collapsed
[00:22:09 #629] [P08] PASS Y.title_tags_not_emitted
[00:22:09 #630] [P08] PASS Z.title_unclosed_default
[00:22:09 #631] [P08] PASS AA.prefix_hijack_title
[00:22:09 #632] [P08] PASS AB.alloc_big
[00:22:09 #633] [P08] PASS AC.trunc_cut_at_gt_single
[00:22:09 #634] [P08] PASS AC.text_len_262202
[00:22:09 #635] [P08] PASS AD.alloc_flat
[00:22:09 #636] [P08] PASS AE.no_gt_exact_max
[00:22:09 #637] [P08] PASS AF.exact_max_untouched
[00:22:09 #638] [P08] PASS AG.progress_reported
[00:22:09 #639] [P08] tokenizer selftests done: 68 passed, 0 failed
[00:22:09 #640] [P09] dom selftests start
[00:22:09 #641] [P09] PASS A.root
[00:22:09 #642] [P09] PASS A.diag
[00:22:09 #643] [P09] PASS A.child_text
[00:22:09 #644] [P09] PASS B.empty
[00:22:09 #645] [P09] PASS C.nested_counts
[00:22:09 #646] [P09] PASS C.structure
[00:22:09 #647] [P09] PASS D.format_survives
[00:22:09 #648] [P09] PASS D.b_nests_i
[00:22:09 #649] [P09] PASS E.p_implied_by_div
[00:22:09 #650] [P09] PASS F.stray_li_root_siblings
[00:22:09 #651] [P09] PASS G.list_counts
[00:22:09 #652] [P09] PASS G.list_shape
[00:22:09 #653] [P09] PASS G.inner_list
[00:22:09 #654] [P09] PASS H.dtdd
[00:22:09 #655] [P09] PASS I.table_counts
[00:22:09 #656] [P09] PASS I.table_shape
[00:22:09 #657] [P09] PASS I.rows_cells
[00:22:09 #658] [P09] PASS J.stray_tr_dropped
[00:22:09 #659] [P09] PASS K.stray_td_dropped
[00:22:09 #660] [P09] PASS L.option_outside_dropped
[00:22:09 #661] [P09] PASS M.anchor_reopen
[00:22:09 #662] [P09] PASS M.second_a_sibling
[00:22:09 #663] [P09] PASS N.voids_flat
[00:22:09 #664] [P09] PASS N.sequence
[00:22:09 #665] [P09] PASS N.close_br_ignored
[00:22:09 #666] [P09] PASS O.selfclose_not_pushed
[00:22:09 #667] [P09] PASS P.head_skipped
[00:22:09 #668] [P09] PASS P.body_p_vis
[00:22:09 #669] [P09] PASS P.diag_skipped1_proc10
[00:22:09 #670] [P09] PASS Q.template_hidden
[00:22:09 #671] [P09] PASS Q.skipped3
[00:22:09 #672] [P09] PASS R.close_through_counts
[00:22:09 #673] [P09] PASS R.popped_through_span
[00:22:09 #674] [P09] PASS R.deep_sibling_of_p
[00:22:09 #675] [P09] PASS S.unknown_close_noop
[00:22:09 #676] [P09] PASS S.b_inside_div
[00:22:09 #677] [P09] PASS T.attrs_kept
[00:22:09 #678] [P09] PASS T.attr_values
[00:22:09 #679] [P09] PASS T.text
[00:22:09 #680] [P09] PASS U.chain_depth_12
[00:22:09 #681] [P09] PASS V.blockquote_ps
[00:22:09 #682] [P09] PASS V.two_siblings
[00:22:09 #683] [P09] PASS W.alloc
[00:22:09 #684] [P09] PASS W.valve_diag
[00:22:09 #685] [P09] PASS W.valve_kids
[00:22:09 #686] [P09] PASS X.alloc
[00:22:09 #687] [P09] PASS X.capped_at_6000
[00:22:09 #688] [P09] PASS X.maxhit_dead_flag_false
[00:22:09 #689] [P09] PASS Y.progress_in_dom_range
[00:22:09 #690] [P09] dom selftests done: 49 passed, 0 failed
[00:22:09 #691] [P11] PASS A.blank_title
[00:22:09 #692] [P11] PASS A.blank_base
[00:22:09 #693] [P11] PASS A.empty_no_blocks
[00:22:09 #694] [P11] PASS A.raw_html
[00:22:09 #695] [P11] PASS B.reader_doc
[00:22:09 #696] [P11] PASS C.h2_meta
[00:22:09 #697] [P11] PASS C.h6_align_attr
[00:22:09 #698] [P11] PASS C.h3_align_style
[00:22:09 #699] [P11] PASS D.div_para
[00:22:09 #700] [P11] PASS D.section_para
[00:22:09 #701] [P11] PASS D.margin_shorthand2
[00:22:09 #702] [P11] PASS D.padding_left
[00:22:09 #703] [P11] PASS D.invert_center
[00:22:09 #704] [P11] PASS E.nest_bi
[00:22:09 #705] [P11] PASS E.flags7
[00:22:09 #706] [P11] PASS E.code_family
[00:22:09 #707] [P11] PASS F.br_same_para
[00:22:09 #708] [P11] PASS F.br_flags
[00:22:09 #709] [P11] PASS F.wbr
[00:22:09 #710] [P11] PASS F.hr_flushes
[00:22:09 #711] [P11] PASS G.pre_raw
[00:22:09 #712] [P11] PASS G.pre_blank_line
[00:22:09 #713] [P11] PASS G.xmp
[00:22:09 #714] [P11] PASS H.span_styles
[00:22:09 #715] [P11] PASS H.font_size
[00:22:09 #716] [P11] PASS H.time_fallback
[00:22:09 #717] [P11] PASS H.data_children_win
[00:22:09 #718] [P11] PASS H.time_text_no_fallback
[00:22:09 #719] [P11] PASS I.quotes
[00:22:09 #720] [P11] PASS J.resolve_target
[00:22:09 #721] [P11] PASS J.inline_link
[00:22:09 #722] [P11] PASS J.invalid_skipped
[00:22:09 #723] [P11] PASS J.invalid_plain
[00:22:09 #724] [P11] PASS J.title_fallback
[00:22:09 #725] [P11] PASS J.href_fallback
[00:22:09 #726] [P11] PASS J.text_accum
[00:22:09 #727] [P11] PASS J.anchor_seq
[00:22:09 #728] [P11] PASS K.ul_defaults
[00:22:09 #729] [P11] PASS K.ol_start
[00:22:09 #730] [P11] PASS K.ol_reversed
[00:22:09 #731] [P11] PASS K.ol_typeA
[00:22:09 #732] [P11] PASS K.ol_type_invalid
[00:22:09 #733] [P11] PASS K.nested_depth
[00:22:09 #734] [P11] PASS K.stray_li
[00:22:09 #735] [P11] PASS K.value_renumber
[00:22:09 #736] [P11] PASS L.dt_dd_flags
[00:22:09 #737] [P11] PASS L.dl_nested_indent
[00:22:09 #738] [P11] PASS N.caption_attached
[00:22:09 #739] [P11] PASS N.no_image_no_block
[00:22:09 #740] [P11] PASS O.clamps
[00:22:09 #741] [P11] PASS O.defaults
[00:22:09 #742] [P11] PASS O.alt_title
[00:22:09 #743] [P11] PASS O.data_src
[00:22:09 #744] [P11] PASS O.srcset_first
[00:22:09 #745] [P11] PASS O.filters
[00:22:09 #746] [P11] PASS O.usemap_strip
[00:22:09 #747] [P11] PASS O.img_in_link
[00:22:09 #748] [P11] PASS P.hidden_skip
[00:22:09 #749] [P11] PASS P.display_none
[00:22:09 #750] [P11] PASS P.inert_attr
[00:22:09 #751] [P11] PASS Q.scan_pattern_a
[00:22:09 #752] [P11] PASS Q.scan_pattern_b
[00:22:09 #753] [P11] PASS Q.body_overrides
[00:22:09 #754] [P11] PASS Q.invalid_ignored
[00:22:09 #755] [P11] PASS R.base_override
[00:22:09 #756] [P11] PASS R.first_nonempty_wins
[00:22:09 #757] [P11] PASS R.https_base
[00:22:09 #758] [P11] PASS S.block_cap_notice
[00:22:09 #759] [P11] PASS S.inline_cap
[00:22:09 #760] [P11] PASS T.basic_rows
[00:22:09 #761] [P11] PASS T.implicit_tr_quirk
[00:22:09 #762] [P11] PASS T.th_spans
[00:22:09 #763] [P11] PASS T.caption_trim
[00:22:09 #764] [P11] PASS T.border_width_align
[00:22:09 #765] [P11] PASS T.border_zero_off
[00:22:09 #766] [P11] PASS T.tbody_wrapper
[00:22:09 #767] [P11] PASS T.nested_dropped
[00:22:09 #768] [P11] PASS T.empty_cell_space
[00:22:09 #769] [P11] PASS T.cell_flags_link
[00:22:09 #770] [P11] PASS T.cell_first_ws_strip
[00:22:09 #771] [P11] PASS T.stray_tr_text_leak
[00:22:09 #772] [P11] PASS T.stray_td_text_leak
[00:22:09 #773] [P11] PASS T.block_tags_plain_in_cell
[00:22:09 #774] [P11] PASS U.hidden_block
[00:22:09 #775] [P11] PASS U.text_defaults
[00:22:09 #776] [P11] PASS U.text_attrs
[00:22:09 #777] [P11] PASS U.checkbox_aria_fallback
[00:22:09 #778] [P11] PASS U.checkbox_title_fallback
[00:22:09 #779] [P11] PASS U.checkbox_label_attr
[00:22:09 #780] [P11] PASS U.checkbox_radio_flags
[00:22:09 #781] [P11] PASS U.submit_labels
[00:22:09 #782] [P11] PASS U.button_blocks
[00:22:09 #783] [P11] PASS U.form_context
[00:22:09 #784] [P11] PASS U.textarea_capture
[00:22:09 #785] [P11] PASS U.textarea_disabled
[00:22:09 #786] [P11] PASS U.select_basic
[00:22:09 #787] [P11] PASS U.select_optgroup
[00:22:09 #788] [P11] PASS U.select_empty_skip
[00:22:09 #789] [P11] PASS U.select_label_wins
[00:22:09 #790] [P11] PASS V.fieldset_legend
[00:22:09 #791] [P11] PASS V.fieldset_disables_inner
[00:22:09 #792] [P11] PASS V.details_open
[00:22:09 #793] [P11] PASS V.details_body_rendered
[00:22:09 #794] [P11] PASS V.details_closed_default
[00:22:09 #795] [P11] PASS V.details_counter_seq
[00:22:09 #796] [P11] PASS V.details_override_open_close
[00:22:09 #797] [P11] PASS V.dialog_closed_hidden
[00:22:09 #798] [P11] PASS V.dialog_open_pair
[00:22:09 #799] [P11] PASS V.fieldset_nests
[00:22:09 #800] [P11] PASS W.video_placeholder
[00:22:09 #801] [P11] PASS W.source_fallback
[00:22:09 #802] [P11] PASS W.canvas_no_src
[00:22:09 #803] [P11] PASS W.iframe_href_embed
[00:22:09 #804] [P11] PASS W.progress_clamp
[00:22:09 #805] [P11] PASS W.meter_fields
[00:22:09 #806] [P11] PASS W.datalist_meta
[00:22:09 #807] [P11] PASS W.map_areas
[00:22:09 #808] [P11] PASS W.fencedframe
[00:22:09 #809] [P11] PASS W.template_inert
[00:22:09 #810] [P11] PASS W.voids_silent
[00:22:09 #811] [P11] PASS X.svg_serialize
[00:22:09 #812] [P11] PASS X.svg_viewbox_quirk
[00:22:09 #813] [P11] PASS X.svg_defaults_clamp
[00:22:09 #814] [P11] PASS X.svg_alt_rules
[00:22:09 #815] [P11] PASS X.math_linearized
[00:22:09 #816] [P11] PASS X.mfenced_seps
[00:22:09 #817] [P11] PASS X.math_ws_collapse
[00:22:09 #818] [P11] PASS X.math_empty_skipped
[00:22:09 #819] [P11] PASS Y.address_hgroup_paragraphs
[00:22:09 #820] [P11] PASS Y.figure_caption_only_para
[00:22:09 #821] [P11] PASS Y.heading_css_spacing
[00:22:09 #822] [P11] PASS Y.inert_scope_restored
[00:22:09 #823] [P11] document selftests done: 132 passed, 0 failed
[00:22:09 #824] [P12] PASS A.mode_flag
[00:22:09 #825] [P12] PASS A.raw_html_kept
[00:22:09 #826] [P12] PASS A.base_kept
[00:22:09 #827] [P12] PASS A.block_count
[00:22:09 #828] [P12] PASS A.header_host
[00:22:09 #829] [P12] PASS A.header_title_fallback
[00:22:09 #830] [P12] PASS A.reading_time_math
[00:22:09 #831] [P12] PASS A.title_h1_bold
[00:22:09 #832] [P12] PASS A.hr_third
[00:22:09 #833] [P12] PASS A.paragraph_fourth
[00:22:09 #834] [P12] PASS A.paragraph_text
[00:22:09 #835] [P12] dump basics: 4 blocks
[00:22:09 #836] [P12]    0 READER_HEADER host=EX.COM title=Web Page rt=1 min read (3 words)
[00:22:09 #837] [P12]    1 HEADING h1 [Web Page]
[00:22:09 #838] [P12]    2 HR
[00:22:09 #839] [P12]    3 type=0 [Hello brave world]
[00:22:09 #840] [P12] PASS A.empty_blank_doc
[00:22:09 #841] [P12] PASS A.fallback_title_host
[00:22:09 #842] [P12] dump fallbacks: 4 blocks
[00:22:09 #843] [P12]    0 READER_HEADER host=BLANK title=Untitled Article rt=1 min read (1 words)
[00:22:09 #844] [P12]    1 HEADING h1 [Untitled Article]
[00:22:09 #845] [P12]    2 HR
[00:22:09 #846] [P12]    3 type=0 [x]
[00:22:09 #847] [P12] PASS B.merged_count
[00:22:09 #848] [P12] PASS B.merged_text
[00:22:09 #849] [P12] PASS B.sentence_boundary
[00:22:09 #850] [P12] dump merge: 5 blocks
[00:22:09 #851] [P12]    0 READER_HEADER host=EX.COM title=Web Page rt=1 min read (10 words)
[00:22:09 #852] [P12]    1 HEADING h1 [Web Page]
[00:22:09 #853] [P12]    2 HR
[00:22:09 #854] [P12]    3 type=0 [Welcome to Wikipedia,the free encyclopediaEnds here.]
[00:22:09 #855] [P12]    4 type=0 [new frag]
[00:22:09 #856] [P12] PASS C.bare_dropped_kept
[00:22:09 #857] [P12] dump bare_url: 4 blocks
[00:22:09 #858] [P12]    0 READER_HEADER host=EX.COM title=Web Page rt=1 min read (6 words)
[00:22:09 #859] [P12]    1 HEADING h1 [Web Page]
[00:22:09 #860] [P12]    2 HR
[00:22:09 #861] [P12]    3 type=0 [real anchor texttwo words stay]
[00:22:09 #862] [P12] PASS D.stripped_absent
[00:22:09 #863] [P12] PASS D.kept_present
[00:22:09 #864] [P12] dump strip: 4 blocks
[00:22:09 #865] [P12]    0 READER_HEADER host=EX.COM title=Web Page rt=1 min read (2 words)
[00:22:09 #866] [P12]    1 HEADING h1 [Web Page]
[00:22:09 #867] [P12]    2 HR
[00:22:09 #868] [P12]    3 type=0 [kept paragraph]
[00:22:09 #869] [P12] PASS E.heading_level
[00:22:09 #870] [P12] PASS E.h3
[00:22:09 #871] [P12] PASS E.list_numbers
[00:22:09 #872] [P12] PASS E.pre_verbatim
[00:22:09 #873] [P12] PASS E.blockquote_type
[00:22:09 #874] [P12] dump structure: 9 blocks
[00:22:09 #875] [P12]    0 READER_HEADER host=EX.COM title=Web Page rt=1 min read (10 words)
[00:22:09 #876] [P12]    1 HEADING h1 [Web Page]
[00:22:09 #877] [P12]    2 HR
[00:22:09 #878] [P12]    3 HEADING h3 [Title Three]
[00:22:09 #879] [P12]    4 LI ordered=0 num=1 [Alpha item]
[00:22:09 #880] [P12]    5 LI ordered=0 num=2 [Beta item]
[00:22:09 #881] [P12]    6 LI ordered=1 num=1 [Num one]
[00:22:09 #882] [P12]    7 CODE [a   b
line2]
[00:22:09 #883] [P12]    8 type=2 [quoted words]
[00:22:09 #884] [P12] PASS F.clamp_resolve_alt
[00:22:09 #885] [P12] PASS F.tracking_skipped
[00:22:09 #886] [P12] PASS F.srcset_first
[00:22:09 #887] [P12] PASS F.data_src_default_alt
[00:22:09 #888] [P12] PASS F.empty_alt_becomes_image
[00:22:09 #889] [P12] dump images: 7 blocks
[00:22:09 #890] [P12]    0 READER_HEADER host=EX.COM title=Web Page rt=1 min read (0 words)
[00:22:09 #891] [P12]    1 HEADING h1 [Web Page]
[00:22:09 #892] [P12]    2 HR
[00:22:09 #893] [P12]    3 IMAGE 360x99 alt=Pic src=http://ex.com/pic.png
[00:22:09 #894] [P12]    4 IMAGE 160x80 alt=ss src=http://ex.com/first.x
[00:22:09 #895] [P12]    5 IMAGE 160x80 alt=Image src=http://ex.com/lazy.png
[00:22:09 #896] [P12]    6 IMAGE 160x80 alt=Image src=http://ex.com/noalt.png
[00:22:09 #897] [P12] PASS G.input_field
[00:22:09 #898] [P12] PASS G.input_submit_value_label
[00:22:09 #899] [P12] PASS G.textarea
[00:22:09 #900] [P12] PASS G.button_label_trimmed
[00:22:09 #901] [P12] PASS G.checkbox_ignored
[00:22:09 #902] [P12] dump forms: 7 blocks
[00:22:09 #903] [P12]    0 READER_HEADER host=EX.COM title=Web Page rt=1 min read (0 words)
[00:22:09 #904] [P12]    1 HEADING h1 [Web Page]
[00:22:09 #905] [P12]    2 HR
[00:22:09 #906] [P12]    3 INPUT type=text name=q ph=Search act=http://ex.com/search meth=post
[00:22:09 #907] [P12]    4 SUBMIT label=Go act=http://ex.com/search meth=post
[00:22:09 #908] [P12]    5 INPUT type=textarea name=ta ph= act= meth=post
[00:22:09 #909] [P12]    6 SUBMIT label=Click  Me act= meth=post
[00:22:09 #910] [P12] PASS H.sorted_order_walk
[00:22:09 #911] [P12] PASS H.reader_words
[00:22:09 #912] [P12] dump selection: 4 blocks
[00:22:09 #913] [P12]    0 READER_HEADER host=EX.COM title=Web Page rt=1 min read (8 words)
[00:22:09 #914] [P12]    1 HEADING h1 [Web Page]
[00:22:09 #915] [P12]    2 HR
[00:22:09 #916] [P12]    3 type=0 [alpha bravo charlie delta echoStray intro line.]
[00:22:09 #917] [P12] readability selftests done: 36 passed, 0 failed
[00:22:09 #918] [P13] font fonts/Roobert-20-Medium -> loaded
[00:22:09 #919] [P13] font fonts/Roobert-10-Bold -> loaded
[00:22:09 #920] [P13] font fonts/Roobert-10-Bold -> loaded
[00:22:09 #921] [P13] font fonts/Roobert-11-Medium -> loaded
[00:22:09 #922] [P13] font fonts/Roobert-10-Bold -> loaded
[00:22:09 #923] [P13] font fonts/Roobert-11-Mono-Condensed -> loaded
[00:22:09 #924] [P13] PASS H.heading_map
[00:22:09 #925] [P13] PASS H.body_plain_16
[00:22:09 #926] [P13] PASS H.body_bold_16
[00:22:09 #927] [P13] PASS H.body_code_15
[00:22:09 #928] [P13] PASS I.code_wins
[00:22:09 #929] [P13] PASS I.small_over_bold
[00:22:09 #930] [P13] PASS I.sub_14
[00:22:09 #931] [P13] PASS I.sup_14
[00:22:09 #932] [P13] PASS I.small_group_wins_over_big
[00:22:09 #933] [P13] PASS I.bold_16
[00:22:09 #934] [P13] PASS I.big_bold_slot_16
[00:22:09 #935] [P13] PASS I.plain_16
[00:22:09 #936] [P13] PASS W.empty_zero
[00:22:09 #937] [P13] PASS W.real_fonts_positive
[00:22:09 #938] [P13] sample 'Hello World' widths: body=95 mono=88 small=95 h1=150
[00:22:09 #939] [P13] PASS W.explicit_font_empty_zero
[00:22:09 #940] [P13] style selftests done: 15 passed, 0 failed
[00:22:09 #941] [P14] PASS A.reject_empty_href
[00:22:09 #942] [P14] PASS A.add_text_default
[00:22:09 #943] [P14] PASS A.text_defaults_to_href
[00:22:09 #944] [P14] PASS A.hover_default_w60_h14
[00:22:09 #945] [P14] PASS M.same_anchor_merges
[00:22:09 #946] [P14] PASS M.no_selection_yet
[00:22:09 #947] [P14] PASS M.diff_anchor_splits
[00:22:09 #948] [P14] PASS M.nil_anchor_merges_any
[00:22:09 #949] [P14] PASS M.text_or_href_split
[00:22:09 #950] [P14] PASS M.nil_text_never_merges
[00:22:09 #951] [P14] PASS M.rect_list_and_primary
[00:22:09 #952] [P14] PASS M.three_rects_stored
[00:22:09 #953] [P14] PASS M.index_is_1_based
[00:22:09 #954] [P14] PASS S.empty_page_none
[00:22:09 #955] [P14] PASS S.pass1_closest_center
[00:22:09 #956] [P14] PASS S.pass2_all_outside_tie_first
[00:22:09 #957] [P14] PASS S.pass2_tie_keeps_first
[00:22:09 #958] [P14] PASS S.selectNext_uses_viewport_rule
[00:22:09 #959] [P14] PASS N.prev_initial_select
[00:22:09 #960] [P14] PASS N.next_wraps_to_first
[00:22:09 #961] [P14] PASS N.prev_wraps_to_last
[00:22:09 #962] [P14] PASS N.clear_resets_selection
[00:22:09 #963] [P14] PASS H.selected_bounds_ok
[00:22:09 #964] [P14] PASS H.is_hit_on_selected_rect
[00:22:09 #965] [P14] PASS H.miss_other_xy_of_same_href
[00:22:09 #966] [P14] PASS H.other_href_false
[00:22:09 #967] [P14] PASS H.null_href_false
[00:22:09 #968] [P14] PASS H.addLink_wrapper
[00:22:09 #969] [P14] synthetic layout dump: viewport rule verified against CONTENT_Y=24 CONTENT_H=216 SCREEN_H=240
[00:22:09 #970] [P14] link_manager selftests done: 28 passed, 0 failed
[00:22:09 #971] update callback registered
[00:22:09 #972] first frame rendered
[00:22:14 #973] [P07] bench start https://wiesmann.codiferes.net/share/bitmaps/
[00:22:17 #974] [P07] bench OK https://wiesmann.codiferes.net/share/bitmaps/ status=200 bytes=5217 ms=3626 kbps=1
[00:22:17 #975] [P07] bench start http://wiesmann.codiferes.net/share/bitmaps/test_image_4c.png
[00:22:17 #976] [P07] bench OK http://wiesmann.codiferes.net/share/bitmaps/test_image_4c.png status=404 bytes=996 ms=257 kbps=3
[00:22:17 #977] [P07] benchmark done
[00:22:20 #978] heartbeat frame=300
[00:22:31 #979] heartbeat frame=600
[00:22:42 #980] heartbeat frame=900

════════════════════════════════════════════════════════════
P14 PARITY AUDIT — link_manager.lua → link_manager.c location map
════════════════════════════════════════════════════════════
clear / clearSelection             lua 10-17 → lm_clear / lm_clear_selection
addLinkRect merge guard            lua 19-27 → href empty / rect-nil reject;
                                     last-link merge requires same href AND
                                     same text AND (newAnchor==nil OR equal).
                                     QUIRK pinned: stored text is never nil
                                     (insert stores text-or-href), so a nil
                                     `text` arg can NEVER match → new link.
                                     nil anchorIndex merges across ANY stored
                                     anchor (condition tests the NEW value only).
insert (index,text or href,        lua 29-36 → primaryRect = first rect;
  anchorIndex,rects,primaryRect)       index is implicit 1-based array order.
getCount                           lua 39-41 → lm_get_count
findInitialSelection               lua 47-76 → pass1 cy∈[scrollY,+216] min
  viewport rule (CONTENT_H=216)        |cy-center|; pass2 closest anywhere,
                                       strict < keeps FIRST on ties (both
                                       passes). Returns 0 for "none" (Lua nil).
getSelectedLink bounds             lua 78-83 → lm_get_selected_link
selectNext / selectPrev            lua 85-131 → initial pick when unselected;
                                     else ++/-- with wrap to 1/#count.
                                     NOTE: current Lua has NO skip logic —
                                     plain wrap-around ported faithfully.
drawSelectedHighlight              lua 133-149 → clip (0,24,400,216); per-
  round outline + side tab             rect visibility drawY+h>=24 && drawY<=240;
                                     drawRoundRect(x-2,dy-1,w+4,h+2,r3) +
                                     fillRect(x-4, dy+floor(h/2)-2, 2,5) black.
                                     C API carries color/lineWidth explicitly
                                     (Lua used setColor first) — same pixels.
isHighlighted                      lua 151-160 → exact x,y rect match on sel
getHoveredLink                     lua 169-180 → w/h unset (-1) fall back to
                                     60/14 defaults, inclusive <= edges.
addLink convenience                lua 162-167 → href doubles as text.

SELFTESTS: 28 passed, 0 failed (host + ASAN clean + this simulator log).
Build gate 0 errors / 0 warnings. Display label "P14 linkmgr:" added.
Test-fix note: H-case initially assumed select_next(0) picks link 1; the
viewport rule correctly picked link 2 (nearest center) — test rewritten to
walk deterministically onto index 1. Module code unchanged.
