=== PlutoBrowser crash log ===
gamePath: unknown
[21:04:43 #1] PlutoBrowser boot (C port of CometBrowser)
[21:04:43 #2] constants: screen=400x240 chrome=24 contentY=24 contentH=216
[21:04:43 #3] [P02] util selftests begin
[21:04:43 #4] [P02] PASS mem.malloc
[21:04:43 #5] [P02] PASS mem.realloc_preserves
[21:04:43 #6] [P02] PASS mem.strdup
[21:04:43 #7] [P02] PASS mem.strndup
[21:04:43 #8] [P02] PASS mem.free_null
[21:04:43 #9] [P02] PASS strbuf.init
[21:04:43 #10] [P02] PASS strbuf.append_str
[21:04:43 #11] [P02] PASS strbuf.append_char
[21:04:43 #12] [P02] PASS strbuf.embedded_nul
[21:04:43 #13] [P02] PASS strbuf.clear_keeps_cap
[21:04:43 #14] [P02] PASS strbuf.printf
[21:04:43 #15] [P02] PASS strbuf.grow_500
[21:04:43 #16] [P02] PASS strbuf.detach
[21:04:43 #17] [P02] PASS strbuf.detach_resets
[21:04:43 #18] [P02] PASS strbuf.free_idempotent
[21:04:43 #19] [P02] PASS dynarray.init
[21:04:43 #20] [P02] PASS dynarray.push_100_grow
[21:04:43 #21] [P02] PASS dynarray.get_mid
[21:04:43 #22] [P02] PASS dynarray.last
[21:04:43 #23] [P02] PASS dynarray.pop
[21:04:43 #24] [P02] PASS dynarray.get_oob_null
[21:04:43 #25] [P02] PASS dynarray.free
[21:04:43 #26] [P02] PASS strmap.create
[21:04:43 #27] [P02] PASS strmap.put_get
[21:04:43 #28] [P02] PASS strmap.replace_value
[21:04:43 #29] [P02] PASS strmap.has_false
[21:04:43 #30] [P02] PASS strmap.get_missing_null
[21:04:43 #31] [P02] PASS strmap.200_keys_rehash
[21:04:43 #32] [P02] PASS strmap.get_after_rehash
[21:04:43 #33] [P02] PASS strmap.remove
[21:04:43 #34] [P02] PASS strmap.remove_twice_false
[21:04:43 #35] [P02] PASS strmap.survivor_intact
[21:04:43 #36] [P02] PASS strmap.foreach_null_fn_safe
[21:04:43 #37] [P02] PASS strmap.destroy
[21:04:43 #38] [P02] PASS lpat.trim_spaces
[21:04:43 #39] [P02] PASS lpat.trim_empty
[21:04:43 #40] [P02] PASS lpat.trim_only_spaces
[21:04:43 #41] [P02] PASS lpat.scheme_split
[21:04:43 #42] [P02] PASS lpat.scheme_no_match
[21:04:43 #43] [P02] PASS lpat.host_path_no_match_lua
[21:04:43 #44] [P02] PASS lpat.host_bare_no_match_lua
[21:04:43 #45] [P02] PASS lpat.host_reject_spaces
[21:04:43 #46] [P02] PASS lpat.host_trailing_qmark_lua
[21:04:43 #47] [P02] PASS lpat.attr_dquote_1
[21:04:43 #48] [P02] PASS lpat.attr_dquote_2
[21:04:43 #49] [P02] PASS lpat.attr_dquote_done
[21:04:43 #50] [P02] PASS lpat.attr_squote_1
[21:04:43 #51] [P02] PASS lpat.attr_squote_2
[21:04:43 #52] [P02] PASS lpat.attr_squote_done
[21:04:43 #53] [P02] PASS lpat.pathcmd_M
[21:04:43 #54] [P02] PASS lpat.pathcmd_L
[21:04:43 #55] [P02] PASS lpat.pathcmd_Z_empty_arg
[21:04:43 #56] [P02] PASS lpat.pathcmd_done
[21:04:43 #57] [P02] PASS lpat.entity_named_amp
[21:04:43 #58] [P02] PASS lpat.entity_named_lt
[21:04:43 #59] [P02] PASS lpat.entity_named_skips_dec
[21:04:43 #60] [P02] PASS lpat.entity_decimal
[21:04:43 #61] [P02] PASS lpat.entity_hex_lower_x
[21:04:43 #62] [P02] PASS lpat.entity_hex_upper_X
[21:04:43 #63] [P02] PASS lpat.entity_hex_done
[21:04:43 #64] [P02] PASS lpat.charset_utf8
[21:04:43 #65] [P02] PASS lpat.http_status
[21:04:43 #66] [P02] PASS lpat.meta_refresh_url_upper
[21:04:43 #67] [P02] PASS lpat.meta_refresh_frac
[21:04:43 #68] [P02] PASS lpat.viewbox_four_caps
[21:04:43 #69] [P02] PASS lpat.tag_div_attrs
[21:04:43 #70] [P02] PASS lpat.tag_br_selfclose
[21:04:43 #71] [P02] PASS lpat.tag_close_not_matched
[21:04:43 #72] [P02] PASS lpat.css_prop_lua_truth
[21:04:43 #73] [P02] PASS lpat.cookie_pair
[21:04:43 #74] [P02] PASS lpat.tokens_a
[21:04:43 #75] [P02] PASS lpat.tokens_bb
[21:04:43 #76] [P02] PASS lpat.tokens_ccc
[21:04:43 #77] [P02] PASS lpat.tokens_done
[21:04:43 #78] [P02] PASS lpat.lazy_dash
[21:04:43 #79] [P02] PASS lpat.greedy_star
[21:04:43 #80] [P02] PASS lpat.endpunct_true
[21:04:43 #81] [P02] PASS lpat.endpunct_false
[21:04:43 #82] [P02] PASS lpat.escape_dot
[21:04:43 #83] [P02] PASS lpat.escape_percent
[21:04:43 #84] [P02] PASS lpat.escape_dash_outside_set
[21:04:43 #85] [P02] PASS lpat.gsub_fn_hexdecode
[21:04:43 #86] [P02] PASS lpat.gsub_fn_encode
[21:04:43 #87] [P02] PASS lpat.find_init_offset
[21:04:43 #88] [P02] PASS lpat.find_plain
[21:04:43 #89] [P02] PASS lpat.find_plain_miss
[21:04:43 #90] [P02] PASS lpat.gsub_template_trim
[21:04:43 #91] [P02] PASS lpat.gsub_crlf
[21:04:43 #92] [P02] PASS lpat.gsub_count3
[21:04:43 #93] [P02] PASS lpat.gsub_empty_matches
[21:04:43 #94] [P02] PASS lpat.negclass_A
[21:04:43 #95] [P02] PASS lpat.negclass_done
[21:04:43 #96] [P02] PASS lpat.set_leading_bracket
[21:04:43 #97] [P02] PASS lpat.nul_subject_first
[21:04:43 #98] [P02] PASS lpat.nul_subject_second
[21:04:43 #99] [P02] PASS lpat.nul_subject_done
[21:04:43 #100] [P02] PASS lpat.position_capture
[21:04:43 #101] [P02] PASS lpat.balance
[21:04:43 #102] [P02] PASS lpat.frontier_THE
[21:04:43 #103] [P02] PASS lpat.frontier_quick
[21:04:43 #104] [P02] PASS lpat.frontier_fox
[21:04:43 #105] [P02] PASS lpat.frontier_done
[21:04:43 #106] [P02] PASS lpat.opt_without_u
[21:04:43 #107] [P02] PASS lpat.opt_with_u
[21:04:43 #108] [P02] PASS lpat.ip_anchor_ok
[21:04:43 #109] [P02] PASS lpat.ip_anchor_trailing_fail
[21:04:43 #110] ERROR: luapattern: malformed pattern (missing ])  ||  stack: src/util/luapattern.c:79
[21:04:43 #111] [P02] PASS lpat.malformed_set_err
[21:04:43 #112] [P02] PASS json.parse_fixture
[21:04:43 #113] [P02] PASS json.obj_string
[21:04:43 #114] [P02] PASS json.negative_int
[21:04:43 #115] [P02] PASS json.float
[21:04:43 #116] [P02] PASS json.exponent
[21:04:43 #117] [P02] PASS json.bool_true
[21:04:43 #118] [P02] PASS json.null_value
[21:04:43 #119] [P02] PASS json.absent_key
[21:04:43 #120] [P02] PASS json.arr_count
[21:04:43 #121] [P02] PASS json.arr_num
[21:04:43 #122] [P02] PASS json.arr_null_elem
[21:04:43 #123] [P02] PASS json.arr_nested_obj
[21:04:43 #124] [P02] PASS json.escapes_unicode_surrogate
[21:04:43 #125] [P02] PASS json.trailing_data_error
[21:04:43 #126] [P02] PASS json.bad_value_error
[21:04:43 #127] [P02] PASS json.unterminated_error
[21:04:43 #128] [P02] PASS json.roundtrip_parse
[21:04:43 #129] [P02] PASS json.roundtrip_stable
[21:04:43 #130] [P02] PASS json.roundtrip_arr_value
[21:04:43 #131] [P02] PASS json.roundtrip_nested_bool
[21:04:43 #132] [P02] PASS json.obj_set_replace
[21:04:43 #133] [P02] util selftests done: 128 passed, 0 failed
[21:04:43 #134] [P03] url selftests begin
[21:04:43 #135] [P03] PASS url.parse.empty
[21:04:43 #136] [P03] PASS url.parse.https_host
[21:04:43 #137] [P03] PASS url.parse.full
[21:04:43 #138] [P03] PASS url.parse.no_scheme
[21:04:43 #139] [P03] PASS url.parse.empty_host
[21:04:43 #140] [P03] PASS url.parse.ftp_custom_port
[21:04:43 #141] [P03] PASS url.parse.userinfo_quirk
[21:04:43 #142] [P03] PASS url.parse.colon_empty_port
[21:04:43 #143] [P03] PASS url.parse.port_zero
[21:04:43 #144] [P03] PASS url.parse.spaces_trimmed
[21:04:43 #145] [P03] PASS url.parse.about_blank
[21:04:43 #146] [P03] PASS url.parse.about_home
[21:04:43 #147] [P03] PASS url.parse.case_fold
[21:04:43 #148] [P03] PASS url.parse.ip_host
[21:04:43 #149] [P03] PASS url.parse.raw_trimmed
[21:04:43 #150] [P03] PASS url.parse.junk_port_ignored
[21:04:43 #151] [P03] PASS enc.plain
[21:04:43 #152] [P03] PASS enc.specials
[21:04:43 #153] [P03] PASS enc.unreserved_kept
[21:04:43 #154] [P03] PASS enc.plus_encoded
[21:04:43 #155] [P03] PASS enc.utf8
[21:04:43 #156] [P03] PASS enc.percent_literal
[21:04:43 #157] [P03] PASS enc.newline_crlf
[21:04:43 #158] [P03] PASS enc.empty
[21:04:43 #159] [P03] PASS dec.plus_space
[21:04:43 #160] [P03] PASS dec.pct_utf8
[21:04:43 #161] [P03] PASS dec.mixed
[21:04:43 #162] [P03] PASS dec.invalid_pct_kept
[21:04:43 #163] [P03] PASS dec.truncated_pct_kept
[21:04:43 #164] [P03] PASS dec.empty
[21:04:43 #165] [P03] PASS url.roundtrip
[21:04:43 #166] [P03] PASS isq.null_false
[21:04:43 #167] [P03] PASS isq.empty_false
[21:04:43 #168] [P03] PASS isq.spaces_query
[21:04:43 #169] [P03] PASS isq.dot_url
[21:04:43 #170] [P03] PASS isq.bare_word_query
[21:04:43 #171] [P03] PASS isq.leading_dot_query
[21:04:43 #172] [P03] PASS isq.trailing_dot_query
[21:04:43 #173] [P03] PASS isq.ip_url
[21:04:43 #174] [P03] PASS isq.localhost_url
[21:04:43 #175] [P03] PASS isq.localhost_suffix_url
[21:04:43 #176] [P03] PASS isq.https_url
[21:04:43 #177] [P03] PASS isq.about_url
[21:04:43 #178] [P03] PASS isq.file_url
[21:04:43 #179] [P03] PASS isq.spaces_only_is_query
[21:04:43 #180] [P03] PASS isq.upper_scheme_via_dot_rule
[21:04:43 #181] [P03] PASS isq.trimmed_before_dot_rule
[21:04:43 #182] [P03] PASS unwrap.ddg_uddg
[21:04:43 #183] [P03] PASS unwrap.non_ddg_false
[21:04:43 #184] [P03] PASS wrap.missing_uddg_false
[21:04:43 #185] [P03] PASS resolve.same_dir
[21:04:43 #186] [P03] PASS resolve.subdir
[21:04:43 #187] [P03] PASS resolve.root_rel
[21:04:43 #188] [P03] PASS resolve.protocol_relative
[21:04:43 #189] [P03] PASS resolve.anchor
[21:04:43 #190] [P03] PASS resolve.query_only
[21:04:43 #191] [P03] PASS resolve.custom_port_base
[21:04:43 #192] [P03] PASS resolve.anchor_keeps_query
[21:04:43 #193] [P03] PASS resolve.query_replaces
[21:04:43 #194] [P03] PASS resolve.dot_slash
[21:04:43 #195] [P03] PASS resolve.dotdot
[21:04:43 #196] [P03] PASS resolve.dotdot_clamped_root
[21:04:43 #197] [P03] PASS resolve.deep_beyond_root_dropped
[21:04:43 #198] [P03] PASS resolve.about_passthrough
[21:04:43 #199] [P03] PASS resolve.data_passthrough
[21:04:43 #200] [P03] PASS resolve.js_passthrough
[21:04:43 #201] [P03] PASS resolve.absolute_verbatim_case
[21:04:43 #202] [P03] PASS resolve.mailto_not_special
[21:04:43 #203] [P03] PASS resolve.empty_returns_base
[21:04:43 #204] [P03] PASS searchurl.ddg
[21:04:43 #205] [P03] url selftests done: 70 passed, 0 failed
[21:04:43 #206] [P04] storage+cookiejar selftests begin
[21:04:43 #207] [P04] PASS ts.epoch1970
[21:04:43 #208] [P04] PASS ts.bttf2015
[21:04:43 #209] [P04] PASS ts.leap2000feb29
[21:04:43 #210] [P04] PASS ts.neg1969
[21:04:43 #211] [P04] PASS ts.clamp_month0
[21:04:43 #212] [P04] PASS ts.clamp_month13
[21:04:43 #213] [P04] PASS ts.clamp_year_neg
[21:04:43 #214] [P04] PASS ts.clamp_day0
[21:04:43 #215] [P04] PASS ts.floor_frac
[21:04:43 #216] [P04] PASS ts.frac_hour
[21:04:43 #217] [P04] PASS ts.nil_hms_zeroed
[21:04:43 #218] [P04] PASS date.imf_fixdate
[21:04:43 #219] [P04] PASS date.rfc850_4digit
[21:04:43 #220] [P04] PASS date.rfc850_2digit
[21:04:43 #221] [P04] PASS date.rfc850_pivot69
[21:04:43 #222] [P04] PASS date.asctime_dblspace_nil
[21:04:43 #223] [P04] PASS date.asctime_single_space
[21:04:43 #224] [P04] PASS date.lowercase_month_nil
[21:04:43 #225] [P04] PASS date.garbage_nil
[21:04:43 #226] [P04] PASS date.trailing_junk_ok
[21:04:43 #227] [P04] PASS date.no_weekday_nil
[21:04:43 #228] [P04] PASS date.empty_nil
[21:04:43 #229] [P04] PASS sc01.basic
[21:04:43 #230] [P04] PASS sc02.attrs
[21:04:43 #231] [P04] PASS sc03.domain_dot
[21:04:43 #232] [P04] PASS sc04.domain_exact
[21:04:43 #233] [P04] PASS sc05.domain_suffix
[21:04:43 #234] [P04] PASS sc06.domain_localhost
[21:04:43 #235] [P04] PASS sc07.domain_foreign_reject
[21:04:43 #236] [P04] PASS sc08.domain_undotted_reject
[21:04:43 #237] [P04] PASS sc09.path_noslash
[21:04:43 #238] [P04] PASS sc10.samesite_lax
[21:04:43 #239] [P04] PASS sc11.samesite_weird_ignored
[21:04:43 #240] [P04] PASS sc12.maxage_future
[21:04:43 #241] [P04] PASS sc13.maxage_zero_del
[21:04:43 #242] [P04] PASS sc14.maxage_negative_del
[21:04:43 #243] [P04] PASS sc15.maxage_junk_ignored
[21:04:43 #244] [P04] PASS sc16.expires_imf
[21:04:43 #245] [P04] PASS sc17.expires_asctime
[21:04:43 #246] [P04] PASS sc18.expires_garbage_ignored
[21:04:43 #247] [P04] PASS sc19.expires_then_maxage_wins
[21:04:43 #248] [P04] PASS sc20.maxage_then_expires_skipped
[21:04:43 #249] [P04] PASS rej.space_in_pair
[21:04:43 #250] [P04] PASS rej.bad_name
[21:04:43 #251] [P04] PASS rej.no_name
[21:04:43 #252] [P04] PASS rej.quote_in_value
[21:04:43 #253] [P04] PASS rej.comma_in_value
[21:04:43 #254] [P04] PASS rej.no_equals
[21:04:43 #255] [P04] PASS sc27.empty_value_ok
[21:04:43 #256] [P04] PASS sc32.dollar_name_ok
[21:04:43 #257] [P04] PASS sc33.empty_attrs_skipped
[21:04:43 #258] [P04] PASS rej.empty_host_raw
[21:04:43 #259] [P04] PASS rej.null_host
[21:04:43 #260] [P04] PASS rej.null_raw
[21:04:43 #261] [P04] PASS rej.ws_only_raw
[21:04:43 #262] [P04] PASS hdr.two_cookies
[21:04:43 #263] [P04] PASS hdr.replace_moves_end
[21:04:43 #264] [P04] PASS store.replace_count
[21:04:43 #265] [P04] PASS hdr.after_delete
[21:04:43 #266] [P04] PASS store.delete_count
[21:04:43 #267] [P04] PASS hdr.domain_cookie
[21:04:43 #268] [P04] PASS hdr.cross_host_isolated
[21:04:43 #269] [P04] PASS store.domain_count
[21:04:43 #270] [P04] PASS hdr.secure_blocked_http
[21:04:43 #271] [P04] PASS hdr.secure_allowed_https
[21:04:43 #272] [P04] PASS store.secure_count
[21:04:43 #273] [P04] PASS hdr.path_prefix_no
[21:04:43 #274] [P04] PASS hdr.path_exact_yes
[21:04:43 #275] [P04] PASS hdr.path_subdir_yes
[21:04:43 #276] [P04] PASS hdr.path_boundary_no
[21:04:43 #277] [P04] PASS store.docs_count
[21:04:43 #278] [P04] PASS cap.count300
[21:04:43 #279] [P04] PASS cap.first_evicted_to_c6
[21:04:43 #280] [P04] PASS cap.last_is_c305
[21:04:43 #281] [P04] PASS cap.future_expires_stored_evicts
[21:04:43 #282] [P04] PASS clear.zeroes
[21:04:43 #283] [P04] PASS exp.stored
[21:04:43 #284] [P04] PASS exp.alive_before
[21:04:43 #285] [P04] PASS exp.pruned_after
[21:04:43 #286] [P04] PASS exp.list_empty_after_prune
[21:04:43 #287] [P04] PASS st.defaults_bm9
[21:04:43 #288] [P04] PASS st.default_bm1_fields
[21:04:43 #289] [P04] PASS st.default_bm8_title
[21:04:43 #290] [P04] PASS st.default_settings
[21:04:43 #291] [P04] PASS hist.about_and_empty_skipped
[21:04:43 #292] [P04] PASS hist.two_added
[21:04:43 #293] [P04] PASS hist.insert_front_order
[21:04:43 #294] [P04] PASS hist.time_hhmm
[21:04:43 #295] [P04] PASS hist.dedup_count
[21:04:43 #296] [P04] PASS hist.dedup_moves_front_title_defaults_url
[21:04:43 #297] [P04] PASS hist.cap50
[21:04:43 #298] [P04] PASS hist.cap_newest_first
[21:04:43 #299] [P04] PASS hist.cap_oldest_evicted_fill1to5_gone
[21:04:43 #300] [P04] PASS bm.is_true
[21:04:43 #301] [P04] PASS bm.is_false
[21:04:43 #302] [P04] PASS bm.add_empty_rejected
[21:04:43 #303] [P04] PASS bm.dup_returns_true
[21:04:43 #304] [P04] PASS bm.dup_updates_title_only_keeps_desc
[21:04:43 #305] [P04] PASS bm.append_true
[21:04:43 #306] [P04] PASS bm.appended_last
[21:04:43 #307] [P04] PASS bm.remove_valid
[21:04:43 #308] [P04] PASS bm.remove_zero_invalid
[21:04:43 #309] [P04] PASS bm.remove_big_invalid
[21:04:43 #310] [P04] PASS st.save_ok
[21:04:43 #311] [P04] PASS st.load_ok
[21:04:43 #312] [P04] PASS st.roundtrip_bm9
[21:04:43 #313] [P04] PASS st.roundtrip_bm1
[21:04:43 #314] [P04] PASS st.roundtrip_hist_top
[21:04:43 #315] [P04] PASS st.roundtrip_settings
[21:04:43 #316] [P04] PASS st.save_empty_bm
[21:04:43 #317] [P04] PASS st.load_empty_bm
[21:04:43 #318] [P04] PASS st.empty_bm_falls_back_to_defaults
[21:04:43 #319] [P04] PASS st.empty_bm_default_google
[21:04:43 #320] [P04] PASS num.junk_fail
[21:04:43 #321] [P04] PASS num.empty_fail
[21:04:43 #322] [P04] PASS num.comma_fail
[21:04:43 #323] [P04] PASS num.ws_trimmed
[21:04:43 #324] [P04] PASS num.hex
[21:04:43 #325] [P04] PASS num.exponent
[21:04:43 #326] [P04] storage+cookiejar selftests done: 119 passed, 0 failed
[21:04:43 #327] [P05] task queued (queue=1)
[21:04:43 #328] [P05] PASS run.is_running_immediately
[21:04:43 #329] [P05] PASS run.progress_reset_immediately
[21:04:43 #330] [P05] PASS run.step_not_called_before_update
[21:04:43 #331] [P05] task done
[21:04:43 #332] [P05] gc drain (no-op in C)
[21:04:43 #333] [P05] PASS done.no_callback_when_null_onComplete
[21:04:43 #334] [P05] PASS done.queue_emptied_progress_forced_one
[21:04:43 #335] [P05] task queued (queue=1)
[21:04:43 #336] [P05] task done
[21:04:43 #337] [P05] gc drain (no-op in C)
[21:04:43 #338] [P05] PASS budget.first_yield_at_iter64
[21:04:43 #339] [P05] PASS budget.frames16_for_1000iters_at20ms
[21:04:43 #340] [P05] task queued (queue=1)
[21:04:43 #341] [P05] task done
[21:04:43 #342] [P05] gc drain (no-op in C)
[21:04:43 #343] [P05] PASS budget.frozen_clock_single_frame
[21:04:43 #344] [P05] PASS outside.never_yields
[21:04:43 #345] [P05] task queued (queue=1)
[21:04:43 #346] [P05] task error: Parse Error: boom
[21:04:43 #347] [P05] gc drain (no-op in C)
[21:04:43 #348] [P05] PASS err.onError_not_onComplete
[21:04:43 #349] [P05] PASS err.message_delivered_verbatim
[21:04:43 #350] [P05] PASS err.progress_keeps_task_report
[21:04:43 #351] [P05] task queued (queue=1)
[21:04:43 #352] [P05] task error: task error
[21:04:43 #353] [P05] gc drain (no-op in C)
[21:04:43 #354] [P05] PASS err.default_message
[21:04:43 #355] [P05] task queued (queue=1)
[21:04:43 #356] [P05] task queued (queue=2)
[21:04:43 #357] [P05] PASS fifo.two_queued
[21:04:43 #358] [P05] task done
[21:04:43 #359] [P05] gc drain (no-op in C)
[21:04:43 #360] [P05] PASS fifo.upd1_only_head_a
[21:04:43 #361] [P05] task done
[21:04:43 #362] [P05] gc drain (no-op in C)
[21:04:43 #363] [P05] PASS fifo.upd2_then_b
[21:04:43 #364] [P05] PASS fifo.upd3_idle
[21:04:43 #365] [P05] task queued (queue=1)
[21:04:43 #366] [P05] PASS prog.reset_by_run
[21:04:43 #367] [P05] PASS prog.neg_clamped
[21:04:43 #368] [P05] PASS prog.set03
[21:04:43 #369] [P05] PASS prog.regression_ignored
[21:04:43 #370] [P05] PASS prog.over_clamped
[21:04:43 #371] [P05] task done
[21:04:43 #372] [P05] gc drain (no-op in C)
[21:04:43 #373] [P05] PASS cancel.empty_queue_noop
[21:04:43 #374] [P05] task queued (queue=1)
[21:04:43 #375] [P05] PASS cancel.job_started_yielded
[21:04:43 #376] [P05] cancelAll dropped all tasks
[21:04:43 #377] [P05] PASS cancel.queue_cleared_progress_zeroed
[21:04:43 #378] [P05] PASS cancel.no_callbacks_fired
[21:04:43 #379] [P05] PASS cancel.ctx_freed
[21:04:43 #380] [P05] gc drain (no-op in C)
[21:04:43 #381] [P05] PASS cancel.post_cancel_idle_safe
[21:04:43 #382] [P05] task queued (queue=1)
[21:04:43 #383] [P05] task queued (queue=2)
[21:04:43 #384] [P05] PASS run.second_run_resets_progress
[21:04:43 #385] [P05] cancelAll dropped all tasks
[21:04:43 #386] [P05] task queued (queue=1)
[21:04:43 #387] [P05] task done
[21:04:43 #388] [P05] gc drain (no-op in C)
[21:04:43 #389] [P05] PASS free.on_complete_path
[21:04:43 #390] [P05] task queued (queue=1)
[21:04:43 #391] [P05] task error: task error
[21:04:43 #392] [P05] gc drain (no-op in C)
[21:04:43 #393] [P05] PASS free.on_error_path
[21:04:43 #394] [P05] task queued (queue=1)
[21:04:43 #395] [P05] task done
[21:04:43 #396] [P05] gc drain (no-op in C)
[21:04:43 #397] [P05] PASS yieldn.four_frames_then_done
[21:04:43 #398] [P05] gc drain (no-op in C)
[21:04:43 #399] [P05] PASS gc.external_schedule_safe
[21:04:43 #400] [P05] tasks selftests done: 33 passed, 0 failed
[21:04:43 #401] [P06] PASS cp1252.A41_raw_ascii
[21:04:43 #402] [P06] PASS cp1252.7f_stays_raw
[21:04:43 #403] [P06] PASS cp1252.80_is_euro
[21:04:43 #404] [P06] PASS cp1252.81_self_map_C281
[21:04:43 #405] [P06] PASS cp1252.92_right_quote
[21:04:43 #406] [P06] PASS cp1252.9c_oe_ligature
[21:04:43 #407] [P06] PASS cp1252.9f_Y_dieresis
[21:04:43 #408] [P06] PASS cp1252.a0_passthrough_C2A0
[21:04:43 #409] [P06] PASS cp1252.no_header_verbatim
[21:04:43 #410] [P06] PASS cp1252.e9_decodes_C3A9
[21:04:43 #411] [P06] PASS cp1252.ff_decodes_C3BF
[21:04:43 #412] [P06] PASS utf16le.bom_A
[21:04:43 #413] [P06] PASS utf16le.surrogate_pair_U10037
[21:04:43 #414] [P06] PASS utf16le.lone_high_consumes_next
[21:04:43 #415] [P06] PASS utf16be.euro_check
[21:04:43 #416] [P06] PASS utf8bom.stripped_hello
[21:04:43 #417] [P06] PASS hdr.utf8_verbatim_E9
[21:04:43 #418] [P06] PASS hdr.utf_8_alias_verbatim
[21:04:43 #419] [P06] PASS hdr.utf8mb4_passthrough
[21:04:43 #420] [P06] PASS hdr.ascii_verbatim
[21:04:43 #421] [P06] PASS hdr.usascii_passthrough
[21:04:43 #422] [P06] PASS hdr.quoted_value_fails_pattern
[21:04:43 #423] [P06] PASS hdr.missing_value_fails
[21:04:43 #424] [P06] PASS hdr.no_charset_verbatim
[21:04:43 #425] [P06] PASS hdr.Windows1252_decodes
[21:04:43 #426] [P06] PASS hdr.cp1252_decodes
[21:04:43 #427] [P06] PASS hdr.latin1_decodes
[21:04:43 #428] [P06] PASS hdr.iso88591_decodes
[21:04:43 #429] [P06] PASS hdr.iso8859_decodes
[21:04:43 #430] [P06] PASS hdr.shiftjis_besteffort
[21:04:43 #431] [P06] PASS hdr.eucjp_besteffort
[21:04:43 #432] [P06] PASS hdr.utf16le_nonbom_empty
[21:04:43 #433] [P06] PASS hdr.bare_utf16_not_dispatched
[21:04:43 #434] [P06] PASS meta.charset_simple_decodes
[21:04:43 #435] [P06] PASS meta.http_equiv_content_pattern
[21:04:43 #436] [P06] PASS meta.beyond1024_ignored
[21:04:43 #437] [P06] PASS prec.header_cp1252_beats_meta
[21:04:43 #438] [P06] PASS prec.header_utf8_allows_meta
[21:04:43 #439] [P06] PASS ent.fastpath_control_verbatim
[21:04:43 #440] [P06] PASS ent.named_basics
[21:04:43 #441] [P06] PASS ent.copy_reg_trade
[21:04:43 #442] [P06] PASS ent.deg_not_exact_spacing
[21:04:43 #443] [P06] PASS ent.frac12_never_matches
[21:04:43 #444] [P06] PASS ent.unknown_name_spaced
[21:04:43 #445] [P06] PASS ent.case_sensitive
[21:04:43 #446] [P06] PASS ent.missing_semicolon_raw
[21:04:43 #447] [P06] PASS dec.basic_nbsp_dashes
[21:04:43 #448] [P06] PASS dec.quote_family_ellipsis_bullet
[21:04:43 #449] [P06] PASS dec.math_table
[21:04:43 #450] [P06] PASS dec.range_edges
[21:04:43 #451] [P06] PASS dec.huge_number_space
[21:04:43 #452] [P06] PASS hex.basic_a0_dash
[21:04:43 #453] [P06] PASS hex.thin_spaces
[21:04:43 #454] [P06] PASS hex.lacks_201a_asymmetry
[21:04:43 #455] [P06] PASS dec.has_201a_quote
[21:04:43 #456] [P06] PASS clean.translit_accents
[21:04:43 #457] [P06] PASS clean.OE_thorn
[21:04:43 #458] [P06] PASS clean.caron_unmapped_space
[21:04:43 #459] [P06] PASS clean.euro_3byte_single_space
[21:04:43 #460] [P06] PASS clean.emoji_widens_per_byte
[21:04:43 #461] [P06] PASS clean.truncated_tail_single_space
[21:04:43 #462] [P06] PASS clean.nbsp_fixed_seq
[21:04:43 #463] [P06] PASS clean.emdash_fixed_seq
[21:04:43 #464] [P06] PASS clean.full_pipeline_mixed
[21:04:43 #465] [P06] PASS clean.high_absent_keeps_control
[21:04:43 #466] [P06] PASS encode.all_but_apostrophe
[21:04:43 #467] [P06] PASS encode.null_empty
[21:04:43 #468] [P05] task queued (queue=1)
[21:04:43 #469] [P05] task done
[21:04:43 #470] [P05] gc drain (no-op in C)
[21:04:43 #471] [P06] PASS task.decode_completes_one_frame
[21:04:43 #472] [P06] PASS task.decode_outlen
[21:04:43 #473] [P06] PASS task.decode_output
[21:04:43 #474] [P06] PASS norm.windows1252_alias
[21:04:43 #475] [P06] PASS norm.utf8_alias
[21:04:43 #476] [P06] PASS norm.null_safe
[21:04:43 #477] [P06] PASS degen.null_body_empty
[21:04:43 #478] [P06] PASS degen.decode_empty
[21:04:43 #479] [P06] encoding selftests done: 75 passed, 0 failed
[21:04:43 #480] [P07] PASS A.ret
[21:04:43 #481] [P07] PASS A.loading_after_get
[21:04:43 #482] [P07] PASS A.conn_args
[21:04:43 #483] [P07] PASS A.timeouts_ms_and_bufsize
[21:04:43 #484] [P07] PASS A.request_bytes_exact
[21:04:43 #485] [P07] PASS A.loading_after_success
[21:04:43 #486] [P07] PASS A2.conn_ssl_8443
[21:04:43 #487] [P07] PASS A2.cookie_request_bytes
[21:04:43 #488] [P07] PASS A3.default_port_suppressed
[21:04:43 #489] [P07] PASS C.jar_count_2
[21:04:43 #490] [P07] PASS C.cookie_header_roundtrip
[21:04:43 #491] [P07] PASS D.ret
[21:04:43 #492] [P07] PASS D.status
[21:04:43 #493] [P07] PASS D.bodylen_beyond_cl
[21:04:43 #494] [P07] PASS D.slice_to_end
[21:04:43 #495] [P07] PASS D.url
[21:04:43 #496] [P07] PASS E.no_success_midstream
[21:04:43 #497] [P07] PASS E.status
[21:04:43 #498] [P07] PASS E.decoded_body
[21:04:43 #499] [P07] PASS F.first_hop_closed
[21:04:43 #500] [P07] PASS F.hop2_conn
[21:04:43 #501] [P07] PASS F.relative_resolution
[21:04:43 #502] [P07] PASS F.final_status
[21:04:43 #503] [P07] PASS F.final_url
[21:04:43 #504] [P07] PASS F.sock_count
[21:04:43 #505] [P07] PASS G.six_sockets
[21:04:43 #506] [P07] PASS G.silent_drop_no_callbacks
[21:04:43 #507] [P07] PASS G.not_loading_after
[21:04:43 #508] [P07] PASS H.partial_over_512_done
[21:04:43 #509] [P07] PASS H.bodylen_600
[21:04:43 #510] [P07] PASS I.timeout_error
[21:04:43 #511] [P07] PASS I.timeout_message
[21:04:43 #512] [P07] PASS J.closed_no_data_error
[21:04:43 #513] [P07] PASS J.closed_message
[21:04:43 #514] [P07] PASS P.closed_midbody_done
[21:04:43 #515] [P07] PASS P.partial_body
[21:04:43 #516] [P07] PASS K.stale_socket_closed
[21:04:43 #517] [P07] PASS K.silent
[21:04:43 #518] [P07] PASS K.idle
[21:04:43 #519] [P07] PASS L.get_about_loading
[21:04:43 #520] [P07] PASS L.still_pending
[21:04:43 #521] [P07] PASS L.progress_100
[21:04:43 #522] [P07] PASS L.home_status
[21:04:43 #523] [P07] PASS L.home_ct
[21:04:43 #524] [P07] PASS L.home_len_100
[21:04:43 #525] [P07] PASS L.home_url
[21:04:43 #526] [P07] PASS L.done_not_loading
[21:04:43 #527] [P07] PASS L.unknown_ret_true
[21:04:43 #528] [P07] PASS L.unknown_error
[21:04:43 #529] [P07] PASS L.unknown_message
[21:04:43 #530] [P07] PASS L.unknown_idle
[21:04:43 #531] [P07] PASS L.blank_len_26
[21:04:43 #532] [P07] PASS L.acid_len_2984
[21:04:43 #533] [P07] PASS L.acid_title_present
[21:04:43 #534] [P07] PASS M.ret_false
[21:04:43 #535] [P07] PASS M.sync_error
[21:04:43 #536] [P07] PASS M.message
[21:04:43 #537] [P07] PASS M.idle
[21:04:43 #538] [P07] PASS N.send_error
[21:04:43 #539] [P07] PASS N.send_failed_prefix
[21:04:43 #540] [P07] PASS N.idle
[21:04:43 #541] [P07] PASS O.three_progress_calls
[21:04:43 #542] [P07] PASS O.first_0_0
[21:04:43 #543] [P07] PASS O.second_body_bytes
[21:04:43 #544] [P07] PASS O.clamped_final
[21:04:43 #545] [P07] PASS O.delivered
[21:04:43 #546] [P07] PASS Q.delivered_as_normal
[21:04:43 #547] [P07] PASS Q.empty_body
[21:04:43 #548] [P07] PASS R.deny_ret_false
[21:04:43 #549] [P07] PASS R.deny_error
[21:04:43 #550] [P07] PASS R.deny_message
[21:04:43 #551] [P07] PASS R.purpose_string
[21:04:43 #552] [P07] PASS S.ask_ret_true
[21:04:43 #553] [P07] PASS S.waiting_no_socket_yet
[21:04:43 #554] [P07] PASS S.one_access_call
[21:04:43 #555] [P07] PASS S.callback_recorded
[21:04:43 #556] [P07] PASS S.socket_after_grant
[21:04:43 #557] [P07] PASS S.completed_after_grant
[21:04:43 #558] [P07] PASS S.grant_cached_same_host
[21:04:43 #559] [P07] PASS T.waiting
[21:04:43 #560] [P07] PASS T.async_deny_error
[21:04:43 #561] [P07] PASS T.async_deny_message
[21:04:43 #562] [P07] PASS T.idle_after_deny
[21:04:43 #563] [P07] PASS W.error_state_before_tick
[21:04:43 #564] [P07] PASS W.open_failed_delivered
[21:04:43 #565] [P07] PASS W.open_failed_message
[21:04:43 #566] [P07] PASS W.idle
[21:04:43 #567] [P07] PASS V.empty_parses_to_blank_host
[21:04:43 #568] [P07] PASS V.host_blank_port0
[21:04:43 #569] [P07] http selftests done: 89 passed, 0 failed
[21:04:43 #570] font loaded: fonts/Roobert-11-Medium
[21:04:43 #571] update callback registered
[21:04:43 #572] first frame rendered
[21:04:47 #573] [P07] bench start https://wiesmann.codiferes.net/share/bitmaps/
[21:04:51 #574] [P07] bench OK https://wiesmann.codiferes.net/share/bitmaps/ status=200 bytes=5217 ms=3604 kbps=1
[21:04:51 #575] [P07] bench start http://wiesmann.codiferes.net/share/bitmaps/test_image_4c.png
[21:04:51 #576] [P07] bench OK http://wiesmann.codiferes.net/share/bitmaps/test_image_4c.png status=404 bytes=996 ms=282 kbps=3
[21:04:51 #577] [P07] benchmark done
[21:04:54 #578] heartbeat frame=300
[21:05:05 #579] heartbeat frame=600
