=== PlutoBrowser crash log ===
gamePath: unknown
[14:18:30 #1] PlutoBrowser boot (C port of CometBrowser)
[14:18:30 #2] constants: screen=400x240 chrome=24 contentY=24 contentH=216
[14:18:30 #3] [P02] util selftests begin
[14:18:30 #4] [P02] PASS mem.malloc
[14:18:30 #5] [P02] PASS mem.realloc_preserves
[14:18:30 #6] [P02] PASS mem.strdup
[14:18:30 #7] [P02] PASS mem.strndup
[14:18:30 #8] [P02] PASS mem.free_null
[14:18:30 #9] [P02] PASS strbuf.init
[14:18:30 #10] [P02] PASS strbuf.append_str
[14:18:30 #11] [P02] PASS strbuf.append_char
[14:18:30 #12] [P02] PASS strbuf.embedded_nul
[14:18:30 #13] [P02] PASS strbuf.clear_keeps_cap
[14:18:30 #14] [P02] PASS strbuf.printf
[14:18:30 #15] [P02] PASS strbuf.grow_500
[14:18:30 #16] [P02] PASS strbuf.detach
[14:18:30 #17] [P02] PASS strbuf.detach_resets
[14:18:30 #18] [P02] PASS strbuf.free_idempotent
[14:18:30 #19] [P02] PASS dynarray.init
[14:18:30 #20] [P02] PASS dynarray.push_100_grow
[14:18:30 #21] [P02] PASS dynarray.get_mid
[14:18:30 #22] [P02] PASS dynarray.last
[14:18:30 #23] [P02] PASS dynarray.pop
[14:18:30 #24] [P02] PASS dynarray.get_oob_null
[14:18:30 #25] [P02] PASS dynarray.free
[14:18:30 #26] [P02] PASS strmap.create
[14:18:30 #27] [P02] PASS strmap.put_get
[14:18:30 #28] [P02] PASS strmap.replace_value
[14:18:30 #29] [P02] PASS strmap.has_false
[14:18:30 #30] [P02] PASS strmap.get_missing_null
[14:18:30 #31] [P02] PASS strmap.200_keys_rehash
[14:18:30 #32] [P02] PASS strmap.get_after_rehash
[14:18:30 #33] [P02] PASS strmap.remove
[14:18:30 #34] [P02] PASS strmap.remove_twice_false
[14:18:30 #35] [P02] PASS strmap.survivor_intact
[14:18:30 #36] [P02] PASS strmap.foreach_null_fn_safe
[14:18:30 #37] [P02] PASS strmap.destroy
[14:18:30 #38] [P02] PASS lpat.trim_spaces
[14:18:30 #39] [P02] PASS lpat.trim_empty
[14:18:30 #40] [P02] PASS lpat.trim_only_spaces
[14:18:30 #41] [P02] PASS lpat.scheme_split
[14:18:30 #42] [P02] PASS lpat.scheme_no_match
[14:18:30 #43] [P02] PASS lpat.host_path_no_match_lua
[14:18:30 #44] [P02] PASS lpat.host_bare_no_match_lua
[14:18:30 #45] [P02] PASS lpat.host_reject_spaces
[14:18:30 #46] [P02] PASS lpat.host_trailing_qmark_lua
[14:18:30 #47] [P02] PASS lpat.attr_dquote_1
[14:18:30 #48] [P02] PASS lpat.attr_dquote_2
[14:18:30 #49] [P02] PASS lpat.attr_dquote_done
[14:18:30 #50] [P02] PASS lpat.attr_squote_1
[14:18:30 #51] [P02] PASS lpat.attr_squote_2
[14:18:30 #52] [P02] PASS lpat.attr_squote_done
[14:18:30 #53] [P02] PASS lpat.pathcmd_M
[14:18:30 #54] [P02] PASS lpat.pathcmd_L
[14:18:30 #55] [P02] PASS lpat.pathcmd_Z_empty_arg
[14:18:30 #56] [P02] PASS lpat.pathcmd_done
[14:18:30 #57] [P02] PASS lpat.entity_named_amp
[14:18:30 #58] [P02] PASS lpat.entity_named_lt
[14:18:30 #59] [P02] PASS lpat.entity_named_skips_dec
[14:18:30 #60] [P02] PASS lpat.entity_decimal
[14:18:30 #61] [P02] PASS lpat.entity_hex_lower_x
[14:18:30 #62] [P02] PASS lpat.entity_hex_upper_X
[14:18:30 #63] [P02] PASS lpat.entity_hex_done
[14:18:30 #64] [P02] PASS lpat.charset_utf8
[14:18:30 #65] [P02] PASS lpat.http_status
[14:18:30 #66] [P02] PASS lpat.meta_refresh_url_upper
[14:18:30 #67] [P02] PASS lpat.meta_refresh_frac
[14:18:30 #68] [P02] PASS lpat.viewbox_four_caps
[14:18:30 #69] [P02] PASS lpat.tag_div_attrs
[14:18:30 #70] [P02] PASS lpat.tag_br_selfclose
[14:18:30 #71] [P02] PASS lpat.tag_close_not_matched
[14:18:30 #72] [P02] PASS lpat.css_prop_lua_truth
[14:18:30 #73] [P02] PASS lpat.cookie_pair
[14:18:30 #74] [P02] PASS lpat.tokens_a
[14:18:30 #75] [P02] PASS lpat.tokens_bb
[14:18:30 #76] [P02] PASS lpat.tokens_ccc
[14:18:30 #77] [P02] PASS lpat.tokens_done
[14:18:30 #78] [P02] PASS lpat.lazy_dash
[14:18:30 #79] [P02] PASS lpat.greedy_star
[14:18:30 #80] [P02] PASS lpat.endpunct_true
[14:18:30 #81] [P02] PASS lpat.endpunct_false
[14:18:30 #82] [P02] PASS lpat.escape_dot
[14:18:30 #83] [P02] PASS lpat.escape_percent
[14:18:30 #84] [P02] PASS lpat.escape_dash_outside_set
[14:18:30 #85] [P02] PASS lpat.gsub_fn_hexdecode
[14:18:30 #86] [P02] PASS lpat.gsub_fn_encode
[14:18:30 #87] [P02] PASS lpat.find_init_offset
[14:18:30 #88] [P02] PASS lpat.find_plain
[14:18:30 #89] [P02] PASS lpat.find_plain_miss
[14:18:30 #90] [P02] PASS lpat.gsub_template_trim
[14:18:30 #91] [P02] PASS lpat.gsub_crlf
[14:18:30 #92] [P02] PASS lpat.gsub_count3
[14:18:30 #93] [P02] PASS lpat.gsub_empty_matches
[14:18:30 #94] [P02] PASS lpat.negclass_A
[14:18:30 #95] [P02] PASS lpat.negclass_done
[14:18:30 #96] [P02] PASS lpat.set_leading_bracket
[14:18:30 #97] [P02] PASS lpat.nul_subject_first
[14:18:30 #98] [P02] PASS lpat.nul_subject_second
[14:18:30 #99] [P02] PASS lpat.nul_subject_done
[14:18:30 #100] [P02] PASS lpat.position_capture
[14:18:30 #101] [P02] PASS lpat.balance
[14:18:30 #102] [P02] PASS lpat.frontier_THE
[14:18:30 #103] [P02] PASS lpat.frontier_quick
[14:18:30 #104] [P02] PASS lpat.frontier_fox
[14:18:30 #105] [P02] PASS lpat.frontier_done
[14:18:30 #106] [P02] PASS lpat.opt_without_u
[14:18:30 #107] [P02] PASS lpat.opt_with_u
[14:18:30 #108] [P02] PASS lpat.ip_anchor_ok
[14:18:30 #109] [P02] PASS lpat.ip_anchor_trailing_fail
[14:18:30 #110] ERROR: luapattern: malformed pattern (missing ])  ||  stack: src/util/luapattern.c:79
[14:18:30 #111] [P02] PASS lpat.malformed_set_err
[14:18:30 #112] [P02] PASS json.parse_fixture
[14:18:30 #113] [P02] PASS json.obj_string
[14:18:30 #114] [P02] PASS json.negative_int
[14:18:30 #115] [P02] PASS json.float
[14:18:30 #116] [P02] PASS json.exponent
[14:18:30 #117] [P02] PASS json.bool_true
[14:18:30 #118] [P02] PASS json.null_value
[14:18:30 #119] [P02] PASS json.absent_key
[14:18:30 #120] [P02] PASS json.arr_count
[14:18:30 #121] [P02] PASS json.arr_num
[14:18:30 #122] [P02] PASS json.arr_null_elem
[14:18:30 #123] [P02] PASS json.arr_nested_obj
[14:18:30 #124] [P02] PASS json.escapes_unicode_surrogate
[14:18:30 #125] [P02] PASS json.trailing_data_error
[14:18:30 #126] [P02] PASS json.bad_value_error
[14:18:30 #127] [P02] PASS json.unterminated_error
[14:18:30 #128] [P02] PASS json.roundtrip_parse
[14:18:30 #129] [P02] PASS json.roundtrip_stable
[14:18:30 #130] [P02] PASS json.roundtrip_arr_value
[14:18:30 #131] [P02] PASS json.roundtrip_nested_bool
[14:18:30 #132] [P02] PASS json.obj_set_replace
[14:18:30 #133] [P02] util selftests done: 128 passed, 0 failed
[14:18:30 #134] [P03] url selftests begin
[14:18:30 #135] [P03] PASS url.parse.empty
[14:18:30 #136] [P03] PASS url.parse.https_host
[14:18:30 #137] [P03] PASS url.parse.full
[14:18:30 #138] [P03] PASS url.parse.no_scheme
[14:18:30 #139] [P03] PASS url.parse.empty_host
[14:18:30 #140] [P03] PASS url.parse.ftp_custom_port
[14:18:30 #141] [P03] PASS url.parse.userinfo_quirk
[14:18:30 #142] [P03] PASS url.parse.colon_empty_port
[14:18:30 #143] [P03] PASS url.parse.port_zero
[14:18:30 #144] [P03] PASS url.parse.spaces_trimmed
[14:18:30 #145] [P03] PASS url.parse.about_blank
[14:18:30 #146] [P03] PASS url.parse.about_home
[14:18:30 #147] [P03] PASS url.parse.case_fold
[14:18:30 #148] [P03] PASS url.parse.ip_host
[14:18:30 #149] [P03] PASS url.parse.raw_trimmed
[14:18:30 #150] [P03] PASS url.parse.junk_port_ignored
[14:18:30 #151] [P03] PASS enc.plain
[14:18:30 #152] [P03] PASS enc.specials
[14:18:30 #153] [P03] PASS enc.unreserved_kept
[14:18:30 #154] [P03] PASS enc.plus_encoded
[14:18:30 #155] [P03] PASS enc.utf8
[14:18:30 #156] [P03] PASS enc.percent_literal
[14:18:30 #157] [P03] PASS enc.newline_crlf
[14:18:30 #158] [P03] PASS enc.empty
[14:18:30 #159] [P03] PASS dec.plus_space
[14:18:30 #160] [P03] PASS dec.pct_utf8
[14:18:30 #161] [P03] PASS dec.mixed
[14:18:30 #162] [P03] PASS dec.invalid_pct_kept
[14:18:30 #163] [P03] PASS dec.truncated_pct_kept
[14:18:30 #164] [P03] PASS dec.empty
[14:18:30 #165] [P03] PASS url.roundtrip
[14:18:30 #166] [P03] PASS isq.null_false
[14:18:30 #167] [P03] PASS isq.empty_false
[14:18:30 #168] [P03] PASS isq.spaces_query
[14:18:30 #169] [P03] PASS isq.dot_url
[14:18:30 #170] [P03] PASS isq.bare_word_query
[14:18:30 #171] [P03] PASS isq.leading_dot_query
[14:18:30 #172] [P03] PASS isq.trailing_dot_query
[14:18:30 #173] [P03] PASS isq.ip_url
[14:18:30 #174] [P03] PASS isq.localhost_url
[14:18:30 #175] [P03] PASS isq.localhost_suffix_url
[14:18:30 #176] [P03] PASS isq.https_url
[14:18:30 #177] [P03] PASS isq.about_url
[14:18:30 #178] [P03] PASS isq.file_url
[14:18:30 #179] [P03] PASS isq.spaces_only_is_query
[14:18:30 #180] [P03] PASS isq.upper_scheme_via_dot_rule
[14:18:30 #181] [P03] PASS isq.trimmed_before_dot_rule
[14:18:30 #182] [P03] PASS unwrap.ddg_uddg
[14:18:30 #183] [P03] PASS unwrap.non_ddg_false
[14:18:30 #184] [P03] PASS wrap.missing_uddg_false
[14:18:30 #185] [P03] PASS resolve.same_dir
[14:18:30 #186] [P03] PASS resolve.subdir
[14:18:30 #187] [P03] PASS resolve.root_rel
[14:18:30 #188] [P03] PASS resolve.protocol_relative
[14:18:30 #189] [P03] PASS resolve.anchor
[14:18:30 #190] [P03] PASS resolve.query_only
[14:18:30 #191] [P03] PASS resolve.custom_port_base
[14:18:30 #192] [P03] PASS resolve.anchor_keeps_query
[14:18:30 #193] [P03] PASS resolve.query_replaces
[14:18:30 #194] [P03] PASS resolve.dot_slash
[14:18:30 #195] [P03] PASS resolve.dotdot
[14:18:30 #196] [P03] PASS resolve.dotdot_clamped_root
[14:18:30 #197] [P03] PASS resolve.deep_beyond_root_dropped
[14:18:30 #198] [P03] PASS resolve.about_passthrough
[14:18:30 #199] [P03] PASS resolve.data_passthrough
[14:18:30 #200] [P03] PASS resolve.js_passthrough
[14:18:30 #201] [P03] PASS resolve.absolute_verbatim_case
[14:18:30 #202] [P03] PASS resolve.mailto_not_special
[14:18:30 #203] [P03] PASS resolve.empty_returns_base
[14:18:30 #204] [P03] PASS searchurl.ddg
[14:18:30 #205] [P03] url selftests done: 70 passed, 0 failed
[14:18:30 #206] [P04] storage+cookiejar selftests begin
[14:18:30 #207] [P04] PASS ts.epoch1970
[14:18:30 #208] [P04] PASS ts.bttf2015
[14:18:30 #209] [P04] PASS ts.leap2000feb29
[14:18:30 #210] [P04] PASS ts.neg1969
[14:18:30 #211] [P04] PASS ts.clamp_month0
[14:18:30 #212] [P04] PASS ts.clamp_month13
[14:18:30 #213] [P04] PASS ts.clamp_year_neg
[14:18:30 #214] [P04] PASS ts.clamp_day0
[14:18:30 #215] [P04] PASS ts.floor_frac
[14:18:30 #216] [P04] PASS ts.frac_hour
[14:18:30 #217] [P04] PASS ts.nil_hms_zeroed
[14:18:30 #218] [P04] PASS date.imf_fixdate
[14:18:30 #219] [P04] PASS date.rfc850_4digit
[14:18:30 #220] [P04] PASS date.rfc850_2digit
[14:18:30 #221] [P04] PASS date.rfc850_pivot69
[14:18:30 #222] [P04] PASS date.asctime_dblspace_nil
[14:18:30 #223] [P04] PASS date.asctime_single_space
[14:18:30 #224] [P04] PASS date.lowercase_month_nil
[14:18:30 #225] [P04] PASS date.garbage_nil
[14:18:30 #226] [P04] PASS date.trailing_junk_ok
[14:18:30 #227] [P04] PASS date.no_weekday_nil
[14:18:30 #228] [P04] PASS date.empty_nil
[14:18:30 #229] [P04] PASS sc01.basic
[14:18:30 #230] [P04] PASS sc02.attrs
[14:18:30 #231] [P04] PASS sc03.domain_dot
[14:18:30 #232] [P04] PASS sc04.domain_exact
[14:18:30 #233] [P04] PASS sc05.domain_suffix
[14:18:30 #234] [P04] PASS sc06.domain_localhost
[14:18:30 #235] [P04] PASS sc07.domain_foreign_reject
[14:18:30 #236] [P04] PASS sc08.domain_undotted_reject
[14:18:30 #237] [P04] PASS sc09.path_noslash
[14:18:30 #238] [P04] PASS sc10.samesite_lax
[14:18:30 #239] [P04] PASS sc11.samesite_weird_ignored
[14:18:30 #240] [P04] PASS sc12.maxage_future
[14:18:30 #241] [P04] PASS sc13.maxage_zero_del
[14:18:30 #242] [P04] PASS sc14.maxage_negative_del
[14:18:30 #243] [P04] PASS sc15.maxage_junk_ignored
[14:18:30 #244] [P04] PASS sc16.expires_imf
[14:18:30 #245] [P04] PASS sc17.expires_asctime
[14:18:30 #246] [P04] PASS sc18.expires_garbage_ignored
[14:18:30 #247] [P04] PASS sc19.expires_then_maxage_wins
[14:18:30 #248] [P04] PASS sc20.maxage_then_expires_skipped
[14:18:30 #249] [P04] PASS rej.space_in_pair
[14:18:30 #250] [P04] PASS rej.bad_name
[14:18:30 #251] [P04] PASS rej.no_name
[14:18:30 #252] [P04] PASS rej.quote_in_value
[14:18:30 #253] [P04] PASS rej.comma_in_value
[14:18:30 #254] [P04] PASS rej.no_equals
[14:18:30 #255] [P04] PASS sc27.empty_value_ok
[14:18:30 #256] [P04] PASS sc32.dollar_name_ok
[14:18:30 #257] [P04] PASS sc33.empty_attrs_skipped
[14:18:30 #258] [P04] PASS rej.empty_host_raw
[14:18:30 #259] [P04] PASS rej.null_host
[14:18:30 #260] [P04] PASS rej.null_raw
[14:18:30 #261] [P04] PASS rej.ws_only_raw
[14:18:30 #262] [P04] PASS hdr.two_cookies
[14:18:30 #263] [P04] PASS hdr.replace_moves_end
[14:18:30 #264] [P04] PASS store.replace_count
[14:18:30 #265] [P04] PASS hdr.after_delete
[14:18:30 #266] [P04] PASS store.delete_count
[14:18:30 #267] [P04] PASS hdr.domain_cookie
[14:18:30 #268] [P04] PASS hdr.cross_host_isolated
[14:18:30 #269] [P04] PASS store.domain_count
[14:18:30 #270] [P04] PASS hdr.secure_blocked_http
[14:18:30 #271] [P04] PASS hdr.secure_allowed_https
[14:18:30 #272] [P04] PASS store.secure_count
[14:18:30 #273] [P04] PASS hdr.path_prefix_no
[14:18:30 #274] [P04] PASS hdr.path_exact_yes
[14:18:30 #275] [P04] PASS hdr.path_subdir_yes
[14:18:30 #276] [P04] PASS hdr.path_boundary_no
[14:18:30 #277] [P04] PASS store.docs_count
[14:18:30 #278] [P04] PASS cap.count300
[14:18:30 #279] [P04] PASS cap.first_evicted_to_c6
[14:18:30 #280] [P04] PASS cap.last_is_c305
[14:18:30 #281] [P04] PASS cap.future_expires_stored_evicts
[14:18:30 #282] [P04] PASS clear.zeroes
[14:18:30 #283] [P04] PASS exp.stored
[14:18:30 #284] [P04] PASS exp.alive_before
[14:18:30 #285] [P04] PASS exp.pruned_after
[14:18:30 #286] [P04] PASS exp.list_empty_after_prune
[14:18:30 #287] [P04] PASS st.defaults_bm9
[14:18:30 #288] [P04] PASS st.default_bm1_fields
[14:18:30 #289] [P04] PASS st.default_bm8_title
[14:18:30 #290] [P04] PASS st.default_settings
[14:18:30 #291] [P04] PASS hist.about_and_empty_skipped
[14:18:30 #292] [P04] PASS hist.two_added
[14:18:30 #293] [P04] PASS hist.insert_front_order
[14:18:30 #294] [P04] PASS hist.time_hhmm
[14:18:30 #295] [P04] PASS hist.dedup_count
[14:18:30 #296] [P04] PASS hist.dedup_moves_front_title_defaults_url
[14:18:30 #297] [P04] PASS hist.cap50
[14:18:30 #298] [P04] PASS hist.cap_newest_first
[14:18:30 #299] [P04] PASS hist.cap_oldest_evicted_fill1to5_gone
[14:18:30 #300] [P04] PASS bm.is_true
[14:18:30 #301] [P04] PASS bm.is_false
[14:18:30 #302] [P04] PASS bm.add_empty_rejected
[14:18:30 #303] [P04] PASS bm.dup_returns_true
[14:18:30 #304] [P04] PASS bm.dup_updates_title_only_keeps_desc
[14:18:30 #305] [P04] PASS bm.append_true
[14:18:30 #306] [P04] PASS bm.appended_last
[14:18:30 #307] [P04] PASS bm.remove_valid
[14:18:30 #308] [P04] PASS bm.remove_zero_invalid
[14:18:30 #309] [P04] PASS bm.remove_big_invalid
[14:18:30 #310] [P04] PASS st.save_ok
[14:18:30 #311] [P04] PASS st.load_ok
[14:18:30 #312] [P04] PASS st.roundtrip_bm9
[14:18:30 #313] [P04] PASS st.roundtrip_bm1
[14:18:30 #314] [P04] PASS st.roundtrip_hist_top
[14:18:30 #315] [P04] PASS st.roundtrip_settings
[14:18:30 #316] [P04] PASS st.save_empty_bm
[14:18:30 #317] [P04] PASS st.load_empty_bm
[14:18:30 #318] [P04] PASS st.empty_bm_falls_back_to_defaults
[14:18:30 #319] [P04] PASS st.empty_bm_default_google
[14:18:30 #320] [P04] PASS num.junk_fail
[14:18:30 #321] [P04] PASS num.empty_fail
[14:18:30 #322] [P04] PASS num.comma_fail
[14:18:30 #323] [P04] PASS num.ws_trimmed
[14:18:30 #324] [P04] PASS num.hex
[14:18:30 #325] [P04] PASS num.exponent
[14:18:30 #326] [P04] storage+cookiejar selftests done: 119 passed, 0 failed
[14:18:30 #327] [P05] task queued (queue=1)
[14:18:30 #328] [P05] PASS run.is_running_immediately
[14:18:30 #329] [P05] PASS run.progress_reset_immediately
[14:18:30 #330] [P05] PASS run.step_not_called_before_update
[14:18:30 #331] [P05] task done
[14:18:30 #332] [P05] gc drain (no-op in C)
[14:18:30 #333] [P05] PASS done.no_callback_when_null_onComplete
[14:18:30 #334] [P05] PASS done.queue_emptied_progress_forced_one
[14:18:30 #335] [P05] task queued (queue=1)
[14:18:30 #336] [P05] task done
[14:18:30 #337] [P05] gc drain (no-op in C)
[14:18:30 #338] [P05] PASS budget.first_yield_at_iter64
[14:18:30 #339] [P05] PASS budget.frames16_for_1000iters_at20ms
[14:18:30 #340] [P05] task queued (queue=1)
[14:18:30 #341] [P05] task done
[14:18:30 #342] [P05] gc drain (no-op in C)
[14:18:30 #343] [P05] PASS budget.frozen_clock_single_frame
[14:18:30 #344] [P05] PASS outside.never_yields
[14:18:30 #345] [P05] task queued (queue=1)
[14:18:30 #346] [P05] task error: Parse Error: boom
[14:18:30 #347] [P05] gc drain (no-op in C)
[14:18:30 #348] [P05] PASS err.onError_not_onComplete
[14:18:30 #349] [P05] PASS err.message_delivered_verbatim
[14:18:30 #350] [P05] PASS err.progress_keeps_task_report
[14:18:30 #351] [P05] task queued (queue=1)
[14:18:30 #352] [P05] task error: task error
[14:18:30 #353] [P05] gc drain (no-op in C)
[14:18:30 #354] [P05] PASS err.default_message
[14:18:30 #355] [P05] task queued (queue=1)
[14:18:30 #356] [P05] task queued (queue=2)
[14:18:30 #357] [P05] PASS fifo.two_queued
[14:18:30 #358] [P05] task done
[14:18:30 #359] [P05] gc drain (no-op in C)
[14:18:30 #360] [P05] PASS fifo.upd1_only_head_a
[14:18:30 #361] [P05] task done
[14:18:30 #362] [P05] gc drain (no-op in C)
[14:18:30 #363] [P05] PASS fifo.upd2_then_b
[14:18:30 #364] [P05] PASS fifo.upd3_idle
[14:18:30 #365] [P05] task queued (queue=1)
[14:18:30 #366] [P05] PASS prog.reset_by_run
[14:18:30 #367] [P05] PASS prog.neg_clamped
[14:18:30 #368] [P05] PASS prog.set03
[14:18:30 #369] [P05] PASS prog.regression_ignored
[14:18:30 #370] [P05] PASS prog.over_clamped
[14:18:30 #371] [P05] task done
[14:18:30 #372] [P05] gc drain (no-op in C)
[14:18:30 #373] [P05] PASS cancel.empty_queue_noop
[14:18:30 #374] [P05] task queued (queue=1)
[14:18:30 #375] [P05] PASS cancel.job_started_yielded
[14:18:30 #376] [P05] cancelAll dropped all tasks
[14:18:30 #377] [P05] PASS cancel.queue_cleared_progress_zeroed
[14:18:30 #378] [P05] PASS cancel.no_callbacks_fired
[14:18:30 #379] [P05] PASS cancel.ctx_freed
[14:18:30 #380] [P05] gc drain (no-op in C)
[14:18:30 #381] [P05] PASS cancel.post_cancel_idle_safe
[14:18:30 #382] [P05] task queued (queue=1)
[14:18:30 #383] [P05] task queued (queue=2)
[14:18:30 #384] [P05] PASS run.second_run_resets_progress
[14:18:30 #385] [P05] cancelAll dropped all tasks
[14:18:30 #386] [P05] task queued (queue=1)
[14:18:30 #387] [P05] task done
[14:18:30 #388] [P05] gc drain (no-op in C)
[14:18:30 #389] [P05] PASS free.on_complete_path
[14:18:30 #390] [P05] task queued (queue=1)
[14:18:30 #391] [P05] task error: task error
[14:18:30 #392] [P05] gc drain (no-op in C)
[14:18:30 #393] [P05] PASS free.on_error_path
[14:18:30 #394] [P05] task queued (queue=1)
[14:18:30 #395] [P05] task done
[14:18:30 #396] [P05] gc drain (no-op in C)
[14:18:30 #397] [P05] PASS yieldn.four_frames_then_done
[14:18:30 #398] [P05] gc drain (no-op in C)
[14:18:30 #399] [P05] PASS gc.external_schedule_safe
[14:18:30 #400] [P05] tasks selftests done: 33 passed, 0 failed
[14:18:30 #401] [P06] PASS cp1252.A41_raw_ascii
[14:18:30 #402] [P06] PASS cp1252.7f_stays_raw
[14:18:30 #403] [P06] PASS cp1252.80_is_euro
[14:18:30 #404] [P06] PASS cp1252.81_self_map_C281
[14:18:30 #405] [P06] PASS cp1252.92_right_quote
[14:18:30 #406] [P06] PASS cp1252.9c_oe_ligature
[14:18:30 #407] [P06] PASS cp1252.9f_Y_dieresis
[14:18:30 #408] [P06] PASS cp1252.a0_passthrough_C2A0
[14:18:30 #409] [P06] PASS cp1252.no_header_verbatim
[14:18:30 #410] [P06] PASS cp1252.e9_decodes_C3A9
[14:18:30 #411] [P06] PASS cp1252.ff_decodes_C3BF
[14:18:30 #412] [P06] PASS utf16le.bom_A
[14:18:30 #413] [P06] PASS utf16le.surrogate_pair_U10037
[14:18:30 #414] [P06] PASS utf16le.lone_high_consumes_next
[14:18:30 #415] [P06] PASS utf16be.euro_check
[14:18:30 #416] [P06] PASS utf8bom.stripped_hello
[14:18:30 #417] [P06] PASS hdr.utf8_verbatim_E9
[14:18:30 #418] [P06] PASS hdr.utf_8_alias_verbatim
[14:18:30 #419] [P06] PASS hdr.utf8mb4_passthrough
[14:18:30 #420] [P06] PASS hdr.ascii_verbatim
[14:18:30 #421] [P06] PASS hdr.usascii_passthrough
[14:18:30 #422] [P06] PASS hdr.quoted_value_fails_pattern
[14:18:30 #423] [P06] PASS hdr.missing_value_fails
[14:18:30 #424] [P06] PASS hdr.no_charset_verbatim
[14:18:30 #425] [P06] PASS hdr.Windows1252_decodes
[14:18:30 #426] [P06] PASS hdr.cp1252_decodes
[14:18:30 #427] [P06] PASS hdr.latin1_decodes
[14:18:30 #428] [P06] PASS hdr.iso88591_decodes
[14:18:30 #429] [P06] PASS hdr.iso8859_decodes
[14:18:30 #430] [P06] PASS hdr.shiftjis_besteffort
[14:18:30 #431] [P06] PASS hdr.eucjp_besteffort
[14:18:30 #432] [P06] PASS hdr.utf16le_nonbom_empty
[14:18:30 #433] [P06] PASS hdr.bare_utf16_not_dispatched
[14:18:30 #434] [P06] PASS meta.charset_simple_decodes
[14:18:30 #435] [P06] PASS meta.http_equiv_content_pattern
[14:18:30 #436] [P06] PASS meta.beyond1024_ignored
[14:18:30 #437] [P06] PASS prec.header_cp1252_beats_meta
[14:18:30 #438] [P06] PASS prec.header_utf8_allows_meta
[14:18:30 #439] [P06] PASS ent.fastpath_control_verbatim
[14:18:30 #440] [P06] PASS ent.named_basics
[14:18:30 #441] [P06] PASS ent.copy_reg_trade
[14:18:30 #442] [P06] PASS ent.deg_not_exact_spacing
[14:18:30 #443] [P06] PASS ent.frac12_never_matches
[14:18:30 #444] [P06] PASS ent.unknown_name_spaced
[14:18:30 #445] [P06] PASS ent.case_sensitive
[14:18:30 #446] [P06] PASS ent.missing_semicolon_raw
[14:18:30 #447] [P06] PASS dec.basic_nbsp_dashes
[14:18:30 #448] [P06] PASS dec.quote_family_ellipsis_bullet
[14:18:30 #449] [P06] PASS dec.math_table
[14:18:30 #450] [P06] PASS dec.range_edges
[14:18:30 #451] [P06] PASS dec.huge_number_space
[14:18:30 #452] [P06] PASS hex.basic_a0_dash
[14:18:30 #453] [P06] PASS hex.thin_spaces
[14:18:30 #454] [P06] PASS hex.lacks_201a_asymmetry
[14:18:30 #455] [P06] PASS dec.has_201a_quote
[14:18:30 #456] [P06] PASS clean.translit_accents
[14:18:30 #457] [P06] PASS clean.OE_thorn
[14:18:30 #458] [P06] PASS clean.caron_unmapped_space
[14:18:30 #459] [P06] PASS clean.euro_3byte_single_space
[14:18:30 #460] [P06] PASS clean.emoji_widens_per_byte
[14:18:30 #461] [P06] PASS clean.truncated_tail_single_space
[14:18:30 #462] [P06] PASS clean.nbsp_fixed_seq
[14:18:30 #463] [P06] PASS clean.emdash_fixed_seq
[14:18:30 #464] [P06] PASS clean.full_pipeline_mixed
[14:18:30 #465] [P06] PASS clean.high_absent_keeps_control
[14:18:30 #466] [P06] PASS encode.all_but_apostrophe
[14:18:30 #467] [P06] PASS encode.null_empty
[14:18:30 #468] [P05] task queued (queue=1)
[14:18:30 #469] [P05] task done
[14:18:30 #470] [P05] gc drain (no-op in C)
[14:18:30 #471] [P06] PASS task.decode_completes_one_frame
[14:18:30 #472] [P06] PASS task.decode_outlen
[14:18:30 #473] [P06] PASS task.decode_output
[14:18:30 #474] [P06] PASS norm.windows1252_alias
[14:18:30 #475] [P06] PASS norm.utf8_alias
[14:18:30 #476] [P06] PASS norm.null_safe
[14:18:30 #477] [P06] PASS degen.null_body_empty
[14:18:30 #478] [P06] PASS degen.decode_empty
[14:18:30 #479] [P06] encoding selftests done: 75 passed, 0 failed
[14:18:30 #480] [P07] PASS A.ret
[14:18:30 #481] [P07] PASS A.loading_after_get
[14:18:30 #482] [P07] PASS A.conn_args
[14:18:30 #483] [P07] PASS A.timeouts_ms_and_bufsize
[14:18:30 #484] [P07] PASS A.request_bytes_exact
[14:18:30 #485] [P07] PASS A.loading_after_success
[14:18:30 #486] [P07] PASS A2.conn_ssl_8443
[14:18:30 #487] [P07] PASS A2.cookie_request_bytes
[14:18:30 #488] [P07] PASS A3.default_port_suppressed
[14:18:30 #489] [P07] PASS C.jar_count_2
[14:18:30 #490] [P07] PASS C.cookie_header_roundtrip
[14:18:30 #491] [P07] PASS D.ret
[14:18:30 #492] [P07] PASS D.status
[14:18:30 #493] [P07] PASS D.bodylen_beyond_cl
[14:18:30 #494] [P07] PASS D.slice_to_end
[14:18:30 #495] [P07] PASS D.url
[14:18:30 #496] [P07] PASS E.no_success_midstream
[14:18:30 #497] [P07] PASS E.status
[14:18:30 #498] [P07] PASS E.decoded_body
[14:18:30 #499] [P07] PASS F.first_hop_closed
[14:18:30 #500] [P07] PASS F.hop2_conn
[14:18:30 #501] [P07] PASS F.relative_resolution
[14:18:30 #502] [P07] PASS F.final_status
[14:18:30 #503] [P07] PASS F.final_url
[14:18:30 #504] [P07] PASS F.sock_count
[14:18:30 #505] [P07] PASS G.six_sockets
[14:18:30 #506] [P07] PASS G.silent_drop_no_callbacks
[14:18:30 #507] [P07] PASS G.not_loading_after
[14:18:30 #508] [P07] PASS H.partial_over_512_done
[14:18:30 #509] [P07] PASS H.bodylen_600
[14:18:30 #510] [P07] PASS I.timeout_error
[14:18:30 #511] [P07] PASS I.timeout_message
[14:18:30 #512] [P07] PASS J.closed_no_data_error
[14:18:30 #513] [P07] PASS J.closed_message
[14:18:30 #514] [P07] PASS P.closed_midbody_done
[14:18:30 #515] [P07] PASS P.partial_body
[14:18:30 #516] [P07] PASS K.stale_socket_closed
[14:18:30 #517] [P07] PASS K.silent
[14:18:30 #518] [P07] PASS K.idle
[14:18:30 #519] [P07] PASS L.get_about_loading
[14:18:30 #520] [P07] PASS L.still_pending
[14:18:30 #521] [P07] PASS L.progress_100
[14:18:30 #522] [P07] PASS L.home_status
[14:18:30 #523] [P07] PASS L.home_ct
[14:18:30 #524] [P07] PASS L.home_len_100
[14:18:30 #525] [P07] PASS L.home_url
[14:18:30 #526] [P07] PASS L.done_not_loading
[14:18:30 #527] [P07] PASS L.unknown_ret_true
[14:18:30 #528] [P07] PASS L.unknown_error
[14:18:30 #529] [P07] PASS L.unknown_message
[14:18:30 #530] [P07] PASS L.unknown_idle
[14:18:30 #531] [P07] PASS L.blank_len_26
[14:18:30 #532] [P07] PASS L.acid_len_2984
[14:18:30 #533] [P07] PASS L.acid_title_present
[14:18:30 #534] [P07] PASS M.ret_false
[14:18:30 #535] [P07] PASS M.sync_error
[14:18:30 #536] [P07] PASS M.message
[14:18:30 #537] [P07] PASS M.idle
[14:18:30 #538] [P07] PASS N.send_error
[14:18:30 #539] [P07] PASS N.send_failed_prefix
[14:18:30 #540] [P07] PASS N.idle
[14:18:30 #541] [P07] PASS O.three_progress_calls
[14:18:30 #542] [P07] PASS O.first_0_0
[14:18:30 #543] [P07] PASS O.second_body_bytes
[14:18:30 #544] [P07] PASS O.clamped_final
[14:18:30 #545] [P07] PASS O.delivered
[14:18:30 #546] [P07] PASS Q.delivered_as_normal
[14:18:30 #547] [P07] PASS Q.empty_body
[14:18:30 #548] [P07] PASS R.deny_ret_false
[14:18:30 #549] [P07] PASS R.deny_error
[14:18:30 #550] [P07] PASS R.deny_message
[14:18:30 #551] [P07] PASS R.purpose_string
[14:18:30 #552] [P07] PASS S.ask_ret_true
[14:18:30 #553] [P07] PASS S.waiting_no_socket_yet
[14:18:30 #554] [P07] PASS S.one_access_call
[14:18:30 #555] [P07] PASS S.callback_recorded
[14:18:30 #556] [P07] PASS S.socket_after_grant
[14:18:30 #557] [P07] PASS S.completed_after_grant
[14:18:30 #558] [P07] PASS S.grant_cached_same_host
[14:18:30 #559] [P07] PASS T.waiting
[14:18:30 #560] [P07] PASS T.async_deny_error
[14:18:30 #561] [P07] PASS T.async_deny_message
[14:18:30 #562] [P07] PASS T.idle_after_deny
[14:18:30 #563] [P07] PASS W.error_state_before_tick
[14:18:30 #564] [P07] PASS W.open_failed_delivered
[14:18:30 #565] [P07] PASS W.open_failed_message
[14:18:30 #566] [P07] PASS W.idle
[14:18:30 #567] [P07] PASS V.empty_parses_to_blank_host
[14:18:30 #568] [P07] PASS V.host_blank_port0
[14:18:30 #569] [P07] http selftests done: 89 passed, 0 failed
[14:18:30 #570] [P08] tokenizer selftests start
[14:18:30 #571] [P08] PASS A.nonnull
[14:18:30 #572] [P08] PASS A.title_default
[14:18:30 #573] [P08] PASS A.count_1
[14:18:30 #574] [P08] PASS A.text
[14:18:30 #575] [P08] PASS B.empty_count0
[14:18:30 #576] [P08] PASS B.empty_title
[14:18:30 #577] [P08] PASS C.entity_decode
[14:18:30 #578] [P08] PASS D.count_3
[14:18:30 #579] [P08] PASS D.tag_p_open
[14:18:30 #580] [P08] PASS D.text_hi
[14:18:30 #581] [P08] PASS D.tag_p_close_self
[14:18:30 #582] [P08] PASS E.count_4
[14:18:30 #583] [P08] PASS E.br_slash
[14:18:30 #584] [P08] PASS E.br_space_slash
[14:18:30 #585] [P08] PASS E.hr_plain
[14:18:30 #586] [P08] PASS E.close_p_self
[14:18:30 #587] [P08] PASS F.colon_names
[14:18:30 #588] [P08] PASS F.attr_datax
[14:18:30 #589] [P08] PASS G.lowered_names
[14:18:30 #590] [P08] PASS G.attr_val_case_kept
[14:18:30 #591] [P08] PASS G.text_Y
[14:18:30 #592] [P08] PASS H.interleave
[14:18:30 #593] [P08] PASS I.lt_space_gt_quirk
[14:18:30 #594] [P08] PASS J.junk_dropped
[14:18:30 #595] [P08] PASS K.doctype_vanishes
[14:18:30 #596] [P08] PASS L.broken_tail_dropped
[14:18:30 #597] [P08] PASS M.count_3
[14:18:30 #598] [P08] PASS M.tag_a
[14:18:30 #599] [P08] PASS M.href_decoded
[14:18:30 #600] [P08] PASS M.id_single_quoted
[14:18:30 #601] [P08] PASS M.unquoted
[14:18:30 #602] [P08] PASS M.boolean_disabled
[14:18:30 #603] [P08] PASS M.boolean_datax
[14:18:30 #604] [P08] PASS M.attr_count_5
[14:18:30 #605] [P08] PASS M.text_y
[14:18:30 #606] [P08] PASS M.close_a
[14:18:30 #607] [P08] PASS N.first_wins
[14:18:30 #608] [P08] PASS N.src_first
[14:18:30 #609] [P08] PASS N.alt_first_lowered_key
[14:18:30 #610] [P08] PASS N.attr_count_2
[14:18:30 #611] [P08] PASS O.key_dot_quirk
[14:18:30 #612] [P08] PASS O.a_bool
[14:18:30 #613] [P08] PASS O.b_c
[14:18:30 #614] [P08] PASS O.d_e_f_g
[14:18:30 #615] [P08] PASS O.attr_count_3
[14:18:30 #616] [P08] PASS P.space_before_eq_quirk
[14:18:30 #617] [P08] PASS P.href_empty
[14:18:30 #618] [P08] PASS P.v_bool_lost_value
[14:18:30 #619] [P08] PASS P.attr_count_2
[14:18:30 #620] [P08] PASS Q.unterminated_quote_all_dropped
[14:18:30 #621] [P08] PASS R.comment_full
[14:18:30 #622] [P08] PASS S.comment_unclosed_tail_after_gt
[14:18:30 #623] [P08] PASS T.script_skip
[14:18:30 #624] [P08] PASS U.script_case_insensitive
[14:18:30 #625] [P08] PASS V.script_unclosed_swallows_rest
[14:18:30 #626] [P08] PASS W.style_skip
[14:18:30 #627] [P08] PASS X.style_unclosed_swallows
[14:18:30 #628] [P08] PASS Y.title_decoded_collapsed
[14:18:30 #629] [P08] PASS Y.title_tags_not_emitted
[14:18:30 #630] [P08] PASS Z.title_unclosed_default
[14:18:30 #631] [P08] PASS AA.prefix_hijack_title
[14:18:30 #632] [P08] PASS AB.alloc_big
[14:18:30 #633] [P08] PASS AC.trunc_cut_at_gt_single
[14:18:30 #634] [P08] PASS AC.text_len_262202
[14:18:30 #635] [P08] PASS AD.alloc_flat
[14:18:30 #636] [P08] PASS AE.no_gt_exact_max
[14:18:30 #637] [P08] PASS AF.exact_max_untouched
[14:18:30 #638] [P08] PASS AG.progress_reported
[14:18:30 #639] [P08] tokenizer selftests done: 68 passed, 0 failed
[14:18:30 #640] [P09] dom selftests start
[14:18:30 #641] [P09] PASS A.root
[14:18:30 #642] [P09] PASS A.diag
[14:18:30 #643] [P09] PASS A.child_text
[14:18:30 #644] [P09] PASS B.empty
[14:18:30 #645] [P09] PASS C.nested_counts
[14:18:30 #646] [P09] PASS C.structure
[14:18:30 #647] [P09] PASS D.format_survives
[14:18:30 #648] [P09] PASS D.b_nests_i
[14:18:30 #649] [P09] PASS E.p_implied_by_div
[14:18:30 #650] [P09] PASS F.stray_li_root_siblings
[14:18:30 #651] [P09] PASS G.list_counts
[14:18:30 #652] [P09] PASS G.list_shape
[14:18:30 #653] [P09] PASS G.inner_list
[14:18:30 #654] [P09] PASS H.dtdd
[14:18:30 #655] [P09] PASS I.table_counts
[14:18:30 #656] [P09] PASS I.table_shape
[14:18:30 #657] [P09] PASS I.rows_cells
[14:18:30 #658] [P09] PASS J.stray_tr_dropped
[14:18:30 #659] [P09] PASS K.stray_td_dropped
[14:18:30 #660] [P09] PASS L.option_outside_dropped
[14:18:30 #661] [P09] PASS M.anchor_reopen
[14:18:30 #662] [P09] PASS M.second_a_sibling
[14:18:30 #663] [P09] PASS N.voids_flat
[14:18:30 #664] [P09] PASS N.sequence
[14:18:30 #665] [P09] PASS N.close_br_ignored
[14:18:30 #666] [P09] PASS O.selfclose_not_pushed
[14:18:30 #667] [P09] PASS P.head_skipped
[14:18:30 #668] [P09] PASS P.body_p_vis
[14:18:30 #669] [P09] PASS P.diag_skipped1_proc10
[14:18:30 #670] [P09] PASS Q.template_hidden
[14:18:30 #671] [P09] PASS Q.skipped3
[14:18:30 #672] [P09] PASS R.close_through_counts
[14:18:30 #673] [P09] PASS R.popped_through_span
[14:18:30 #674] [P09] PASS R.deep_sibling_of_p
[14:18:30 #675] [P09] PASS S.unknown_close_noop
[14:18:30 #676] [P09] PASS S.b_inside_div
[14:18:30 #677] [P09] PASS T.attrs_kept
[14:18:30 #678] [P09] PASS T.attr_values
[14:18:30 #679] [P09] PASS T.text
[14:18:30 #680] [P09] PASS U.chain_depth_12
[14:18:30 #681] [P09] PASS V.blockquote_ps
[14:18:30 #682] [P09] PASS V.two_siblings
[14:18:30 #683] [P09] PASS W.alloc
[14:18:30 #684] [P09] PASS W.valve_diag
[14:18:30 #685] [P09] PASS W.valve_kids
[14:18:30 #686] [P09] PASS X.alloc
[14:18:30 #687] [P09] PASS X.capped_at_6000
[14:18:30 #688] [P09] PASS X.maxhit_dead_flag_false
[14:18:30 #689] [P09] PASS Y.progress_in_dom_range
[14:18:30 #690] [P09] dom selftests done: 49 passed, 0 failed
[14:18:30 #691] [P11] PASS A.blank_title
[14:18:30 #692] [P11] PASS A.blank_base
[14:18:30 #693] [P11] PASS A.empty_no_blocks
[14:18:30 #694] [P11] PASS A.raw_html
[14:18:30 #695] [P11] PASS B.reader_doc
[14:18:30 #696] [P11] PASS C.h2_meta
[14:18:30 #697] [P11] PASS C.h6_align_attr
[14:18:30 #698] [P11] PASS C.h3_align_style
[14:18:30 #699] [P11] PASS D.div_para
[14:18:30 #700] [P11] PASS D.section_para
[14:18:30 #701] [P11] PASS D.margin_shorthand2
[14:18:30 #702] [P11] PASS D.padding_left
[14:18:30 #703] [P11] PASS D.invert_center
[14:18:30 #704] [P11] PASS E.nest_bi
[14:18:30 #705] [P11] PASS E.flags7
[14:18:30 #706] [P11] PASS E.code_family
[14:18:30 #707] [P11] PASS F.br_same_para
[14:18:30 #708] [P11] PASS F.br_flags
[14:18:30 #709] [P11] PASS F.wbr
[14:18:30 #710] [P11] PASS F.hr_flushes
[14:18:30 #711] [P11] PASS G.pre_raw
[14:18:30 #712] [P11] PASS G.pre_blank_line
[14:18:30 #713] [P11] PASS G.xmp
[14:18:30 #714] [P11] PASS H.span_styles
[14:18:30 #715] [P11] PASS H.font_size
[14:18:30 #716] [P11] PASS H.time_fallback
[14:18:30 #717] [P11] PASS H.data_children_win
[14:18:30 #718] [P11] PASS H.time_text_no_fallback
[14:18:30 #719] [P11] PASS I.quotes
[14:18:30 #720] [P11] PASS J.resolve_target
[14:18:30 #721] [P11] PASS J.inline_link
[14:18:30 #722] [P11] PASS J.invalid_skipped
[14:18:30 #723] [P11] PASS J.invalid_plain
[14:18:30 #724] [P11] PASS J.title_fallback
[14:18:30 #725] [P11] PASS J.href_fallback
[14:18:30 #726] [P11] PASS J.text_accum
[14:18:30 #727] [P11] PASS J.anchor_seq
[14:18:30 #728] [P11] PASS K.ul_defaults
[14:18:30 #729] [P11] PASS K.ol_start
[14:18:30 #730] [P11] PASS K.ol_reversed
[14:18:30 #731] [P11] PASS K.ol_typeA
[14:18:30 #732] [P11] PASS K.ol_type_invalid
[14:18:30 #733] [P11] PASS K.nested_depth
[14:18:30 #734] [P11] PASS K.stray_li
[14:18:30 #735] [P11] PASS K.value_renumber
[14:18:30 #736] [P11] PASS L.dt_dd_flags
[14:18:30 #737] [P11] PASS L.dl_nested_indent
[14:18:30 #738] [P11] PASS N.caption_attached
[14:18:30 #739] [P11] PASS N.no_image_no_block
[14:18:30 #740] [P11] PASS O.clamps
[14:18:30 #741] [P11] PASS O.defaults
[14:18:30 #742] [P11] PASS O.alt_title
[14:18:30 #743] [P11] PASS O.data_src
[14:18:30 #744] [P11] PASS O.srcset_first
[14:18:30 #745] [P11] PASS O.filters
[14:18:30 #746] [P11] PASS O.usemap_strip
[14:18:30 #747] [P11] PASS O.img_in_link
[14:18:30 #748] [P11] PASS P.hidden_skip
[14:18:30 #749] [P11] PASS P.display_none
[14:18:30 #750] [P11] PASS P.inert_attr
[14:18:30 #751] [P11] PASS Q.scan_pattern_a
[14:18:30 #752] [P11] PASS Q.scan_pattern_b
[14:18:30 #753] [P11] PASS Q.body_overrides
[14:18:30 #754] [P11] PASS Q.invalid_ignored
[14:18:30 #755] [P11] PASS R.base_override
[14:18:30 #756] [P11] PASS R.first_nonempty_wins
[14:18:30 #757] [P11] PASS R.https_base
[14:18:30 #758] [P11] PASS S.block_cap_notice
[14:18:30 #759] [P11] PASS S.inline_cap
[14:18:30 #760] [P11] PASS T.basic_rows
[14:18:30 #761] [P11] PASS T.implicit_tr_quirk
[14:18:30 #762] [P11] PASS T.th_spans
[14:18:30 #763] [P11] PASS T.caption_trim
[14:18:30 #764] [P11] PASS T.border_width_align
[14:18:30 #765] [P11] PASS T.border_zero_off
[14:18:30 #766] [P11] PASS T.tbody_wrapper
[14:18:30 #767] [P11] PASS T.nested_dropped
[14:18:30 #768] [P11] PASS T.empty_cell_space
[14:18:30 #769] [P11] PASS T.cell_flags_link
[14:18:30 #770] [P11] PASS T.cell_first_ws_strip
[14:18:30 #771] [P11] PASS T.stray_tr_text_leak
[14:18:30 #772] [P11] PASS T.stray_td_text_leak
[14:18:30 #773] [P11] PASS T.block_tags_plain_in_cell
[14:18:30 #774] [P11] PASS U.hidden_block
[14:18:30 #775] [P11] PASS U.text_defaults
[14:18:30 #776] [P11] PASS U.text_attrs
[14:18:30 #777] [P11] PASS U.checkbox_aria_fallback
[14:18:30 #778] [P11] PASS U.checkbox_title_fallback
[14:18:30 #779] [P11] PASS U.checkbox_label_attr
[14:18:30 #780] [P11] PASS U.checkbox_radio_flags
[14:18:30 #781] [P11] PASS U.submit_labels
[14:18:30 #782] [P11] PASS U.button_blocks
[14:18:30 #783] [P11] PASS U.form_context
[14:18:30 #784] [P11] PASS U.textarea_capture
[14:18:30 #785] [P11] PASS U.textarea_disabled
[14:18:30 #786] [P11] PASS U.select_basic
[14:18:30 #787] [P11] PASS U.select_optgroup
[14:18:30 #788] [P11] PASS U.select_empty_skip
[14:18:30 #789] [P11] PASS U.select_label_wins
[14:18:30 #790] [P11] PASS V.fieldset_legend
[14:18:30 #791] [P11] PASS V.fieldset_disables_inner
[14:18:30 #792] [P11] PASS V.details_open
[14:18:30 #793] [P11] PASS V.details_body_rendered
[14:18:30 #794] [P11] PASS V.details_closed_default
[14:18:30 #795] [P11] PASS V.details_counter_seq
[14:18:30 #796] [P11] PASS V.details_override_open_close
[14:18:30 #797] [P11] PASS V.dialog_closed_hidden
[14:18:30 #798] [P11] PASS V.dialog_open_pair
[14:18:30 #799] [P11] PASS V.fieldset_nests
[14:18:30 #800] [P11] PASS W.video_placeholder
[14:18:30 #801] [P11] PASS W.source_fallback
[14:18:30 #802] [P11] PASS W.canvas_no_src
[14:18:30 #803] [P11] PASS W.iframe_href_embed
[14:18:30 #804] [P11] PASS W.progress_clamp
[14:18:30 #805] [P11] PASS W.meter_fields
[14:18:30 #806] [P11] PASS W.datalist_meta
[14:18:30 #807] [P11] PASS W.map_areas
[14:18:30 #808] [P11] PASS W.fencedframe
[14:18:30 #809] [P11] PASS W.template_inert
[14:18:30 #810] [P11] PASS W.voids_silent
[14:18:30 #811] [P11] PASS X.svg_serialize
[14:18:30 #812] [P11] PASS X.svg_viewbox_quirk
[14:18:30 #813] [P11] PASS X.svg_defaults_clamp
[14:18:30 #814] [P11] PASS X.svg_alt_rules
[14:18:30 #815] [P11] PASS X.math_linearized
[14:18:30 #816] [P11] PASS X.mfenced_seps
[14:18:30 #817] [P11] PASS X.math_ws_collapse
[14:18:30 #818] [P11] PASS X.math_empty_skipped
[14:18:30 #819] [P11] PASS Y.address_hgroup_paragraphs
[14:18:30 #820] [P11] PASS Y.figure_caption_only_para
[14:18:30 #821] [P11] PASS Y.heading_css_spacing
[14:18:30 #822] [P11] PASS Y.inert_scope_restored
[14:18:30 #823] [P11] document selftests done: 132 passed, 0 failed
[14:18:30 #824] [P12] PASS A.mode_flag
[14:18:30 #825] [P12] PASS A.raw_html_kept
[14:18:30 #826] [P12] PASS A.base_kept
[14:18:30 #827] [P12] PASS A.block_count
[14:18:30 #828] [P12] PASS A.header_host
[14:18:30 #829] [P12] PASS A.header_title_fallback
[14:18:30 #830] [P12] PASS A.reading_time_math
[14:18:30 #831] [P12] PASS A.title_h1_bold
[14:18:30 #832] [P12] PASS A.hr_third
[14:18:30 #833] [P12] PASS A.paragraph_fourth
[14:18:30 #834] [P12] PASS A.paragraph_text
[14:18:30 #835] [P12] dump basics: 4 blocks
[14:18:30 #836] [P12]    0 READER_HEADER host=EX.COM title=Web Page rt=1 min read (3 words)
[14:18:30 #837] [P12]    1 HEADING h1 [Web Page]
[14:18:30 #838] [P12]    2 HR
[14:18:30 #839] [P12]    3 type=0 [Hello brave world]
[14:18:30 #840] [P12] PASS A.empty_blank_doc
[14:18:30 #841] [P12] PASS A.fallback_title_host
[14:18:30 #842] [P12] dump fallbacks: 4 blocks
[14:18:30 #843] [P12]    0 READER_HEADER host=BLANK title=Untitled Article rt=1 min read (1 words)
[14:18:30 #844] [P12]    1 HEADING h1 [Untitled Article]
[14:18:30 #845] [P12]    2 HR
[14:18:30 #846] [P12]    3 type=0 [x]
[14:18:30 #847] [P12] PASS B.merged_count
[14:18:30 #848] [P12] PASS B.merged_text
[14:18:30 #849] [P12] PASS B.sentence_boundary
[14:18:30 #850] [P12] dump merge: 5 blocks
[14:18:30 #851] [P12]    0 READER_HEADER host=EX.COM title=Web Page rt=1 min read (10 words)
[14:18:30 #852] [P12]    1 HEADING h1 [Web Page]
[14:18:30 #853] [P12]    2 HR
[14:18:30 #854] [P12]    3 type=0 [Welcome to Wikipedia,the free encyclopediaEnds here.]
[14:18:30 #855] [P12]    4 type=0 [new frag]
[14:18:30 #856] [P12] PASS C.bare_dropped_kept
[14:18:30 #857] [P12] dump bare_url: 4 blocks
[14:18:30 #858] [P12]    0 READER_HEADER host=EX.COM title=Web Page rt=1 min read (6 words)
[14:18:30 #859] [P12]    1 HEADING h1 [Web Page]
[14:18:30 #860] [P12]    2 HR
[14:18:30 #861] [P12]    3 type=0 [real anchor texttwo words stay]
[14:18:30 #862] [P12] PASS D.stripped_absent
[14:18:30 #863] [P12] PASS D.kept_present
[14:18:30 #864] [P12] dump strip: 4 blocks
[14:18:30 #865] [P12]    0 READER_HEADER host=EX.COM title=Web Page rt=1 min read (2 words)
[14:18:30 #866] [P12]    1 HEADING h1 [Web Page]
[14:18:30 #867] [P12]    2 HR
[14:18:30 #868] [P12]    3 type=0 [kept paragraph]
[14:18:30 #869] [P12] PASS E.heading_level
[14:18:30 #870] [P12] PASS E.h3
[14:18:30 #871] [P12] PASS E.list_numbers
[14:18:30 #872] [P12] PASS E.pre_verbatim
[14:18:30 #873] [P12] PASS E.blockquote_type
[14:18:30 #874] [P12] dump structure: 9 blocks
[14:18:30 #875] [P12]    0 READER_HEADER host=EX.COM title=Web Page rt=1 min read (10 words)
[14:18:30 #876] [P12]    1 HEADING h1 [Web Page]
[14:18:30 #877] [P12]    2 HR
[14:18:30 #878] [P12]    3 HEADING h3 [Title Three]
[14:18:30 #879] [P12]    4 LI ordered=0 num=1 [Alpha item]
[14:18:30 #880] [P12]    5 LI ordered=0 num=2 [Beta item]
[14:18:30 #881] [P12]    6 LI ordered=1 num=1 [Num one]
[14:18:30 #882] [P12]    7 CODE [a   b
line2]
[14:18:30 #883] [P12]    8 type=2 [quoted words]
[14:18:30 #884] [P12] PASS F.clamp_resolve_alt
[14:18:30 #885] [P12] PASS F.tracking_skipped
[14:18:30 #886] [P12] PASS F.srcset_first
[14:18:30 #887] [P12] PASS F.data_src_default_alt
[14:18:30 #888] [P12] PASS F.empty_alt_becomes_image
[14:18:30 #889] [P12] dump images: 7 blocks
[14:18:30 #890] [P12]    0 READER_HEADER host=EX.COM title=Web Page rt=1 min read (0 words)
[14:18:30 #891] [P12]    1 HEADING h1 [Web Page]
[14:18:30 #892] [P12]    2 HR
[14:18:30 #893] [P12]    3 IMAGE 360x99 alt=Pic src=http://ex.com/pic.png
[14:18:30 #894] [P12]    4 IMAGE 160x80 alt=ss src=http://ex.com/first.x
[14:18:30 #895] [P12]    5 IMAGE 160x80 alt=Image src=http://ex.com/lazy.png
[14:18:30 #896] [P12]    6 IMAGE 160x80 alt=Image src=http://ex.com/noalt.png
[14:18:30 #897] [P12] PASS G.input_field
[14:18:30 #898] [P12] PASS G.input_submit_value_label
[14:18:30 #899] [P12] PASS G.textarea
[14:18:30 #900] [P12] PASS G.button_label_trimmed
[14:18:30 #901] [P12] PASS G.checkbox_ignored
[14:18:30 #902] [P12] dump forms: 7 blocks
[14:18:30 #903] [P12]    0 READER_HEADER host=EX.COM title=Web Page rt=1 min read (0 words)
[14:18:30 #904] [P12]    1 HEADING h1 [Web Page]
[14:18:30 #905] [P12]    2 HR
[14:18:30 #906] [P12]    3 INPUT type=text name=q ph=Search act=http://ex.com/search meth=post
[14:18:30 #907] [P12]    4 SUBMIT label=Go act=http://ex.com/search meth=post
[14:18:30 #908] [P12]    5 INPUT type=textarea name=ta ph= act= meth=post
[14:18:30 #909] [P12]    6 SUBMIT label=Click  Me act= meth=post
[14:18:30 #910] [P12] PASS H.sorted_order_walk
[14:18:30 #911] [P12] PASS H.reader_words
[14:18:30 #912] [P12] dump selection: 4 blocks
[14:18:30 #913] [P12]    0 READER_HEADER host=EX.COM title=Web Page rt=1 min read (8 words)
[14:18:30 #914] [P12]    1 HEADING h1 [Web Page]
[14:18:30 #915] [P12]    2 HR
[14:18:30 #916] [P12]    3 type=0 [alpha bravo charlie delta echoStray intro line.]
[14:18:30 #917] [P12] readability selftests done: 36 passed, 0 failed
[14:18:30 #918] [P13] font fonts/Roobert-20-Medium -> loaded
[14:18:30 #919] [P13] font fonts/Roobert-10-Bold -> loaded
[14:18:30 #920] [P13] font fonts/Roobert-10-Bold -> loaded
[14:18:30 #921] [P13] font fonts/Roobert-11-Medium -> loaded
[14:18:30 #922] [P13] font fonts/Roobert-10-Bold -> loaded
[14:18:30 #923] [P13] font fonts/Roobert-11-Mono-Condensed -> loaded
[14:18:30 #924] [P13] PASS H.heading_map
[14:18:30 #925] [P13] PASS H.body_plain_16
[14:18:30 #926] [P13] PASS H.body_bold_16
[14:18:30 #927] [P13] PASS H.body_code_15
[14:18:30 #928] [P13] PASS I.code_wins
[14:18:30 #929] [P13] PASS I.small_over_bold
[14:18:30 #930] [P13] PASS I.sub_14
[14:18:30 #931] [P13] PASS I.sup_14
[14:18:30 #932] [P13] PASS I.small_group_wins_over_big
[14:18:30 #933] [P13] PASS I.bold_16
[14:18:30 #934] [P13] PASS I.big_bold_slot_16
[14:18:30 #935] [P13] PASS I.plain_16
[14:18:30 #936] [P13] PASS W.empty_zero
[14:18:30 #937] [P13] PASS W.real_fonts_positive
[14:18:30 #938] [P13] sample 'Hello World' widths: body=95 mono=88 small=95 h1=150
[14:18:30 #939] [P13] PASS W.explicit_font_empty_zero
[14:18:30 #940] [P13] style selftests done: 15 passed, 0 failed
[14:18:30 #941] [P14] PASS A.reject_empty_href
[14:18:30 #942] [P14] PASS A.add_text_default
[14:18:30 #943] [P14] PASS A.text_defaults_to_href
[14:18:30 #944] [P14] PASS A.hover_default_w60_h14
[14:18:30 #945] [P14] PASS M.same_anchor_merges
[14:18:30 #946] [P14] PASS M.no_selection_yet
[14:18:30 #947] [P14] PASS M.diff_anchor_splits
[14:18:30 #948] [P14] PASS M.nil_anchor_merges_any
[14:18:30 #949] [P14] PASS M.text_or_href_split
[14:18:30 #950] [P14] PASS M.nil_text_never_merges
[14:18:30 #951] [P14] PASS M.rect_list_and_primary
[14:18:30 #952] [P14] PASS M.three_rects_stored
[14:18:30 #953] [P14] PASS M.index_is_1_based
[14:18:30 #954] [P14] PASS S.empty_page_none
[14:18:30 #955] [P14] PASS S.pass1_closest_center
[14:18:30 #956] [P14] PASS S.pass2_all_outside_tie_first
[14:18:30 #957] [P14] PASS S.pass2_tie_keeps_first
[14:18:30 #958] [P14] PASS S.selectNext_uses_viewport_rule
[14:18:30 #959] [P14] PASS N.prev_initial_select
[14:18:30 #960] [P14] PASS N.next_wraps_to_first
[14:18:30 #961] [P14] PASS N.prev_wraps_to_last
[14:18:30 #962] [P14] PASS N.clear_resets_selection
[14:18:30 #963] [P14] PASS H.selected_bounds_ok
[14:18:30 #964] [P14] PASS H.is_hit_on_selected_rect
[14:18:30 #965] [P14] PASS H.miss_other_xy_of_same_href
[14:18:30 #966] [P14] PASS H.other_href_false
[14:18:30 #967] [P14] PASS H.null_href_false
[14:18:30 #968] [P14] PASS H.addLink_wrapper
[14:18:30 #969] [P14] synthetic layout dump: viewport rule verified against CONTENT_Y=24 CONTENT_H=216 SCREEN_H=240
[14:18:30 #970] [P14] link_manager selftests done: 28 passed, 0 failed
[14:18:30 #971] [P15] PASS G.black_white
[14:18:30 #972] [P15] PASS G.channels
[14:18:30 #973] [P15] PASS G.midpoint
[14:18:30 #974] [P15] PASS G.monotonic
[14:18:30 #975] [P15] PASS B.threshold_boundary_strict
[14:18:30 #976] [P15] PASS B.gray0_corner_white
[14:18:30 #977] [P15] PASS B.white_all_white
[14:18:30 #978] [P15] PASS S.half
[14:18:30 #979] [P15] PASS S.ceil_floors
[14:18:30 #980] [P15] PASS S.upscale_clamps_to_1x1_boxes
[14:18:30 #981] [P15] PASS S.max_zero_guard
[14:18:30 #982] [P15] PASS S.src_zero
[14:18:30 #983] [P15] PASS A.uniform_half
[14:18:30 #984] [P15] PASS A.fast_path_identity
[14:18:30 #985] [P15] PASS A.round_down_case
[14:18:30 #986] [P15] PASS A.round_exact
[14:18:30 #987] [P15] PASS A.round_half_up
[14:18:30 #988] [P15] PASS A.partial_block_extra_row_quirk
[14:18:30 #989] [P15] PASS A.null_row_ignored
[14:18:30 #990] [P15] decoders selftests done: 19 passed, 0 failed
[14:18:30 #991] [P15] dump toImage 380x240 (from 400x500) expected_black=42803 actual_black=42803
[14:18:30 #992] [P15] PASS R.clamped_380x240
[14:18:30 #993] [P15] PASS R.bitmap_pixels_match_bayer
[14:18:30 #994] [P15] PASS R.degenerate_rejected
[14:18:30 #995] [P15] decoders device checks done: 3 passed, 0 failed
[14:18:30 #996] [P16] PASS O.A_dyn_roundtrip
[14:18:30 #997] [P16] PASS O.B_raw_roundtrip
[14:18:30 #998] [P16] PASS O.C_stored_roundtrip
[14:18:30 #999] [P16] PASS O.D_flush_roundtrip
[14:18:30 #1000] [P16] PASS O.short_input_rejected
[14:18:30 #1001] [P16] PASS O.empty_input_rejected
[14:18:30 #1002] [P16] PASS O.truncated_partial
[14:18:30 #1003] [P16] PASS O.handmade_stored
[14:18:30 #1004] [P16] PASS S.chunked_roundtrip
[14:18:30 #1005] [P16] PASS S.big_read_then_eof
[14:18:30 #1006] [P16] PASS S.raw_stream
[14:18:30 #1007] [P16] PASS S.guards
[14:18:30 #1008] [P16] fixtures: A=57B->360B B=84B->6621B C=311B->300B D=116B->6621B
[14:18:30 #1009] [P16] inflate selftests done: 12 passed, 0 failed
[14:18:30 #1010] [P17] PASS D.red_64x48
[14:18:30 #1011] [P17] PASS D.rgba_40x30
[14:18:30 #1012] [P17] PASS D.pal_32x16
[14:18:30 #1013] [P17] PASS D.gray8_100x10
[14:18:30 #1014] [P17] PASS D.gray1_32x8
[14:18:30 #1015] [P17] PASS D.ga_24x12
[14:18:30 #1016] [P17] PASS D.gray16_16x4
[14:18:30 #1017] [P17] PASS D.adam7_5x3
[14:18:30 #1018] [P17] PASS D.bench_266x200
[14:18:30 #1019] [P17] PASS D.down_50x40
[14:18:30 #1020] [P17] PASS G.short_input
[14:18:30 #1021] [P17] PASS G.bad_signature
[14:18:30 #1022] [P17] bench 800x600 -> 266x200 in 33.2 ms
[14:18:30 #1023] [P17] PASS B.bench_grid_alive
[14:18:30 #1024] [P17] png selftests done: 13 passed, 0 failed
[14:18:30 #1025] [P18] PASS D.b24_64x48
[14:18:30 #1026] [P18] PASS D.b32_20x10
[14:18:30 #1027] [P18] PASS D.b8_16x16
[14:18:30 #1028] [P18] PASS D.b4_12x8
[14:18:30 #1029] [P18] PASS D.b1_24x6
[14:18:30 #1030] [P18] PASS D.wide_360x90
[14:18:30 #1031] [P18] PASS D.bench_300x200
[14:18:30 #1032] [P18] PASS G.short_input
[14:18:30 #1033] [P18] PASS G.bad_signature
[14:18:30 #1034] [P18] bench 600x400 -> 300x200 in 0.5 ms
[14:18:30 #1035] [P18] PASS B.bench_ran
[14:18:30 #1036] [P18] bmp selftests done: 10 passed, 0 failed
[14:18:30 #1037] [P19] PASS D.basic_40x30
[14:18:30 #1038] [P19] PASS D.offset_30x8
[14:18:30 #1039] [P19] PASS D.trans_20x10
[14:18:30 #1040] [P19] PASS D.inter_16x16
[14:18:30 #1041] [P19] PASS D.multi_24x12
[14:18:30 #1042] [P19] PASS D.bench_300x200
[14:18:30 #1043] [P19] PASS G.short_input
[14:18:30 #1044] [P19] PASS G.bad_signature
[14:18:30 #1045] [P19] PASS G.trailer_no_image
[14:18:30 #1046] [P19] bench 600x400 -> 300x200 in 4.0 ms
[14:18:30 #1047] [P19] PASS B.bench_ran
[14:18:30 #1048] [P19] gif selftests done: 10 passed, 0 failed
[14:18:30 #1049] [P20] PASS D.flat_64x48
[14:18:30 #1050] [P20] PASS D.dcstripes_240x160
[14:18:30 #1051] [P20] PASS D.acblocks_32x24
[14:18:30 #1052] [P20] PASS D.restart_160x144
[14:18:30 #1053] [P20] PASS D.sub420_128x96
[14:18:30 #1054] [P20] PASS D.prog_dc_96x80
[14:18:30 #1055] [P20] PASS D.prog_multi_96x80
[14:18:30 #1056] [P20] PASS D.prog_refine_64x48
[14:18:30 #1057] [P20] PASS G.short_input
[14:18:30 #1058] [P20] PASS G.bad_signature
[14:18:30 #1059] [P20] PASS G.eoi_only
[14:18:30 #1060] [P20] PASS G.sof9_arithmetic
[14:18:30 #1061] [P20] PASS G.trunc_sof
[14:18:30 #1062] [P20] PASS D.pil_smoke_266x200
[14:18:30 #1063] [P20] bench 800x600 -> 266x200 in 3.8 ms
[14:18:30 #1064] [P20] PASS B.bench_ran
[14:18:30 #1065] [P20] jpeg selftests done: 15 passed, 0 failed
[14:18:30 #1066] [P21] PASS D.flat_dims
[14:18:30 #1067] [P21] PASS D.flat_cksum
[14:18:30 #1068] [P21] PASS D.flat_probes
[14:18:30 #1069] [P21] PASS D.gradient_dims
[14:18:30 #1070] [P21] PASS D.gradient_cksum
[14:18:30 #1071] [P21] PASS D.gradient_probes
[14:18:30 #1072] [P21] PASS D.palette_dims
[14:18:30 #1073] [P21] PASS D.palette_cksum
[14:18:30 #1074] [P21] PASS D.palette_probes
[14:18:30 #1075] [P21] PASS D.alpha_dims
[14:18:30 #1076] [P21] PASS D.alpha_cksum
[14:18:30 #1077] [P21] PASS D.alpha_probes
[14:18:30 #1078] [P21] PASS D.predictor_dims
[14:18:30 #1079] [P21] PASS D.predictor_cksum
[14:18:30 #1080] [P21] PASS D.predictor_probes
[14:18:30 #1081] [P21] PASS D.cache_dims
[14:18:30 #1082] [P21] PASS D.cache_cksum
[14:18:30 #1083] [P21] PASS D.cache_probes
[14:18:30 #1084] [P21] PASS D.meta_dims
[14:18:30 #1085] [P21] PASS D.meta_cksum
[14:18:30 #1086] [P21] PASS D.meta_probes
[14:18:30 #1087] [P21] PASS D.lossy_flat_dims
[14:18:30 #1088] [P21] PASS D.lossy_flat_cksum
[14:18:30 #1089] [P21] PASS D.lossy_flat_probes
[14:18:30 #1090] [P21] PASS D.lossy_grad_dims
[14:18:30 #1091] [P21] PASS D.lossy_grad_cksum
[14:18:30 #1092] [P21] PASS D.lossy_grad_probes
[14:18:30 #1093] [P21] PASS D.lossy_alpha_dims
[14:18:30 #1094] [P21] PASS D.lossy_alpha_cksum
[14:18:30 #1095] [P21] PASS D.lossy_alpha_probes
[14:18:30 #1096] [P21] PASS G.gradient_decode
[14:18:30 #1097] [P21] PASS G.gradient_dims
[14:18:30 #1098] [P21] PASS G.alpha_argb
[14:18:30 #1099] [P21] PASS G.flat_dims
[14:18:30 #1100] [P21] PASS X.badsig_reject
[14:18:30 #1101] [P21] PASS X.riff_short_reject
[14:18:30 #1102] [P21] PASS X.trunc_reject
[14:18:30 #1103] [P21] PASS X.lossy_trunc_reject
[14:18:30 #1104] [P21] PASS X.null_args_reject
[14:18:30 #1105] [P21] PASS A.anim_badsig_reject
[14:18:30 #1106] [P21] PASS A.decode
[14:18:30 #1107] [P21] PASS A.dims
[14:18:30 #1108] [P21] PASS A.meta
[14:18:30 #1109] [P21] PASS A.durations
[14:18:30 #1110] [P21] PASS A.f0_cksum
[14:18:30 #1111] [P21] PASS A.f1_cksum
[14:18:30 #1112] [P21] PASS A.f2_cksum
[14:18:30 #1113] [P21] PASS A.f3_cksum
[14:18:30 #1114] [P21] PASS A.probes
[14:18:30 #1115] [P21] PASS pil_smoke_266x200
[14:18:30 #1116] [P21] bench 266x200: 30 iters in 31.48 ms (1.049 ms/iter)
[14:18:30 #1117] [P21] PASS B.bench_ran
[14:18:30 #1118] [P21] PASS B.lossy_smoke
[14:18:31 #1119] [P22] bench lossy 48x32: 200 iters in 17.65 ms (0.088 ms/iter)
[14:18:31 #1120] [P21] PASS B.lossy_bench_ran
[14:18:31 #1121] [P21] webp selftests done: 53 passed, 0 failed
[14:18:31 #1122] [P23] PASS D.i_32bpp_dims
[14:18:31 #1123] [P23] PASS D.i_32bpp_cksum
[14:18:31 #1124] [P23] PASS D.i_32bpp_probes
[14:18:31 #1125] [P23] PASS D.i_24bpp_masked_dims
[14:18:31 #1126] [P23] PASS D.i_24bpp_masked_cksum
[14:18:31 #1127] [P23] PASS D.i_24bpp_masked_probes
[14:18:31 #1128] [P23] PASS D.i_8bpp_nomask_dims
[14:18:31 #1129] [P23] PASS D.i_8bpp_nomask_cksum
[14:18:31 #1130] [P23] PASS D.i_8bpp_nomask_probes
[14:18:31 #1131] [P23] PASS D.i_4bpp_dims
[14:18:31 #1132] [P23] PASS D.i_4bpp_cksum
[14:18:31 #1133] [P23] PASS D.i_4bpp_probes
[14:18:31 #1134] [P23] PASS D.i_1bpp_dims
[14:18:31 #1135] [P23] PASS D.i_1bpp_cksum
[14:18:31 #1136] [P23] PASS D.i_1bpp_probes
[14:18:31 #1137] [P23] PASS D.i_topdown_dims
[14:18:31 #1138] [P23] PASS D.i_topdown_cksum
[14:18:31 #1139] [P23] PASS D.i_topdown_probes
[14:18:31 #1140] [P23] PASS D.i_scaled_dims
[14:18:31 #1141] [P23] PASS D.i_scaled_cksum
[14:18:31 #1142] [P23] PASS D.i_scaled_probes
[14:18:31 #1143] [P23] PASS D.i_png_entry_dims
[14:18:31 #1144] [P23] PASS D.i_png_entry_cksum
[14:18:31 #1145] [P23] PASS D.i_png_entry_probes
[14:18:31 #1146] [P23] PASS D.i_png_fallback_dims
[14:18:31 #1147] [P23] PASS D.i_png_fallback_cksum
[14:18:31 #1148] [P23] PASS D.i_png_fallback_probes
[14:18:31 #1149] [P23] PASS D.i_multi_dims
[14:18:31 #1150] [P23] PASS D.i_multi_cksum
[14:18:31 #1151] [P23] PASS D.i_multi_probes
[14:18:31 #1152] [P23] PASS D.i_cursor_dims
[14:18:31 #1153] [P23] PASS D.i_cursor_cksum
[14:18:31 #1154] [P23] PASS D.i_cursor_probes
[14:18:31 #1155] [P23] PASS G.bad_reserved
[14:18:31 #1156] [P23] PASS G.bad_type
[14:18:31 #1157] [P23] PASS G.count_zero
[14:18:31 #1158] [P23] PASS G.no_entries
[14:18:31 #1159] [P23] PASS G.all_fail_dib
[14:18:31 #1160] [P23] PASS G.null_args_reject
[14:18:31 #1161] [P23] PASS B.smoke_266x200
[14:18:31 #1162] [P23] bench ico 266x200: 100 iters in 82.93 ms (0.829 ms/iter)
[14:18:31 #1163] [P23] PASS B.bench_ran
[14:18:31 #1164] [P23] ico selftests done: 41 passed, 0 failed
[14:18:31 #1165] [P24] PASS D.s_rects_dims
[14:18:31 #1166] [P24] PASS D.s_rects_cksum
[14:18:31 #1167] [P24] PASS D.s_rects_drawn
[14:18:31 #1168] [P24] PASS D.s_rects_probes
[14:18:31 #1169] [P24] PASS D.s_shapes_dims
[14:18:31 #1170] [P24] PASS D.s_shapes_cksum
[14:18:31 #1171] [P24] PASS D.s_shapes_drawn
[14:18:31 #1172] [P24] PASS D.s_shapes_probes
[14:18:31 #1173] [P24] PASS D.s_path_basic_dims
[14:18:31 #1174] [P24] PASS D.s_path_basic_cksum
[14:18:31 #1175] [P24] PASS D.s_path_basic_drawn
[14:18:31 #1176] [P24] PASS D.s_path_basic_probes
[14:18:31 #1177] [P24] PASS D.s_path_curves_dims
[14:18:31 #1178] [P24] PASS D.s_path_curves_cksum
[14:18:31 #1179] [P24] PASS D.s_path_curves_drawn
[14:18:31 #1180] [P24] PASS D.s_path_curves_probes
[14:18:31 #1181] [P24] PASS D.s_arc_dims
[14:18:31 #1182] [P24] PASS D.s_arc_cksum
[14:18:31 #1183] [P24] PASS D.s_arc_drawn
[14:18:31 #1184] [P24] PASS D.s_arc_probes
[14:18:31 #1185] [P24] PASS D.s_use_defs_dims
[14:18:31 #1186] [P24] PASS D.s_use_defs_cksum
[14:18:31 #1187] [P24] PASS D.s_use_defs_drawn
[14:18:31 #1188] [P24] PASS D.s_use_defs_probes
[14:18:31 #1189] [P24] PASS D.s_nested_skip_dims
[14:18:31 #1190] [P24] PASS D.s_nested_skip_cksum
[14:18:31 #1191] [P24] PASS D.s_nested_skip_drawn
[14:18:31 #1192] [P24] PASS D.s_nested_skip_probes
[14:18:31 #1193] [P24] PASS D.s_style_attr_dims
[14:18:31 #1194] [P24] PASS D.s_style_attr_cksum
[14:18:31 #1195] [P24] PASS D.s_style_attr_drawn
[14:18:31 #1196] [P24] PASS D.s_style_attr_probes
[14:18:31 #1197] [P24] PASS D.s_viewbox_offset_dims
[14:18:31 #1198] [P24] PASS D.s_viewbox_offset_cksum
[14:18:31 #1199] [P24] PASS D.s_viewbox_offset_drawn
[14:18:31 #1200] [P24] PASS D.s_viewbox_offset_probes
[14:18:31 #1201] [P24] PASS D.s_comments_dims
[14:18:31 #1202] [P24] PASS D.s_comments_cksum
[14:18:31 #1203] [P24] PASS D.s_comments_drawn
[14:18:31 #1204] [P24] PASS D.s_comments_probes
[14:18:31 #1205] [P24] PASS G.no_svg
[14:18:31 #1206] [P24] PASS G.zero_drawn
[14:18:31 #1207] [P24] PASS G.bad_dims
[14:18:31 #1208] [P24] PASS G.trunc_tag
[14:18:31 #1209] [P24] PASS G.null_args_reject
[14:18:31 #1210] [P24] PASS B.smoke_192x192
[14:18:31 #1211] [P24] bench svg 192x192: 100 iters in 2.07 ms (0.021 ms/iter)
[14:18:31 #1212] [P24] PASS B.bench_ran
[14:18:31 #1213] [P24] svg selftests done: 47 passed, 0 failed
[14:18:31 #1214] [P25] PASS D.bmp_sync
[14:18:31 #1215] [P25] PASS D.ico_sync
[14:18:31 #1216] [P25] PASS D.svg_sniff
[14:18:31 #1217] [P25] PASS G.short_body
[14:18:31 #1218] [P25] PASS G.garbage_text
[14:18:31 #1219] [P05] task queued (queue=1)
[14:18:31 #1220] [P25] PASS A.png_async_null
[14:18:31 #1221] [P05] task queued (queue=2)
[14:18:31 #1222] [P25] PASS A.gif_async_null
[14:18:31 #1223] [P25] PASS A.unknown_state
[14:18:31 #1224] [P25] PASS A.guards_safe
[14:18:31 #1225] [P25] image decoder selftests done: 9 passed, 0 failed
[14:18:31 #1226] [P25] image decoder ready
[14:18:31 #1227] [P26] PASS P.parse_ok
[14:18:31 #1228] [P26] PASS P.title
[14:18:31 #1229] [P26] PASS P.elements_count
[14:18:31 #1230] [P26] PASS B.item_count
[14:18:31 #1231] [P26] PASS B.item_types_order
[14:18:31 #1232] [P26] PASS B.y_offset_content_y
[14:18:31 #1233] [P26] PASS B.text_copy
[14:18:31 #1234] [P26] PASS F.large_heading1
[14:18:31 #1235] [P26] PASS F.bold_bodyBold
[14:18:31 #1236] [P26] PASS F.mono_mono
[14:18:31 #1237] [P26] PASS F.default_body
[14:18:31 #1238] [P26] PASS I.src_alt_default
[14:18:31 #1239] [P26] PASS N.input_fields
[14:18:31 #1240] [P26] PASS N.submit_fields
[14:18:31 #1241] [P26] PASS S.total_height_kept
[14:18:31 #1242] [P26] PASS X.no_selected_input
[14:18:31 #1243] [P26] PASS B.negative_y_skipped
[14:18:31 #1244] [P26] PASS L.lm_count_3
[14:18:31 #1245] [P26] PASS L.form_links_2
[14:18:31 #1246] [P26] PASS L.input_blocks_wired
[14:18:31 #1247] [P26] CloudLayout.parse failed: expected object key at offset 19
[14:18:31 #1248] [P26] PASS E.doc_returned
[14:18:31 #1249] [P26] PASS E.title_parse_error
[14:18:31 #1250] [P26] PASS E.elements_empty
[14:18:31 #1251] [P26] PASS E.build_resets_to_content_h
[14:18:31 #1252] [P26] PASS D.doc_returned
[14:18:31 #1253] [P26] PASS D.title_default
[14:18:31 #1254] [P26] PASS D.height_default
[14:18:31 #1255] [P26] PASS D.elements_default_empty
[14:18:31 #1256] [P26] PASS D.build_empty_resets
[14:18:31 #1257] [P26] PASS G.null_doc_safe
[14:18:31 #1258] [P26] CloudLayout.parse failed: unexpected end of input at offset 0
[14:18:31 #1259] [P26] PASS G.null_json_is_parse_error
[14:18:31 #1260] [P26] PASS G.item_at_oob
[14:18:31 #1261] [P26] PASS R.rebuild_stable
[14:18:31 #1262] [P26] CloudLayout selftest complete: 33 passed, 0 failed
[14:18:31 #1263] [P26] cloud layout ready
[14:18:31 #1264] [P27] PASS H.null_default
[14:18:31 #1265] [P27] PASS H.empty_default
[14:18:31 #1266] [P27] PASS H.about_home
[14:18:31 #1267] [P27] PASS H.about_nohost
[14:18:31 #1268] [P27] PASS H.about_docs
[14:18:31 #1269] [P27] PASS H.web_emptyhost_default
[14:18:31 #1270] [P27] PASS H.simple
[14:18:31 #1271] [P27] PASS H.len28_kept
[14:18:31 #1272] [P27] PASS H.len29_clipped
[14:18:31 #1273] [P27] PASS A.comet_groups_12phase
[14:18:31 #1274] [P27] PASS P.known_half
[14:18:31 #1275] [P27] PASS P.known_clamp_over
[14:18:31 #1276] [P27] PASS P.indet_frame0
[14:18:31 #1277] [P27] PASS P.indet_frame33
[14:18:31 #1278] [P27] PASS P.indet_wrap34
[14:18:31 #1279] [P27] PASS S.no_bar_at_content_h
[14:18:31 #1280] [P27] PASS S.no_bar_short_page
[14:18:31 #1281] [P27] PASS S.double_height_mid
[14:18:31 #1282] [P27] PASS S.clamp_negative
[14:18:31 #1283] [P27] PASS S.clamp_over
[14:18:31 #1284] [P27] PASS S.min_thumb_h
[14:18:31 #1285] [P27] PASS C.link_prefix
[14:18:31 #1286] [P27] PASS C.link_null_href
[14:18:31 #1287] [P27] PASS C.link_len56_kept
[14:18:31 #1288] [P27] PASS C.link_len57_clipped
[14:18:31 #1289] [P27] PASS C.hover_len50_kept
[14:18:31 #1290] [P27] PASS C.hover_len51_clipped
[14:18:31 #1291] [P27] PASS C.hover_empty
[14:18:31 #1292] [P27] UI selftest complete: 28 passed, 0 failed
[14:18:31 #1293] [P27] chrome/hud ready
[14:18:31 #1294] update callback registered
[14:18:31 #1295] [P05] task done
[14:18:31 #1296] [P05] gc drain (no-op in C)
[14:18:31 #1297] first frame rendered
[14:18:31 #1298] [P27] chrome clock renders 10:18
[14:18:31 #1299] [P05] task done
[14:18:31 #1300] [P05] gc drain (no-op in C)
[14:18:35 #1301] [P07] bench start https://wiesmann.codiferes.net/share/bitmaps/
[14:18:36 #1302] [P25] e2e enqueue png/bmp/404
[14:18:37 #1303] [P26] fixture built: items=6 totalH=500
[14:18:38 #1304] [P07] bench OK https://wiesmann.codiferes.net/share/bitmaps/ status=200 bytes=5217 ms=3619 kbps=1
[14:18:38 #1305] [P07] bench start http://wiesmann.codiferes.net/share/bitmaps/test_image_4c.png
[14:18:39 #1306] [P07] bench OK http://wiesmann.codiferes.net/share/bitmaps/test_image_4c.png status=404 bytes=996 ms=298 kbps=3
[14:18:39 #1307] [P07] benchmark done
[14:18:39 #1308] [P05] task queued (queue=1)
[14:18:39 #1309] [P05] task done
[14:18:39 #1310] [P05] gc drain (no-op in C)
[14:18:39 #1311] [P25] e2e resolved in 3798 ms (png 266x200, bmp decoded=1, 404 cached-as-failed=1)
[14:18:41 #1312] heartbeat frame=300
