=== PlutoBrowser crash log ===
gamePath: unknown
[23:35:50 #1] PlutoBrowser boot (C port of CometBrowser)
[23:35:50 #2] constants: screen=400x240 chrome=24 contentY=24 contentH=216
[23:35:50 #3] [P02] util selftests begin
[23:35:50 #4] [P02] PASS mem.malloc
[23:35:50 #5] [P02] PASS mem.realloc_preserves
[23:35:50 #6] [P02] PASS mem.strdup
[23:35:50 #7] [P02] PASS mem.strndup
[23:35:50 #8] [P02] PASS mem.free_null
[23:35:50 #9] [P02] PASS strbuf.init
[23:35:50 #10] [P02] PASS strbuf.append_str
[23:35:50 #11] [P02] PASS strbuf.append_char
[23:35:50 #12] [P02] PASS strbuf.embedded_nul
[23:35:50 #13] [P02] PASS strbuf.clear_keeps_cap
[23:35:50 #14] [P02] PASS strbuf.printf
[23:35:50 #15] [P02] PASS strbuf.grow_500
[23:35:50 #16] [P02] PASS strbuf.detach
[23:35:50 #17] [P02] PASS strbuf.detach_resets
[23:35:50 #18] [P02] PASS strbuf.free_idempotent
[23:35:50 #19] [P02] PASS dynarray.init
[23:35:50 #20] [P02] PASS dynarray.push_100_grow
[23:35:50 #21] [P02] PASS dynarray.get_mid
[23:35:50 #22] [P02] PASS dynarray.last
[23:35:50 #23] [P02] PASS dynarray.pop
[23:35:50 #24] [P02] PASS dynarray.get_oob_null
[23:35:50 #25] [P02] PASS dynarray.free
[23:35:50 #26] [P02] PASS strmap.create
[23:35:50 #27] [P02] PASS strmap.put_get
[23:35:50 #28] [P02] PASS strmap.replace_value
[23:35:50 #29] [P02] PASS strmap.has_false
[23:35:50 #30] [P02] PASS strmap.get_missing_null
[23:35:50 #31] [P02] PASS strmap.200_keys_rehash
[23:35:50 #32] [P02] PASS strmap.get_after_rehash
[23:35:50 #33] [P02] PASS strmap.remove
[23:35:50 #34] [P02] PASS strmap.remove_twice_false
[23:35:50 #35] [P02] PASS strmap.survivor_intact
[23:35:50 #36] [P02] PASS strmap.foreach_null_fn_safe
[23:35:50 #37] [P02] PASS strmap.destroy
[23:35:50 #38] [P02] PASS lpat.trim_spaces
[23:35:50 #39] [P02] PASS lpat.trim_empty
[23:35:50 #40] [P02] PASS lpat.trim_only_spaces
[23:35:50 #41] [P02] PASS lpat.scheme_split
[23:35:50 #42] [P02] PASS lpat.scheme_no_match
[23:35:50 #43] [P02] PASS lpat.host_path_no_match_lua
[23:35:50 #44] [P02] PASS lpat.host_bare_no_match_lua
[23:35:50 #45] [P02] PASS lpat.host_reject_spaces
[23:35:50 #46] [P02] PASS lpat.host_trailing_qmark_lua
[23:35:50 #47] [P02] PASS lpat.attr_dquote_1
[23:35:50 #48] [P02] PASS lpat.attr_dquote_2
[23:35:50 #49] [P02] PASS lpat.attr_dquote_done
[23:35:50 #50] [P02] PASS lpat.attr_squote_1
[23:35:50 #51] [P02] PASS lpat.attr_squote_2
[23:35:50 #52] [P02] PASS lpat.attr_squote_done
[23:35:50 #53] [P02] PASS lpat.pathcmd_M
[23:35:50 #54] [P02] PASS lpat.pathcmd_L
[23:35:50 #55] [P02] PASS lpat.pathcmd_Z_empty_arg
[23:35:50 #56] [P02] PASS lpat.pathcmd_done
[23:35:50 #57] [P02] PASS lpat.entity_named_amp
[23:35:50 #58] [P02] PASS lpat.entity_named_lt
[23:35:50 #59] [P02] PASS lpat.entity_named_skips_dec
[23:35:50 #60] [P02] PASS lpat.entity_decimal
[23:35:50 #61] [P02] PASS lpat.entity_hex_lower_x
[23:35:50 #62] [P02] PASS lpat.entity_hex_upper_X
[23:35:50 #63] [P02] PASS lpat.entity_hex_done
[23:35:50 #64] [P02] PASS lpat.charset_utf8
[23:35:50 #65] [P02] PASS lpat.http_status
[23:35:50 #66] [P02] PASS lpat.meta_refresh_url_upper
[23:35:50 #67] [P02] PASS lpat.meta_refresh_frac
[23:35:50 #68] [P02] PASS lpat.viewbox_four_caps
[23:35:50 #69] [P02] PASS lpat.tag_div_attrs
[23:35:50 #70] [P02] PASS lpat.tag_br_selfclose
[23:35:50 #71] [P02] PASS lpat.tag_close_not_matched
[23:35:50 #72] [P02] PASS lpat.css_prop_lua_truth
[23:35:50 #73] [P02] PASS lpat.cookie_pair
[23:35:50 #74] [P02] PASS lpat.tokens_a
[23:35:50 #75] [P02] PASS lpat.tokens_bb
[23:35:50 #76] [P02] PASS lpat.tokens_ccc
[23:35:50 #77] [P02] PASS lpat.tokens_done
[23:35:50 #78] [P02] PASS lpat.lazy_dash
[23:35:50 #79] [P02] PASS lpat.greedy_star
[23:35:50 #80] [P02] PASS lpat.endpunct_true
[23:35:50 #81] [P02] PASS lpat.endpunct_false
[23:35:50 #82] [P02] PASS lpat.escape_dot
[23:35:50 #83] [P02] PASS lpat.escape_percent
[23:35:50 #84] [P02] PASS lpat.escape_dash_outside_set
[23:35:50 #85] [P02] PASS lpat.gsub_fn_hexdecode
[23:35:50 #86] [P02] PASS lpat.gsub_fn_encode
[23:35:50 #87] [P02] PASS lpat.find_init_offset
[23:35:50 #88] [P02] PASS lpat.find_plain
[23:35:50 #89] [P02] PASS lpat.find_plain_miss
[23:35:50 #90] [P02] PASS lpat.gsub_template_trim
[23:35:50 #91] [P02] PASS lpat.gsub_crlf
[23:35:50 #92] [P02] PASS lpat.gsub_count3
[23:35:50 #93] [P02] PASS lpat.gsub_empty_matches
[23:35:50 #94] [P02] PASS lpat.negclass_A
[23:35:50 #95] [P02] PASS lpat.negclass_done
[23:35:50 #96] [P02] PASS lpat.set_leading_bracket
[23:35:50 #97] [P02] PASS lpat.nul_subject_first
[23:35:50 #98] [P02] PASS lpat.nul_subject_second
[23:35:50 #99] [P02] PASS lpat.nul_subject_done
[23:35:50 #100] [P02] PASS lpat.position_capture
[23:35:50 #101] [P02] PASS lpat.balance
[23:35:50 #102] [P02] PASS lpat.frontier_THE
[23:35:50 #103] [P02] PASS lpat.frontier_quick
[23:35:50 #104] [P02] PASS lpat.frontier_fox
[23:35:50 #105] [P02] PASS lpat.frontier_done
[23:35:50 #106] [P02] PASS lpat.opt_without_u
[23:35:50 #107] [P02] PASS lpat.opt_with_u
[23:35:50 #108] [P02] PASS lpat.ip_anchor_ok
[23:35:50 #109] [P02] PASS lpat.ip_anchor_trailing_fail
[23:35:50 #110] ERROR: luapattern: malformed pattern (missing ])  ||  stack: src/util/luapattern.c:79
[23:35:50 #111] [P02] PASS lpat.malformed_set_err
[23:35:50 #112] [P02] PASS json.parse_fixture
[23:35:50 #113] [P02] PASS json.obj_string
[23:35:50 #114] [P02] PASS json.negative_int
[23:35:50 #115] [P02] PASS json.float
[23:35:50 #116] [P02] PASS json.exponent
[23:35:50 #117] [P02] PASS json.bool_true
[23:35:50 #118] [P02] PASS json.null_value
[23:35:50 #119] [P02] PASS json.absent_key
[23:35:50 #120] [P02] PASS json.arr_count
[23:35:50 #121] [P02] PASS json.arr_num
[23:35:50 #122] [P02] PASS json.arr_null_elem
[23:35:50 #123] [P02] PASS json.arr_nested_obj
[23:35:50 #124] [P02] PASS json.escapes_unicode_surrogate
[23:35:50 #125] [P02] PASS json.trailing_data_error
[23:35:50 #126] [P02] PASS json.bad_value_error
[23:35:50 #127] [P02] PASS json.unterminated_error
[23:35:50 #128] [P02] PASS json.roundtrip_parse
[23:35:50 #129] [P02] PASS json.roundtrip_stable
[23:35:50 #130] [P02] PASS json.roundtrip_arr_value
[23:35:50 #131] [P02] PASS json.roundtrip_nested_bool
[23:35:50 #132] [P02] PASS json.obj_set_replace
[23:35:50 #133] [P02] util selftests done: 128 passed, 0 failed
[23:35:50 #134] [P03] url selftests begin
[23:35:50 #135] [P03] PASS url.parse.empty
[23:35:50 #136] [P03] PASS url.parse.https_host
[23:35:50 #137] [P03] PASS url.parse.full
[23:35:50 #138] [P03] PASS url.parse.no_scheme
[23:35:50 #139] [P03] PASS url.parse.empty_host
[23:35:50 #140] [P03] PASS url.parse.ftp_custom_port
[23:35:50 #141] [P03] PASS url.parse.userinfo_quirk
[23:35:50 #142] [P03] PASS url.parse.colon_empty_port
[23:35:50 #143] [P03] PASS url.parse.port_zero
[23:35:50 #144] [P03] PASS url.parse.spaces_trimmed
[23:35:50 #145] [P03] PASS url.parse.about_blank
[23:35:50 #146] [P03] PASS url.parse.about_home
[23:35:50 #147] [P03] PASS url.parse.case_fold
[23:35:50 #148] [P03] PASS url.parse.ip_host
[23:35:50 #149] [P03] PASS url.parse.raw_trimmed
[23:35:50 #150] [P03] PASS url.parse.junk_port_ignored
[23:35:50 #151] [P03] PASS enc.plain
[23:35:50 #152] [P03] PASS enc.specials
[23:35:50 #153] [P03] PASS enc.unreserved_kept
[23:35:50 #154] [P03] PASS enc.plus_encoded
[23:35:50 #155] [P03] PASS enc.utf8
[23:35:50 #156] [P03] PASS enc.percent_literal
[23:35:50 #157] [P03] PASS enc.newline_crlf
[23:35:50 #158] [P03] PASS enc.empty
[23:35:50 #159] [P03] PASS dec.plus_space
[23:35:50 #160] [P03] PASS dec.pct_utf8
[23:35:50 #161] [P03] PASS dec.mixed
[23:35:50 #162] [P03] PASS dec.invalid_pct_kept
[23:35:50 #163] [P03] PASS dec.truncated_pct_kept
[23:35:50 #164] [P03] PASS dec.empty
[23:35:50 #165] [P03] PASS url.roundtrip
[23:35:50 #166] [P03] PASS isq.null_false
[23:35:50 #167] [P03] PASS isq.empty_false
[23:35:50 #168] [P03] PASS isq.spaces_query
[23:35:50 #169] [P03] PASS isq.dot_url
[23:35:50 #170] [P03] PASS isq.bare_word_query
[23:35:50 #171] [P03] PASS isq.leading_dot_query
[23:35:50 #172] [P03] PASS isq.trailing_dot_query
[23:35:50 #173] [P03] PASS isq.ip_url
[23:35:50 #174] [P03] PASS isq.localhost_url
[23:35:50 #175] [P03] PASS isq.localhost_suffix_url
[23:35:50 #176] [P03] PASS isq.https_url
[23:35:50 #177] [P03] PASS isq.about_url
[23:35:50 #178] [P03] PASS isq.file_url
[23:35:50 #179] [P03] PASS isq.spaces_only_is_query
[23:35:50 #180] [P03] PASS isq.upper_scheme_via_dot_rule
[23:35:50 #181] [P03] PASS isq.trimmed_before_dot_rule
[23:35:50 #182] [P03] PASS unwrap.ddg_uddg
[23:35:50 #183] [P03] PASS unwrap.non_ddg_false
[23:35:50 #184] [P03] PASS wrap.missing_uddg_false
[23:35:50 #185] [P03] PASS resolve.same_dir
[23:35:50 #186] [P03] PASS resolve.subdir
[23:35:50 #187] [P03] PASS resolve.root_rel
[23:35:50 #188] [P03] PASS resolve.protocol_relative
[23:35:50 #189] [P03] PASS resolve.anchor
[23:35:50 #190] [P03] PASS resolve.query_only
[23:35:50 #191] [P03] PASS resolve.custom_port_base
[23:35:50 #192] [P03] PASS resolve.anchor_keeps_query
[23:35:50 #193] [P03] PASS resolve.query_replaces
[23:35:50 #194] [P03] PASS resolve.dot_slash
[23:35:50 #195] [P03] PASS resolve.dotdot
[23:35:50 #196] [P03] PASS resolve.dotdot_clamped_root
[23:35:50 #197] [P03] PASS resolve.deep_beyond_root_dropped
[23:35:50 #198] [P03] PASS resolve.about_passthrough
[23:35:50 #199] [P03] PASS resolve.data_passthrough
[23:35:50 #200] [P03] PASS resolve.js_passthrough
[23:35:50 #201] [P03] PASS resolve.absolute_verbatim_case
[23:35:50 #202] [P03] PASS resolve.mailto_not_special
[23:35:50 #203] [P03] PASS resolve.empty_returns_base
[23:35:50 #204] [P03] PASS searchurl.ddg
[23:35:50 #205] [P03] url selftests done: 70 passed, 0 failed
[23:35:50 #206] [P04] storage+cookiejar selftests begin
[23:35:50 #207] [P04] PASS ts.epoch1970
[23:35:50 #208] [P04] PASS ts.bttf2015
[23:35:50 #209] [P04] PASS ts.leap2000feb29
[23:35:50 #210] [P04] PASS ts.neg1969
[23:35:50 #211] [P04] PASS ts.clamp_month0
[23:35:50 #212] [P04] PASS ts.clamp_month13
[23:35:50 #213] [P04] PASS ts.clamp_year_neg
[23:35:50 #214] [P04] PASS ts.clamp_day0
[23:35:50 #215] [P04] PASS ts.floor_frac
[23:35:50 #216] [P04] PASS ts.frac_hour
[23:35:50 #217] [P04] PASS ts.nil_hms_zeroed
[23:35:50 #218] [P04] PASS date.imf_fixdate
[23:35:50 #219] [P04] PASS date.rfc850_4digit
[23:35:50 #220] [P04] PASS date.rfc850_2digit
[23:35:50 #221] [P04] PASS date.rfc850_pivot69
[23:35:50 #222] [P04] PASS date.asctime_dblspace_nil
[23:35:50 #223] [P04] PASS date.asctime_single_space
[23:35:50 #224] [P04] PASS date.lowercase_month_nil
[23:35:50 #225] [P04] PASS date.garbage_nil
[23:35:50 #226] [P04] PASS date.trailing_junk_ok
[23:35:50 #227] [P04] PASS date.no_weekday_nil
[23:35:50 #228] [P04] PASS date.empty_nil
[23:35:50 #229] [P04] PASS sc01.basic
[23:35:50 #230] [P04] PASS sc02.attrs
[23:35:50 #231] [P04] PASS sc03.domain_dot
[23:35:50 #232] [P04] PASS sc04.domain_exact
[23:35:50 #233] [P04] PASS sc05.domain_suffix
[23:35:50 #234] [P04] PASS sc06.domain_localhost
[23:35:50 #235] [P04] PASS sc07.domain_foreign_reject
[23:35:50 #236] [P04] PASS sc08.domain_undotted_reject
[23:35:50 #237] [P04] PASS sc09.path_noslash
[23:35:50 #238] [P04] PASS sc10.samesite_lax
[23:35:50 #239] [P04] PASS sc11.samesite_weird_ignored
[23:35:50 #240] [P04] PASS sc12.maxage_future
[23:35:50 #241] [P04] PASS sc13.maxage_zero_del
[23:35:50 #242] [P04] PASS sc14.maxage_negative_del
[23:35:50 #243] [P04] PASS sc15.maxage_junk_ignored
[23:35:50 #244] [P04] PASS sc16.expires_imf
[23:35:50 #245] [P04] PASS sc17.expires_asctime
[23:35:50 #246] [P04] PASS sc18.expires_garbage_ignored
[23:35:50 #247] [P04] PASS sc19.expires_then_maxage_wins
[23:35:50 #248] [P04] PASS sc20.maxage_then_expires_skipped
[23:35:50 #249] [P04] PASS rej.space_in_pair
[23:35:50 #250] [P04] PASS rej.bad_name
[23:35:50 #251] [P04] PASS rej.no_name
[23:35:50 #252] [P04] PASS rej.quote_in_value
[23:35:50 #253] [P04] PASS rej.comma_in_value
[23:35:50 #254] [P04] PASS rej.no_equals
[23:35:50 #255] [P04] PASS sc27.empty_value_ok
[23:35:50 #256] [P04] PASS sc32.dollar_name_ok
[23:35:50 #257] [P04] PASS sc33.empty_attrs_skipped
[23:35:50 #258] [P04] PASS rej.empty_host_raw
[23:35:50 #259] [P04] PASS rej.null_host
[23:35:50 #260] [P04] PASS rej.null_raw
[23:35:50 #261] [P04] PASS rej.ws_only_raw
[23:35:50 #262] [P04] PASS hdr.two_cookies
[23:35:50 #263] [P04] PASS hdr.replace_moves_end
[23:35:50 #264] [P04] PASS store.replace_count
[23:35:50 #265] [P04] PASS hdr.after_delete
[23:35:50 #266] [P04] PASS store.delete_count
[23:35:50 #267] [P04] PASS hdr.domain_cookie
[23:35:50 #268] [P04] PASS hdr.cross_host_isolated
[23:35:50 #269] [P04] PASS store.domain_count
[23:35:50 #270] [P04] PASS hdr.secure_blocked_http
[23:35:50 #271] [P04] PASS hdr.secure_allowed_https
[23:35:50 #272] [P04] PASS store.secure_count
[23:35:50 #273] [P04] PASS hdr.path_prefix_no
[23:35:50 #274] [P04] PASS hdr.path_exact_yes
[23:35:50 #275] [P04] PASS hdr.path_subdir_yes
[23:35:50 #276] [P04] PASS hdr.path_boundary_no
[23:35:50 #277] [P04] PASS store.docs_count
[23:35:51 #278] [P04] PASS cap.count300
[23:35:51 #279] [P04] PASS cap.first_evicted_to_c6
[23:35:51 #280] [P04] PASS cap.last_is_c305
[23:35:51 #281] [P04] PASS cap.future_expires_stored_evicts
[23:35:51 #282] [P04] PASS clear.zeroes
[23:35:51 #283] [P04] PASS exp.stored
[23:35:51 #284] [P04] PASS exp.alive_before
[23:35:51 #285] [P04] PASS exp.pruned_after
[23:35:51 #286] [P04] PASS exp.list_empty_after_prune
[23:35:51 #287] [P04] PASS st.defaults_bm9
[23:35:51 #288] [P04] PASS st.default_bm1_fields
[23:35:51 #289] [P04] PASS st.default_bm8_title
[23:35:51 #290] [P04] PASS st.default_settings
[23:35:51 #291] [P04] PASS hist.about_and_empty_skipped
[23:35:51 #292] [P04] PASS hist.two_added
[23:35:51 #293] [P04] PASS hist.insert_front_order
[23:35:51 #294] [P04] PASS hist.time_hhmm
[23:35:51 #295] [P04] PASS hist.dedup_count
[23:35:51 #296] [P04] PASS hist.dedup_moves_front_title_defaults_url
[23:35:51 #297] [P04] PASS hist.cap50
[23:35:51 #298] [P04] PASS hist.cap_newest_first
[23:35:51 #299] [P04] PASS hist.cap_oldest_evicted_fill1to5_gone
[23:35:51 #300] [P04] PASS bm.is_true
[23:35:51 #301] [P04] PASS bm.is_false
[23:35:51 #302] [P04] PASS bm.add_empty_rejected
[23:35:51 #303] [P04] PASS bm.dup_returns_true
[23:35:51 #304] [P04] PASS bm.dup_updates_title_only_keeps_desc
[23:35:51 #305] [P04] PASS bm.append_true
[23:35:51 #306] [P04] PASS bm.appended_last
[23:35:51 #307] [P04] PASS bm.remove_valid
[23:35:51 #308] [P04] PASS bm.remove_zero_invalid
[23:35:51 #309] [P04] PASS bm.remove_big_invalid
[23:35:51 #310] [P04] PASS st.save_ok
[23:35:51 #311] [P04] PASS st.load_ok
[23:35:51 #312] [P04] PASS st.roundtrip_bm9
[23:35:51 #313] [P04] PASS st.roundtrip_bm1
[23:35:51 #314] [P04] PASS st.roundtrip_hist_top
[23:35:51 #315] [P04] PASS st.roundtrip_settings
[23:35:51 #316] [P04] PASS st.save_empty_bm
[23:35:51 #317] [P04] PASS st.load_empty_bm
[23:35:51 #318] [P04] PASS st.empty_bm_falls_back_to_defaults
[23:35:51 #319] [P04] PASS st.empty_bm_default_google
[23:35:51 #320] [P04] PASS num.junk_fail
[23:35:51 #321] [P04] PASS num.empty_fail
[23:35:51 #322] [P04] PASS num.comma_fail
[23:35:51 #323] [P04] PASS num.ws_trimmed
[23:35:51 #324] [P04] PASS num.hex
[23:35:51 #325] [P04] PASS num.exponent
[23:35:51 #326] [P04] storage+cookiejar selftests done: 119 passed, 0 failed
[23:35:51 #327] [P05] task queued (queue=1)
[23:35:51 #328] [P05] PASS run.is_running_immediately
[23:35:51 #329] [P05] PASS run.progress_reset_immediately
[23:35:51 #330] [P05] PASS run.step_not_called_before_update
[23:35:51 #331] [P05] task done
[23:35:51 #332] [P05] gc drain (no-op in C)
[23:35:51 #333] [P05] PASS done.no_callback_when_null_onComplete
[23:35:51 #334] [P05] PASS done.queue_emptied_progress_forced_one
[23:35:51 #335] [P05] task queued (queue=1)
[23:35:51 #336] [P05] task done
[23:35:51 #337] [P05] gc drain (no-op in C)
[23:35:51 #338] [P05] PASS budget.first_yield_at_iter64
[23:35:51 #339] [P05] PASS budget.frames16_for_1000iters_at20ms
[23:35:51 #340] [P05] task queued (queue=1)
[23:35:51 #341] [P05] task done
[23:35:51 #342] [P05] gc drain (no-op in C)
[23:35:51 #343] [P05] PASS budget.frozen_clock_single_frame
[23:35:51 #344] [P05] PASS outside.never_yields
[23:35:51 #345] [P05] task queued (queue=1)
[23:35:51 #346] [P05] task error: Parse Error: boom
[23:35:51 #347] [P05] gc drain (no-op in C)
[23:35:51 #348] [P05] PASS err.onError_not_onComplete
[23:35:51 #349] [P05] PASS err.message_delivered_verbatim
[23:35:51 #350] [P05] PASS err.progress_keeps_task_report
[23:35:51 #351] [P05] task queued (queue=1)
[23:35:51 #352] [P05] task error: task error
[23:35:51 #353] [P05] gc drain (no-op in C)
[23:35:51 #354] [P05] PASS err.default_message
[23:35:51 #355] [P05] task queued (queue=1)
[23:35:51 #356] [P05] task queued (queue=2)
[23:35:51 #357] [P05] PASS fifo.two_queued
[23:35:51 #358] [P05] task done
[23:35:51 #359] [P05] gc drain (no-op in C)
[23:35:51 #360] [P05] PASS fifo.upd1_only_head_a
[23:35:51 #361] [P05] task done
[23:35:51 #362] [P05] gc drain (no-op in C)
[23:35:51 #363] [P05] PASS fifo.upd2_then_b
[23:35:51 #364] [P05] PASS fifo.upd3_idle
[23:35:51 #365] [P05] task queued (queue=1)
[23:35:51 #366] [P05] PASS prog.reset_by_run
[23:35:51 #367] [P05] PASS prog.neg_clamped
[23:35:51 #368] [P05] PASS prog.set03
[23:35:51 #369] [P05] PASS prog.regression_ignored
[23:35:51 #370] [P05] PASS prog.over_clamped
[23:35:51 #371] [P05] task done
[23:35:51 #372] [P05] gc drain (no-op in C)
[23:35:51 #373] [P05] PASS cancel.empty_queue_noop
[23:35:51 #374] [P05] task queued (queue=1)
[23:35:51 #375] [P05] PASS cancel.job_started_yielded
[23:35:51 #376] [P05] cancelAll dropped all tasks
[23:35:51 #377] [P05] PASS cancel.queue_cleared_progress_zeroed
[23:35:51 #378] [P05] PASS cancel.no_callbacks_fired
[23:35:51 #379] [P05] PASS cancel.ctx_freed
[23:35:51 #380] [P05] gc drain (no-op in C)
[23:35:51 #381] [P05] PASS cancel.post_cancel_idle_safe
[23:35:51 #382] [P05] task queued (queue=1)
[23:35:51 #383] [P05] task queued (queue=2)
[23:35:51 #384] [P05] PASS run.second_run_resets_progress
[23:35:51 #385] [P05] cancelAll dropped all tasks
[23:35:51 #386] [P05] task queued (queue=1)
[23:35:51 #387] [P05] task done
[23:35:51 #388] [P05] gc drain (no-op in C)
[23:35:51 #389] [P05] PASS free.on_complete_path
[23:35:51 #390] [P05] task queued (queue=1)
[23:35:51 #391] [P05] task error: task error
[23:35:51 #392] [P05] gc drain (no-op in C)
[23:35:51 #393] [P05] PASS free.on_error_path
[23:35:51 #394] [P05] task queued (queue=1)
[23:35:51 #395] [P05] task done
[23:35:51 #396] [P05] gc drain (no-op in C)
[23:35:51 #397] [P05] PASS yieldn.four_frames_then_done
[23:35:51 #398] [P05] gc drain (no-op in C)
[23:35:51 #399] [P05] PASS gc.external_schedule_safe
[23:35:51 #400] [P05] tasks selftests done: 33 passed, 0 failed
[23:35:51 #401] [P06] PASS cp1252.A41_raw_ascii
[23:35:51 #402] [P06] PASS cp1252.7f_stays_raw
[23:35:51 #403] [P06] PASS cp1252.80_is_euro
[23:35:51 #404] [P06] PASS cp1252.81_self_map_C281
[23:35:51 #405] [P06] PASS cp1252.92_right_quote
[23:35:51 #406] [P06] PASS cp1252.9c_oe_ligature
[23:35:51 #407] [P06] PASS cp1252.9f_Y_dieresis
[23:35:51 #408] [P06] PASS cp1252.a0_passthrough_C2A0
[23:35:51 #409] [P06] PASS cp1252.no_header_verbatim
[23:35:51 #410] [P06] PASS cp1252.e9_decodes_C3A9
[23:35:51 #411] [P06] PASS cp1252.ff_decodes_C3BF
[23:35:51 #412] [P06] PASS utf16le.bom_A
[23:35:51 #413] [P06] PASS utf16le.surrogate_pair_U10037
[23:35:51 #414] [P06] PASS utf16le.lone_high_consumes_next
[23:35:51 #415] [P06] PASS utf16be.euro_check
[23:35:51 #416] [P06] PASS utf8bom.stripped_hello
[23:35:51 #417] [P06] PASS hdr.utf8_verbatim_E9
[23:35:51 #418] [P06] PASS hdr.utf_8_alias_verbatim
[23:35:51 #419] [P06] PASS hdr.utf8mb4_passthrough
[23:35:51 #420] [P06] PASS hdr.ascii_verbatim
[23:35:51 #421] [P06] PASS hdr.usascii_passthrough
[23:35:51 #422] [P06] PASS hdr.quoted_value_fails_pattern
[23:35:51 #423] [P06] PASS hdr.missing_value_fails
[23:35:51 #424] [P06] PASS hdr.no_charset_verbatim
[23:35:51 #425] [P06] PASS hdr.Windows1252_decodes
[23:35:51 #426] [P06] PASS hdr.cp1252_decodes
[23:35:51 #427] [P06] PASS hdr.latin1_decodes
[23:35:51 #428] [P06] PASS hdr.iso88591_decodes
[23:35:51 #429] [P06] PASS hdr.iso8859_decodes
[23:35:51 #430] [P06] PASS hdr.shiftjis_besteffort
[23:35:51 #431] [P06] PASS hdr.eucjp_besteffort
[23:35:51 #432] [P06] PASS hdr.utf16le_nonbom_empty
[23:35:51 #433] [P06] PASS hdr.bare_utf16_not_dispatched
[23:35:51 #434] [P06] PASS meta.charset_simple_decodes
[23:35:51 #435] [P06] PASS meta.http_equiv_content_pattern
[23:35:51 #436] [P06] PASS meta.beyond1024_ignored
[23:35:51 #437] [P06] PASS prec.header_cp1252_beats_meta
[23:35:51 #438] [P06] PASS prec.header_utf8_allows_meta
[23:35:51 #439] [P06] PASS ent.fastpath_control_verbatim
[23:35:51 #440] [P06] PASS ent.named_basics
[23:35:51 #441] [P06] PASS ent.copy_reg_trade
[23:35:51 #442] [P06] PASS ent.deg_not_exact_spacing
[23:35:51 #443] [P06] PASS ent.frac12_never_matches
[23:35:51 #444] [P06] PASS ent.unknown_name_spaced
[23:35:51 #445] [P06] PASS ent.case_sensitive
[23:35:51 #446] [P06] PASS ent.missing_semicolon_raw
[23:35:51 #447] [P06] PASS dec.basic_nbsp_dashes
[23:35:51 #448] [P06] PASS dec.quote_family_ellipsis_bullet
[23:35:51 #449] [P06] PASS dec.math_table
[23:35:51 #450] [P06] PASS dec.range_edges
[23:35:51 #451] [P06] PASS dec.huge_number_space
[23:35:51 #452] [P06] PASS hex.basic_a0_dash
[23:35:51 #453] [P06] PASS hex.thin_spaces
[23:35:51 #454] [P06] PASS hex.lacks_201a_asymmetry
[23:35:51 #455] [P06] PASS dec.has_201a_quote
[23:35:51 #456] [P06] PASS clean.translit_accents
[23:35:51 #457] [P06] PASS clean.OE_thorn
[23:35:51 #458] [P06] PASS clean.caron_unmapped_space
[23:35:51 #459] [P06] PASS clean.euro_3byte_single_space
[23:35:51 #460] [P06] PASS clean.emoji_widens_per_byte
[23:35:51 #461] [P06] PASS clean.truncated_tail_single_space
[23:35:51 #462] [P06] PASS clean.nbsp_fixed_seq
[23:35:51 #463] [P06] PASS clean.emdash_fixed_seq
[23:35:51 #464] [P06] PASS clean.full_pipeline_mixed
[23:35:51 #465] [P06] PASS clean.high_absent_keeps_control
[23:35:51 #466] [P06] PASS encode.all_but_apostrophe
[23:35:51 #467] [P06] PASS encode.null_empty
[23:35:51 #468] [P05] task queued (queue=1)
[23:35:51 #469] [P05] task done
[23:35:51 #470] [P05] gc drain (no-op in C)
[23:35:51 #471] [P06] PASS task.decode_completes_one_frame
[23:35:51 #472] [P06] PASS task.decode_outlen
[23:35:51 #473] [P06] PASS task.decode_output
[23:35:51 #474] [P06] PASS norm.windows1252_alias
[23:35:51 #475] [P06] PASS norm.utf8_alias
[23:35:51 #476] [P06] PASS norm.null_safe
[23:35:51 #477] [P06] PASS degen.null_body_empty
[23:35:51 #478] [P06] PASS degen.decode_empty
[23:35:51 #479] [P06] encoding selftests done: 75 passed, 0 failed
[23:35:51 #480] [P07] PASS A.ret
[23:35:51 #481] [P07] PASS A.loading_after_get
[23:35:51 #482] [P07] PASS A.conn_args
[23:35:51 #483] [P07] PASS A.timeouts_ms_and_bufsize
[23:35:51 #484] [P07] PASS A.request_bytes_exact
[23:35:51 #485] [P07] PASS A.loading_after_success
[23:35:51 #486] [P07] PASS A2.conn_ssl_8443
[23:35:51 #487] [P07] PASS A2.cookie_request_bytes
[23:35:51 #488] [P07] PASS A3.default_port_suppressed
[23:35:51 #489] [P07] PASS C.jar_count_2
[23:35:51 #490] [P07] PASS C.cookie_header_roundtrip
[23:35:51 #491] [P07] PASS D.ret
[23:35:51 #492] [P07] PASS D.status
[23:35:51 #493] [P07] PASS D.bodylen_beyond_cl
[23:35:51 #494] [P07] PASS D.slice_to_end
[23:35:51 #495] [P07] PASS D.url
[23:35:51 #496] [P07] PASS E.no_success_midstream
[23:35:51 #497] [P07] PASS E.status
[23:35:51 #498] [P07] PASS E.decoded_body
[23:35:51 #499] [P07] PASS F.first_hop_closed
[23:35:51 #500] [P07] PASS F.hop2_conn
[23:35:51 #501] [P07] PASS F.relative_resolution
[23:35:51 #502] [P07] PASS F.final_status
[23:35:51 #503] [P07] PASS F.final_url
[23:35:51 #504] [P07] PASS F.sock_count
[23:35:51 #505] [P07] PASS G.six_sockets
[23:35:51 #506] [P07] PASS G.silent_drop_no_callbacks
[23:35:51 #507] [P07] PASS G.not_loading_after
[23:35:51 #508] [P07] PASS H.partial_over_512_done
[23:35:51 #509] [P07] PASS H.bodylen_600
[23:35:51 #510] [P07] PASS I.timeout_error
[23:35:51 #511] [P07] PASS I.timeout_message
[23:35:51 #512] [P07] PASS J.closed_no_data_error
[23:35:51 #513] [P07] PASS J.closed_message
[23:35:51 #514] [P07] PASS P.closed_midbody_done
[23:35:51 #515] [P07] PASS P.partial_body
[23:35:51 #516] [P07] PASS K.stale_socket_closed
[23:35:51 #517] [P07] PASS K.silent
[23:35:51 #518] [P07] PASS K.idle
[23:35:51 #519] [P07] PASS L.get_about_loading
[23:35:51 #520] [P07] PASS L.still_pending
[23:35:51 #521] [P07] PASS L.progress_100
[23:35:51 #522] [P07] PASS L.home_status
[23:35:51 #523] [P07] PASS L.home_ct
[23:35:51 #524] [P07] PASS L.home_len_100
[23:35:51 #525] [P07] PASS L.home_url
[23:35:51 #526] [P07] PASS L.done_not_loading
[23:35:51 #527] [P07] PASS L.unknown_ret_true
[23:35:51 #528] [P07] PASS L.unknown_error
[23:35:51 #529] [P07] PASS L.unknown_message
[23:35:51 #530] [P07] PASS L.unknown_idle
[23:35:51 #531] [P07] PASS L.blank_len_26
[23:35:51 #532] [P07] PASS L.acid_len_2984
[23:35:51 #533] [P07] PASS L.acid_title_present
[23:35:51 #534] [P07] PASS M.ret_false
[23:35:51 #535] [P07] PASS M.sync_error
[23:35:51 #536] [P07] PASS M.message
[23:35:51 #537] [P07] PASS M.idle
[23:35:51 #538] [P07] PASS N.send_error
[23:35:51 #539] [P07] PASS N.send_failed_prefix
[23:35:51 #540] [P07] PASS N.idle
[23:35:51 #541] [P07] PASS O.three_progress_calls
[23:35:51 #542] [P07] PASS O.first_0_0
[23:35:51 #543] [P07] PASS O.second_body_bytes
[23:35:51 #544] [P07] PASS O.clamped_final
[23:35:51 #545] [P07] PASS O.delivered
[23:35:51 #546] [P07] PASS Q.delivered_as_normal
[23:35:51 #547] [P07] PASS Q.empty_body
[23:35:51 #548] [P07] PASS R.deny_ret_false
[23:35:51 #549] [P07] PASS R.deny_error
[23:35:51 #550] [P07] PASS R.deny_message
[23:35:51 #551] [P07] PASS R.purpose_string
[23:35:51 #552] [P07] PASS S.ask_ret_true
[23:35:51 #553] [P07] PASS S.waiting_no_socket_yet
[23:35:51 #554] [P07] PASS S.one_access_call
[23:35:51 #555] [P07] PASS S.callback_recorded
[23:35:51 #556] [P07] PASS S.socket_after_grant
[23:35:51 #557] [P07] PASS S.completed_after_grant
[23:35:51 #558] [P07] PASS S.grant_cached_same_host
[23:35:51 #559] [P07] PASS T.waiting
[23:35:51 #560] [P07] PASS T.async_deny_error
[23:35:51 #561] [P07] PASS T.async_deny_message
[23:35:51 #562] [P07] PASS T.idle_after_deny
[23:35:51 #563] [P07] PASS W.error_state_before_tick
[23:35:51 #564] [P07] PASS W.open_failed_delivered
[23:35:51 #565] [P07] PASS W.open_failed_message
[23:35:51 #566] [P07] PASS W.idle
[23:35:51 #567] [P07] PASS V.empty_parses_to_blank_host
[23:35:51 #568] [P07] PASS V.host_blank_port0
[23:35:51 #569] [P07] http selftests done: 89 passed, 0 failed
[23:35:51 #570] [P08] tokenizer selftests start
[23:35:51 #571] [P08] PASS A.nonnull
[23:35:51 #572] [P08] PASS A.title_default
[23:35:51 #573] [P08] PASS A.count_1
[23:35:51 #574] [P08] PASS A.text
[23:35:51 #575] [P08] PASS B.empty_count0
[23:35:51 #576] [P08] PASS B.empty_title
[23:35:51 #577] [P08] PASS C.entity_decode
[23:35:51 #578] [P08] PASS D.count_3
[23:35:51 #579] [P08] PASS D.tag_p_open
[23:35:51 #580] [P08] PASS D.text_hi
[23:35:51 #581] [P08] PASS D.tag_p_close_self
[23:35:51 #582] [P08] PASS E.count_4
[23:35:51 #583] [P08] PASS E.br_slash
[23:35:51 #584] [P08] PASS E.br_space_slash
[23:35:51 #585] [P08] PASS E.hr_plain
[23:35:51 #586] [P08] PASS E.close_p_self
[23:35:51 #587] [P08] PASS F.colon_names
[23:35:51 #588] [P08] PASS F.attr_datax
[23:35:51 #589] [P08] PASS G.lowered_names
[23:35:51 #590] [P08] PASS G.attr_val_case_kept
[23:35:51 #591] [P08] PASS G.text_Y
[23:35:51 #592] [P08] PASS H.interleave
[23:35:51 #593] [P08] PASS I.lt_space_gt_quirk
[23:35:51 #594] [P08] PASS J.junk_dropped
[23:35:51 #595] [P08] PASS K.doctype_vanishes
[23:35:51 #596] [P08] PASS L.broken_tail_dropped
[23:35:51 #597] [P08] PASS M.count_3
[23:35:51 #598] [P08] PASS M.tag_a
[23:35:51 #599] [P08] PASS M.href_decoded
[23:35:51 #600] [P08] PASS M.id_single_quoted
[23:35:51 #601] [P08] PASS M.unquoted
[23:35:51 #602] [P08] PASS M.boolean_disabled
[23:35:51 #603] [P08] PASS M.boolean_datax
[23:35:51 #604] [P08] PASS M.attr_count_5
[23:35:51 #605] [P08] PASS M.text_y
[23:35:51 #606] [P08] PASS M.close_a
[23:35:51 #607] [P08] PASS N.first_wins
[23:35:51 #608] [P08] PASS N.src_first
[23:35:51 #609] [P08] PASS N.alt_first_lowered_key
[23:35:51 #610] [P08] PASS N.attr_count_2
[23:35:51 #611] [P08] PASS O.key_dot_quirk
[23:35:51 #612] [P08] PASS O.a_bool
[23:35:51 #613] [P08] PASS O.b_c
[23:35:51 #614] [P08] PASS O.d_e_f_g
[23:35:51 #615] [P08] PASS O.attr_count_3
[23:35:51 #616] [P08] PASS P.space_before_eq_quirk
[23:35:51 #617] [P08] PASS P.href_empty
[23:35:51 #618] [P08] PASS P.v_bool_lost_value
[23:35:51 #619] [P08] PASS P.attr_count_2
[23:35:51 #620] [P08] PASS Q.unterminated_quote_all_dropped
[23:35:51 #621] [P08] PASS R.comment_full
[23:35:51 #622] [P08] PASS S.comment_unclosed_tail_after_gt
[23:35:51 #623] [P08] PASS T.script_skip
[23:35:51 #624] [P08] PASS U.script_case_insensitive
[23:35:51 #625] [P08] PASS V.script_unclosed_swallows_rest
[23:35:51 #626] [P08] PASS W.style_skip
[23:35:51 #627] [P08] PASS X.style_unclosed_swallows
[23:35:51 #628] [P08] PASS Y.title_decoded_collapsed
[23:35:51 #629] [P08] PASS Y.title_tags_not_emitted
[23:35:51 #630] [P08] PASS Z.title_unclosed_default
[23:35:51 #631] [P08] PASS AA.prefix_hijack_title
[23:35:51 #632] [P08] PASS AB.alloc_big
[23:35:51 #633] [P08] PASS AC.trunc_cut_at_gt_single
[23:35:51 #634] [P08] PASS AC.text_len_262202
[23:35:51 #635] [P08] PASS AD.alloc_flat
[23:35:51 #636] [P08] PASS AE.no_gt_exact_max
[23:35:51 #637] [P08] PASS AF.exact_max_untouched
[23:35:51 #638] [P08] PASS AG.progress_reported
[23:35:51 #639] [P08] tokenizer selftests done: 68 passed, 0 failed
[23:35:51 #640] [P09] dom selftests start
[23:35:51 #641] [P09] PASS A.root
[23:35:51 #642] [P09] PASS A.diag
[23:35:51 #643] [P09] PASS A.child_text
[23:35:51 #644] [P09] PASS B.empty
[23:35:51 #645] [P09] PASS C.nested_counts
[23:35:51 #646] [P09] PASS C.structure
[23:35:51 #647] [P09] PASS D.format_survives
[23:35:51 #648] [P09] PASS D.b_nests_i
[23:35:51 #649] [P09] PASS E.p_implied_by_div
[23:35:51 #650] [P09] PASS F.stray_li_root_siblings
[23:35:51 #651] [P09] PASS G.list_counts
[23:35:51 #652] [P09] PASS G.list_shape
[23:35:51 #653] [P09] PASS G.inner_list
[23:35:51 #654] [P09] PASS H.dtdd
[23:35:51 #655] [P09] PASS I.table_counts
[23:35:51 #656] [P09] PASS I.table_shape
[23:35:51 #657] [P09] PASS I.rows_cells
[23:35:51 #658] [P09] PASS J.stray_tr_dropped
[23:35:51 #659] [P09] PASS K.stray_td_dropped
[23:35:51 #660] [P09] PASS L.option_outside_dropped
[23:35:51 #661] [P09] PASS M.anchor_reopen
[23:35:51 #662] [P09] PASS M.second_a_sibling
[23:35:51 #663] [P09] PASS N.voids_flat
[23:35:51 #664] [P09] PASS N.sequence
[23:35:51 #665] [P09] PASS N.close_br_ignored
[23:35:51 #666] [P09] PASS O.selfclose_not_pushed
[23:35:51 #667] [P09] PASS P.head_skipped
[23:35:51 #668] [P09] PASS P.body_p_vis
[23:35:51 #669] [P09] PASS P.diag_skipped1_proc10
[23:35:51 #670] [P09] PASS Q.template_hidden
[23:35:51 #671] [P09] PASS Q.skipped3
[23:35:51 #672] [P09] PASS R.close_through_counts
[23:35:51 #673] [P09] PASS R.popped_through_span
[23:35:51 #674] [P09] PASS R.deep_sibling_of_p
[23:35:51 #675] [P09] PASS S.unknown_close_noop
[23:35:51 #676] [P09] PASS S.b_inside_div
[23:35:51 #677] [P09] PASS T.attrs_kept
[23:35:51 #678] [P09] PASS T.attr_values
[23:35:51 #679] [P09] PASS T.text
[23:35:51 #680] [P09] PASS U.chain_depth_12
[23:35:51 #681] [P09] PASS V.blockquote_ps
[23:35:51 #682] [P09] PASS V.two_siblings
[23:35:51 #683] [P09] PASS W.alloc
[23:35:51 #684] [P09] PASS W.valve_diag
[23:35:51 #685] [P09] PASS W.valve_kids
[23:35:51 #686] [P09] PASS X.alloc
[23:35:51 #687] [P09] PASS X.capped_at_6000
[23:35:51 #688] [P09] PASS X.maxhit_dead_flag_false
[23:35:51 #689] [P09] PASS Y.progress_in_dom_range
[23:35:51 #690] [P09] dom selftests done: 49 passed, 0 failed
[23:35:51 #691] [P11] PASS A.blank_title
[23:35:51 #692] [P11] PASS A.blank_base
[23:35:51 #693] [P11] PASS A.empty_no_blocks
[23:35:51 #694] [P11] PASS A.raw_html
[23:35:51 #695] Reader-mode parsing arrives in Phase 12
[23:35:51 #696] [P11] PASS B.reader_null
[23:35:51 #697] [P11] PASS C.h2_meta
[23:35:51 #698] [P11] PASS C.h6_align_attr
[23:35:51 #699] [P11] PASS C.h3_align_style
[23:35:51 #700] [P11] PASS D.div_para
[23:35:51 #701] [P11] PASS D.section_para
[23:35:51 #702] [P11] PASS D.margin_shorthand2
[23:35:51 #703] [P11] PASS D.padding_left
[23:35:51 #704] [P11] PASS D.invert_center
[23:35:51 #705] [P11] PASS E.nest_bi
[23:35:51 #706] [P11] PASS E.flags7
[23:35:51 #707] [P11] PASS E.code_family
[23:35:51 #708] [P11] PASS F.br_same_para
[23:35:51 #709] [P11] PASS F.br_flags
[23:35:51 #710] [P11] PASS F.wbr
[23:35:51 #711] [P11] PASS F.hr_flushes
[23:35:51 #712] [P11] PASS G.pre_raw
[23:35:51 #713] [P11] PASS G.pre_blank_line
[23:35:51 #714] [P11] PASS G.xmp
[23:35:51 #715] [P11] PASS H.span_styles
[23:35:51 #716] [P11] PASS H.font_size
[23:35:51 #717] [P11] PASS H.time_fallback
[23:35:51 #718] [P11] PASS H.data_children_win
[23:35:51 #719] [P11] PASS H.time_text_no_fallback
[23:35:51 #720] [P11] PASS I.quotes
[23:35:51 #721] [P11] PASS J.resolve_target
[23:35:51 #722] [P11] PASS J.inline_link
[23:35:51 #723] [P11] PASS J.invalid_skipped
[23:35:51 #724] [P11] PASS J.invalid_plain
[23:35:51 #725] [P11] PASS J.title_fallback
[23:35:51 #726] [P11] PASS J.href_fallback
[23:35:51 #727] [P11] PASS J.text_accum
[23:35:51 #728] [P11] PASS J.anchor_seq
[23:35:51 #729] [P11] PASS K.ul_defaults
[23:35:51 #730] [P11] PASS K.ol_start
[23:35:51 #731] [P11] PASS K.ol_reversed
[23:35:51 #732] [P11] PASS K.ol_typeA
[23:35:51 #733] [P11] PASS K.ol_type_invalid
[23:35:51 #734] [P11] PASS K.nested_depth
[23:35:51 #735] [P11] PASS K.stray_li
[23:35:51 #736] [P11] PASS K.value_renumber
[23:35:51 #737] [P11] PASS L.dt_dd_flags
[23:35:51 #738] [P11] PASS L.dl_nested_indent
[23:35:51 #739] [P11] PASS N.caption_attached
[23:35:51 #740] [P11] PASS N.no_image_no_block
[23:35:51 #741] [P11] PASS O.clamps
[23:35:51 #742] [P11] PASS O.defaults
[23:35:51 #743] [P11] PASS O.alt_title
[23:35:51 #744] [P11] PASS O.data_src
[23:35:51 #745] [P11] PASS O.srcset_first
[23:35:51 #746] [P11] PASS O.filters
[23:35:51 #747] [P11] PASS O.usemap_strip
[23:35:51 #748] [P11] PASS O.img_in_link
[23:35:51 #749] [P11] PASS P.hidden_skip
[23:35:51 #750] [P11] PASS P.display_none
[23:35:51 #751] [P11] PASS P.inert_attr
[23:35:51 #752] [P11] PASS Q.scan_pattern_a
[23:35:51 #753] [P11] PASS Q.scan_pattern_b
[23:35:51 #754] [P11] PASS Q.body_overrides
[23:35:51 #755] [P11] PASS Q.invalid_ignored
[23:35:51 #756] [P11] PASS R.base_override
[23:35:51 #757] [P11] PASS R.first_nonempty_wins
[23:35:51 #758] [P11] PASS R.https_base
[23:35:51 #759] [P11] PASS S.block_cap_notice
[23:35:51 #760] [P11] PASS S.inline_cap
[23:35:51 #761] [P11] PASS T.basic_rows
[23:35:51 #762] [P11] PASS T.implicit_tr_quirk
[23:35:51 #763] [P11] PASS T.th_spans
[23:35:51 #764] [P11] PASS T.caption_trim
[23:35:51 #765] [P11] PASS T.border_width_align
[23:35:51 #766] [P11] PASS T.border_zero_off
[23:35:51 #767] [P11] PASS T.tbody_wrapper
[23:35:51 #768] [P11] PASS T.nested_dropped
[23:35:51 #769] [P11] PASS T.empty_cell_space
[23:35:51 #770] [P11] PASS T.cell_flags_link
[23:35:51 #771] [P11] PASS T.cell_first_ws_strip
[23:35:51 #772] [P11] PASS T.stray_tr_text_leak
[23:35:51 #773] [P11] PASS T.stray_td_text_leak
[23:35:51 #774] [P11] PASS T.block_tags_plain_in_cell
[23:35:51 #775] [P11] PASS U.hidden_block
[23:35:51 #776] [P11] PASS U.text_defaults
[23:35:51 #777] [P11] PASS U.text_attrs
[23:35:51 #778] [P11] PASS U.checkbox_aria_fallback
[23:35:51 #779] [P11] PASS U.checkbox_title_fallback
[23:35:51 #780] [P11] PASS U.checkbox_label_attr
[23:35:51 #781] [P11] PASS U.checkbox_radio_flags
[23:35:51 #782] [P11] PASS U.submit_labels
[23:35:51 #783] [P11] PASS U.button_blocks
[23:35:51 #784] [P11] PASS U.form_context
[23:35:51 #785] [P11] PASS U.textarea_capture
[23:35:51 #786] [P11] PASS U.textarea_disabled
[23:35:51 #787] [P11] PASS U.select_basic
[23:35:51 #788] [P11] PASS U.select_optgroup
[23:35:51 #789] [P11] PASS U.select_empty_skip
[23:35:51 #790] [P11] PASS U.select_label_wins
[23:35:51 #791] [P11] PASS V.fieldset_legend
[23:35:51 #792] [P11] PASS V.fieldset_disables_inner
[23:35:51 #793] [P11] PASS V.details_open
[23:35:51 #794] [P11] PASS V.details_body_rendered
[23:35:51 #795] [P11] PASS V.details_closed_default
[23:35:51 #796] [P11] PASS V.details_counter_seq
[23:35:51 #797] [P11] PASS V.details_override_open_close
[23:35:51 #798] [P11] PASS V.dialog_closed_hidden
[23:35:51 #799] [P11] PASS V.dialog_open_pair
[23:35:51 #800] [P11] PASS V.fieldset_nests
[23:35:51 #801] [P11] PASS W.video_placeholder
[23:35:51 #802] [P11] PASS W.source_fallback
[23:35:51 #803] [P11] PASS W.canvas_no_src
[23:35:51 #804] [P11] PASS W.iframe_href_embed
[23:35:51 #805] [P11] PASS W.progress_clamp
[23:35:51 #806] [P11] PASS W.meter_fields
[23:35:51 #807] [P11] PASS W.datalist_meta
[23:35:51 #808] [P11] PASS W.map_areas
[23:35:51 #809] [P11] PASS W.fencedframe
[23:35:51 #810] [P11] PASS W.template_inert
[23:35:51 #811] [P11] PASS W.voids_silent
[23:35:51 #812] [P11] PASS X.svg_serialize
[23:35:51 #813] [P11] PASS X.svg_viewbox_quirk
[23:35:51 #814] [P11] PASS X.svg_defaults_clamp
[23:35:51 #815] [P11] PASS X.svg_alt_rules
[23:35:51 #816] [P11] PASS X.math_linearized
[23:35:51 #817] [P11] PASS X.mfenced_seps
[23:35:51 #818] [P11] PASS X.math_ws_collapse
[23:35:51 #819] [P11] PASS X.math_empty_skipped
[23:35:51 #820] [P11] PASS Y.address_hgroup_paragraphs
[23:35:51 #821] [P11] PASS Y.figure_caption_only_para
[23:35:51 #822] [P11] PASS Y.heading_css_spacing
[23:35:51 #823] [P11] PASS Y.inert_scope_restored
[23:35:51 #824] [P11] document selftests done: 132 passed, 0 failed
[23:35:51 #825] font loaded: fonts/Roobert-11-Medium
[23:35:51 #826] update callback registered
[23:35:51 #827] first frame rendered
[23:35:55 #828] [P07] bench start https://wiesmann.codiferes.net/share/bitmaps/
[23:35:59 #829] [P07] bench OK https://wiesmann.codiferes.net/share/bitmaps/ status=200 bytes=5217 ms=3683 kbps=1
[23:35:59 #830] [P07] bench start http://wiesmann.codiferes.net/share/bitmaps/test_image_4c.png
[23:35:59 #831] [P07] bench OK http://wiesmann.codiferes.net/share/bitmaps/test_image_4c.png status=404 bytes=996 ms=288 kbps=3
[23:35:59 #832] [P07] benchmark done
[23:36:02 #833] heartbeat frame=300
[23:36:12 #834] heartbeat frame=600
[23:36:23 #835] heartbeat frame=900

════════════════════════════════════════════════════════════
P11 PARITY AUDIT — document.lua branch → document.c location
(verified line-by-line against Source/html/document.lua)
════════════════════════════════════════════════════════════
TEXT ROUTING (precedence order)      lua handleTextNode → c d_handle_text_node
  inPre / textarea buffer            → document.c:780-812
  cell text routing + cellFirstText,
    [\r\n\t]+→" " collapse only      → document.c:660-700 (d_cell_push_inline)
  link text accumulation             → d_handle_text_node tail

TABLES                               lua handleRow/collectSelectOptions area
  table block build (border≠"0",
    width raw string)                → document.c:1758-1816
  tr → d_handle_row                  → document.c:1817, impl 1085-1158
    cell model {inlines,header,colspan,
    rowspan,abbr=abbr||title||"",align};
    empty cell single-space inline;
    href/linkText save+restore       → d_handle_row body
  caption concat+collapse+trim       → document.c:1769-1780
  thead/tbody/tfoot direct tr kids   → table branch walk
  nested-table-in-cell guard (drop)  → table branch entry
  rows>0 gate for addBlock           → table branch end
  td/th stray-cell ignore            → document.c:1823-1827

SELECT/OPTIONS
  option {text,value||text,label
    override,selected,disabled}      → d_collect_select_options 1159-1216
  optgroup group header at
    childrenBefore+1 (group,disabled)→ same helper
  selectedIndex = LAST selected&&!disabled else 1; opts>0 gate → select branch 2040

FORMS
  form: action always resolved;
    method lowered default get;
    save/restore around walk         → document.c:1828-1845
  input common {name,value,disabled,
    readonly,required,maxlength,inert}→ DInputCommon/d_input_common ~975-1008
  input type dispatch:
    hidden → hidden_field            → 1849-1864
    checkbox/radio (+label chain
      placeholder||aria-label||title||
      placeholder-attr||name)        → 1866-1901
    text family fieldWidth=size      → 1903-1916
    submit/button → value or default → 1918-1933
    file/reset/image → labeled
      submit (Choose File/Reset/
      Submit); unknown types dropped  → 1936-1954
  per-element formaction resolve +
  formmethod lowercase override      → d_form_overrides 1009-1030
  textarea (buffer walk, disabled
    after, fieldRows)                → 1956-1996
  button: type lowered default submit;
    submit/button only (reset dropped);
    label=concatNodeText collapsed   → 1998-2039
  select multiple/disabled/inert     → 2040-2063

BOXES
  fieldset: legend from first legend
    child; disabledDepth++ when
    disabled; box_open/close pair    → 2064-2098
  details: dkey="d"..N summary label;
    opts.detailsOpen[dkey] override
    (force open or closed); children
    walked ONLY when open            → 2099-2148, d_details_override 957-967
  dialog: no open attr → nothing     → 2149-2165

MEDIA PLACEHOLDERS                   → d_handle_media_placeholder 1217-1292
  video/audio/iframe/canvas/object/
  embed/portal; src||data; first
  <source src> fallback; label
  title||alt else "[tag: base]"; w/h
  defaults 160/60 clamps 360/120;
  href resolved iframe/portal only   → same helper
  fencedframe "[fencedframe]"        → 2277-2296

PROGRESS/METER                       → 2174-2199 (no children walk, faithful)

IMAGE MAPS                           → map branch 2200-2226, d_collect_areas
  name strips #; DIRECT area
  children only; shape||rect;
  coords gmatch %d+; validHref+resolve → d_collect_areas 1294+

DATALIST                             → 2227-2271
  id→doc.datalists; options dropped
  by DOM without <select> ancestor
  (faithful quirk, selftest asserts)

SKIP SETS                            → 2272-2276 (template/menuitem/content/
                                       shadow/geolocation), source/track/col/
                                       colgroup/area/param/frameset/frame voids

SVG                                  → 2297-2340
  serialize subtree (self-closing,
  escaping)                          → d_serialize_svg_into 323+
  w/h tonumber||0; defaults 120/40;
  clamps 360/180; alt = role==img ?
  aria-label||title-attr : ""        → svg branch
  viewBox lookup DEAD in both impls
  (tokenizer lowercases attr keys) — parity preserved, selftest asserts defaults

MATH                                 → math branch 2341+, linearized tags
  mfrac " / ", msup "^", msub "_",
  msubsup i==2 "_"/i==3 "^", msqrt,
  mroot quirk ("^(1/" + ")" BEFORE
  last child text), mfenced open/
  close/separators Entities.decode'd
  defaults ( ) ,; mspace " "         → 2371-2437
  %s+ collapse + end trim on join    → d_collapse_trim (len-safe NUL term fix)

META (body state, LAST wins)         → 2438+
INERT trigger = inert attr only      → d_walk (attrs["inert"])
TRUNCATION NOTICE "(Page too large - rest not rendered)"
                                     → d_finalize; empty page italic notice
HEADING SPACING from CSS margins
  (sp.top/sp.bottom/sp.left)         → heading branch
PARAGRAPH-LIKE set incl address,
  hgroup + cell-context passthroughs → paragraph branch
MEMORY: db_free_fields frees every
  owned field incl. new owned char*
  inputType; maps/datalists freed in doc_free
SELFTESTS: 132 passed, 0 failed (host harness + ASAN clean +
simulator run this log). Display label updated to P11.
