main.c:728:13:http_on_progress	0	static
main.c:853:20:form_item_value	8	static
main.c:884:13:form_kb_will_hide	0	static
main.c:292:13:menu_home_page	8	static
main.c:603:13:meta_refresh_cb	16	static
main.c:372:13:update_system_menu	32	static
main.c:335:13:settings_cleared_cookies	0	static
main.c:328:13:menu_clear_cookies	8	static
main.c:314:13:home_settings_opened	8	static
main.c:305:13:menu_settings	8	static
main.c:759:13:http_on_error	24	static
main.c:547:13:render_error	16	static
main.c:409:12:render_step	40	static
main.c:615:12:app_svg_decoder	8	static
main.c:86:14:pluto_strdup	16	static
main.c:458:13:render_done	32	static
main.c:829:13:form_set_block_value	24	static
main.c:920:13:form_kb_text_changed	24	static
main.c:890:13:form_kb_did_hide	24	static
main.c:582:13:render_body	40	static
main.c:1190:13:settings_on_change	16	static
main.c:1006:13:submit_form	3272	static
main.c:734:13:http_on_success	48	static
main.c:321:13:menu_history	8	static
main.c:344:13:view_menu_callback	16	static
main.c:1961:38:pluto_event_handler.isra.0	24	static
main.c:938:13:activate_form_block.part.0	32	static
main.c:768:13:toggle_details	56	static
main.c:170:13:push_history.part.0	32	static
main.c:622:13:navigate_to	1328	static
main.c:1212:12:updateFrame	752	static
main.c:299:13:ab_submit_goto	0	static
main.c:68:14:pluto_pd	0	static
main.c:75:6:pluto_free	0	static
main.c:102:7:pluto_realloc	0	static
main.c:122:13:app_keyboard	0	static
main.c:2025:5:eventHandler	0	static
