main.c:727:13:http_on_progress	0	static
main.c:839:13:form_kb_will_hide	0	static
main.c:290:13:menu_home_page	8	static
main.c:601:13:meta_refresh_cb	16	static
main.c:370:13:update_system_menu	32	static
main.c:333:13:settings_cleared_cookies	0	static
main.c:326:13:menu_clear_cookies	8	static
main.c:312:13:home_settings_opened	8	static
main.c:303:13:menu_settings	8	static
main.c:758:13:http_on_error	24	static
main.c:545:13:render_error	16	static
main.c:407:12:render_step	40	static
main.c:613:12:app_svg_decoder	8	static
main.c:86:14:pluto_strdup	16	static
main.c:456:13:render_done	32	static
main.c:580:13:render_body	40	static
main.c:1145:13:settings_on_change	16	static
main.c:875:13:form_kb_text_changed	24	static
main.c:845:13:form_kb_did_hide	24	static
main.c:961:13:submit_form	3272	static
main.c:733:13:http_on_success	48	static
main.c:319:13:menu_history	8	static
main.c:342:13:view_menu_callback	16	static
main.c:1947:38:pluto_event_handler.isra.0	24	static
main.c:893:13:activate_form_block.part.0	32	static
main.c:767:13:toggle_details	56	static
main.c:170:13:push_history.part.0	32	static
main.c:620:13:navigate_to	1336	static
main.c:1167:12:updateFrame	752	static
main.c:297:13:ab_submit_goto	0	static
main.c:68:14:pluto_pd	0	static
main.c:75:6:pluto_free	0	static
main.c:102:7:pluto_realloc	0	static
main.c:122:13:app_keyboard	0	static
main.c:2011:5:eventHandler	0	static
