=== PlutoBrowser crash log ===
gamePath: unknown
[13:08:07 #1] PlutoBrowser boot (C port of CometBrowser)
[13:08:07 #2] constants: screen=400x240 chrome=24 contentY=24 contentH=216
[13:08:07 #3] [P02] util selftests begin
[13:08:07 #4] [P02] PASS mem.malloc
[13:08:07 #5] [P02] PASS mem.realloc_preserves
[13:08:07 #6] [P02] PASS mem.strdup
[13:08:07 #7] [P02] PASS mem.strndup
[13:08:07 #8] [P02] PASS mem.free_null
[13:08:07 #9] [P02] PASS strbuf.init
[13:08:07 #10] [P02] PASS strbuf.append_str
[13:08:07 #11] [P02] PASS strbuf.append_char
[13:08:07 #12] [P02] PASS strbuf.embedded_nul
[13:08:07 #13] [P02] PASS strbuf.clear_keeps_cap
[13:08:07 #14] [P02] PASS strbuf.printf
[13:08:07 #15] [P02] PASS strbuf.grow_500
[13:08:07 #16] [P02] PASS strbuf.detach
[13:08:07 #17] [P02] PASS strbuf.detach_resets
[13:08:07 #18] [P02] PASS strbuf.free_idempotent
[13:08:07 #19] [P02] PASS dynarray.init
[13:08:07 #20] [P02] PASS dynarray.push_100_grow
[13:08:07 #21] [P02] PASS dynarray.get_mid
[13:08:07 #22] [P02] PASS dynarray.last
[13:08:07 #23] [P02] PASS dynarray.pop
[13:08:07 #24] [P02] PASS dynarray.get_oob_null
[13:08:07 #25] [P02] PASS dynarray.free
[13:08:07 #26] [P02] PASS strmap.create
[13:08:07 #27] [P02] PASS strmap.put_get
[13:08:07 #28] [P02] PASS strmap.replace_value
[13:08:07 #29] [P02] PASS strmap.has_false
[13:08:07 #30] [P02] PASS strmap.get_missing_null
[13:08:07 #31] [P02] PASS strmap.200_keys_rehash
[13:08:07 #32] [P02] PASS strmap.get_after_rehash
[13:08:07 #33] [P02] PASS strmap.remove
[13:08:07 #34] [P02] PASS strmap.remove_twice_false
[13:08:07 #35] [P02] PASS strmap.survivor_intact
[13:08:07 #36] [P02] PASS strmap.foreach_null_fn_safe
[13:08:07 #37] [P02] PASS strmap.destroy
[13:08:07 #38] [P02] PASS lpat.trim_spaces
[13:08:07 #39] [P02] PASS lpat.trim_empty
[13:08:07 #40] [P02] PASS lpat.trim_only_spaces
[13:08:07 #41] [P02] PASS lpat.scheme_split
[13:08:07 #42] [P02] PASS lpat.scheme_no_match
[13:08:07 #43] [P02] PASS lpat.host_path_no_match_lua
[13:08:07 #44] [P02] PASS lpat.host_bare_no_match_lua
[13:08:07 #45] [P02] PASS lpat.host_reject_spaces
[13:08:07 #46] [P02] PASS lpat.host_trailing_qmark_lua
[13:08:07 #47] [P02] PASS lpat.attr_dquote_1
[13:08:07 #48] [P02] PASS lpat.attr_dquote_2
[13:08:07 #49] [P02] PASS lpat.attr_dquote_done
[13:08:07 #50] [P02] PASS lpat.attr_squote_1
[13:08:07 #51] [P02] PASS lpat.attr_squote_2
[13:08:07 #52] [P02] PASS lpat.attr_squote_done
[13:08:07 #53] [P02] PASS lpat.pathcmd_M
[13:08:07 #54] [P02] PASS lpat.pathcmd_L
[13:08:07 #55] [P02] PASS lpat.pathcmd_Z_empty_arg
[13:08:07 #56] [P02] PASS lpat.pathcmd_done
[13:08:07 #57] [P02] PASS lpat.entity_named_amp
[13:08:07 #58] [P02] PASS lpat.entity_named_lt
[13:08:07 #59] [P02] PASS lpat.entity_named_skips_dec
[13:08:07 #60] [P02] PASS lpat.entity_decimal
[13:08:07 #61] [P02] PASS lpat.entity_hex_lower_x
[13:08:07 #62] [P02] PASS lpat.entity_hex_upper_X
[13:08:07 #63] [P02] PASS lpat.entity_hex_done
[13:08:07 #64] [P02] PASS lpat.charset_utf8
[13:08:07 #65] [P02] PASS lpat.http_status
[13:08:07 #66] [P02] PASS lpat.meta_refresh_url_upper
[13:08:07 #67] [P02] PASS lpat.meta_refresh_frac
[13:08:07 #68] [P02] PASS lpat.viewbox_four_caps
[13:08:07 #69] [P02] PASS lpat.tag_div_attrs
[13:08:07 #70] [P02] PASS lpat.tag_br_selfclose
[13:08:07 #71] [P02] PASS lpat.tag_close_not_matched
[13:08:07 #72] [P02] PASS lpat.css_prop_lua_truth
[13:08:07 #73] [P02] PASS lpat.cookie_pair
[13:08:07 #74] [P02] PASS lpat.tokens_a
[13:08:07 #75] [P02] PASS lpat.tokens_bb
[13:08:07 #76] [P02] PASS lpat.tokens_ccc
[13:08:07 #77] [P02] PASS lpat.tokens_done
[13:08:07 #78] [P02] PASS lpat.lazy_dash
[13:08:07 #79] [P02] PASS lpat.greedy_star
[13:08:07 #80] [P02] PASS lpat.endpunct_true
[13:08:07 #81] [P02] PASS lpat.endpunct_false
[13:08:07 #82] [P02] PASS lpat.escape_dot
[13:08:07 #83] [P02] PASS lpat.escape_percent
[13:08:07 #84] [P02] PASS lpat.escape_dash_outside_set
[13:08:07 #85] [P02] PASS lpat.gsub_fn_hexdecode
[13:08:07 #86] [P02] PASS lpat.gsub_fn_encode
[13:08:07 #87] [P02] PASS lpat.find_init_offset
[13:08:07 #88] [P02] PASS lpat.find_plain
[13:08:07 #89] [P02] PASS lpat.find_plain_miss
[13:08:07 #90] [P02] PASS lpat.gsub_template_trim
[13:08:07 #91] [P02] PASS lpat.gsub_crlf
[13:08:07 #92] [P02] PASS lpat.gsub_count3
[13:08:07 #93] [P02] PASS lpat.gsub_empty_matches
[13:08:07 #94] [P02] PASS lpat.negclass_A
[13:08:07 #95] [P02] PASS lpat.negclass_done
[13:08:07 #96] [P02] PASS lpat.set_leading_bracket
[13:08:07 #97] [P02] PASS lpat.nul_subject_first
[13:08:07 #98] [P02] PASS lpat.nul_subject_second
[13:08:07 #99] [P02] PASS lpat.nul_subject_done
[13:08:07 #100] [P02] PASS lpat.position_capture
[13:08:07 #101] [P02] PASS lpat.balance
[13:08:07 #102] [P02] PASS lpat.frontier_THE
[13:08:07 #103] [P02] PASS lpat.frontier_quick
[13:08:07 #104] [P02] PASS lpat.frontier_fox
[13:08:07 #105] [P02] PASS lpat.frontier_done
[13:08:07 #106] [P02] PASS lpat.opt_without_u
[13:08:07 #107] [P02] PASS lpat.opt_with_u
[13:08:07 #108] [P02] PASS lpat.ip_anchor_ok
[13:08:07 #109] [P02] PASS lpat.ip_anchor_trailing_fail
[13:08:07 #110] ERROR: luapattern: malformed pattern (missing ])  ||  stack: src/util/luapattern.c:79
[13:08:07 #111] [P02] PASS lpat.malformed_set_err
[13:08:07 #112] [P02] PASS json.parse_fixture
[13:08:07 #113] [P02] PASS json.obj_string
[13:08:07 #114] [P02] PASS json.negative_int
[13:08:07 #115] [P02] PASS json.float
[13:08:07 #116] [P02] PASS json.exponent
[13:08:07 #117] [P02] PASS json.bool_true
[13:08:07 #118] [P02] PASS json.null_value
[13:08:07 #119] [P02] PASS json.absent_key
[13:08:07 #120] [P02] PASS json.arr_count
[13:08:07 #121] [P02] PASS json.arr_num
[13:08:07 #122] [P02] PASS json.arr_null_elem
[13:08:07 #123] [P02] PASS json.arr_nested_obj
[13:08:07 #124] [P02] PASS json.escapes_unicode_surrogate
[13:08:07 #125] [P02] PASS json.trailing_data_error
[13:08:07 #126] [P02] PASS json.bad_value_error
[13:08:07 #127] [P02] PASS json.unterminated_error
[13:08:07 #128] [P02] PASS json.roundtrip_parse
[13:08:07 #129] [P02] PASS json.roundtrip_stable
[13:08:07 #130] [P02] PASS json.roundtrip_arr_value
[13:08:07 #131] [P02] PASS json.roundtrip_nested_bool
[13:08:07 #132] [P02] PASS json.obj_set_replace
[13:08:07 #133] [P02] util selftests done: 128 passed, 0 failed
[13:08:07 #134] [P03] url selftests begin
[13:08:07 #135] [P03] PASS url.parse.empty
[13:08:07 #136] [P03] PASS url.parse.https_host
[13:08:07 #137] [P03] PASS url.parse.full
[13:08:07 #138] [P03] PASS url.parse.no_scheme
[13:08:07 #139] [P03] PASS url.parse.empty_host
[13:08:07 #140] [P03] PASS url.parse.ftp_custom_port
[13:08:07 #141] [P03] PASS url.parse.userinfo_quirk
[13:08:07 #142] [P03] PASS url.parse.colon_empty_port
[13:08:07 #143] [P03] PASS url.parse.port_zero
[13:08:07 #144] [P03] PASS url.parse.spaces_trimmed
[13:08:07 #145] [P03] PASS url.parse.about_blank
[13:08:07 #146] [P03] PASS url.parse.about_home
[13:08:07 #147] [P03] PASS url.parse.case_fold
[13:08:07 #148] [P03] PASS url.parse.ip_host
[13:08:07 #149] [P03] PASS url.parse.raw_trimmed
[13:08:07 #150] [P03] PASS url.parse.junk_port_ignored
[13:08:07 #151] [P03] PASS enc.plain
[13:08:07 #152] [P03] PASS enc.specials
[13:08:07 #153] [P03] PASS enc.unreserved_kept
[13:08:07 #154] [P03] PASS enc.plus_encoded
[13:08:07 #155] [P03] PASS enc.utf8
[13:08:07 #156] [P03] PASS enc.percent_literal
[13:08:07 #157] [P03] PASS enc.newline_crlf
[13:08:07 #158] [P03] PASS enc.empty
[13:08:07 #159] [P03] PASS dec.plus_space
[13:08:07 #160] [P03] PASS dec.pct_utf8
[13:08:07 #161] [P03] PASS dec.mixed
[13:08:07 #162] [P03] PASS dec.invalid_pct_kept
[13:08:07 #163] [P03] PASS dec.truncated_pct_kept
[13:08:07 #164] [P03] PASS dec.empty
[13:08:07 #165] [P03] PASS url.roundtrip
[13:08:07 #166] [P03] PASS isq.null_false
[13:08:07 #167] [P03] PASS isq.empty_false
[13:08:07 #168] [P03] PASS isq.spaces_query
[13:08:07 #169] [P03] PASS isq.dot_url
[13:08:07 #170] [P03] PASS isq.bare_word_query
[13:08:07 #171] [P03] PASS isq.leading_dot_query
[13:08:07 #172] [P03] PASS isq.trailing_dot_query
[13:08:07 #173] [P03] PASS isq.ip_url
[13:08:07 #174] [P03] PASS isq.localhost_url
[13:08:07 #175] [P03] PASS isq.localhost_suffix_url
[13:08:07 #176] [P03] PASS isq.https_url
[13:08:07 #177] [P03] PASS isq.about_url
[13:08:07 #178] [P03] PASS isq.file_url
[13:08:07 #179] [P03] PASS isq.spaces_only_is_query
[13:08:07 #180] [P03] PASS isq.upper_scheme_via_dot_rule
[13:08:07 #181] [P03] PASS isq.trimmed_before_dot_rule
[13:08:07 #182] [P03] PASS unwrap.ddg_uddg
[13:08:07 #183] [P03] PASS unwrap.non_ddg_false
[13:08:07 #184] [P03] PASS wrap.missing_uddg_false
[13:08:07 #185] [P03] PASS resolve.same_dir
[13:08:07 #186] [P03] PASS resolve.subdir
[13:08:07 #187] [P03] PASS resolve.root_rel
[13:08:07 #188] [P03] PASS resolve.protocol_relative
[13:08:07 #189] [P03] PASS resolve.anchor
[13:08:07 #190] [P03] PASS resolve.query_only
[13:08:07 #191] [P03] PASS resolve.custom_port_base
[13:08:07 #192] [P03] PASS resolve.anchor_keeps_query
[13:08:07 #193] [P03] PASS resolve.query_replaces
[13:08:07 #194] [P03] PASS resolve.dot_slash
[13:08:07 #195] [P03] PASS resolve.dotdot
[13:08:07 #196] [P03] PASS resolve.dotdot_clamped_root
[13:08:07 #197] [P03] PASS resolve.deep_beyond_root_dropped
[13:08:07 #198] [P03] PASS resolve.about_passthrough
[13:08:07 #199] [P03] PASS resolve.data_passthrough
[13:08:07 #200] [P03] PASS resolve.js_passthrough
[13:08:07 #201] [P03] PASS resolve.absolute_verbatim_case
[13:08:07 #202] [P03] PASS resolve.mailto_not_special
[13:08:07 #203] [P03] PASS resolve.empty_returns_base
[13:08:07 #204] [P03] PASS searchurl.ddg
[13:08:07 #205] [P03] url selftests done: 70 passed, 0 failed
[13:08:07 #206] [P04] storage+cookiejar selftests begin
[13:08:07 #207] [P04] PASS ts.epoch1970
[13:08:07 #208] [P04] PASS ts.bttf2015
[13:08:07 #209] [P04] PASS ts.leap2000feb29
[13:08:07 #210] [P04] PASS ts.neg1969
[13:08:07 #211] [P04] PASS ts.clamp_month0
[13:08:07 #212] [P04] PASS ts.clamp_month13
[13:08:07 #213] [P04] PASS ts.clamp_year_neg
[13:08:07 #214] [P04] PASS ts.clamp_day0
[13:08:07 #215] [P04] PASS ts.floor_frac
[13:08:07 #216] [P04] PASS ts.frac_hour
[13:08:07 #217] [P04] PASS ts.nil_hms_zeroed
[13:08:07 #218] [P04] PASS date.imf_fixdate
[13:08:07 #219] [P04] PASS date.rfc850_4digit
[13:08:07 #220] [P04] PASS date.rfc850_2digit
[13:08:07 #221] [P04] PASS date.rfc850_pivot69
[13:08:07 #222] [P04] PASS date.asctime_dblspace_nil
[13:08:07 #223] [P04] PASS date.asctime_single_space
[13:08:07 #224] [P04] PASS date.lowercase_month_nil
[13:08:07 #225] [P04] PASS date.garbage_nil
[13:08:07 #226] [P04] PASS date.trailing_junk_ok
[13:08:07 #227] [P04] PASS date.no_weekday_nil
[13:08:07 #228] [P04] PASS date.empty_nil
[13:08:07 #229] [P04] PASS sc01.basic
[13:08:07 #230] [P04] PASS sc02.attrs
[13:08:07 #231] [P04] PASS sc03.domain_dot
[13:08:07 #232] [P04] PASS sc04.domain_exact
[13:08:07 #233] [P04] PASS sc05.domain_suffix
[13:08:07 #234] [P04] PASS sc06.domain_localhost
[13:08:07 #235] [P04] PASS sc07.domain_foreign_reject
[13:08:07 #236] [P04] PASS sc08.domain_undotted_reject
[13:08:07 #237] [P04] PASS sc09.path_noslash
[13:08:07 #238] [P04] PASS sc10.samesite_lax
[13:08:07 #239] [P04] PASS sc11.samesite_weird_ignored
[13:08:07 #240] [P04] PASS sc12.maxage_future
[13:08:07 #241] [P04] PASS sc13.maxage_zero_del
[13:08:07 #242] [P04] PASS sc14.maxage_negative_del
[13:08:07 #243] [P04] PASS sc15.maxage_junk_ignored
[13:08:07 #244] [P04] PASS sc16.expires_imf
[13:08:07 #245] [P04] PASS sc17.expires_asctime
[13:08:07 #246] [P04] PASS sc18.expires_garbage_ignored
[13:08:07 #247] [P04] PASS sc19.expires_then_maxage_wins
[13:08:07 #248] [P04] PASS sc20.maxage_then_expires_skipped
[13:08:07 #249] [P04] PASS rej.space_in_pair
[13:08:07 #250] [P04] PASS rej.bad_name
[13:08:07 #251] [P04] PASS rej.no_name
[13:08:07 #252] [P04] PASS rej.quote_in_value
[13:08:07 #253] [P04] PASS rej.comma_in_value
[13:08:07 #254] [P04] PASS rej.no_equals
[13:08:07 #255] [P04] PASS sc27.empty_value_ok
[13:08:07 #256] [P04] PASS sc32.dollar_name_ok
[13:08:07 #257] [P04] PASS sc33.empty_attrs_skipped
[13:08:07 #258] [P04] PASS rej.empty_host_raw
[13:08:07 #259] [P04] PASS rej.null_host
[13:08:07 #260] [P04] PASS rej.null_raw
[13:08:07 #261] [P04] PASS rej.ws_only_raw
[13:08:07 #262] [P04] PASS hdr.two_cookies
[13:08:07 #263] [P04] PASS hdr.replace_moves_end
[13:08:07 #264] [P04] PASS store.replace_count
[13:08:07 #265] [P04] PASS hdr.after_delete
[13:08:07 #266] [P04] PASS store.delete_count
[13:08:07 #267] [P04] PASS hdr.domain_cookie
[13:08:07 #268] [P04] PASS hdr.cross_host_isolated
[13:08:07 #269] [P04] PASS store.domain_count
[13:08:07 #270] [P04] PASS hdr.secure_blocked_http
[13:08:07 #271] [P04] PASS hdr.secure_allowed_https
[13:08:07 #272] [P04] PASS store.secure_count
[13:08:07 #273] [P04] PASS hdr.path_prefix_no
[13:08:07 #274] [P04] PASS hdr.path_exact_yes
[13:08:07 #275] [P04] PASS hdr.path_subdir_yes
[13:08:07 #276] [P04] PASS hdr.path_boundary_no
[13:08:07 #277] [P04] PASS store.docs_count
[13:08:07 #278] [P04] PASS cap.count300
[13:08:07 #279] [P04] PASS cap.first_evicted_to_c6
[13:08:07 #280] [P04] PASS cap.last_is_c305
[13:08:07 #281] [P04] PASS cap.future_expires_stored_evicts
[13:08:07 #282] [P04] PASS clear.zeroes
[13:08:07 #283] [P04] PASS exp.stored
[13:08:07 #284] [P04] PASS exp.alive_before
[13:08:07 #285] [P04] PASS exp.pruned_after
[13:08:07 #286] [P04] PASS exp.list_empty_after_prune
[13:08:07 #287] [P04] PASS st.defaults_bm9
[13:08:07 #288] [P04] PASS st.default_bm1_fields
[13:08:07 #289] [P04] PASS st.default_bm8_title
[13:08:07 #290] [P04] PASS st.default_settings
[13:08:07 #291] [P04] PASS hist.about_and_empty_skipped
[13:08:07 #292] [P04] PASS hist.two_added
[13:08:07 #293] [P04] PASS hist.insert_front_order
[13:08:07 #294] [P04] PASS hist.time_hhmm
[13:08:07 #295] [P04] PASS hist.dedup_count
[13:08:07 #296] [P04] PASS hist.dedup_moves_front_title_defaults_url
[13:08:07 #297] [P04] PASS hist.cap50
[13:08:07 #298] [P04] PASS hist.cap_newest_first
[13:08:07 #299] [P04] PASS hist.cap_oldest_evicted_fill1to5_gone
[13:08:07 #300] [P04] PASS bm.is_true
[13:08:07 #301] [P04] PASS bm.is_false
[13:08:07 #302] [P04] PASS bm.add_empty_rejected
[13:08:07 #303] [P04] PASS bm.dup_returns_true
[13:08:07 #304] [P04] PASS bm.dup_updates_title_only_keeps_desc
[13:08:07 #305] [P04] PASS bm.append_true
[13:08:07 #306] [P04] PASS bm.appended_last
[13:08:07 #307] [P04] PASS bm.remove_valid
[13:08:07 #308] [P04] PASS bm.remove_zero_invalid
[13:08:07 #309] [P04] PASS bm.remove_big_invalid
[13:08:07 #310] [P04] PASS st.save_ok
[13:08:07 #311] [P04] PASS st.load_ok
[13:08:07 #312] [P04] PASS st.roundtrip_bm9
[13:08:07 #313] [P04] PASS st.roundtrip_bm1
[13:08:07 #314] [P04] PASS st.roundtrip_hist_top
[13:08:07 #315] [P04] PASS st.roundtrip_settings
[13:08:07 #316] [P04] PASS st.save_empty_bm
[13:08:07 #317] [P04] PASS st.load_empty_bm
[13:08:07 #318] [P04] PASS st.empty_bm_falls_back_to_defaults
[13:08:07 #319] [P04] PASS st.empty_bm_default_google
[13:08:07 #320] [P04] PASS num.junk_fail
[13:08:07 #321] [P04] PASS num.empty_fail
[13:08:07 #322] [P04] PASS num.comma_fail
[13:08:07 #323] [P04] PASS num.ws_trimmed
[13:08:07 #324] [P04] PASS num.hex
[13:08:07 #325] [P04] PASS num.exponent
[13:08:07 #326] [P04] storage+cookiejar selftests done: 119 passed, 0 failed
[13:08:07 #327] [P05] task queued (queue=1)
[13:08:07 #328] [P05] PASS run.is_running_immediately
[13:08:07 #329] [P05] PASS run.progress_reset_immediately
[13:08:07 #330] [P05] PASS run.step_not_called_before_update
[13:08:07 #331] [P05] task done
[13:08:07 #332] [P05] gc drain (no-op in C)
[13:08:07 #333] [P05] PASS done.no_callback_when_null_onComplete
[13:08:07 #334] [P05] PASS done.queue_emptied_progress_forced_one
[13:08:07 #335] [P05] task queued (queue=1)
[13:08:07 #336] [P05] task done
[13:08:07 #337] [P05] gc drain (no-op in C)
[13:08:07 #338] [P05] PASS budget.first_yield_at_iter64
[13:08:07 #339] [P05] PASS budget.frames16_for_1000iters_at20ms
[13:08:07 #340] [P05] task queued (queue=1)
[13:08:07 #341] [P05] task done
[13:08:07 #342] [P05] gc drain (no-op in C)
[13:08:07 #343] [P05] PASS budget.frozen_clock_single_frame
[13:08:07 #344] [P05] PASS outside.never_yields
[13:08:07 #345] [P05] task queued (queue=1)
[13:08:07 #346] [P05] task error: Parse Error: boom
[13:08:07 #347] [P05] gc drain (no-op in C)
[13:08:07 #348] [P05] PASS err.onError_not_onComplete
[13:08:07 #349] [P05] PASS err.message_delivered_verbatim
[13:08:07 #350] [P05] PASS err.progress_keeps_task_report
[13:08:07 #351] [P05] task queued (queue=1)
[13:08:07 #352] [P05] task error: task error
[13:08:07 #353] [P05] gc drain (no-op in C)
[13:08:07 #354] [P05] PASS err.default_message
[13:08:07 #355] [P05] task queued (queue=1)
[13:08:07 #356] [P05] task queued (queue=2)
[13:08:07 #357] [P05] PASS fifo.two_queued
[13:08:07 #358] [P05] task done
[13:08:07 #359] [P05] gc drain (no-op in C)
[13:08:07 #360] [P05] PASS fifo.upd1_only_head_a
[13:08:07 #361] [P05] task done
[13:08:07 #362] [P05] gc drain (no-op in C)
[13:08:07 #363] [P05] PASS fifo.upd2_then_b
[13:08:07 #364] [P05] PASS fifo.upd3_idle
[13:08:07 #365] [P05] task queued (queue=1)
[13:08:07 #366] [P05] PASS prog.reset_by_run
[13:08:07 #367] [P05] PASS prog.neg_clamped
[13:08:07 #368] [P05] PASS prog.set03
[13:08:07 #369] [P05] PASS prog.regression_ignored
[13:08:07 #370] [P05] PASS prog.over_clamped
[13:08:07 #371] [P05] task done
[13:08:07 #372] [P05] gc drain (no-op in C)
[13:08:07 #373] [P05] PASS cancel.empty_queue_noop
[13:08:07 #374] [P05] task queued (queue=1)
[13:08:07 #375] [P05] PASS cancel.job_started_yielded
[13:08:07 #376] [P05] cancelAll dropped all tasks
[13:08:07 #377] [P05] PASS cancel.queue_cleared_progress_zeroed
[13:08:07 #378] [P05] PASS cancel.no_callbacks_fired
[13:08:07 #379] [P05] PASS cancel.ctx_freed
[13:08:07 #380] [P05] gc drain (no-op in C)
[13:08:07 #381] [P05] PASS cancel.post_cancel_idle_safe
[13:08:07 #382] [P05] task queued (queue=1)
[13:08:07 #383] [P05] task queued (queue=2)
[13:08:07 #384] [P05] PASS run.second_run_resets_progress
[13:08:07 #385] [P05] cancelAll dropped all tasks
[13:08:07 #386] [P05] task queued (queue=1)
[13:08:07 #387] [P05] task done
[13:08:07 #388] [P05] gc drain (no-op in C)
[13:08:07 #389] [P05] PASS free.on_complete_path
[13:08:07 #390] [P05] task queued (queue=1)
[13:08:07 #391] [P05] task error: task error
[13:08:07 #392] [P05] gc drain (no-op in C)
[13:08:07 #393] [P05] PASS free.on_error_path
[13:08:07 #394] [P05] task queued (queue=1)
[13:08:07 #395] [P05] task done
[13:08:07 #396] [P05] gc drain (no-op in C)
[13:08:07 #397] [P05] PASS yieldn.four_frames_then_done
[13:08:07 #398] [P05] gc drain (no-op in C)
[13:08:07 #399] [P05] PASS gc.external_schedule_safe
[13:08:07 #400] [P05] tasks selftests done: 33 passed, 0 failed
[13:08:07 #401] [P06] PASS cp1252.A41_raw_ascii
[13:08:07 #402] [P06] PASS cp1252.7f_stays_raw
[13:08:07 #403] [P06] PASS cp1252.80_is_euro
[13:08:07 #404] [P06] PASS cp1252.81_self_map_C281
[13:08:07 #405] [P06] PASS cp1252.92_right_quote
[13:08:07 #406] [P06] PASS cp1252.9c_oe_ligature
[13:08:07 #407] [P06] PASS cp1252.9f_Y_dieresis
[13:08:07 #408] [P06] PASS cp1252.a0_passthrough_C2A0
[13:08:07 #409] [P06] PASS cp1252.no_header_verbatim
[13:08:07 #410] [P06] PASS cp1252.e9_decodes_C3A9
[13:08:07 #411] [P06] PASS cp1252.ff_decodes_C3BF
[13:08:07 #412] [P06] PASS utf16le.bom_A
[13:08:07 #413] [P06] PASS utf16le.surrogate_pair_U10037
[13:08:07 #414] [P06] PASS utf16le.lone_high_consumes_next
[13:08:07 #415] [P06] PASS utf16be.euro_check
[13:08:07 #416] [P06] PASS utf8bom.stripped_hello
[13:08:07 #417] [P06] PASS hdr.utf8_verbatim_E9
[13:08:07 #418] [P06] PASS hdr.utf_8_alias_verbatim
[13:08:07 #419] [P06] PASS hdr.utf8mb4_passthrough
[13:08:07 #420] [P06] PASS hdr.ascii_verbatim
[13:08:07 #421] [P06] PASS hdr.usascii_passthrough
[13:08:07 #422] [P06] PASS hdr.quoted_value_fails_pattern
[13:08:07 #423] [P06] PASS hdr.missing_value_fails
[13:08:07 #424] [P06] PASS hdr.no_charset_verbatim
[13:08:07 #425] [P06] PASS hdr.Windows1252_decodes
[13:08:07 #426] [P06] PASS hdr.cp1252_decodes
[13:08:07 #427] [P06] PASS hdr.latin1_decodes
[13:08:07 #428] [P06] PASS hdr.iso88591_decodes
[13:08:07 #429] [P06] PASS hdr.iso8859_decodes
[13:08:07 #430] [P06] PASS hdr.shiftjis_besteffort
[13:08:07 #431] [P06] PASS hdr.eucjp_besteffort
[13:08:07 #432] [P06] PASS hdr.utf16le_nonbom_empty
[13:08:07 #433] [P06] PASS hdr.bare_utf16_not_dispatched
[13:08:07 #434] [P06] PASS meta.charset_simple_decodes
[13:08:07 #435] [P06] PASS meta.http_equiv_content_pattern
[13:08:07 #436] [P06] PASS meta.beyond1024_ignored
[13:08:07 #437] [P06] PASS prec.header_cp1252_beats_meta
[13:08:07 #438] [P06] PASS prec.header_utf8_allows_meta
[13:08:07 #439] [P06] PASS ent.fastpath_control_verbatim
[13:08:07 #440] [P06] PASS ent.named_basics
[13:08:07 #441] [P06] PASS ent.copy_reg_trade
[13:08:07 #442] [P06] PASS ent.deg_not_exact_spacing
[13:08:07 #443] [P06] PASS ent.frac12_never_matches
[13:08:07 #444] [P06] PASS ent.unknown_name_spaced
[13:08:07 #445] [P06] PASS ent.case_sensitive
[13:08:07 #446] [P06] PASS ent.missing_semicolon_raw
[13:08:07 #447] [P06] PASS dec.basic_nbsp_dashes
[13:08:07 #448] [P06] PASS dec.quote_family_ellipsis_bullet
[13:08:07 #449] [P06] PASS dec.math_table
[13:08:07 #450] [P06] PASS dec.range_edges
[13:08:07 #451] [P06] PASS dec.huge_number_space
[13:08:07 #452] [P06] PASS hex.basic_a0_dash
[13:08:07 #453] [P06] PASS hex.thin_spaces
[13:08:07 #454] [P06] PASS hex.lacks_201a_asymmetry
[13:08:07 #455] [P06] PASS dec.has_201a_quote
[13:08:07 #456] [P06] PASS clean.translit_accents
[13:08:07 #457] [P06] PASS clean.OE_thorn
[13:08:07 #458] [P06] PASS clean.caron_unmapped_space
[13:08:07 #459] [P06] PASS clean.euro_3byte_single_space
[13:08:07 #460] [P06] PASS clean.emoji_widens_per_byte
[13:08:07 #461] [P06] PASS clean.truncated_tail_single_space
[13:08:07 #462] [P06] PASS clean.nbsp_fixed_seq
[13:08:07 #463] [P06] PASS clean.emdash_fixed_seq
[13:08:07 #464] [P06] PASS clean.full_pipeline_mixed
[13:08:07 #465] [P06] PASS clean.high_absent_keeps_control
[13:08:07 #466] [P06] PASS encode.all_but_apostrophe
[13:08:07 #467] [P06] PASS encode.null_empty
[13:08:07 #468] [P05] task queued (queue=1)
[13:08:07 #469] [P05] task done
[13:08:07 #470] [P05] gc drain (no-op in C)
[13:08:07 #471] [P06] PASS task.decode_completes_one_frame
[13:08:07 #472] [P06] PASS task.decode_outlen
[13:08:07 #473] [P06] PASS task.decode_output
[13:08:07 #474] [P06] PASS norm.windows1252_alias
[13:08:07 #475] [P06] PASS norm.utf8_alias
[13:08:07 #476] [P06] PASS norm.null_safe
[13:08:07 #477] [P06] PASS degen.null_body_empty
[13:08:07 #478] [P06] PASS degen.decode_empty
[13:08:07 #479] [P06] encoding selftests done: 75 passed, 0 failed
[13:08:07 #480] [P07] PASS A.ret
[13:08:07 #481] [P07] PASS A.loading_after_get
[13:08:07 #482] [P07] PASS A.conn_args
[13:08:07 #483] [P07] PASS A.timeouts_ms_and_bufsize
[13:08:07 #484] [P07] PASS A.request_bytes_exact
[13:08:07 #485] [P07] PASS A.loading_after_success
[13:08:07 #486] [P07] PASS A2.conn_ssl_8443
[13:08:07 #487] [P07] PASS A2.cookie_request_bytes
[13:08:07 #488] [P07] PASS A3.default_port_suppressed
[13:08:07 #489] [P07] PASS C.jar_count_2
[13:08:07 #490] [P07] PASS C.cookie_header_roundtrip
[13:08:07 #491] [P07] PASS D.ret
[13:08:07 #492] [P07] PASS D.status
[13:08:07 #493] [P07] PASS D.bodylen_beyond_cl
[13:08:07 #494] [P07] PASS D.slice_to_end
[13:08:07 #495] [P07] PASS D.url
[13:08:07 #496] [P07] PASS E.no_success_midstream
[13:08:07 #497] [P07] PASS E.status
[13:08:07 #498] [P07] PASS E.decoded_body
[13:08:07 #499] [P07] PASS F.first_hop_closed
[13:08:07 #500] [P07] PASS F.hop2_conn
[13:08:07 #501] [P07] PASS F.relative_resolution
[13:08:07 #502] [P07] PASS F.final_status
[13:08:07 #503] [P07] PASS F.final_url
[13:08:07 #504] [P07] PASS F.sock_count
[13:08:07 #505] [P07] PASS G.six_sockets
[13:08:07 #506] [P07] PASS G.silent_drop_no_callbacks
[13:08:07 #507] [P07] PASS G.not_loading_after
[13:08:07 #508] [P07] PASS H.partial_over_512_done
[13:08:07 #509] [P07] PASS H.bodylen_600
[13:08:07 #510] [P07] PASS I.timeout_error
[13:08:07 #511] [P07] PASS I.timeout_message
[13:08:07 #512] [P07] PASS J.closed_no_data_error
[13:08:07 #513] [P07] PASS J.closed_message
[13:08:07 #514] [P07] PASS P.closed_midbody_done
[13:08:07 #515] [P07] PASS P.partial_body
[13:08:07 #516] [P07] PASS K.stale_socket_closed
[13:08:07 #517] [P07] PASS K.silent
[13:08:07 #518] [P07] PASS K.idle
[13:08:07 #519] [P07] PASS L.get_about_loading
[13:08:07 #520] [P07] PASS L.still_pending
[13:08:07 #521] [P07] PASS L.progress_100
[13:08:07 #522] [P07] PASS L.home_status
[13:08:07 #523] [P07] PASS L.home_ct
[13:08:07 #524] [P07] PASS L.home_len_100
[13:08:07 #525] [P07] PASS L.home_url
[13:08:07 #526] [P07] PASS L.done_not_loading
[13:08:07 #527] [P07] PASS L.unknown_ret_true
[13:08:07 #528] [P07] PASS L.unknown_error
[13:08:07 #529] [P07] PASS L.unknown_message
[13:08:07 #530] [P07] PASS L.unknown_idle
[13:08:07 #531] [P07] PASS L.blank_len_26
[13:08:07 #532] [P07] PASS L.acid_len_2984
[13:08:07 #533] [P07] PASS L.acid_title_present
[13:08:07 #534] [P07] PASS M.ret_false
[13:08:07 #535] [P07] PASS M.sync_error
[13:08:07 #536] [P07] PASS M.message
[13:08:07 #537] [P07] PASS M.idle
[13:08:07 #538] [P07] PASS N.send_error
[13:08:07 #539] [P07] PASS N.send_failed_prefix
[13:08:07 #540] [P07] PASS N.idle
[13:08:07 #541] [P07] PASS O.three_progress_calls
[13:08:07 #542] [P07] PASS O.first_0_0
[13:08:07 #543] [P07] PASS O.second_body_bytes
[13:08:07 #544] [P07] PASS O.clamped_final
[13:08:07 #545] [P07] PASS O.delivered
[13:08:07 #546] [P07] PASS Q.delivered_as_normal
[13:08:07 #547] [P07] PASS Q.empty_body
[13:08:07 #548] [P07] PASS R.deny_ret_false
[13:08:07 #549] [P07] PASS R.deny_error
[13:08:07 #550] [P07] PASS R.deny_message
[13:08:07 #551] [P07] PASS R.purpose_string
[13:08:07 #552] [P07] PASS S.ask_ret_true
[13:08:07 #553] [P07] PASS S.waiting_no_socket_yet
[13:08:07 #554] [P07] PASS S.one_access_call
[13:08:07 #555] [P07] PASS S.callback_recorded
[13:08:07 #556] [P07] PASS S.socket_after_grant
[13:08:07 #557] [P07] PASS S.completed_after_grant
[13:08:07 #558] [P07] PASS S.grant_cached_same_host
[13:08:07 #559] [P07] PASS T.waiting
[13:08:07 #560] [P07] PASS T.async_deny_error
[13:08:07 #561] [P07] PASS T.async_deny_message
[13:08:07 #562] [P07] PASS T.idle_after_deny
[13:08:07 #563] [P07] PASS W.error_state_before_tick
[13:08:07 #564] [P07] PASS W.open_failed_delivered
[13:08:07 #565] [P07] PASS W.open_failed_message
[13:08:07 #566] [P07] PASS W.idle
[13:08:07 #567] [P07] PASS V.empty_parses_to_blank_host
[13:08:07 #568] [P07] PASS V.host_blank_port0
[13:08:07 #569] [P07] http selftests done: 89 passed, 0 failed
[13:08:07 #570] [P08] tokenizer selftests start
[13:08:07 #571] [P08] PASS A.nonnull
[13:08:07 #572] [P08] PASS A.title_default
[13:08:07 #573] [P08] PASS A.count_1
[13:08:07 #574] [P08] PASS A.text
[13:08:07 #575] [P08] PASS B.empty_count0
[13:08:07 #576] [P08] PASS B.empty_title
[13:08:07 #577] [P08] PASS C.entity_decode
[13:08:07 #578] [P08] PASS D.count_3
[13:08:07 #579] [P08] PASS D.tag_p_open
[13:08:07 #580] [P08] PASS D.text_hi
[13:08:07 #581] [P08] PASS D.tag_p_close_self
[13:08:07 #582] [P08] PASS E.count_4
[13:08:07 #583] [P08] PASS E.br_slash
[13:08:07 #584] [P08] PASS E.br_space_slash
[13:08:07 #585] [P08] PASS E.hr_plain
[13:08:07 #586] [P08] PASS E.close_p_self
[13:08:07 #587] [P08] PASS F.colon_names
[13:08:07 #588] [P08] PASS F.attr_datax
[13:08:07 #589] [P08] PASS G.lowered_names
[13:08:07 #590] [P08] PASS G.attr_val_case_kept
[13:08:07 #591] [P08] PASS G.text_Y
[13:08:07 #592] [P08] PASS H.interleave
[13:08:07 #593] [P08] PASS I.lt_space_gt_quirk
[13:08:07 #594] [P08] PASS J.junk_dropped
[13:08:07 #595] [P08] PASS K.doctype_vanishes
[13:08:07 #596] [P08] PASS L.broken_tail_dropped
[13:08:07 #597] [P08] PASS M.count_3
[13:08:07 #598] [P08] PASS M.tag_a
[13:08:07 #599] [P08] PASS M.href_decoded
[13:08:07 #600] [P08] PASS M.id_single_quoted
[13:08:07 #601] [P08] PASS M.unquoted
[13:08:07 #602] [P08] PASS M.boolean_disabled
[13:08:07 #603] [P08] PASS M.boolean_datax
[13:08:07 #604] [P08] PASS M.attr_count_5
[13:08:07 #605] [P08] PASS M.text_y
[13:08:07 #606] [P08] PASS M.close_a
[13:08:07 #607] [P08] PASS N.first_wins
[13:08:07 #608] [P08] PASS N.src_first
[13:08:07 #609] [P08] PASS N.alt_first_lowered_key
[13:08:07 #610] [P08] PASS N.attr_count_2
[13:08:07 #611] [P08] PASS O.key_dot_quirk
[13:08:07 #612] [P08] PASS O.a_bool
[13:08:07 #613] [P08] PASS O.b_c
[13:08:07 #614] [P08] PASS O.d_e_f_g
[13:08:07 #615] [P08] PASS O.attr_count_3
[13:08:07 #616] [P08] PASS P.space_before_eq_quirk
[13:08:07 #617] [P08] PASS P.href_empty
[13:08:07 #618] [P08] PASS P.v_bool_lost_value
[13:08:07 #619] [P08] PASS P.attr_count_2
[13:08:07 #620] [P08] PASS Q.unterminated_quote_all_dropped
[13:08:07 #621] [P08] PASS R.comment_full
[13:08:07 #622] [P08] PASS S.comment_unclosed_tail_after_gt
[13:08:07 #623] [P08] PASS T.script_skip
[13:08:07 #624] [P08] PASS U.script_case_insensitive
[13:08:07 #625] [P08] PASS V.script_unclosed_swallows_rest
[13:08:07 #626] [P08] PASS W.style_skip
[13:08:07 #627] [P08] PASS X.style_unclosed_swallows
[13:08:07 #628] [P08] PASS Y.title_decoded_collapsed
[13:08:07 #629] [P08] PASS Y.title_tags_not_emitted
[13:08:07 #630] [P08] PASS Z.title_unclosed_default
[13:08:07 #631] [P08] PASS AA.prefix_hijack_title
[13:08:07 #632] [P08] PASS AB.alloc_big
[13:08:07 #633] [P08] PASS AC.trunc_cut_at_gt_single
[13:08:07 #634] [P08] PASS AC.text_len_262202
[13:08:07 #635] [P08] PASS AD.alloc_flat
[13:08:07 #636] [P08] PASS AE.no_gt_exact_max
[13:08:07 #637] [P08] PASS AF.exact_max_untouched
[13:08:07 #638] [P08] PASS AG.progress_reported
[13:08:07 #639] [P08] tokenizer selftests done: 68 passed, 0 failed
[13:08:07 #640] [P09] dom selftests start
[13:08:07 #641] [P09] PASS A.root
[13:08:07 #642] [P09] PASS A.diag
[13:08:07 #643] [P09] PASS A.child_text
[13:08:07 #644] [P09] PASS B.empty
[13:08:07 #645] [P09] PASS C.nested_counts
[13:08:07 #646] [P09] PASS C.structure
[13:08:07 #647] [P09] PASS D.format_survives
[13:08:07 #648] [P09] PASS D.b_nests_i
[13:08:07 #649] [P09] PASS E.p_implied_by_div
[13:08:07 #650] [P09] PASS F.stray_li_root_siblings
[13:08:07 #651] [P09] PASS G.list_counts
[13:08:07 #652] [P09] PASS G.list_shape
[13:08:07 #653] [P09] PASS G.inner_list
[13:08:07 #654] [P09] PASS H.dtdd
[13:08:07 #655] [P09] PASS I.table_counts
[13:08:07 #656] [P09] PASS I.table_shape
[13:08:07 #657] [P09] PASS I.rows_cells
[13:08:07 #658] [P09] PASS J.stray_tr_dropped
[13:08:07 #659] [P09] PASS K.stray_td_dropped
[13:08:07 #660] [P09] PASS L.option_outside_dropped
[13:08:07 #661] [P09] PASS M.anchor_reopen
[13:08:07 #662] [P09] PASS M.second_a_sibling
[13:08:07 #663] [P09] PASS N.voids_flat
[13:08:07 #664] [P09] PASS N.sequence
[13:08:07 #665] [P09] PASS N.close_br_ignored
[13:08:07 #666] [P09] PASS O.selfclose_not_pushed
[13:08:07 #667] [P09] PASS P.head_skipped
[13:08:07 #668] [P09] PASS P.body_p_vis
[13:08:07 #669] [P09] PASS P.diag_skipped1_proc10
[13:08:07 #670] [P09] PASS Q.template_hidden
[13:08:07 #671] [P09] PASS Q.skipped3
[13:08:07 #672] [P09] PASS R.close_through_counts
[13:08:07 #673] [P09] PASS R.popped_through_span
[13:08:07 #674] [P09] PASS R.deep_sibling_of_p
[13:08:07 #675] [P09] PASS S.unknown_close_noop
[13:08:07 #676] [P09] PASS S.b_inside_div
[13:08:07 #677] [P09] PASS T.attrs_kept
[13:08:07 #678] [P09] PASS T.attr_values
[13:08:07 #679] [P09] PASS T.text
[13:08:07 #680] [P09] PASS U.chain_depth_12
[13:08:07 #681] [P09] PASS V.blockquote_ps
[13:08:07 #682] [P09] PASS V.two_siblings
[13:08:07 #683] [P09] PASS W.alloc
[13:08:07 #684] [P09] PASS W.valve_diag
[13:08:07 #685] [P09] PASS W.valve_kids
[13:08:07 #686] [P09] PASS X.alloc
[13:08:07 #687] [P09] PASS X.capped_at_6000
[13:08:07 #688] [P09] PASS X.maxhit_dead_flag_false
[13:08:07 #689] [P09] PASS Y.progress_in_dom_range
[13:08:07 #690] [P09] dom selftests done: 49 passed, 0 failed
[13:08:07 #691] [P11] PASS A.blank_title
[13:08:07 #692] [P11] PASS A.blank_base
[13:08:07 #693] [P11] PASS A.empty_no_blocks
[13:08:07 #694] [P11] PASS A.raw_html
[13:08:07 #695] [P11] PASS B.reader_doc
[13:08:07 #696] [P11] PASS C.h2_meta
[13:08:07 #697] [P11] PASS C.h6_align_attr
[13:08:07 #698] [P11] PASS C.h3_align_style
[13:08:07 #699] [P11] PASS D.div_para
[13:08:07 #700] [P11] PASS D.section_para
[13:08:07 #701] [P11] PASS D.margin_shorthand2
[13:08:07 #702] [P11] PASS D.padding_left
[13:08:07 #703] [P11] PASS D.invert_center
[13:08:07 #704] [P11] PASS E.nest_bi
[13:08:07 #705] [P11] PASS E.flags7
[13:08:07 #706] [P11] PASS E.code_family
[13:08:07 #707] [P11] PASS F.br_same_para
[13:08:07 #708] [P11] PASS F.br_flags
[13:08:07 #709] [P11] PASS F.wbr
[13:08:07 #710] [P11] PASS F.hr_flushes
[13:08:07 #711] [P11] PASS G.pre_raw
[13:08:07 #712] [P11] PASS G.pre_blank_line
[13:08:07 #713] [P11] PASS G.xmp
[13:08:07 #714] [P11] PASS H.span_styles
[13:08:07 #715] [P11] PASS H.font_size
[13:08:07 #716] [P11] PASS H.time_fallback
[13:08:07 #717] [P11] PASS H.data_children_win
[13:08:07 #718] [P11] PASS H.time_text_no_fallback
[13:08:07 #719] [P11] PASS I.quotes
[13:08:07 #720] [P11] PASS J.resolve_target
[13:08:07 #721] [P11] PASS J.inline_link
[13:08:07 #722] [P11] PASS J.invalid_skipped
[13:08:07 #723] [P11] PASS J.invalid_plain
[13:08:07 #724] [P11] PASS J.title_fallback
[13:08:07 #725] [P11] PASS J.href_fallback
[13:08:07 #726] [P11] PASS J.text_accum
[13:08:07 #727] [P11] PASS J.anchor_seq
[13:08:07 #728] [P11] PASS K.ul_defaults
[13:08:07 #729] [P11] PASS K.ol_start
[13:08:07 #730] [P11] PASS K.ol_reversed
[13:08:07 #731] [P11] PASS K.ol_typeA
[13:08:07 #732] [P11] PASS K.ol_type_invalid
[13:08:07 #733] [P11] PASS K.nested_depth
[13:08:07 #734] [P11] PASS K.stray_li
[13:08:07 #735] [P11] PASS K.value_renumber
[13:08:07 #736] [P11] PASS L.dt_dd_flags
[13:08:07 #737] [P11] PASS L.dl_nested_indent
[13:08:07 #738] [P11] PASS N.caption_attached
[13:08:07 #739] [P11] PASS N.no_image_no_block
[13:08:07 #740] [P11] PASS O.clamps
[13:08:07 #741] [P11] PASS O.defaults
[13:08:07 #742] [P11] PASS O.alt_title
[13:08:07 #743] [P11] PASS O.data_src
[13:08:07 #744] [P11] PASS O.srcset_first
[13:08:07 #745] [P11] PASS O.filters
[13:08:07 #746] [P11] PASS O.usemap_strip
[13:08:07 #747] [P11] PASS O.img_in_link
[13:08:07 #748] [P11] PASS P.hidden_skip
[13:08:07 #749] [P11] PASS P.display_none
[13:08:07 #750] [P11] PASS P.inert_attr
[13:08:07 #751] [P11] PASS Q.scan_pattern_a
[13:08:07 #752] [P11] PASS Q.scan_pattern_b
[13:08:07 #753] [P11] PASS Q.body_overrides
[13:08:07 #754] [P11] PASS Q.invalid_ignored
[13:08:07 #755] [P11] PASS R.base_override
[13:08:07 #756] [P11] PASS R.first_nonempty_wins
[13:08:07 #757] [P11] PASS R.https_base
[13:08:07 #758] [P11] PASS S.block_cap_notice
[13:08:07 #759] [P11] PASS S.inline_cap
[13:08:07 #760] [P11] PASS T.basic_rows
[13:08:07 #761] [P11] PASS T.implicit_tr_quirk
[13:08:07 #762] [P11] PASS T.th_spans
[13:08:07 #763] [P11] PASS T.caption_trim
[13:08:07 #764] [P11] PASS T.border_width_align
[13:08:07 #765] [P11] PASS T.border_zero_off
[13:08:07 #766] [P11] PASS T.tbody_wrapper
[13:08:07 #767] [P11] PASS T.nested_dropped
[13:08:07 #768] [P11] PASS T.empty_cell_space
[13:08:07 #769] [P11] PASS T.cell_flags_link
[13:08:07 #770] [P11] PASS T.cell_first_ws_strip
[13:08:07 #771] [P11] PASS T.stray_tr_text_leak
[13:08:07 #772] [P11] PASS T.stray_td_text_leak
[13:08:07 #773] [P11] PASS T.block_tags_plain_in_cell
[13:08:07 #774] [P11] PASS U.hidden_block
[13:08:07 #775] [P11] PASS U.text_defaults
[13:08:07 #776] [P11] PASS U.text_attrs
[13:08:07 #777] [P11] PASS U.checkbox_aria_fallback
[13:08:07 #778] [P11] PASS U.checkbox_title_fallback
[13:08:07 #779] [P11] PASS U.checkbox_label_attr
[13:08:07 #780] [P11] PASS U.checkbox_radio_flags
[13:08:07 #781] [P11] PASS U.submit_labels
[13:08:07 #782] [P11] PASS U.button_blocks
[13:08:07 #783] [P11] PASS U.form_context
[13:08:07 #784] [P11] PASS U.textarea_capture
[13:08:07 #785] [P11] PASS U.textarea_disabled
[13:08:07 #786] [P11] PASS U.select_basic
[13:08:07 #787] [P11] PASS U.select_optgroup
[13:08:07 #788] [P11] PASS U.select_empty_skip
[13:08:07 #789] [P11] PASS U.select_label_wins
[13:08:07 #790] [P11] PASS V.fieldset_legend
[13:08:07 #791] [P11] PASS V.fieldset_disables_inner
[13:08:07 #792] [P11] PASS V.details_open
[13:08:07 #793] [P11] PASS V.details_body_rendered
[13:08:07 #794] [P11] PASS V.details_closed_default
[13:08:07 #795] [P11] PASS V.details_counter_seq
[13:08:07 #796] [P11] PASS V.details_override_open_close
[13:08:07 #797] [P11] PASS V.dialog_closed_hidden
[13:08:07 #798] [P11] PASS V.dialog_open_pair
[13:08:07 #799] [P11] PASS V.fieldset_nests
[13:08:07 #800] [P11] PASS W.video_placeholder
[13:08:07 #801] [P11] PASS W.source_fallback
[13:08:07 #802] [P11] PASS W.canvas_no_src
[13:08:07 #803] [P11] PASS W.iframe_href_embed
[13:08:07 #804] [P11] PASS W.progress_clamp
[13:08:07 #805] [P11] PASS W.meter_fields
[13:08:07 #806] [P11] PASS W.datalist_meta
[13:08:07 #807] [P11] PASS W.map_areas
[13:08:07 #808] [P11] PASS W.fencedframe
[13:08:07 #809] [P11] PASS W.template_inert
[13:08:07 #810] [P11] PASS W.voids_silent
[13:08:07 #811] [P11] PASS X.svg_serialize
[13:08:07 #812] [P11] PASS X.svg_viewbox_quirk
[13:08:07 #813] [P11] PASS X.svg_defaults_clamp
[13:08:07 #814] [P11] PASS X.svg_alt_rules
[13:08:07 #815] [P11] PASS X.math_linearized
[13:08:07 #816] [P11] PASS X.mfenced_seps
[13:08:07 #817] [P11] PASS X.math_ws_collapse
[13:08:07 #818] [P11] PASS X.math_empty_skipped
[13:08:07 #819] [P11] PASS Y.address_hgroup_paragraphs
[13:08:07 #820] [P11] PASS Y.figure_caption_only_para
[13:08:07 #821] [P11] PASS Y.heading_css_spacing
[13:08:07 #822] [P11] PASS Y.inert_scope_restored
[13:08:07 #823] [P11] document selftests done: 132 passed, 0 failed
[13:08:07 #824] [P12] PASS A.mode_flag
[13:08:07 #825] [P12] PASS A.raw_html_kept
[13:08:07 #826] [P12] PASS A.base_kept
[13:08:07 #827] [P12] PASS A.block_count
[13:08:07 #828] [P12] PASS A.header_host
[13:08:07 #829] [P12] PASS A.header_title_fallback
[13:08:07 #830] [P12] PASS A.reading_time_math
[13:08:07 #831] [P12] PASS A.title_h1_bold
[13:08:07 #832] [P12] PASS A.hr_third
[13:08:07 #833] [P12] PASS A.paragraph_fourth
[13:08:07 #834] [P12] PASS A.paragraph_text
[13:08:07 #835] [P12] dump basics: 4 blocks
[13:08:07 #836] [P12]    0 READER_HEADER host=EX.COM title=Web Page rt=1 min read (3 words)
[13:08:07 #837] [P12]    1 HEADING h1 [Web Page]
[13:08:07 #838] [P12]    2 HR
[13:08:07 #839] [P12]    3 type=0 [Hello brave world]
[13:08:07 #840] [P12] PASS A.empty_blank_doc
[13:08:07 #841] [P12] PASS A.fallback_title_host
[13:08:07 #842] [P12] dump fallbacks: 4 blocks
[13:08:07 #843] [P12]    0 READER_HEADER host=BLANK title=Untitled Article rt=1 min read (1 words)
[13:08:07 #844] [P12]    1 HEADING h1 [Untitled Article]
[13:08:07 #845] [P12]    2 HR
[13:08:07 #846] [P12]    3 type=0 [x]
[13:08:07 #847] [P12] PASS B.merged_count
[13:08:07 #848] [P12] PASS B.merged_text
[13:08:07 #849] [P12] PASS B.sentence_boundary
[13:08:07 #850] [P12] dump merge: 5 blocks
[13:08:07 #851] [P12]    0 READER_HEADER host=EX.COM title=Web Page rt=1 min read (10 words)
[13:08:07 #852] [P12]    1 HEADING h1 [Web Page]
[13:08:07 #853] [P12]    2 HR
[13:08:07 #854] [P12]    3 type=0 [Welcome to Wikipedia,the free encyclopediaEnds here.]
[13:08:07 #855] [P12]    4 type=0 [new frag]
[13:08:07 #856] [P12] PASS C.bare_dropped_kept
[13:08:07 #857] [P12] dump bare_url: 4 blocks
[13:08:07 #858] [P12]    0 READER_HEADER host=EX.COM title=Web Page rt=1 min read (6 words)
[13:08:07 #859] [P12]    1 HEADING h1 [Web Page]
[13:08:07 #860] [P12]    2 HR
[13:08:07 #861] [P12]    3 type=0 [real anchor texttwo words stay]
[13:08:07 #862] [P12] PASS D.stripped_absent
[13:08:07 #863] [P12] PASS D.kept_present
[13:08:07 #864] [P12] dump strip: 4 blocks
[13:08:07 #865] [P12]    0 READER_HEADER host=EX.COM title=Web Page rt=1 min read (2 words)
[13:08:07 #866] [P12]    1 HEADING h1 [Web Page]
[13:08:07 #867] [P12]    2 HR
[13:08:07 #868] [P12]    3 type=0 [kept paragraph]
[13:08:07 #869] [P12] PASS E.heading_level
[13:08:07 #870] [P12] PASS E.h3
[13:08:07 #871] [P12] PASS E.list_numbers
[13:08:07 #872] [P12] PASS E.pre_verbatim
[13:08:07 #873] [P12] PASS E.blockquote_type
[13:08:07 #874] [P12] dump structure: 9 blocks
[13:08:07 #875] [P12]    0 READER_HEADER host=EX.COM title=Web Page rt=1 min read (10 words)
[13:08:07 #876] [P12]    1 HEADING h1 [Web Page]
[13:08:07 #877] [P12]    2 HR
[13:08:07 #878] [P12]    3 HEADING h3 [Title Three]
[13:08:07 #879] [P12]    4 LI ordered=0 num=1 [Alpha item]
[13:08:07 #880] [P12]    5 LI ordered=0 num=2 [Beta item]
[13:08:07 #881] [P12]    6 LI ordered=1 num=1 [Num one]
[13:08:07 #882] [P12]    7 CODE [a   b
line2]
[13:08:07 #883] [P12]    8 type=2 [quoted words]
[13:08:07 #884] [P12] PASS F.clamp_resolve_alt
[13:08:07 #885] [P12] PASS F.tracking_skipped
[13:08:07 #886] [P12] PASS F.srcset_first
[13:08:07 #887] [P12] PASS F.data_src_default_alt
[13:08:07 #888] [P12] PASS F.empty_alt_becomes_image
[13:08:07 #889] [P12] dump images: 7 blocks
[13:08:07 #890] [P12]    0 READER_HEADER host=EX.COM title=Web Page rt=1 min read (0 words)
[13:08:07 #891] [P12]    1 HEADING h1 [Web Page]
[13:08:07 #892] [P12]    2 HR
[13:08:07 #893] [P12]    3 IMAGE 360x99 alt=Pic src=http://ex.com/pic.png
[13:08:07 #894] [P12]    4 IMAGE 160x80 alt=ss src=http://ex.com/first.x
[13:08:07 #895] [P12]    5 IMAGE 160x80 alt=Image src=http://ex.com/lazy.png
[13:08:07 #896] [P12]    6 IMAGE 160x80 alt=Image src=http://ex.com/noalt.png
[13:08:07 #897] [P12] PASS G.input_field
[13:08:07 #898] [P12] PASS G.input_submit_value_label
[13:08:07 #899] [P12] PASS G.textarea
[13:08:07 #900] [P12] PASS G.button_label_trimmed
[13:08:07 #901] [P12] PASS G.checkbox_ignored
[13:08:07 #902] [P12] dump forms: 7 blocks
[13:08:07 #903] [P12]    0 READER_HEADER host=EX.COM title=Web Page rt=1 min read (0 words)
[13:08:07 #904] [P12]    1 HEADING h1 [Web Page]
[13:08:07 #905] [P12]    2 HR
[13:08:07 #906] [P12]    3 INPUT type=text name=q ph=Search act=http://ex.com/search meth=post
[13:08:07 #907] [P12]    4 SUBMIT label=Go act=http://ex.com/search meth=post
[13:08:07 #908] [P12]    5 INPUT type=textarea name=ta ph= act= meth=post
[13:08:07 #909] [P12]    6 SUBMIT label=Click  Me act= meth=post
[13:08:07 #910] [P12] PASS H.sorted_order_walk
[13:08:07 #911] [P12] PASS H.reader_words
[13:08:07 #912] [P12] dump selection: 4 blocks
[13:08:07 #913] [P12]    0 READER_HEADER host=EX.COM title=Web Page rt=1 min read (8 words)
[13:08:07 #914] [P12]    1 HEADING h1 [Web Page]
[13:08:07 #915] [P12]    2 HR
[13:08:07 #916] [P12]    3 type=0 [alpha bravo charlie delta echoStray intro line.]
[13:08:07 #917] [P12] readability selftests done: 36 passed, 0 failed
[13:08:07 #918] [P13] font fonts/Roobert-20-Medium -> loaded
[13:08:07 #919] [P13] font fonts/Roobert-10-Bold -> loaded
[13:08:07 #920] [P13] font fonts/Roobert-10-Bold -> loaded
[13:08:07 #921] [P13] font fonts/Roobert-11-Medium -> loaded
[13:08:07 #922] [P13] font fonts/Roobert-10-Bold -> loaded
[13:08:07 #923] [P13] font fonts/Roobert-11-Mono-Condensed -> loaded
[13:08:07 #924] [P13] PASS H.heading_map
[13:08:07 #925] [P13] PASS H.body_plain_16
[13:08:07 #926] [P13] PASS H.body_bold_16
[13:08:07 #927] [P13] PASS H.body_code_15
[13:08:07 #928] [P13] PASS I.code_wins
[13:08:07 #929] [P13] PASS I.small_over_bold
[13:08:07 #930] [P13] PASS I.sub_14
[13:08:07 #931] [P13] PASS I.sup_14
[13:08:07 #932] [P13] PASS I.small_group_wins_over_big
[13:08:07 #933] [P13] PASS I.bold_16
[13:08:07 #934] [P13] PASS I.big_bold_slot_16
[13:08:07 #935] [P13] PASS I.plain_16
[13:08:07 #936] [P13] PASS W.empty_zero
[13:08:07 #937] [P13] PASS W.real_fonts_positive
[13:08:07 #938] [P13] sample 'Hello World' widths: body=95 mono=88 small=95 h1=150
[13:08:07 #939] [P13] PASS W.explicit_font_empty_zero
[13:08:07 #940] [P13] style selftests done: 15 passed, 0 failed
[13:08:07 #941] [P14] PASS A.reject_empty_href
[13:08:07 #942] [P14] PASS A.add_text_default
[13:08:07 #943] [P14] PASS A.text_defaults_to_href
[13:08:07 #944] [P14] PASS A.hover_default_w60_h14
[13:08:07 #945] [P14] PASS M.same_anchor_merges
[13:08:07 #946] [P14] PASS M.no_selection_yet
[13:08:07 #947] [P14] PASS M.diff_anchor_splits
[13:08:07 #948] [P14] PASS M.nil_anchor_merges_any
[13:08:07 #949] [P14] PASS M.text_or_href_split
[13:08:07 #950] [P14] PASS M.nil_text_never_merges
[13:08:07 #951] [P14] PASS M.rect_list_and_primary
[13:08:07 #952] [P14] PASS M.three_rects_stored
[13:08:07 #953] [P14] PASS M.index_is_1_based
[13:08:07 #954] [P14] PASS S.empty_page_none
[13:08:07 #955] [P14] PASS S.pass1_closest_center
[13:08:07 #956] [P14] PASS S.pass2_all_outside_tie_first
[13:08:07 #957] [P14] PASS S.pass2_tie_keeps_first
[13:08:07 #958] [P14] PASS S.selectNext_uses_viewport_rule
[13:08:07 #959] [P14] PASS N.prev_initial_select
[13:08:07 #960] [P14] PASS N.next_wraps_to_first
[13:08:07 #961] [P14] PASS N.prev_wraps_to_last
[13:08:07 #962] [P14] PASS N.clear_resets_selection
[13:08:07 #963] [P14] PASS H.selected_bounds_ok
[13:08:07 #964] [P14] PASS H.is_hit_on_selected_rect
[13:08:07 #965] [P14] PASS H.miss_other_xy_of_same_href
[13:08:07 #966] [P14] PASS H.other_href_false
[13:08:07 #967] [P14] PASS H.null_href_false
[13:08:07 #968] [P14] PASS H.addLink_wrapper
[13:08:07 #969] [P14] synthetic layout dump: viewport rule verified against CONTENT_Y=24 CONTENT_H=216 SCREEN_H=240
[13:08:07 #970] [P14] link_manager selftests done: 28 passed, 0 failed
[13:08:07 #971] [P15] PASS G.black_white
[13:08:07 #972] [P15] PASS G.channels
[13:08:07 #973] [P15] PASS G.midpoint
[13:08:07 #974] [P15] PASS G.monotonic
[13:08:07 #975] [P15] PASS B.threshold_boundary_strict
[13:08:07 #976] [P15] PASS B.gray0_corner_white
[13:08:07 #977] [P15] PASS B.white_all_white
[13:08:07 #978] [P15] PASS S.half
[13:08:07 #979] [P15] PASS S.ceil_floors
[13:08:07 #980] [P15] PASS S.upscale_clamps_to_1x1_boxes
[13:08:07 #981] [P15] PASS S.max_zero_guard
[13:08:07 #982] [P15] PASS S.src_zero
[13:08:07 #983] [P15] PASS A.uniform_half
[13:08:07 #984] [P15] PASS A.fast_path_identity
[13:08:07 #985] [P15] PASS A.round_down_case
[13:08:07 #986] [P15] PASS A.round_exact
[13:08:07 #987] [P15] PASS A.round_half_up
[13:08:07 #988] [P15] PASS A.partial_block_extra_row_quirk
[13:08:07 #989] [P15] PASS A.null_row_ignored
[13:08:07 #990] [P15] decoders selftests done: 19 passed, 0 failed
[13:08:07 #991] [P15] dump toImage 380x240 (from 400x500) expected_black=42803 actual_black=42803
[13:08:07 #992] [P15] PASS R.clamped_380x240
[13:08:07 #993] [P15] PASS R.bitmap_pixels_match_bayer
[13:08:07 #994] [P15] PASS R.degenerate_rejected
[13:08:07 #995] [P15] decoders device checks done: 3 passed, 0 failed
[13:08:07 #996] [P16] PASS O.A_dyn_roundtrip
[13:08:07 #997] [P16] PASS O.B_raw_roundtrip
[13:08:07 #998] [P16] PASS O.C_stored_roundtrip
[13:08:07 #999] [P16] PASS O.D_flush_roundtrip
[13:08:07 #1000] [P16] PASS O.short_input_rejected
[13:08:07 #1001] [P16] PASS O.empty_input_rejected
[13:08:07 #1002] [P16] PASS O.truncated_partial
[13:08:07 #1003] [P16] PASS O.handmade_stored
[13:08:07 #1004] [P16] PASS S.chunked_roundtrip
[13:08:07 #1005] [P16] PASS S.big_read_then_eof
[13:08:07 #1006] [P16] PASS S.raw_stream
[13:08:07 #1007] [P16] PASS S.guards
[13:08:07 #1008] [P16] fixtures: A=57B->360B B=84B->6621B C=311B->300B D=116B->6621B
[13:08:07 #1009] [P16] inflate selftests done: 12 passed, 0 failed
[13:08:07 #1010] [P17] PASS D.red_64x48
[13:08:07 #1011] [P17] PASS D.rgba_40x30
[13:08:07 #1012] [P17] PASS D.pal_32x16
[13:08:07 #1013] [P17] PASS D.gray8_100x10
[13:08:07 #1014] [P17] PASS D.gray1_32x8
[13:08:07 #1015] [P17] PASS D.ga_24x12
[13:08:07 #1016] [P17] PASS D.gray16_16x4
[13:08:07 #1017] [P17] PASS D.adam7_5x3
[13:08:07 #1018] [P17] PASS D.bench_266x200
[13:08:07 #1019] [P17] PASS D.down_50x40
[13:08:07 #1020] [P17] PASS G.short_input
[13:08:07 #1021] [P17] PASS G.bad_signature
[13:08:07 #1022] [P17] bench 800x600 -> 266x200 in 34.2 ms
[13:08:07 #1023] [P17] PASS B.bench_grid_alive
[13:08:07 #1024] [P17] png selftests done: 13 passed, 0 failed
[13:08:07 #1025] [P18] PASS D.b24_64x48
[13:08:07 #1026] [P18] PASS D.b32_20x10
[13:08:07 #1027] [P18] PASS D.b8_16x16
[13:08:07 #1028] [P18] PASS D.b4_12x8
[13:08:07 #1029] [P18] PASS D.b1_24x6
[13:08:07 #1030] [P18] PASS D.wide_360x90
[13:08:07 #1031] [P18] PASS D.bench_300x200
[13:08:07 #1032] [P18] PASS G.short_input
[13:08:07 #1033] [P18] PASS G.bad_signature
[13:08:07 #1034] [P18] bench 600x400 -> 300x200 in 0.5 ms
[13:08:07 #1035] [P18] PASS B.bench_ran
[13:08:07 #1036] [P18] bmp selftests done: 10 passed, 0 failed
[13:08:07 #1037] [P19] PASS D.basic_40x30
[13:08:07 #1038] [P19] PASS D.offset_30x8
[13:08:07 #1039] [P19] PASS D.trans_20x10
[13:08:07 #1040] [P19] PASS D.inter_16x16
[13:08:07 #1041] [P19] PASS D.multi_24x12
[13:08:07 #1042] [P19] PASS D.bench_300x200
[13:08:07 #1043] [P19] PASS G.short_input
[13:08:07 #1044] [P19] PASS G.bad_signature
[13:08:07 #1045] [P19] PASS G.trailer_no_image
[13:08:07 #1046] [P19] bench 600x400 -> 300x200 in 4.1 ms
[13:08:07 #1047] [P19] PASS B.bench_ran
[13:08:07 #1048] [P19] gif selftests done: 10 passed, 0 failed
[13:08:07 #1049] [P20] PASS D.flat_64x48
[13:08:07 #1050] [P20] PASS D.dcstripes_240x160
[13:08:07 #1051] [P20] PASS D.acblocks_32x24
[13:08:07 #1052] [P20] PASS D.restart_160x144
[13:08:07 #1053] [P20] PASS D.sub420_128x96
[13:08:07 #1054] [P20] PASS D.prog_dc_96x80
[13:08:07 #1055] [P20] PASS D.prog_multi_96x80
[13:08:07 #1056] [P20] PASS D.prog_refine_64x48
[13:08:07 #1057] [P20] PASS G.short_input
[13:08:07 #1058] [P20] PASS G.bad_signature
[13:08:07 #1059] [P20] PASS G.eoi_only
[13:08:07 #1060] [P20] PASS G.sof9_arithmetic
[13:08:07 #1061] [P20] PASS G.trunc_sof
[13:08:07 #1062] [P20] PASS D.pil_smoke_266x200
[13:08:07 #1063] [P20] bench 800x600 -> 266x200 in 3.9 ms
[13:08:07 #1064] [P20] PASS B.bench_ran
[13:08:07 #1065] [P20] jpeg selftests done: 15 passed, 0 failed
[13:08:07 #1066] [P21] PASS D.flat_dims
[13:08:07 #1067] [P21] PASS D.flat_cksum
[13:08:07 #1068] [P21] PASS D.flat_probes
[13:08:07 #1069] [P21] PASS D.gradient_dims
[13:08:07 #1070] [P21] PASS D.gradient_cksum
[13:08:07 #1071] [P21] PASS D.gradient_probes
[13:08:07 #1072] [P21] PASS D.palette_dims
[13:08:07 #1073] [P21] PASS D.palette_cksum
[13:08:07 #1074] [P21] PASS D.palette_probes
[13:08:07 #1075] [P21] PASS D.alpha_dims
[13:08:07 #1076] [P21] PASS D.alpha_cksum
[13:08:07 #1077] [P21] PASS D.alpha_probes
[13:08:07 #1078] [P21] PASS D.predictor_dims
[13:08:07 #1079] [P21] PASS D.predictor_cksum
[13:08:07 #1080] [P21] PASS D.predictor_probes
[13:08:07 #1081] [P21] PASS D.cache_dims
[13:08:07 #1082] [P21] PASS D.cache_cksum
[13:08:07 #1083] [P21] PASS D.cache_probes
[13:08:07 #1084] [P21] PASS D.meta_dims
[13:08:07 #1085] [P21] PASS D.meta_cksum
[13:08:07 #1086] [P21] PASS D.meta_probes
[13:08:07 #1087] [P21] PASS D.lossy_flat_dims
[13:08:07 #1088] [P21] PASS D.lossy_flat_cksum
[13:08:07 #1089] [P21] PASS D.lossy_flat_probes
[13:08:07 #1090] [P21] PASS D.lossy_grad_dims
[13:08:07 #1091] [P21] PASS D.lossy_grad_cksum
[13:08:07 #1092] [P21] PASS D.lossy_grad_probes
[13:08:07 #1093] [P21] PASS D.lossy_alpha_dims
[13:08:07 #1094] [P21] PASS D.lossy_alpha_cksum
[13:08:07 #1095] [P21] PASS D.lossy_alpha_probes
[13:08:07 #1096] [P21] PASS G.gradient_decode
[13:08:07 #1097] [P21] PASS G.gradient_dims
[13:08:07 #1098] [P21] PASS G.alpha_argb
[13:08:07 #1099] [P21] PASS G.flat_dims
[13:08:07 #1100] [P21] PASS X.badsig_reject
[13:08:07 #1101] [P21] PASS X.riff_short_reject
[13:08:07 #1102] [P21] PASS X.trunc_reject
[13:08:07 #1103] [P21] PASS X.lossy_trunc_reject
[13:08:07 #1104] [P21] PASS X.null_args_reject
[13:08:07 #1105] [P21] PASS A.anim_badsig_reject
[13:08:07 #1106] [P21] PASS A.decode
[13:08:07 #1107] [P21] PASS A.dims
[13:08:07 #1108] [P21] PASS A.meta
[13:08:07 #1109] [P21] PASS A.durations
[13:08:07 #1110] [P21] PASS A.f0_cksum
[13:08:07 #1111] [P21] PASS A.f1_cksum
[13:08:07 #1112] [P21] PASS A.f2_cksum
[13:08:07 #1113] [P21] PASS A.f3_cksum
[13:08:07 #1114] [P21] PASS A.probes
[13:08:07 #1115] [P21] PASS pil_smoke_266x200
[13:08:07 #1116] [P21] bench 266x200: 30 iters in 31.92 ms (1.064 ms/iter)
[13:08:07 #1117] [P21] PASS B.bench_ran
[13:08:07 #1118] [P21] PASS B.lossy_smoke
[13:08:07 #1119] [P22] bench lossy 48x32: 200 iters in 17.86 ms (0.089 ms/iter)
[13:08:07 #1120] [P21] PASS B.lossy_bench_ran
[13:08:07 #1121] [P21] webp selftests done: 53 passed, 0 failed
[13:08:07 #1122] [P23] PASS D.i_32bpp_dims
[13:08:07 #1123] [P23] PASS D.i_32bpp_cksum
[13:08:07 #1124] [P23] PASS D.i_32bpp_probes
[13:08:07 #1125] [P23] PASS D.i_24bpp_masked_dims
[13:08:07 #1126] [P23] PASS D.i_24bpp_masked_cksum
[13:08:07 #1127] [P23] PASS D.i_24bpp_masked_probes
[13:08:07 #1128] [P23] PASS D.i_8bpp_nomask_dims
[13:08:07 #1129] [P23] PASS D.i_8bpp_nomask_cksum
[13:08:07 #1130] [P23] PASS D.i_8bpp_nomask_probes
[13:08:07 #1131] [P23] PASS D.i_4bpp_dims
[13:08:07 #1132] [P23] PASS D.i_4bpp_cksum
[13:08:07 #1133] [P23] PASS D.i_4bpp_probes
[13:08:07 #1134] [P23] PASS D.i_1bpp_dims
[13:08:07 #1135] [P23] PASS D.i_1bpp_cksum
[13:08:07 #1136] [P23] PASS D.i_1bpp_probes
[13:08:07 #1137] [P23] PASS D.i_topdown_dims
[13:08:07 #1138] [P23] PASS D.i_topdown_cksum
[13:08:07 #1139] [P23] PASS D.i_topdown_probes
[13:08:07 #1140] [P23] PASS D.i_scaled_dims
[13:08:07 #1141] [P23] PASS D.i_scaled_cksum
[13:08:07 #1142] [P23] PASS D.i_scaled_probes
[13:08:07 #1143] [P23] PASS D.i_png_entry_dims
[13:08:07 #1144] [P23] PASS D.i_png_entry_cksum
[13:08:07 #1145] [P23] PASS D.i_png_entry_probes
[13:08:07 #1146] [P23] PASS D.i_png_fallback_dims
[13:08:07 #1147] [P23] PASS D.i_png_fallback_cksum
[13:08:07 #1148] [P23] PASS D.i_png_fallback_probes
[13:08:07 #1149] [P23] PASS D.i_multi_dims
[13:08:07 #1150] [P23] PASS D.i_multi_cksum
[13:08:07 #1151] [P23] PASS D.i_multi_probes
[13:08:07 #1152] [P23] PASS D.i_cursor_dims
[13:08:07 #1153] [P23] PASS D.i_cursor_cksum
[13:08:07 #1154] [P23] PASS D.i_cursor_probes
[13:08:07 #1155] [P23] PASS G.bad_reserved
[13:08:07 #1156] [P23] PASS G.bad_type
[13:08:07 #1157] [P23] PASS G.count_zero
[13:08:07 #1158] [P23] PASS G.no_entries
[13:08:07 #1159] [P23] PASS G.all_fail_dib
[13:08:07 #1160] [P23] PASS G.null_args_reject
[13:08:07 #1161] [P23] PASS B.smoke_266x200
[13:08:07 #1162] [P23] bench ico 266x200: 100 iters in 84.86 ms (0.849 ms/iter)
[13:08:07 #1163] [P23] PASS B.bench_ran
[13:08:07 #1164] [P23] ico selftests done: 41 passed, 0 failed
[13:08:07 #1165] [P24] PASS D.s_rects_dims
[13:08:07 #1166] [P24] PASS D.s_rects_cksum
[13:08:07 #1167] [P24] PASS D.s_rects_drawn
[13:08:07 #1168] [P24] PASS D.s_rects_probes
[13:08:07 #1169] [P24] PASS D.s_shapes_dims
[13:08:07 #1170] [P24] PASS D.s_shapes_cksum
[13:08:07 #1171] [P24] PASS D.s_shapes_drawn
[13:08:07 #1172] [P24] PASS D.s_shapes_probes
[13:08:07 #1173] [P24] PASS D.s_path_basic_dims
[13:08:07 #1174] [P24] PASS D.s_path_basic_cksum
[13:08:07 #1175] [P24] PASS D.s_path_basic_drawn
[13:08:07 #1176] [P24] PASS D.s_path_basic_probes
[13:08:07 #1177] [P24] PASS D.s_path_curves_dims
[13:08:07 #1178] [P24] PASS D.s_path_curves_cksum
[13:08:07 #1179] [P24] PASS D.s_path_curves_drawn
[13:08:07 #1180] [P24] PASS D.s_path_curves_probes
[13:08:07 #1181] [P24] PASS D.s_arc_dims
[13:08:07 #1182] [P24] PASS D.s_arc_cksum
[13:08:07 #1183] [P24] PASS D.s_arc_drawn
[13:08:07 #1184] [P24] PASS D.s_arc_probes
[13:08:07 #1185] [P24] PASS D.s_use_defs_dims
[13:08:07 #1186] [P24] PASS D.s_use_defs_cksum
[13:08:07 #1187] [P24] PASS D.s_use_defs_drawn
[13:08:07 #1188] [P24] PASS D.s_use_defs_probes
[13:08:07 #1189] [P24] PASS D.s_nested_skip_dims
[13:08:07 #1190] [P24] PASS D.s_nested_skip_cksum
[13:08:07 #1191] [P24] PASS D.s_nested_skip_drawn
[13:08:07 #1192] [P24] PASS D.s_nested_skip_probes
[13:08:07 #1193] [P24] PASS D.s_style_attr_dims
[13:08:07 #1194] [P24] PASS D.s_style_attr_cksum
[13:08:07 #1195] [P24] PASS D.s_style_attr_drawn
[13:08:07 #1196] [P24] PASS D.s_style_attr_probes
[13:08:07 #1197] [P24] PASS D.s_viewbox_offset_dims
[13:08:07 #1198] [P24] PASS D.s_viewbox_offset_cksum
[13:08:07 #1199] [P24] PASS D.s_viewbox_offset_drawn
[13:08:07 #1200] [P24] PASS D.s_viewbox_offset_probes
[13:08:07 #1201] [P24] PASS D.s_comments_dims
[13:08:07 #1202] [P24] PASS D.s_comments_cksum
[13:08:07 #1203] [P24] PASS D.s_comments_drawn
[13:08:07 #1204] [P24] PASS D.s_comments_probes
[13:08:07 #1205] [P24] PASS G.no_svg
[13:08:07 #1206] [P24] PASS G.zero_drawn
[13:08:07 #1207] [P24] PASS G.bad_dims
[13:08:07 #1208] [P24] PASS G.trunc_tag
[13:08:07 #1209] [P24] PASS G.null_args_reject
[13:08:07 #1210] [P24] PASS B.smoke_192x192
[13:08:07 #1211] [P24] bench svg 192x192: 100 iters in 2.16 ms (0.022 ms/iter)
[13:08:07 #1212] [P24] PASS B.bench_ran
[13:08:07 #1213] [P24] svg selftests done: 47 passed, 0 failed
[13:08:07 #1214] [P25] PASS D.bmp_sync
[13:08:07 #1215] [P25] PASS D.ico_sync
[13:08:07 #1216] [P25] PASS D.svg_sniff
[13:08:07 #1217] [P25] PASS G.short_body
[13:08:07 #1218] [P25] PASS G.garbage_text
[13:08:07 #1219] [P05] task queued (queue=1)
[13:08:07 #1220] [P25] PASS A.png_async_null
[13:08:07 #1221] [P05] task queued (queue=2)
[13:08:07 #1222] [P25] PASS A.gif_async_null
[13:08:07 #1223] [P25] PASS A.unknown_state
[13:08:07 #1224] [P25] PASS A.guards_safe
[13:08:07 #1225] [P25] image decoder selftests done: 9 passed, 0 failed
[13:08:07 #1226] [P25] image decoder ready
[13:08:07 #1227] update callback registered
[13:08:07 #1228] [P05] task done
[13:08:07 #1229] [P05] gc drain (no-op in C)
[13:08:07 #1230] first frame rendered
[13:08:07 #1231] [P05] task done
[13:08:07 #1232] [P05] gc drain (no-op in C)
[13:08:11 #1233] [P07] bench start https://wiesmann.codiferes.net/share/bitmaps/
[13:08:12 #1234] [P25] e2e enqueue png/bmp/404
[13:08:15 #1235] [P07] bench OK https://wiesmann.codiferes.net/share/bitmaps/ status=200 bytes=5217 ms=3790 kbps=1
[13:08:15 #1236] [P07] bench start http://wiesmann.codiferes.net/share/bitmaps/test_image_4c.png
[13:08:15 #1237] [P07] bench OK http://wiesmann.codiferes.net/share/bitmaps/test_image_4c.png status=404 bytes=996 ms=301 kbps=3
[13:08:15 #1238] [P07] benchmark done
[13:08:16 #1239] [P05] task queued (queue=1)
[13:08:16 #1240] [P05] task done
[13:08:16 #1241] [P05] gc drain (no-op in C)
[13:08:16 #1242] [P25] e2e resolved in 3318 ms (png 32x24, bmp decoded=1, 404 cached-as-failed=1)
[13:08:17 #1243] heartbeat frame=300
[13:08:27 #1244] heartbeat frame=600
[13:08:38 #1245] heartbeat frame=900
