=== PlutoBrowser crash log ===
gamePath: unknown
[22:48:40 #1] PlutoBrowser boot (C port of CometBrowser)
[22:48:40 #2] constants: screen=400x240 chrome=24 contentY=24 contentH=216
[22:48:40 #3] [P02] util selftests begin
[22:48:40 #4] [P02] PASS mem.malloc
[22:48:40 #5] [P02] PASS mem.realloc_preserves
[22:48:40 #6] [P02] PASS mem.strdup
[22:48:40 #7] [P02] PASS mem.strndup
[22:48:40 #8] [P02] PASS mem.free_null
[22:48:40 #9] [P02] PASS strbuf.init
[22:48:40 #10] [P02] PASS strbuf.append_str
[22:48:40 #11] [P02] PASS strbuf.append_char
[22:48:40 #12] [P02] PASS strbuf.embedded_nul
[22:48:40 #13] [P02] PASS strbuf.clear_keeps_cap
[22:48:40 #14] [P02] PASS strbuf.printf
[22:48:40 #15] [P02] PASS strbuf.grow_500
[22:48:40 #16] [P02] PASS strbuf.detach
[22:48:40 #17] [P02] PASS strbuf.detach_resets
[22:48:40 #18] [P02] PASS strbuf.free_idempotent
[22:48:40 #19] [P02] PASS dynarray.init
[22:48:40 #20] [P02] PASS dynarray.push_100_grow
[22:48:40 #21] [P02] PASS dynarray.get_mid
[22:48:40 #22] [P02] PASS dynarray.last
[22:48:40 #23] [P02] PASS dynarray.pop
[22:48:40 #24] [P02] PASS dynarray.get_oob_null
[22:48:40 #25] [P02] PASS dynarray.free
[22:48:40 #26] [P02] PASS strmap.create
[22:48:40 #27] [P02] PASS strmap.put_get
[22:48:40 #28] [P02] PASS strmap.replace_value
[22:48:40 #29] [P02] PASS strmap.has_false
[22:48:40 #30] [P02] PASS strmap.get_missing_null
[22:48:40 #31] [P02] PASS strmap.200_keys_rehash
[22:48:40 #32] [P02] PASS strmap.get_after_rehash
[22:48:40 #33] [P02] PASS strmap.remove
[22:48:40 #34] [P02] PASS strmap.remove_twice_false
[22:48:40 #35] [P02] PASS strmap.survivor_intact
[22:48:40 #36] [P02] PASS strmap.foreach_null_fn_safe
[22:48:40 #37] [P02] PASS strmap.destroy
[22:48:40 #38] [P02] PASS lpat.trim_spaces
[22:48:40 #39] [P02] PASS lpat.trim_empty
[22:48:40 #40] [P02] PASS lpat.trim_only_spaces
[22:48:40 #41] [P02] PASS lpat.scheme_split
[22:48:40 #42] [P02] PASS lpat.scheme_no_match
[22:48:40 #43] [P02] PASS lpat.host_path_no_match_lua
[22:48:40 #44] [P02] PASS lpat.host_bare_no_match_lua
[22:48:40 #45] [P02] PASS lpat.host_reject_spaces
[22:48:40 #46] [P02] PASS lpat.host_trailing_qmark_lua
[22:48:40 #47] [P02] PASS lpat.attr_dquote_1
[22:48:40 #48] [P02] PASS lpat.attr_dquote_2
[22:48:40 #49] [P02] PASS lpat.attr_dquote_done
[22:48:40 #50] [P02] PASS lpat.attr_squote_1
[22:48:40 #51] [P02] PASS lpat.attr_squote_2
[22:48:40 #52] [P02] PASS lpat.attr_squote_done
[22:48:40 #53] [P02] PASS lpat.pathcmd_M
[22:48:40 #54] [P02] PASS lpat.pathcmd_L
[22:48:40 #55] [P02] PASS lpat.pathcmd_Z_empty_arg
[22:48:40 #56] [P02] PASS lpat.pathcmd_done
[22:48:40 #57] [P02] PASS lpat.entity_named_amp
[22:48:40 #58] [P02] PASS lpat.entity_named_lt
[22:48:40 #59] [P02] PASS lpat.entity_named_skips_dec
[22:48:40 #60] [P02] PASS lpat.entity_decimal
[22:48:40 #61] [P02] PASS lpat.entity_hex_lower_x
[22:48:40 #62] [P02] PASS lpat.entity_hex_upper_X
[22:48:40 #63] [P02] PASS lpat.entity_hex_done
[22:48:40 #64] [P02] PASS lpat.charset_utf8
[22:48:40 #65] [P02] PASS lpat.http_status
[22:48:40 #66] [P02] PASS lpat.meta_refresh_url_upper
[22:48:40 #67] [P02] PASS lpat.meta_refresh_frac
[22:48:40 #68] [P02] PASS lpat.viewbox_four_caps
[22:48:40 #69] [P02] PASS lpat.tag_div_attrs
[22:48:40 #70] [P02] PASS lpat.tag_br_selfclose
[22:48:40 #71] [P02] PASS lpat.tag_close_not_matched
[22:48:40 #72] [P02] PASS lpat.css_prop_lua_truth
[22:48:40 #73] [P02] PASS lpat.cookie_pair
[22:48:40 #74] [P02] PASS lpat.tokens_a
[22:48:40 #75] [P02] PASS lpat.tokens_bb
[22:48:40 #76] [P02] PASS lpat.tokens_ccc
[22:48:40 #77] [P02] PASS lpat.tokens_done
[22:48:40 #78] [P02] PASS lpat.lazy_dash
[22:48:40 #79] [P02] PASS lpat.greedy_star
[22:48:40 #80] [P02] PASS lpat.endpunct_true
[22:48:40 #81] [P02] PASS lpat.endpunct_false
[22:48:40 #82] [P02] PASS lpat.escape_dot
[22:48:40 #83] [P02] PASS lpat.escape_percent
[22:48:40 #84] [P02] PASS lpat.escape_dash_outside_set
[22:48:40 #85] [P02] PASS lpat.gsub_fn_hexdecode
[22:48:40 #86] [P02] PASS lpat.gsub_fn_encode
[22:48:40 #87] [P02] PASS lpat.find_init_offset
[22:48:40 #88] [P02] PASS lpat.find_plain
[22:48:40 #89] [P02] PASS lpat.find_plain_miss
[22:48:40 #90] [P02] PASS lpat.gsub_template_trim
[22:48:40 #91] [P02] PASS lpat.gsub_crlf
[22:48:40 #92] [P02] PASS lpat.gsub_count3
[22:48:40 #93] [P02] PASS lpat.gsub_empty_matches
[22:48:40 #94] [P02] PASS lpat.negclass_A
[22:48:40 #95] [P02] PASS lpat.negclass_done
[22:48:40 #96] [P02] PASS lpat.set_leading_bracket
[22:48:40 #97] [P02] PASS lpat.nul_subject_first
[22:48:40 #98] [P02] PASS lpat.nul_subject_second
[22:48:40 #99] [P02] PASS lpat.nul_subject_done
[22:48:40 #100] [P02] PASS lpat.position_capture
[22:48:40 #101] [P02] PASS lpat.balance
[22:48:40 #102] [P02] PASS lpat.frontier_THE
[22:48:40 #103] [P02] PASS lpat.frontier_quick
[22:48:40 #104] [P02] PASS lpat.frontier_fox
[22:48:40 #105] [P02] PASS lpat.frontier_done
[22:48:40 #106] [P02] PASS lpat.opt_without_u
[22:48:40 #107] [P02] PASS lpat.opt_with_u
[22:48:40 #108] [P02] PASS lpat.ip_anchor_ok
[22:48:40 #109] [P02] PASS lpat.ip_anchor_trailing_fail
[22:48:40 #110] ERROR: luapattern: malformed pattern (missing ])  ||  stack: src/util/luapattern.c:79
[22:48:40 #111] [P02] PASS lpat.malformed_set_err
[22:48:40 #112] [P02] PASS json.parse_fixture
[22:48:40 #113] [P02] PASS json.obj_string
[22:48:40 #114] [P02] PASS json.negative_int
[22:48:40 #115] [P02] PASS json.float
[22:48:40 #116] [P02] PASS json.exponent
[22:48:40 #117] [P02] PASS json.bool_true
[22:48:40 #118] [P02] PASS json.null_value
[22:48:40 #119] [P02] PASS json.absent_key
[22:48:40 #120] [P02] PASS json.arr_count
[22:48:40 #121] [P02] PASS json.arr_num
[22:48:40 #122] [P02] PASS json.arr_null_elem
[22:48:40 #123] [P02] PASS json.arr_nested_obj
[22:48:40 #124] [P02] PASS json.escapes_unicode_surrogate
[22:48:40 #125] [P02] PASS json.trailing_data_error
[22:48:40 #126] [P02] PASS json.bad_value_error
[22:48:40 #127] [P02] PASS json.unterminated_error
[22:48:40 #128] [P02] PASS json.roundtrip_parse
[22:48:40 #129] [P02] PASS json.roundtrip_stable
[22:48:40 #130] [P02] PASS json.roundtrip_arr_value
[22:48:40 #131] [P02] PASS json.roundtrip_nested_bool
[22:48:40 #132] [P02] PASS json.obj_set_replace
[22:48:40 #133] [P02] util selftests done: 128 passed, 0 failed
[22:48:40 #134] [P03] url selftests begin
[22:48:40 #135] [P03] PASS url.parse.empty
[22:48:40 #136] [P03] PASS url.parse.https_host
[22:48:40 #137] [P03] PASS url.parse.full
[22:48:40 #138] [P03] PASS url.parse.no_scheme
[22:48:40 #139] [P03] PASS url.parse.empty_host
[22:48:40 #140] [P03] PASS url.parse.ftp_custom_port
[22:48:40 #141] [P03] PASS url.parse.userinfo_quirk
[22:48:40 #142] [P03] PASS url.parse.colon_empty_port
[22:48:40 #143] [P03] PASS url.parse.port_zero
[22:48:40 #144] [P03] PASS url.parse.spaces_trimmed
[22:48:40 #145] [P03] PASS url.parse.about_blank
[22:48:40 #146] [P03] PASS url.parse.about_home
[22:48:40 #147] [P03] PASS url.parse.case_fold
[22:48:40 #148] [P03] PASS url.parse.ip_host
[22:48:40 #149] [P03] PASS url.parse.raw_trimmed
[22:48:40 #150] [P03] PASS url.parse.junk_port_ignored
[22:48:40 #151] [P03] PASS enc.plain
[22:48:40 #152] [P03] PASS enc.specials
[22:48:40 #153] [P03] PASS enc.unreserved_kept
[22:48:40 #154] [P03] PASS enc.plus_encoded
[22:48:40 #155] [P03] PASS enc.utf8
[22:48:40 #156] [P03] PASS enc.percent_literal
[22:48:40 #157] [P03] PASS enc.newline_crlf
[22:48:40 #158] [P03] PASS enc.empty
[22:48:40 #159] [P03] PASS dec.plus_space
[22:48:40 #160] [P03] PASS dec.pct_utf8
[22:48:40 #161] [P03] PASS dec.mixed
[22:48:40 #162] [P03] PASS dec.invalid_pct_kept
[22:48:40 #163] [P03] PASS dec.truncated_pct_kept
[22:48:40 #164] [P03] PASS dec.empty
[22:48:40 #165] [P03] PASS url.roundtrip
[22:48:40 #166] [P03] PASS isq.null_false
[22:48:40 #167] [P03] PASS isq.empty_false
[22:48:40 #168] [P03] PASS isq.spaces_query
[22:48:40 #169] [P03] PASS isq.dot_url
[22:48:40 #170] [P03] PASS isq.bare_word_query
[22:48:40 #171] [P03] PASS isq.leading_dot_query
[22:48:40 #172] [P03] PASS isq.trailing_dot_query
[22:48:40 #173] [P03] PASS isq.ip_url
[22:48:40 #174] [P03] PASS isq.localhost_url
[22:48:40 #175] [P03] PASS isq.localhost_suffix_url
[22:48:40 #176] [P03] PASS isq.https_url
[22:48:40 #177] [P03] PASS isq.about_url
[22:48:40 #178] [P03] PASS isq.file_url
[22:48:40 #179] [P03] PASS isq.spaces_only_is_query
[22:48:40 #180] [P03] PASS isq.upper_scheme_via_dot_rule
[22:48:40 #181] [P03] PASS isq.trimmed_before_dot_rule
[22:48:40 #182] [P03] PASS unwrap.ddg_uddg
[22:48:40 #183] [P03] PASS unwrap.non_ddg_false
[22:48:40 #184] [P03] PASS wrap.missing_uddg_false
[22:48:40 #185] [P03] PASS resolve.same_dir
[22:48:40 #186] [P03] PASS resolve.subdir
[22:48:40 #187] [P03] PASS resolve.root_rel
[22:48:40 #188] [P03] PASS resolve.protocol_relative
[22:48:40 #189] [P03] PASS resolve.anchor
[22:48:40 #190] [P03] PASS resolve.query_only
[22:48:40 #191] [P03] PASS resolve.custom_port_base
[22:48:40 #192] [P03] PASS resolve.anchor_keeps_query
[22:48:40 #193] [P03] PASS resolve.query_replaces
[22:48:40 #194] [P03] PASS resolve.dot_slash
[22:48:40 #195] [P03] PASS resolve.dotdot
[22:48:40 #196] [P03] PASS resolve.dotdot_clamped_root
[22:48:40 #197] [P03] PASS resolve.deep_beyond_root_dropped
[22:48:40 #198] [P03] PASS resolve.about_passthrough
[22:48:40 #199] [P03] PASS resolve.data_passthrough
[22:48:40 #200] [P03] PASS resolve.js_passthrough
[22:48:40 #201] [P03] PASS resolve.absolute_verbatim_case
[22:48:40 #202] [P03] PASS resolve.mailto_not_special
[22:48:40 #203] [P03] PASS resolve.empty_returns_base
[22:48:40 #204] [P03] PASS searchurl.ddg
[22:48:40 #205] [P03] url selftests done: 70 passed, 0 failed
[22:48:40 #206] [P04] storage+cookiejar selftests begin
[22:48:40 #207] [P04] PASS ts.epoch1970
[22:48:40 #208] [P04] PASS ts.bttf2015
[22:48:40 #209] [P04] PASS ts.leap2000feb29
[22:48:40 #210] [P04] PASS ts.neg1969
[22:48:40 #211] [P04] PASS ts.clamp_month0
[22:48:40 #212] [P04] PASS ts.clamp_month13
[22:48:40 #213] [P04] PASS ts.clamp_year_neg
[22:48:40 #214] [P04] PASS ts.clamp_day0
[22:48:40 #215] [P04] PASS ts.floor_frac
[22:48:40 #216] [P04] PASS ts.frac_hour
[22:48:40 #217] [P04] PASS ts.nil_hms_zeroed
[22:48:40 #218] [P04] PASS date.imf_fixdate
[22:48:40 #219] [P04] PASS date.rfc850_4digit
[22:48:40 #220] [P04] PASS date.rfc850_2digit
[22:48:40 #221] [P04] PASS date.rfc850_pivot69
[22:48:40 #222] [P04] PASS date.asctime_dblspace_nil
[22:48:40 #223] [P04] PASS date.asctime_single_space
[22:48:40 #224] [P04] PASS date.lowercase_month_nil
[22:48:40 #225] [P04] PASS date.garbage_nil
[22:48:40 #226] [P04] PASS date.trailing_junk_ok
[22:48:40 #227] [P04] PASS date.no_weekday_nil
[22:48:40 #228] [P04] PASS date.empty_nil
[22:48:40 #229] [P04] PASS sc01.basic
[22:48:40 #230] [P04] PASS sc02.attrs
[22:48:40 #231] [P04] PASS sc03.domain_dot
[22:48:40 #232] [P04] PASS sc04.domain_exact
[22:48:40 #233] [P04] PASS sc05.domain_suffix
[22:48:40 #234] [P04] PASS sc06.domain_localhost
[22:48:40 #235] [P04] PASS sc07.domain_foreign_reject
[22:48:40 #236] [P04] PASS sc08.domain_undotted_reject
[22:48:40 #237] [P04] PASS sc09.path_noslash
[22:48:40 #238] [P04] PASS sc10.samesite_lax
[22:48:40 #239] [P04] PASS sc11.samesite_weird_ignored
[22:48:40 #240] [P04] PASS sc12.maxage_future
[22:48:40 #241] [P04] PASS sc13.maxage_zero_del
[22:48:40 #242] [P04] PASS sc14.maxage_negative_del
[22:48:40 #243] [P04] PASS sc15.maxage_junk_ignored
[22:48:40 #244] [P04] PASS sc16.expires_imf
[22:48:40 #245] [P04] PASS sc17.expires_asctime
[22:48:40 #246] [P04] PASS sc18.expires_garbage_ignored
[22:48:40 #247] [P04] PASS sc19.expires_then_maxage_wins
[22:48:40 #248] [P04] PASS sc20.maxage_then_expires_skipped
[22:48:40 #249] [P04] PASS rej.space_in_pair
[22:48:40 #250] [P04] PASS rej.bad_name
[22:48:40 #251] [P04] PASS rej.no_name
[22:48:40 #252] [P04] PASS rej.quote_in_value
[22:48:40 #253] [P04] PASS rej.comma_in_value
[22:48:40 #254] [P04] PASS rej.no_equals
[22:48:40 #255] [P04] PASS sc27.empty_value_ok
[22:48:40 #256] [P04] PASS sc32.dollar_name_ok
[22:48:40 #257] [P04] PASS sc33.empty_attrs_skipped
[22:48:40 #258] [P04] PASS rej.empty_host_raw
[22:48:40 #259] [P04] PASS rej.null_host
[22:48:40 #260] [P04] PASS rej.null_raw
[22:48:40 #261] [P04] PASS rej.ws_only_raw
[22:48:40 #262] [P04] PASS hdr.two_cookies
[22:48:40 #263] [P04] PASS hdr.replace_moves_end
[22:48:40 #264] [P04] PASS store.replace_count
[22:48:40 #265] [P04] PASS hdr.after_delete
[22:48:40 #266] [P04] PASS store.delete_count
[22:48:40 #267] [P04] PASS hdr.domain_cookie
[22:48:40 #268] [P04] PASS hdr.cross_host_isolated
[22:48:40 #269] [P04] PASS store.domain_count
[22:48:40 #270] [P04] PASS hdr.secure_blocked_http
[22:48:40 #271] [P04] PASS hdr.secure_allowed_https
[22:48:40 #272] [P04] PASS store.secure_count
[22:48:40 #273] [P04] PASS hdr.path_prefix_no
[22:48:40 #274] [P04] PASS hdr.path_exact_yes
[22:48:40 #275] [P04] PASS hdr.path_subdir_yes
[22:48:40 #276] [P04] PASS hdr.path_boundary_no
[22:48:40 #277] [P04] PASS store.docs_count
[22:48:41 #278] [P04] PASS cap.count300
[22:48:41 #279] [P04] PASS cap.first_evicted_to_c6
[22:48:41 #280] [P04] PASS cap.last_is_c305
[22:48:41 #281] [P04] PASS cap.future_expires_stored_evicts
[22:48:41 #282] [P04] PASS clear.zeroes
[22:48:41 #283] [P04] PASS exp.stored
[22:48:41 #284] [P04] PASS exp.alive_before
[22:48:41 #285] [P04] PASS exp.pruned_after
[22:48:41 #286] [P04] PASS exp.list_empty_after_prune
[22:48:41 #287] [P04] PASS st.defaults_bm9
[22:48:41 #288] [P04] PASS st.default_bm1_fields
[22:48:41 #289] [P04] PASS st.default_bm8_title
[22:48:41 #290] [P04] PASS st.default_settings
[22:48:41 #291] [P04] PASS hist.about_and_empty_skipped
[22:48:41 #292] [P04] PASS hist.two_added
[22:48:41 #293] [P04] PASS hist.insert_front_order
[22:48:41 #294] [P04] PASS hist.time_hhmm
[22:48:41 #295] [P04] PASS hist.dedup_count
[22:48:41 #296] [P04] PASS hist.dedup_moves_front_title_defaults_url
[22:48:41 #297] [P04] PASS hist.cap50
[22:48:41 #298] [P04] PASS hist.cap_newest_first
[22:48:41 #299] [P04] PASS hist.cap_oldest_evicted_fill1to5_gone
[22:48:41 #300] [P04] PASS bm.is_true
[22:48:41 #301] [P04] PASS bm.is_false
[22:48:41 #302] [P04] PASS bm.add_empty_rejected
[22:48:41 #303] [P04] PASS bm.dup_returns_true
[22:48:41 #304] [P04] PASS bm.dup_updates_title_only_keeps_desc
[22:48:41 #305] [P04] PASS bm.append_true
[22:48:41 #306] [P04] PASS bm.appended_last
[22:48:41 #307] [P04] PASS bm.remove_valid
[22:48:41 #308] [P04] PASS bm.remove_zero_invalid
[22:48:41 #309] [P04] PASS bm.remove_big_invalid
[22:48:41 #310] [P04] PASS st.save_ok
[22:48:41 #311] [P04] PASS st.load_ok
[22:48:41 #312] [P04] PASS st.roundtrip_bm9
[22:48:41 #313] [P04] PASS st.roundtrip_bm1
[22:48:41 #314] [P04] PASS st.roundtrip_hist_top
[22:48:41 #315] [P04] PASS st.roundtrip_settings
[22:48:41 #316] [P04] PASS st.save_empty_bm
[22:48:41 #317] [P04] PASS st.load_empty_bm
[22:48:41 #318] [P04] PASS st.empty_bm_falls_back_to_defaults
[22:48:41 #319] [P04] PASS st.empty_bm_default_google
[22:48:41 #320] [P04] PASS num.junk_fail
[22:48:41 #321] [P04] PASS num.empty_fail
[22:48:41 #322] [P04] PASS num.comma_fail
[22:48:41 #323] [P04] PASS num.ws_trimmed
[22:48:41 #324] [P04] PASS num.hex
[22:48:41 #325] [P04] PASS num.exponent
[22:48:41 #326] [P04] storage+cookiejar selftests done: 119 passed, 0 failed
[22:48:41 #327] [P05] task queued (queue=1)
[22:48:41 #328] [P05] PASS run.is_running_immediately
[22:48:41 #329] [P05] PASS run.progress_reset_immediately
[22:48:41 #330] [P05] PASS run.step_not_called_before_update
[22:48:41 #331] [P05] task done
[22:48:41 #332] [P05] gc drain (no-op in C)
[22:48:41 #333] [P05] PASS done.no_callback_when_null_onComplete
[22:48:41 #334] [P05] PASS done.queue_emptied_progress_forced_one
[22:48:41 #335] [P05] task queued (queue=1)
[22:48:41 #336] [P05] task done
[22:48:41 #337] [P05] gc drain (no-op in C)
[22:48:41 #338] [P05] PASS budget.first_yield_at_iter64
[22:48:41 #339] [P05] PASS budget.frames16_for_1000iters_at20ms
[22:48:41 #340] [P05] task queued (queue=1)
[22:48:41 #341] [P05] task done
[22:48:41 #342] [P05] gc drain (no-op in C)
[22:48:41 #343] [P05] PASS budget.frozen_clock_single_frame
[22:48:41 #344] [P05] PASS outside.never_yields
[22:48:41 #345] [P05] task queued (queue=1)
[22:48:41 #346] [P05] task error: Parse Error: boom
[22:48:41 #347] [P05] gc drain (no-op in C)
[22:48:41 #348] [P05] PASS err.onError_not_onComplete
[22:48:41 #349] [P05] PASS err.message_delivered_verbatim
[22:48:41 #350] [P05] PASS err.progress_keeps_task_report
[22:48:41 #351] [P05] task queued (queue=1)
[22:48:41 #352] [P05] task error: task error
[22:48:41 #353] [P05] gc drain (no-op in C)
[22:48:41 #354] [P05] PASS err.default_message
[22:48:41 #355] [P05] task queued (queue=1)
[22:48:41 #356] [P05] task queued (queue=2)
[22:48:41 #357] [P05] PASS fifo.two_queued
[22:48:41 #358] [P05] task done
[22:48:41 #359] [P05] gc drain (no-op in C)
[22:48:41 #360] [P05] PASS fifo.upd1_only_head_a
[22:48:41 #361] [P05] task done
[22:48:41 #362] [P05] gc drain (no-op in C)
[22:48:41 #363] [P05] PASS fifo.upd2_then_b
[22:48:41 #364] [P05] PASS fifo.upd3_idle
[22:48:41 #365] [P05] task queued (queue=1)
[22:48:41 #366] [P05] PASS prog.reset_by_run
[22:48:41 #367] [P05] PASS prog.neg_clamped
[22:48:41 #368] [P05] PASS prog.set03
[22:48:41 #369] [P05] PASS prog.regression_ignored
[22:48:41 #370] [P05] PASS prog.over_clamped
[22:48:41 #371] [P05] task done
[22:48:41 #372] [P05] gc drain (no-op in C)
[22:48:41 #373] [P05] PASS cancel.empty_queue_noop
[22:48:41 #374] [P05] task queued (queue=1)
[22:48:41 #375] [P05] PASS cancel.job_started_yielded
[22:48:41 #376] [P05] cancelAll dropped all tasks
[22:48:41 #377] [P05] PASS cancel.queue_cleared_progress_zeroed
[22:48:41 #378] [P05] PASS cancel.no_callbacks_fired
[22:48:41 #379] [P05] PASS cancel.ctx_freed
[22:48:41 #380] [P05] gc drain (no-op in C)
[22:48:41 #381] [P05] PASS cancel.post_cancel_idle_safe
[22:48:41 #382] [P05] task queued (queue=1)
[22:48:41 #383] [P05] task queued (queue=2)
[22:48:41 #384] [P05] PASS run.second_run_resets_progress
[22:48:41 #385] [P05] cancelAll dropped all tasks
[22:48:41 #386] [P05] task queued (queue=1)
[22:48:41 #387] [P05] task done
[22:48:41 #388] [P05] gc drain (no-op in C)
[22:48:41 #389] [P05] PASS free.on_complete_path
[22:48:41 #390] [P05] task queued (queue=1)
[22:48:41 #391] [P05] task error: task error
[22:48:41 #392] [P05] gc drain (no-op in C)
[22:48:41 #393] [P05] PASS free.on_error_path
[22:48:41 #394] [P05] task queued (queue=1)
[22:48:41 #395] [P05] task done
[22:48:41 #396] [P05] gc drain (no-op in C)
[22:48:41 #397] [P05] PASS yieldn.four_frames_then_done
[22:48:41 #398] [P05] gc drain (no-op in C)
[22:48:41 #399] [P05] PASS gc.external_schedule_safe
[22:48:41 #400] [P05] tasks selftests done: 33 passed, 0 failed
[22:48:41 #401] [P06] PASS cp1252.A41_raw_ascii
[22:48:41 #402] [P06] PASS cp1252.7f_stays_raw
[22:48:41 #403] [P06] PASS cp1252.80_is_euro
[22:48:41 #404] [P06] PASS cp1252.81_self_map_C281
[22:48:41 #405] [P06] PASS cp1252.92_right_quote
[22:48:41 #406] [P06] PASS cp1252.9c_oe_ligature
[22:48:41 #407] [P06] PASS cp1252.9f_Y_dieresis
[22:48:41 #408] [P06] PASS cp1252.a0_passthrough_C2A0
[22:48:41 #409] [P06] PASS cp1252.no_header_verbatim
[22:48:41 #410] [P06] PASS cp1252.e9_decodes_C3A9
[22:48:41 #411] [P06] PASS cp1252.ff_decodes_C3BF
[22:48:41 #412] [P06] PASS utf16le.bom_A
[22:48:41 #413] [P06] PASS utf16le.surrogate_pair_U10037
[22:48:41 #414] [P06] PASS utf16le.lone_high_consumes_next
[22:48:41 #415] [P06] PASS utf16be.euro_check
[22:48:41 #416] [P06] PASS utf8bom.stripped_hello
[22:48:41 #417] [P06] PASS hdr.utf8_verbatim_E9
[22:48:41 #418] [P06] PASS hdr.utf_8_alias_verbatim
[22:48:41 #419] [P06] PASS hdr.utf8mb4_passthrough
[22:48:41 #420] [P06] PASS hdr.ascii_verbatim
[22:48:41 #421] [P06] PASS hdr.usascii_passthrough
[22:48:41 #422] [P06] PASS hdr.quoted_value_fails_pattern
[22:48:41 #423] [P06] PASS hdr.missing_value_fails
[22:48:41 #424] [P06] PASS hdr.no_charset_verbatim
[22:48:41 #425] [P06] PASS hdr.Windows1252_decodes
[22:48:41 #426] [P06] PASS hdr.cp1252_decodes
[22:48:41 #427] [P06] PASS hdr.latin1_decodes
[22:48:41 #428] [P06] PASS hdr.iso88591_decodes
[22:48:41 #429] [P06] PASS hdr.iso8859_decodes
[22:48:41 #430] [P06] PASS hdr.shiftjis_besteffort
[22:48:41 #431] [P06] PASS hdr.eucjp_besteffort
[22:48:41 #432] [P06] PASS hdr.utf16le_nonbom_empty
[22:48:41 #433] [P06] PASS hdr.bare_utf16_not_dispatched
[22:48:41 #434] [P06] PASS meta.charset_simple_decodes
[22:48:41 #435] [P06] PASS meta.http_equiv_content_pattern
[22:48:41 #436] [P06] PASS meta.beyond1024_ignored
[22:48:41 #437] [P06] PASS prec.header_cp1252_beats_meta
[22:48:41 #438] [P06] PASS prec.header_utf8_allows_meta
[22:48:41 #439] [P06] PASS ent.fastpath_control_verbatim
[22:48:41 #440] [P06] PASS ent.named_basics
[22:48:41 #441] [P06] PASS ent.copy_reg_trade
[22:48:41 #442] [P06] PASS ent.deg_not_exact_spacing
[22:48:41 #443] [P06] PASS ent.frac12_never_matches
[22:48:41 #444] [P06] PASS ent.unknown_name_spaced
[22:48:41 #445] [P06] PASS ent.case_sensitive
[22:48:41 #446] [P06] PASS ent.missing_semicolon_raw
[22:48:41 #447] [P06] PASS dec.basic_nbsp_dashes
[22:48:41 #448] [P06] PASS dec.quote_family_ellipsis_bullet
[22:48:41 #449] [P06] PASS dec.math_table
[22:48:41 #450] [P06] PASS dec.range_edges
[22:48:41 #451] [P06] PASS dec.huge_number_space
[22:48:41 #452] [P06] PASS hex.basic_a0_dash
[22:48:41 #453] [P06] PASS hex.thin_spaces
[22:48:41 #454] [P06] PASS hex.lacks_201a_asymmetry
[22:48:41 #455] [P06] PASS dec.has_201a_quote
[22:48:41 #456] [P06] PASS clean.translit_accents
[22:48:41 #457] [P06] PASS clean.OE_thorn
[22:48:41 #458] [P06] PASS clean.caron_unmapped_space
[22:48:41 #459] [P06] PASS clean.euro_3byte_single_space
[22:48:41 #460] [P06] PASS clean.emoji_widens_per_byte
[22:48:41 #461] [P06] PASS clean.truncated_tail_single_space
[22:48:41 #462] [P06] PASS clean.nbsp_fixed_seq
[22:48:41 #463] [P06] PASS clean.emdash_fixed_seq
[22:48:41 #464] [P06] PASS clean.full_pipeline_mixed
[22:48:41 #465] [P06] PASS clean.high_absent_keeps_control
[22:48:41 #466] [P06] PASS encode.all_but_apostrophe
[22:48:41 #467] [P06] PASS encode.null_empty
[22:48:41 #468] [P05] task queued (queue=1)
[22:48:41 #469] [P05] task done
[22:48:41 #470] [P05] gc drain (no-op in C)
[22:48:41 #471] [P06] PASS task.decode_completes_one_frame
[22:48:41 #472] [P06] PASS task.decode_outlen
[22:48:41 #473] [P06] PASS task.decode_output
[22:48:41 #474] [P06] PASS norm.windows1252_alias
[22:48:41 #475] [P06] PASS norm.utf8_alias
[22:48:41 #476] [P06] PASS norm.null_safe
[22:48:41 #477] [P06] PASS degen.null_body_empty
[22:48:41 #478] [P06] PASS degen.decode_empty
[22:48:41 #479] [P06] encoding selftests done: 75 passed, 0 failed
[22:48:41 #480] [P07] PASS A.ret
[22:48:41 #481] [P07] PASS A.loading_after_get
[22:48:41 #482] [P07] PASS A.conn_args
[22:48:41 #483] [P07] PASS A.timeouts_ms_and_bufsize
[22:48:41 #484] [P07] PASS A.request_bytes_exact
[22:48:41 #485] [P07] PASS A.loading_after_success
[22:48:41 #486] [P07] PASS A2.conn_ssl_8443
[22:48:41 #487] [P07] PASS A2.cookie_request_bytes
[22:48:41 #488] [P07] PASS A3.default_port_suppressed
[22:48:41 #489] [P07] PASS C.jar_count_2
[22:48:41 #490] [P07] PASS C.cookie_header_roundtrip
[22:48:41 #491] [P07] PASS D.ret
[22:48:41 #492] [P07] PASS D.status
[22:48:41 #493] [P07] PASS D.bodylen_beyond_cl
[22:48:41 #494] [P07] PASS D.slice_to_end
[22:48:41 #495] [P07] PASS D.url
[22:48:41 #496] [P07] PASS E.no_success_midstream
[22:48:41 #497] [P07] PASS E.status
[22:48:41 #498] [P07] PASS E.decoded_body
[22:48:41 #499] [P07] PASS F.first_hop_closed
[22:48:41 #500] [P07] PASS F.hop2_conn
[22:48:41 #501] [P07] PASS F.relative_resolution
[22:48:41 #502] [P07] PASS F.final_status
[22:48:41 #503] [P07] PASS F.final_url
[22:48:41 #504] [P07] PASS F.sock_count
[22:48:41 #505] [P07] PASS G.six_sockets
[22:48:41 #506] [P07] PASS G.silent_drop_no_callbacks
[22:48:41 #507] [P07] PASS G.not_loading_after
[22:48:41 #508] [P07] PASS H.partial_over_512_done
[22:48:41 #509] [P07] PASS H.bodylen_600
[22:48:41 #510] [P07] PASS I.timeout_error
[22:48:41 #511] [P07] PASS I.timeout_message
[22:48:41 #512] [P07] PASS J.closed_no_data_error
[22:48:41 #513] [P07] PASS J.closed_message
[22:48:41 #514] [P07] PASS P.closed_midbody_done
[22:48:41 #515] [P07] PASS P.partial_body
[22:48:41 #516] [P07] PASS K.stale_socket_closed
[22:48:41 #517] [P07] PASS K.silent
[22:48:41 #518] [P07] PASS K.idle
[22:48:41 #519] [P07] PASS L.get_about_loading
[22:48:41 #520] [P07] PASS L.still_pending
[22:48:41 #521] [P07] PASS L.progress_100
[22:48:41 #522] [P07] PASS L.home_status
[22:48:41 #523] [P07] PASS L.home_ct
[22:48:41 #524] [P07] PASS L.home_len_100
[22:48:41 #525] [P07] PASS L.home_url
[22:48:41 #526] [P07] PASS L.done_not_loading
[22:48:41 #527] [P07] PASS L.unknown_ret_true
[22:48:41 #528] [P07] PASS L.unknown_error
[22:48:41 #529] [P07] PASS L.unknown_message
[22:48:41 #530] [P07] PASS L.unknown_idle
[22:48:41 #531] [P07] PASS L.blank_len_26
[22:48:41 #532] [P07] PASS L.acid_len_2984
[22:48:41 #533] [P07] PASS L.acid_title_present
[22:48:41 #534] [P07] PASS M.ret_false
[22:48:41 #535] [P07] PASS M.sync_error
[22:48:41 #536] [P07] PASS M.message
[22:48:41 #537] [P07] PASS M.idle
[22:48:41 #538] [P07] PASS N.send_error
[22:48:41 #539] [P07] PASS N.send_failed_prefix
[22:48:41 #540] [P07] PASS N.idle
[22:48:41 #541] [P07] PASS O.three_progress_calls
[22:48:41 #542] [P07] PASS O.first_0_0
[22:48:41 #543] [P07] PASS O.second_body_bytes
[22:48:41 #544] [P07] PASS O.clamped_final
[22:48:41 #545] [P07] PASS O.delivered
[22:48:41 #546] [P07] PASS Q.delivered_as_normal
[22:48:41 #547] [P07] PASS Q.empty_body
[22:48:41 #548] [P07] PASS R.deny_ret_false
[22:48:41 #549] [P07] PASS R.deny_error
[22:48:41 #550] [P07] PASS R.deny_message
[22:48:41 #551] [P07] PASS R.purpose_string
[22:48:41 #552] [P07] PASS S.ask_ret_true
[22:48:41 #553] [P07] PASS S.waiting_no_socket_yet
[22:48:41 #554] [P07] PASS S.one_access_call
[22:48:41 #555] [P07] PASS S.callback_recorded
[22:48:41 #556] [P07] PASS S.socket_after_grant
[22:48:41 #557] [P07] PASS S.completed_after_grant
[22:48:41 #558] [P07] PASS S.grant_cached_same_host
[22:48:41 #559] [P07] PASS T.waiting
[22:48:41 #560] [P07] PASS T.async_deny_error
[22:48:41 #561] [P07] PASS T.async_deny_message
[22:48:41 #562] [P07] PASS T.idle_after_deny
[22:48:41 #563] [P07] PASS W.error_state_before_tick
[22:48:41 #564] [P07] PASS W.open_failed_delivered
[22:48:41 #565] [P07] PASS W.open_failed_message
[22:48:41 #566] [P07] PASS W.idle
[22:48:41 #567] [P07] PASS V.empty_parses_to_blank_host
[22:48:41 #568] [P07] PASS V.host_blank_port0
[22:48:41 #569] [P07] http selftests done: 89 passed, 0 failed
[22:48:41 #570] [P08] tokenizer selftests start
[22:48:41 #571] [P08] PASS A.nonnull
[22:48:41 #572] [P08] PASS A.title_default
[22:48:41 #573] [P08] PASS A.count_1
[22:48:41 #574] [P08] PASS A.text
[22:48:41 #575] [P08] PASS B.empty_count0
[22:48:41 #576] [P08] PASS B.empty_title
[22:48:41 #577] [P08] PASS C.entity_decode
[22:48:41 #578] [P08] PASS D.count_3
[22:48:41 #579] [P08] PASS D.tag_p_open
[22:48:41 #580] [P08] PASS D.text_hi
[22:48:41 #581] [P08] PASS D.tag_p_close_self
[22:48:41 #582] [P08] PASS E.count_4
[22:48:41 #583] [P08] PASS E.br_slash
[22:48:41 #584] [P08] PASS E.br_space_slash
[22:48:41 #585] [P08] PASS E.hr_plain
[22:48:41 #586] [P08] PASS E.close_p_self
[22:48:41 #587] [P08] PASS F.colon_names
[22:48:41 #588] [P08] PASS F.attr_datax
[22:48:41 #589] [P08] PASS G.lowered_names
[22:48:41 #590] [P08] PASS G.attr_val_case_kept
[22:48:41 #591] [P08] PASS G.text_Y
[22:48:41 #592] [P08] PASS H.interleave
[22:48:41 #593] [P08] PASS I.lt_space_gt_quirk
[22:48:41 #594] [P08] PASS J.junk_dropped
[22:48:41 #595] [P08] PASS K.doctype_vanishes
[22:48:41 #596] [P08] PASS L.broken_tail_dropped
[22:48:41 #597] [P08] PASS M.count_3
[22:48:41 #598] [P08] PASS M.tag_a
[22:48:41 #599] [P08] PASS M.href_decoded
[22:48:41 #600] [P08] PASS M.id_single_quoted
[22:48:41 #601] [P08] PASS M.unquoted
[22:48:41 #602] [P08] PASS M.boolean_disabled
[22:48:41 #603] [P08] PASS M.boolean_datax
[22:48:41 #604] [P08] PASS M.attr_count_5
[22:48:41 #605] [P08] PASS M.text_y
[22:48:41 #606] [P08] PASS M.close_a
[22:48:41 #607] [P08] PASS N.first_wins
[22:48:41 #608] [P08] PASS N.src_first
[22:48:41 #609] [P08] PASS N.alt_first_lowered_key
[22:48:41 #610] [P08] PASS N.attr_count_2
[22:48:41 #611] [P08] PASS O.key_dot_quirk
[22:48:41 #612] [P08] PASS O.a_bool
[22:48:41 #613] [P08] PASS O.b_c
[22:48:41 #614] [P08] PASS O.d_e_f_g
[22:48:41 #615] [P08] PASS O.attr_count_3
[22:48:41 #616] [P08] PASS P.space_before_eq_quirk
[22:48:41 #617] [P08] PASS P.href_empty
[22:48:41 #618] [P08] PASS P.v_bool_lost_value
[22:48:41 #619] [P08] PASS P.attr_count_2
[22:48:41 #620] [P08] PASS Q.unterminated_quote_all_dropped
[22:48:41 #621] [P08] PASS R.comment_full
[22:48:41 #622] [P08] PASS S.comment_unclosed_tail_after_gt
[22:48:41 #623] [P08] PASS T.script_skip
[22:48:41 #624] [P08] PASS U.script_case_insensitive
[22:48:41 #625] [P08] PASS V.script_unclosed_swallows_rest
[22:48:41 #626] [P08] PASS W.style_skip
[22:48:41 #627] [P08] PASS X.style_unclosed_swallows
[22:48:41 #628] [P08] PASS Y.title_decoded_collapsed
[22:48:41 #629] [P08] PASS Y.title_tags_not_emitted
[22:48:41 #630] [P08] PASS Z.title_unclosed_default
[22:48:41 #631] [P08] PASS AA.prefix_hijack_title
[22:48:41 #632] [P08] PASS AB.alloc_big
[22:48:41 #633] [P08] PASS AC.trunc_cut_at_gt_single
[22:48:41 #634] [P08] PASS AC.text_len_262202
[22:48:41 #635] [P08] PASS AD.alloc_flat
[22:48:41 #636] [P08] PASS AE.no_gt_exact_max
[22:48:41 #637] [P08] PASS AF.exact_max_untouched
[22:48:41 #638] [P08] PASS AG.progress_reported
[22:48:41 #639] [P08] tokenizer selftests done: 68 passed, 0 failed
[22:48:41 #640] [P09] dom selftests start
[22:48:41 #641] [P09] PASS A.root
[22:48:41 #642] [P09] PASS A.diag
[22:48:41 #643] [P09] PASS A.child_text
[22:48:41 #644] [P09] PASS B.empty
[22:48:41 #645] [P09] PASS C.nested_counts
[22:48:41 #646] [P09] PASS C.structure
[22:48:41 #647] [P09] PASS D.format_survives
[22:48:41 #648] [P09] PASS D.b_nests_i
[22:48:41 #649] [P09] PASS E.p_implied_by_div
[22:48:41 #650] [P09] PASS F.stray_li_root_siblings
[22:48:41 #651] [P09] PASS G.list_counts
[22:48:41 #652] [P09] PASS G.list_shape
[22:48:41 #653] [P09] PASS G.inner_list
[22:48:41 #654] [P09] PASS H.dtdd
[22:48:41 #655] [P09] PASS I.table_counts
[22:48:41 #656] [P09] PASS I.table_shape
[22:48:41 #657] [P09] PASS I.rows_cells
[22:48:41 #658] [P09] PASS J.stray_tr_dropped
[22:48:41 #659] [P09] PASS K.stray_td_dropped
[22:48:41 #660] [P09] PASS L.option_outside_dropped
[22:48:41 #661] [P09] PASS M.anchor_reopen
[22:48:41 #662] [P09] PASS M.second_a_sibling
[22:48:41 #663] [P09] PASS N.voids_flat
[22:48:41 #664] [P09] PASS N.sequence
[22:48:41 #665] [P09] PASS N.close_br_ignored
[22:48:41 #666] [P09] PASS O.selfclose_not_pushed
[22:48:41 #667] [P09] PASS P.head_skipped
[22:48:41 #668] [P09] PASS P.body_p_vis
[22:48:41 #669] [P09] PASS P.diag_skipped1_proc10
[22:48:41 #670] [P09] PASS Q.template_hidden
[22:48:41 #671] [P09] PASS Q.skipped3
[22:48:41 #672] [P09] PASS R.close_through_counts
[22:48:41 #673] [P09] PASS R.popped_through_span
[22:48:41 #674] [P09] PASS R.deep_sibling_of_p
[22:48:41 #675] [P09] PASS S.unknown_close_noop
[22:48:41 #676] [P09] PASS S.b_inside_div
[22:48:41 #677] [P09] PASS T.attrs_kept
[22:48:41 #678] [P09] PASS T.attr_values
[22:48:41 #679] [P09] PASS T.text
[22:48:41 #680] [P09] PASS U.chain_depth_12
[22:48:41 #681] [P09] PASS V.blockquote_ps
[22:48:41 #682] [P09] PASS V.two_siblings
[22:48:41 #683] [P09] PASS W.alloc
[22:48:41 #684] [P09] PASS W.valve_diag
[22:48:41 #685] [P09] PASS W.valve_kids
[22:48:41 #686] [P09] PASS X.alloc
[22:48:41 #687] [P09] PASS X.capped_at_6000
[22:48:41 #688] [P09] PASS X.maxhit_dead_flag_false
[22:48:41 #689] [P09] PASS Y.progress_in_dom_range
[22:48:41 #690] [P09] dom selftests done: 49 passed, 0 failed
[22:48:41 #691] [P10] PASS A.blank_title
[22:48:41 #692] [P10] PASS A.blank_base
[22:48:41 #693] [P10] PASS A.empty_no_blocks
[22:48:41 #694] [P10] PASS A.raw_html
[22:48:41 #695] Reader-mode parsing arrives in Phase 12
[22:48:41 #696] [P10] PASS B.reader_null
[22:48:41 #697] [P10] PASS C.h2_meta
[22:48:41 #698] [P10] PASS C.h6_align_attr
[22:48:41 #699] [P10] PASS C.h3_align_style
[22:48:41 #700] [P10] PASS D.div_para
[22:48:41 #701] [P10] PASS D.section_para
[22:48:41 #702] [P10] PASS D.margin_shorthand2
[22:48:41 #703] [P10] PASS D.padding_left
[22:48:41 #704] [P10] PASS D.invert_center
[22:48:41 #705] [P10] PASS E.nest_bi
[22:48:41 #706] [P10] PASS E.flags7
[22:48:41 #707] [P10] PASS E.code_family
[22:48:41 #708] [P10] PASS F.br_same_para
[22:48:41 #709] [P10] PASS F.br_flags
[22:48:41 #710] [P10] PASS F.wbr
[22:48:41 #711] [P10] PASS F.hr_flushes
[22:48:41 #712] [P10] PASS G.pre_raw
[22:48:41 #713] [P10] PASS G.pre_blank_line
[22:48:41 #714] [P10] PASS G.xmp
[22:48:41 #715] [P10] PASS H.span_styles
[22:48:41 #716] [P10] PASS H.font_size
[22:48:41 #717] [P10] PASS H.time_fallback
[22:48:41 #718] [P10] PASS H.data_children_win
[22:48:41 #719] [P10] PASS H.time_text_no_fallback
[22:48:41 #720] [P10] PASS I.quotes
[22:48:41 #721] [P10] PASS J.resolve_target
[22:48:41 #722] [P10] PASS J.inline_link
[22:48:41 #723] [P10] PASS J.invalid_skipped
[22:48:41 #724] [P10] PASS J.invalid_plain
[22:48:41 #725] [P10] PASS J.title_fallback
[22:48:41 #726] [P10] PASS J.href_fallback
[22:48:41 #727] [P10] PASS J.text_accum
[22:48:41 #728] [P10] PASS J.anchor_seq
[22:48:41 #729] [P10] PASS K.ul_defaults
[22:48:41 #730] [P10] PASS K.ol_start
[22:48:41 #731] [P10] PASS K.ol_reversed
[22:48:41 #732] [P10] PASS K.ol_typeA
[22:48:41 #733] [P10] PASS K.ol_type_invalid
[22:48:41 #734] [P10] PASS K.nested_depth
[22:48:41 #735] [P10] PASS K.stray_li
[22:48:41 #736] [P10] PASS K.value_renumber
[22:48:41 #737] [P10] PASS L.dt_dd_flags
[22:48:41 #738] [P10] PASS L.dl_nested_indent
[22:48:41 #739] [P10] PASS N.caption_attached
[22:48:41 #740] [P10] PASS N.no_image_no_block
[22:48:41 #741] [P10] PASS O.clamps
[22:48:41 #742] [P10] PASS O.defaults
[22:48:41 #743] [P10] PASS O.alt_title
[22:48:41 #744] [P10] PASS O.data_src
[22:48:41 #745] [P10] PASS O.srcset_first
[22:48:41 #746] [P10] PASS O.filters
[22:48:41 #747] [P10] PASS O.usemap_strip
[22:48:41 #748] [P10] PASS O.img_in_link
[22:48:41 #749] [P10] PASS P.hidden_skip
[22:48:41 #750] [P10] PASS P.display_none
[22:48:41 #751] [P10] PASS P.aria_inert
[22:48:41 #752] [P10] PASS Q.scan_pattern_a
[22:48:41 #753] [P10] PASS Q.scan_pattern_b
[22:48:41 #754] [P10] PASS Q.body_overrides
[22:48:41 #755] [P10] PASS Q.invalid_ignored
[22:48:41 #756] [P10] PASS R.base_override
[22:48:41 #757] [P10] PASS R.first_nonempty_wins
[22:48:41 #758] [P10] PASS R.https_base
[22:48:41 #759] [P10] PASS S.block_cap_notice
[22:48:41 #760] [P10] PASS S.inline_cap
[22:48:41 #761] [P10] document selftests done: 69 passed, 0 failed
[22:48:41 #762] font loaded: fonts/Roobert-11-Medium
[22:48:41 #763] update callback registered
[22:48:41 #764] first frame rendered
[22:48:45 #765] [P07] bench start https://wiesmann.codiferes.net/share/bitmaps/
[22:48:48 #766] [P07] bench OK https://wiesmann.codiferes.net/share/bitmaps/ status=200 bytes=5217 ms=3623 kbps=1
[22:48:48 #767] [P07] bench start http://wiesmann.codiferes.net/share/bitmaps/test_image_4c.png
[22:48:48 #768] [P07] bench OK http://wiesmann.codiferes.net/share/bitmaps/test_image_4c.png status=404 bytes=996 ms=266 kbps=3
[22:48:48 #769] [P07] benchmark done
[22:48:51 #770] heartbeat frame=300
