[15:34:45 #4] [P02] PASS mem.malloc
[15:34:45 #5] [P02] PASS mem.realloc_preserves
[15:34:45 #6] [P02] PASS mem.strdup
[15:34:45 #7] [P02] PASS mem.strndup
[15:34:45 #8] [P02] PASS mem.free_null
[15:34:45 #9] [P02] PASS strbuf.init
[15:34:45 #10] [P02] PASS strbuf.append_str
[15:34:45 #11] [P02] PASS strbuf.append_char
[15:34:45 #12] [P02] PASS strbuf.embedded_nul
[15:34:45 #13] [P02] PASS strbuf.clear_keeps_cap
[15:34:45 #14] [P02] PASS strbuf.printf
[15:34:45 #15] [P02] PASS strbuf.grow_500
[15:34:45 #16] [P02] PASS strbuf.detach
[15:34:45 #17] [P02] PASS strbuf.detach_resets
[15:34:45 #18] [P02] PASS strbuf.free_idempotent
[15:34:45 #19] [P02] PASS dynarray.init
[15:34:45 #20] [P02] PASS dynarray.push_100_grow
[15:34:45 #21] [P02] PASS dynarray.get_mid
[15:34:45 #22] [P02] PASS dynarray.last
[15:34:45 #23] [P02] PASS dynarray.pop
[15:34:45 #24] [P02] PASS dynarray.get_oob_null
[15:34:45 #25] [P02] PASS dynarray.free
[15:34:45 #26] [P02] PASS strmap.create
[15:34:45 #27] [P02] PASS strmap.put_get
[15:34:45 #28] [P02] PASS strmap.replace_value
[15:34:45 #29] [P02] PASS strmap.has_false
[15:34:45 #30] [P02] PASS strmap.get_missing_null
[15:34:45 #31] [P02] PASS strmap.200_keys_rehash
[15:34:45 #32] [P02] PASS strmap.get_after_rehash
[15:34:45 #33] [P02] PASS strmap.remove
[15:34:45 #34] [P02] PASS strmap.remove_twice_false
[15:34:45 #35] [P02] PASS strmap.survivor_intact
[15:34:45 #36] [P02] PASS strmap.foreach_null_fn_safe
[15:34:45 #37] [P02] PASS strmap.destroy
[15:34:45 #38] [P02] PASS lpat.trim_spaces
[15:34:45 #39] [P02] PASS lpat.trim_empty
[15:34:45 #40] [P02] PASS lpat.trim_only_spaces
[15:34:45 #41] [P02] PASS lpat.scheme_split
[15:34:45 #42] [P02] PASS lpat.scheme_no_match
[15:34:45 #43] [P02] PASS lpat.host_path_no_match_lua
[15:34:45 #44] [P02] PASS lpat.host_bare_no_match_lua
[15:34:45 #45] [P02] PASS lpat.host_reject_spaces
[15:34:45 #46] [P02] PASS lpat.host_trailing_qmark_lua
[15:34:45 #47] [P02] PASS lpat.attr_dquote_1
[15:34:45 #48] [P02] PASS lpat.attr_dquote_2
[15:34:45 #49] [P02] PASS lpat.attr_dquote_done
[15:34:45 #50] [P02] PASS lpat.attr_squote_1
[15:34:45 #51] [P02] PASS lpat.attr_squote_2
[15:34:45 #52] [P02] PASS lpat.attr_squote_done
[15:34:45 #53] [P02] PASS lpat.pathcmd_M
[15:34:45 #54] [P02] PASS lpat.pathcmd_L
[15:34:45 #55] [P02] PASS lpat.pathcmd_Z_empty_arg
[15:34:45 #56] [P02] PASS lpat.pathcmd_done
[15:34:45 #57] [P02] PASS lpat.entity_named_amp
[15:34:45 #58] [P02] PASS lpat.entity_named_lt
[15:34:45 #59] [P02] PASS lpat.entity_named_skips_dec
[15:34:45 #60] [P02] PASS lpat.entity_decimal
[15:34:45 #61] [P02] PASS lpat.entity_hex_lower_x
[15:34:45 #62] [P02] PASS lpat.entity_hex_upper_X
[15:34:45 #63] [P02] PASS lpat.entity_hex_done
[15:34:45 #64] [P02] PASS lpat.charset_utf8
[15:34:45 #65] [P02] PASS lpat.http_status
[15:34:45 #66] [P02] PASS lpat.meta_refresh_url_upper
[15:34:45 #67] [P02] PASS lpat.meta_refresh_frac
[15:34:45 #68] [P02] PASS lpat.viewbox_four_caps
[15:34:45 #69] [P02] PASS lpat.tag_div_attrs
[15:34:45 #70] [P02] PASS lpat.tag_br_selfclose
[15:34:45 #71] [P02] PASS lpat.tag_close_not_matched
[15:34:45 #72] [P02] PASS lpat.css_prop_lua_truth
[15:34:45 #73] [P02] PASS lpat.cookie_pair
[15:34:45 #74] [P02] PASS lpat.tokens_a
[15:34:45 #75] [P02] PASS lpat.tokens_bb
[15:34:45 #76] [P02] PASS lpat.tokens_ccc
[15:34:45 #77] [P02] PASS lpat.tokens_done
[15:34:45 #78] [P02] PASS lpat.lazy_dash
[15:34:45 #79] [P02] PASS lpat.greedy_star
[15:34:45 #80] [P02] PASS lpat.endpunct_true
[15:34:45 #81] [P02] PASS lpat.endpunct_false
[15:34:45 #82] [P02] PASS lpat.escape_dot
[15:34:45 #83] [P02] PASS lpat.escape_percent
[15:34:45 #84] [P02] PASS lpat.escape_dash_outside_set
[15:34:45 #85] [P02] PASS lpat.gsub_fn_hexdecode
[15:34:45 #86] [P02] PASS lpat.gsub_fn_encode
[15:34:45 #87] [P02] PASS lpat.find_init_offset
[15:34:45 #88] [P02] PASS lpat.find_plain
[15:34:45 #89] [P02] PASS lpat.find_plain_miss
[15:34:45 #90] [P02] PASS lpat.gsub_template_trim
[15:34:45 #91] [P02] PASS lpat.gsub_crlf
[15:34:45 #92] [P02] PASS lpat.gsub_count3
[15:34:45 #93] [P02] PASS lpat.gsub_empty_matches
[15:34:45 #94] [P02] PASS lpat.negclass_A
[15:34:45 #95] [P02] PASS lpat.negclass_done
[15:34:45 #96] [P02] PASS lpat.set_leading_bracket
[15:34:45 #97] [P02] PASS lpat.nul_subject_first
[15:34:45 #98] [P02] PASS lpat.nul_subject_second
[15:34:45 #99] [P02] PASS lpat.nul_subject_done
[15:34:45 #100] [P02] PASS lpat.position_capture
[15:34:45 #101] [P02] PASS lpat.balance
[15:34:45 #102] [P02] PASS lpat.frontier_THE
[15:34:45 #103] [P02] PASS lpat.frontier_quick
[15:34:45 #104] [P02] PASS lpat.frontier_fox
[15:34:45 #105] [P02] PASS lpat.frontier_done
[15:34:45 #106] [P02] PASS lpat.opt_without_u
[15:34:45 #107] [P02] PASS lpat.opt_with_u
[15:34:45 #108] [P02] PASS lpat.ip_anchor_ok
[15:34:45 #109] [P02] PASS lpat.ip_anchor_trailing_fail
[15:34:45 #110] ERROR: luapattern: malformed pattern (missing ])  ||  stack: src/util/luapattern.c:79
[15:34:45 #111] [P02] PASS lpat.malformed_set_err
[15:34:45 #112] [P02] PASS json.parse_fixture
[15:34:45 #113] [P02] PASS json.obj_string
[15:34:45 #114] [P02] PASS json.negative_int
[15:34:45 #115] [P02] PASS json.float
[15:34:45 #116] [P02] PASS json.exponent
[15:34:45 #117] [P02] PASS json.bool_true
[15:34:45 #118] [P02] PASS json.null_value
[15:34:45 #119] [P02] PASS json.absent_key
[15:34:45 #120] [P02] PASS json.arr_count
[15:34:45 #121] [P02] PASS json.arr_num
[15:34:45 #122] [P02] PASS json.arr_null_elem
[15:34:45 #123] [P02] PASS json.arr_nested_obj
[15:34:45 #124] [P02] PASS json.escapes_unicode_surrogate
[15:34:45 #125] [P02] PASS json.trailing_data_error
[15:34:45 #126] [P02] PASS json.bad_value_error
[15:34:45 #127] [P02] PASS json.unterminated_error
[15:34:45 #128] [P02] PASS json.roundtrip_parse
[15:34:45 #129] [P02] PASS json.roundtrip_stable
[15:34:45 #130] [P02] PASS json.roundtrip_arr_value
[15:34:45 #131] [P02] PASS json.roundtrip_nested_bool
[15:34:45 #132] [P02] PASS json.obj_set_replace
[15:34:45 #135] [P03] PASS url.parse.empty
[15:34:45 #136] [P03] PASS url.parse.https_host
[15:34:45 #137] [P03] PASS url.parse.full
[15:34:45 #138] [P03] PASS url.parse.no_scheme
[15:34:45 #139] [P03] PASS url.parse.empty_host
[15:34:45 #140] [P03] PASS url.parse.ftp_custom_port
[15:34:45 #141] [P03] PASS url.parse.userinfo_quirk
[15:34:45 #142] [P03] PASS url.parse.colon_empty_port
[15:34:45 #143] [P03] PASS url.parse.port_zero
[15:34:45 #144] [P03] PASS url.parse.spaces_trimmed
[15:34:45 #145] [P03] PASS url.parse.about_blank
[15:34:45 #146] [P03] PASS url.parse.about_home
[15:34:45 #147] [P03] PASS url.parse.case_fold
[15:34:45 #148] [P03] PASS url.parse.ip_host
[15:34:45 #149] [P03] PASS url.parse.raw_trimmed
[15:34:45 #150] [P03] PASS url.parse.junk_port_ignored
[15:34:45 #151] [P03] PASS enc.plain
[15:34:45 #152] [P03] PASS enc.specials
[15:34:45 #153] [P03] PASS enc.unreserved_kept
[15:34:45 #154] [P03] PASS enc.plus_encoded
[15:34:45 #155] [P03] PASS enc.utf8
[15:34:45 #156] [P03] PASS enc.percent_literal
[15:34:45 #157] [P03] PASS enc.newline_crlf
[15:34:45 #158] [P03] PASS enc.empty
[15:34:45 #159] [P03] PASS dec.plus_space
[15:34:45 #160] [P03] PASS dec.pct_utf8
[15:34:45 #161] [P03] PASS dec.mixed
[15:34:45 #162] [P03] PASS dec.invalid_pct_kept
[15:34:45 #163] [P03] PASS dec.truncated_pct_kept
[15:34:45 #164] [P03] PASS dec.empty
[15:34:45 #165] [P03] PASS url.roundtrip
[15:34:45 #166] [P03] PASS isq.null_false
[15:34:45 #167] [P03] PASS isq.empty_false
[15:34:45 #168] [P03] PASS isq.spaces_query
[15:34:45 #169] [P03] PASS isq.dot_url
[15:34:45 #170] [P03] PASS isq.bare_word_query
[15:34:45 #171] [P03] PASS isq.leading_dot_query
[15:34:45 #172] [P03] PASS isq.trailing_dot_query
[15:34:45 #173] [P03] PASS isq.ip_url
[15:34:45 #174] [P03] PASS isq.localhost_url
[15:34:45 #175] [P03] PASS isq.localhost_suffix_url
[15:34:45 #176] [P03] PASS isq.https_url
[15:34:45 #177] [P03] PASS isq.about_url
[15:34:45 #178] [P03] PASS isq.file_url
[15:34:45 #179] [P03] PASS isq.spaces_only_is_query
[15:34:45 #180] [P03] PASS isq.upper_scheme_via_dot_rule
[15:34:45 #181] [P03] PASS isq.trimmed_before_dot_rule
[15:34:45 #182] [P03] PASS unwrap.ddg_uddg
[15:34:45 #183] [P03] PASS unwrap.non_ddg_false
[15:34:45 #184] [P03] PASS wrap.missing_uddg_false
[15:34:45 #185] [P03] PASS resolve.same_dir
[15:34:45 #186] [P03] PASS resolve.subdir
[15:34:45 #187] [P03] PASS resolve.root_rel
[15:34:45 #188] [P03] PASS resolve.protocol_relative
[15:34:45 #189] [P03] PASS resolve.anchor
[15:34:45 #190] [P03] PASS resolve.query_only
[15:34:45 #191] [P03] PASS resolve.custom_port_base
[15:34:45 #192] [P03] PASS resolve.anchor_keeps_query
[15:34:45 #193] [P03] PASS resolve.query_replaces
[15:34:45 #194] [P03] PASS resolve.dot_slash
[15:34:45 #195] [P03] PASS resolve.dotdot
[15:34:45 #196] [P03] PASS resolve.dotdot_clamped_root
[15:34:45 #197] [P03] PASS resolve.deep_beyond_root_dropped
[15:34:45 #198] [P03] PASS resolve.about_passthrough
[15:34:45 #199] [P03] PASS resolve.data_passthrough
[15:34:45 #200] [P03] PASS resolve.js_passthrough
[15:34:45 #201] [P03] PASS resolve.absolute_verbatim_case
[15:34:45 #202] [P03] PASS resolve.mailto_not_special
[15:34:45 #203] [P03] PASS resolve.empty_returns_base
[15:34:45 #204] [P03] PASS searchurl.ddg
[15:34:45 #207] [P04] PASS ts.epoch1970
[15:34:45 #208] [P04] PASS ts.bttf2015
[15:34:45 #209] [P04] PASS ts.leap2000feb29
[15:34:45 #210] [P04] PASS ts.neg1969
[15:34:45 #211] [P04] PASS ts.clamp_month0
[15:34:45 #212] [P04] PASS ts.clamp_month13
[15:34:45 #213] [P04] PASS ts.clamp_year_neg
[15:34:45 #214] [P04] PASS ts.clamp_day0
[15:34:45 #215] [P04] PASS ts.floor_frac
[15:34:45 #216] [P04] PASS ts.frac_hour
[15:34:45 #217] [P04] PASS ts.nil_hms_zeroed
[15:34:45 #218] [P04] PASS date.imf_fixdate
[15:34:45 #219] [P04] PASS date.rfc850_4digit
[15:34:45 #220] [P04] PASS date.rfc850_2digit
[15:34:45 #221] [P04] PASS date.rfc850_pivot69
[15:34:45 #222] [P04] PASS date.asctime_dblspace_nil
[15:34:45 #223] [P04] PASS date.asctime_single_space
[15:34:45 #224] [P04] PASS date.lowercase_month_nil
[15:34:45 #225] [P04] PASS date.garbage_nil
[15:34:45 #226] [P04] PASS date.trailing_junk_ok
[15:34:45 #227] [P04] PASS date.no_weekday_nil
[15:34:45 #228] [P04] PASS date.empty_nil
[15:34:45 #229] [P04] PASS sc01.basic
[15:34:45 #230] [P04] PASS sc02.attrs
[15:34:45 #231] [P04] PASS sc03.domain_dot
[15:34:45 #232] [P04] PASS sc04.domain_exact
[15:34:45 #233] [P04] PASS sc05.domain_suffix
[15:34:45 #234] [P04] PASS sc06.domain_localhost
[15:34:45 #235] [P04] PASS sc07.domain_foreign_reject
[15:34:45 #236] [P04] PASS sc08.domain_undotted_reject
[15:34:45 #237] [P04] PASS sc09.path_noslash
[15:34:45 #238] [P04] PASS sc10.samesite_lax
[15:34:45 #239] [P04] PASS sc11.samesite_weird_ignored
[15:34:45 #240] [P04] PASS sc12.maxage_future
[15:34:45 #241] [P04] PASS sc13.maxage_zero_del
[15:34:45 #242] [P04] PASS sc14.maxage_negative_del
[15:34:45 #243] [P04] PASS sc15.maxage_junk_ignored
[15:34:45 #244] [P04] PASS sc16.expires_imf
[15:34:45 #245] [P04] PASS sc17.expires_asctime
[15:34:45 #246] [P04] PASS sc18.expires_garbage_ignored
[15:34:45 #247] [P04] PASS sc19.expires_then_maxage_wins
[15:34:45 #248] [P04] PASS sc20.maxage_then_expires_skipped
[15:34:45 #249] [P04] PASS rej.space_in_pair
[15:34:45 #250] [P04] PASS rej.bad_name
[15:34:45 #251] [P04] PASS rej.no_name
[15:34:45 #252] [P04] PASS rej.quote_in_value
[15:34:45 #253] [P04] PASS rej.comma_in_value
[15:34:45 #254] [P04] PASS rej.no_equals
[15:34:45 #255] [P04] PASS sc27.empty_value_ok
[15:34:45 #256] [P04] PASS sc32.dollar_name_ok
[15:34:45 #257] [P04] PASS sc33.empty_attrs_skipped
[15:34:45 #258] [P04] PASS rej.empty_host_raw
[15:34:45 #259] [P04] PASS rej.null_host
[15:34:45 #260] [P04] PASS rej.null_raw
[15:34:45 #261] [P04] PASS rej.ws_only_raw
[15:34:45 #262] [P04] PASS hdr.two_cookies
[15:34:45 #263] [P04] PASS hdr.replace_moves_end
[15:34:45 #264] [P04] PASS store.replace_count
[15:34:45 #265] [P04] PASS hdr.after_delete
[15:34:45 #266] [P04] PASS store.delete_count
[15:34:45 #267] [P04] PASS hdr.domain_cookie
[15:34:45 #268] [P04] PASS hdr.cross_host_isolated
[15:34:45 #269] [P04] PASS store.domain_count
[15:34:45 #270] [P04] PASS hdr.secure_blocked_http
[15:34:45 #271] [P04] PASS hdr.secure_allowed_https
[15:34:45 #272] [P04] PASS store.secure_count
[15:34:45 #273] [P04] PASS hdr.path_prefix_no
[15:34:45 #274] [P04] PASS hdr.path_exact_yes
[15:34:45 #275] [P04] PASS hdr.path_subdir_yes
[15:34:45 #276] [P04] PASS hdr.path_boundary_no
[15:34:45 #277] [P04] PASS store.docs_count
[15:34:45 #278] [P04] PASS cap.count300
[15:34:45 #279] [P04] PASS cap.first_evicted_to_c6
[15:34:45 #280] [P04] PASS cap.last_is_c305
[15:34:45 #281] [P04] PASS cap.future_expires_stored_evicts
[15:34:45 #282] [P04] PASS clear.zeroes
[15:34:45 #283] [P04] PASS exp.stored
[15:34:45 #284] [P04] PASS exp.alive_before
[15:34:45 #285] [P04] PASS exp.pruned_after
[15:34:45 #286] [P04] PASS exp.list_empty_after_prune
[15:34:45 #287] [P04] PASS st.defaults_bm9
[15:34:45 #288] [P04] PASS st.default_bm1_fields
[15:34:45 #289] [P04] PASS st.default_bm8_title
[15:34:45 #290] [P04] PASS st.default_settings
[15:34:45 #291] [P04] PASS hist.about_and_empty_skipped
[15:34:45 #292] [P04] PASS hist.two_added
[15:34:45 #293] [P04] PASS hist.insert_front_order
[15:34:45 #294] [P04] PASS hist.time_hhmm
[15:34:45 #295] [P04] PASS hist.dedup_count
[15:34:45 #296] [P04] PASS hist.dedup_moves_front_title_defaults_url
[15:34:45 #297] [P04] PASS hist.cap50
[15:34:45 #298] [P04] PASS hist.cap_newest_first
[15:34:45 #299] [P04] PASS hist.cap_oldest_evicted_fill1to5_gone
[15:34:45 #300] [P04] PASS bm.is_true
[15:34:45 #301] [P04] PASS bm.is_false
[15:34:45 #302] [P04] PASS bm.add_empty_rejected
[15:34:45 #303] [P04] PASS bm.dup_returns_true
[15:34:45 #304] [P04] PASS bm.dup_updates_title_only_keeps_desc
[15:34:45 #305] [P04] PASS bm.append_true
[15:34:45 #306] [P04] PASS bm.appended_last
[15:34:45 #307] [P04] PASS bm.remove_valid
[15:34:45 #308] [P04] PASS bm.remove_zero_invalid
[15:34:45 #309] [P04] PASS bm.remove_big_invalid
[15:34:45 #310] [P04] PASS st.save_ok
[15:34:45 #311] [P04] PASS st.load_ok
[15:34:45 #312] [P04] PASS st.roundtrip_bm9
[15:34:45 #313] [P04] PASS st.roundtrip_bm1
[15:34:45 #314] [P04] PASS st.roundtrip_hist_top
[15:34:45 #315] [P04] PASS st.roundtrip_settings
[15:34:45 #316] [P04] PASS st.save_empty_bm
[15:34:45 #317] [P04] PASS st.load_empty_bm
[15:34:45 #318] [P04] PASS st.empty_bm_falls_back_to_defaults
[15:34:45 #319] [P04] PASS st.empty_bm_default_google
[15:34:45 #320] [P04] PASS num.junk_fail
[15:34:45 #321] [P04] PASS num.empty_fail
[15:34:45 #322] [P04] PASS num.comma_fail
[15:34:45 #323] [P04] PASS num.ws_trimmed
[15:34:45 #324] [P04] PASS num.hex
[15:34:45 #325] [P04] PASS num.exponent
[15:34:45 #328] [P05] PASS run.is_running_immediately
[15:34:45 #329] [P05] PASS run.progress_reset_immediately
[15:34:45 #330] [P05] PASS run.step_not_called_before_update
[15:34:45 #333] [P05] PASS done.no_callback_when_null_onComplete
[15:34:45 #334] [P05] PASS done.queue_emptied_progress_forced_one
[15:34:45 #338] [P05] PASS budget.first_yield_at_iter64
[15:34:45 #339] [P05] PASS budget.frames16_for_1000iters_at20ms
[15:34:45 #343] [P05] PASS budget.frozen_clock_single_frame
[15:34:45 #344] [P05] PASS outside.never_yields
[15:34:45 #348] [P05] PASS err.onError_not_onComplete
[15:34:45 #349] [P05] PASS err.message_delivered_verbatim
[15:34:45 #350] [P05] PASS err.progress_keeps_task_report
[15:34:45 #354] [P05] PASS err.default_message
[15:34:45 #357] [P05] PASS fifo.two_queued
[15:34:45 #360] [P05] PASS fifo.upd1_only_head_a
[15:34:45 #363] [P05] PASS fifo.upd2_then_b
[15:34:45 #364] [P05] PASS fifo.upd3_idle
[15:34:45 #366] [P05] PASS prog.reset_by_run
[15:34:45 #367] [P05] PASS prog.neg_clamped
[15:34:45 #368] [P05] PASS prog.set03
[15:34:45 #369] [P05] PASS prog.regression_ignored
[15:34:45 #370] [P05] PASS prog.over_clamped
[15:34:45 #373] [P05] PASS cancel.empty_queue_noop
[15:34:45 #375] [P05] PASS cancel.job_started_yielded
[15:34:45 #377] [P05] PASS cancel.queue_cleared_progress_zeroed
[15:34:45 #378] [P05] PASS cancel.no_callbacks_fired
[15:34:45 #379] [P05] PASS cancel.ctx_freed
[15:34:45 #381] [P05] PASS cancel.post_cancel_idle_safe
[15:34:45 #384] [P05] PASS run.second_run_resets_progress
[15:34:45 #389] [P05] PASS free.on_complete_path
[15:34:45 #393] [P05] PASS free.on_error_path
[15:34:45 #397] [P05] PASS yieldn.four_frames_then_done
[15:34:45 #399] [P05] PASS gc.external_schedule_safe
[15:34:45 #401] [P06] PASS cp1252.A41_raw_ascii
[15:34:45 #402] [P06] PASS cp1252.7f_stays_raw
[15:34:45 #403] [P06] PASS cp1252.80_is_euro
[15:34:45 #404] [P06] PASS cp1252.81_self_map_C281
[15:34:45 #405] [P06] PASS cp1252.92_right_quote
[15:34:45 #406] [P06] PASS cp1252.9c_oe_ligature
[15:34:45 #407] [P06] PASS cp1252.9f_Y_dieresis
[15:34:45 #408] [P06] PASS cp1252.a0_passthrough_C2A0
[15:34:45 #409] [P06] PASS cp1252.no_header_verbatim
[15:34:45 #410] [P06] PASS cp1252.e9_decodes_C3A9
[15:34:45 #411] [P06] PASS cp1252.ff_decodes_C3BF
[15:34:45 #412] [P06] PASS utf16le.bom_A
[15:34:45 #413] [P06] PASS utf16le.surrogate_pair_U10037
[15:34:45 #414] [P06] PASS utf16le.lone_high_consumes_next
[15:34:45 #415] [P06] PASS utf16be.euro_check
[15:34:45 #416] [P06] PASS utf8bom.stripped_hello
[15:34:45 #417] [P06] PASS hdr.utf8_verbatim_E9
[15:34:45 #418] [P06] PASS hdr.utf_8_alias_verbatim
[15:34:45 #419] [P06] PASS hdr.utf8mb4_passthrough
[15:34:45 #420] [P06] PASS hdr.ascii_verbatim
[15:34:45 #421] [P06] PASS hdr.usascii_passthrough
[15:34:45 #422] [P06] PASS hdr.quoted_value_fails_pattern
[15:34:45 #423] [P06] PASS hdr.missing_value_fails
[15:34:45 #424] [P06] PASS hdr.no_charset_verbatim
[15:34:45 #425] [P06] PASS hdr.Windows1252_decodes
[15:34:45 #426] [P06] PASS hdr.cp1252_decodes
[15:34:45 #427] [P06] PASS hdr.latin1_decodes
[15:34:45 #428] [P06] PASS hdr.iso88591_decodes
[15:34:45 #429] [P06] PASS hdr.iso8859_decodes
[15:34:45 #430] [P06] PASS hdr.shiftjis_besteffort
[15:34:45 #431] [P06] PASS hdr.eucjp_besteffort
[15:34:45 #432] [P06] PASS hdr.utf16le_nonbom_empty
[15:34:45 #433] [P06] PASS hdr.bare_utf16_not_dispatched
[15:34:45 #434] [P06] PASS meta.charset_simple_decodes
[15:34:45 #435] [P06] PASS meta.http_equiv_content_pattern
[15:34:45 #436] [P06] PASS meta.beyond1024_ignored
[15:34:45 #437] [P06] PASS prec.header_cp1252_beats_meta
[15:34:45 #438] [P06] PASS prec.header_utf8_allows_meta
[15:34:45 #439] [P06] PASS ent.fastpath_control_verbatim
[15:34:45 #440] [P06] PASS ent.named_basics
[15:34:45 #441] [P06] PASS ent.copy_reg_trade
[15:34:45 #442] [P06] PASS ent.deg_not_exact_spacing
[15:34:45 #443] [P06] PASS ent.frac12_never_matches
[15:34:45 #444] [P06] PASS ent.unknown_name_spaced
[15:34:45 #445] [P06] PASS ent.case_sensitive
[15:34:45 #446] [P06] PASS ent.missing_semicolon_raw
[15:34:45 #447] [P06] PASS dec.basic_nbsp_dashes
[15:34:45 #448] [P06] PASS dec.quote_family_ellipsis_bullet
[15:34:45 #449] [P06] PASS dec.math_table
[15:34:45 #450] [P06] PASS dec.range_edges
[15:34:45 #451] [P06] PASS dec.huge_number_space
[15:34:45 #452] [P06] PASS hex.basic_a0_dash
[15:34:45 #453] [P06] PASS hex.thin_spaces
[15:34:45 #454] [P06] PASS hex.lacks_201a_asymmetry
[15:34:45 #455] [P06] PASS dec.has_201a_quote
[15:34:45 #456] [P06] PASS clean.translit_accents
[15:34:45 #457] [P06] PASS clean.OE_thorn
[15:34:45 #458] [P06] PASS clean.caron_unmapped_space
[15:34:45 #459] [P06] PASS clean.euro_3byte_single_space
[15:34:45 #460] [P06] PASS clean.emoji_widens_per_byte
[15:34:45 #461] [P06] PASS clean.truncated_tail_single_space
[15:34:45 #462] [P06] PASS clean.nbsp_fixed_seq
[15:34:45 #463] [P06] PASS clean.emdash_fixed_seq
[15:34:45 #464] [P06] PASS clean.full_pipeline_mixed
[15:34:45 #465] [P06] PASS clean.high_absent_keeps_control
[15:34:45 #466] [P06] PASS encode.all_but_apostrophe
[15:34:45 #467] [P06] PASS encode.null_empty
[15:34:45 #471] [P06] PASS task.decode_completes_one_frame
[15:34:45 #472] [P06] PASS task.decode_outlen
[15:34:45 #473] [P06] PASS task.decode_output
[15:34:45 #474] [P06] PASS norm.windows1252_alias
[15:34:45 #475] [P06] PASS norm.utf8_alias
[15:34:45 #476] [P06] PASS norm.null_safe
[15:34:45 #477] [P06] PASS degen.null_body_empty
[15:34:45 #478] [P06] PASS degen.decode_empty
[15:34:45 #480] [P07] PASS A.ret
[15:34:45 #481] [P07] PASS A.loading_after_get
[15:34:45 #482] [P07] PASS A.conn_args
[15:34:45 #483] [P07] PASS A.timeouts_ms_and_bufsize
[15:34:45 #484] [P07] PASS A.request_bytes_exact
[15:34:45 #485] [P07] PASS A.loading_after_success
[15:34:45 #486] [P07] PASS A2.conn_ssl_8443
[15:34:45 #487] [P07] PASS A2.cookie_request_bytes
[15:34:45 #488] [P07] PASS A3.default_port_suppressed
[15:34:45 #489] [P07] PASS C.jar_count_2
[15:34:45 #490] [P07] PASS C.cookie_header_roundtrip
[15:34:45 #491] [P07] PASS D.ret
[15:34:45 #492] [P07] PASS D.status
[15:34:45 #493] [P07] PASS D.bodylen_beyond_cl
[15:34:45 #494] [P07] PASS D.slice_to_end
[15:34:45 #495] [P07] PASS D.url
[15:34:45 #496] [P07] PASS E.no_success_midstream
[15:34:45 #497] [P07] PASS E.status
[15:34:45 #498] [P07] PASS E.decoded_body
[15:34:45 #499] [P07] PASS F.first_hop_closed
[15:34:45 #500] [P07] PASS F.hop2_conn
[15:34:45 #501] [P07] PASS F.relative_resolution
[15:34:45 #502] [P07] PASS F.final_status
[15:34:45 #503] [P07] PASS F.final_url
[15:34:45 #504] [P07] PASS F.sock_count
[15:34:45 #505] [P07] PASS G.six_sockets
[15:34:45 #506] [P07] PASS G.silent_drop_no_callbacks
[15:34:45 #507] [P07] PASS G.not_loading_after
[15:34:45 #508] [P07] PASS H.partial_over_512_done
[15:34:45 #509] [P07] PASS H.bodylen_600
[15:34:45 #510] [P07] PASS I.timeout_error
[15:34:45 #511] [P07] PASS I.timeout_message
[15:34:45 #512] [P07] PASS J.closed_no_data_error
[15:34:45 #513] [P07] PASS J.closed_message
[15:34:45 #514] [P07] PASS P.closed_midbody_done
[15:34:45 #515] [P07] PASS P.partial_body
[15:34:45 #516] [P07] PASS K.stale_socket_closed
[15:34:45 #517] [P07] PASS K.silent
[15:34:45 #518] [P07] PASS K.idle
[15:34:45 #519] [P07] PASS L.get_about_loading
[15:34:45 #520] [P07] PASS L.still_pending
[15:34:45 #521] [P07] PASS L.progress_100
[15:34:45 #522] [P07] PASS L.home_status
[15:34:45 #523] [P07] PASS L.home_ct
[15:34:45 #524] [P07] PASS L.home_len_100
[15:34:45 #525] [P07] PASS L.home_url
[15:34:45 #526] [P07] PASS L.done_not_loading
[15:34:45 #527] [P07] PASS L.unknown_ret_true
[15:34:45 #528] [P07] PASS L.unknown_error
[15:34:45 #529] [P07] PASS L.unknown_message
[15:34:45 #530] [P07] PASS L.unknown_idle
[15:34:45 #531] [P07] PASS L.blank_len_26
[15:34:45 #532] [P07] PASS L.acid_len_2984
[15:34:45 #533] [P07] PASS L.acid_title_present
[15:34:45 #534] [P07] PASS M.ret_false
[15:34:45 #535] [P07] PASS M.sync_error
[15:34:45 #536] [P07] PASS M.message
[15:34:45 #537] [P07] PASS M.idle
[15:34:45 #538] [P07] PASS N.send_error
[15:34:45 #539] [P07] PASS N.send_failed_prefix
[15:34:45 #540] [P07] PASS N.idle
[15:34:45 #541] [P07] PASS O.three_progress_calls
[15:34:45 #542] [P07] PASS O.first_0_0
[15:34:45 #543] [P07] PASS O.second_body_bytes
[15:34:45 #544] [P07] PASS O.clamped_final
[15:34:45 #545] [P07] PASS O.delivered
[15:34:45 #546] [P07] PASS Q.delivered_as_normal
[15:34:45 #547] [P07] PASS Q.empty_body
[15:34:45 #548] [P07] PASS R.deny_ret_false
[15:34:45 #549] [P07] PASS R.deny_error
[15:34:45 #550] [P07] PASS R.deny_message
[15:34:45 #551] [P07] PASS R.purpose_string
[15:34:45 #552] [P07] PASS S.ask_ret_true
[15:34:45 #553] [P07] PASS S.waiting_no_socket_yet
[15:34:45 #554] [P07] PASS S.one_access_call
[15:34:45 #555] [P07] PASS S.callback_recorded
[15:34:45 #556] [P07] PASS S.socket_after_grant
[15:34:45 #557] [P07] PASS S.completed_after_grant
[15:34:45 #558] [P07] PASS S.grant_cached_same_host
[15:34:45 #559] [P07] PASS T.waiting
[15:34:45 #560] [P07] PASS T.async_deny_error
[15:34:45 #561] [P07] PASS T.async_deny_message
[15:34:45 #562] [P07] PASS T.idle_after_deny
[15:34:45 #563] [P07] PASS W.error_state_before_tick
[15:34:45 #564] [P07] PASS W.open_failed_delivered
[15:34:45 #565] [P07] PASS W.open_failed_message
[15:34:45 #566] [P07] PASS W.idle
[15:34:45 #567] [P07] PASS V.empty_parses_to_blank_host
[15:34:45 #568] [P07] PASS V.host_blank_port0
[15:34:45 #571] [P08] PASS A.nonnull
[15:34:45 #572] [P08] PASS A.title_default
[15:34:45 #573] [P08] PASS A.count_1
[15:34:45 #574] [P08] PASS A.text
[15:34:45 #575] [P08] PASS B.empty_count0
[15:34:45 #576] [P08] PASS B.empty_title
[15:34:45 #577] [P08] PASS C.entity_decode
[15:34:45 #578] [P08] PASS D.count_3
[15:34:45 #579] [P08] PASS D.tag_p_open
[15:34:45 #580] [P08] PASS D.text_hi
[15:34:45 #581] [P08] PASS D.tag_p_close_self
[15:34:45 #582] [P08] PASS E.count_4
[15:34:45 #583] [P08] PASS E.br_slash
[15:34:45 #584] [P08] PASS E.br_space_slash
[15:34:45 #585] [P08] PASS E.hr_plain
[15:34:45 #586] [P08] PASS E.close_p_self
[15:34:45 #587] [P08] PASS F.colon_names
[15:34:45 #588] [P08] PASS F.attr_datax
[15:34:45 #589] [P08] PASS G.lowered_names
[15:34:45 #590] [P08] PASS G.attr_val_case_kept
[15:34:45 #591] [P08] PASS G.text_Y
[15:34:45 #592] [P08] PASS H.interleave
[15:34:45 #593] [P08] PASS I.lt_space_gt_quirk
[15:34:45 #594] [P08] PASS J.junk_dropped
[15:34:45 #595] [P08] PASS K.doctype_vanishes
[15:34:45 #596] [P08] PASS L.broken_tail_dropped
[15:34:45 #597] [P08] PASS M.count_3
[15:34:45 #598] [P08] PASS M.tag_a
[15:34:45 #599] [P08] PASS M.href_decoded
[15:34:45 #600] [P08] PASS M.id_single_quoted
[15:34:45 #601] [P08] PASS M.unquoted
[15:34:45 #602] [P08] PASS M.boolean_disabled
[15:34:45 #603] [P08] PASS M.boolean_datax
[15:34:45 #604] [P08] PASS M.attr_count_5
[15:34:45 #605] [P08] PASS M.text_y
[15:34:45 #606] [P08] PASS M.close_a
[15:34:45 #607] [P08] PASS N.first_wins
[15:34:45 #608] [P08] PASS N.src_first
[15:34:45 #609] [P08] PASS N.alt_first_lowered_key
[15:34:45 #610] [P08] PASS N.attr_count_2
[15:34:45 #611] [P08] PASS O.key_dot_quirk
[15:34:45 #612] [P08] PASS O.a_bool
[15:34:45 #613] [P08] PASS O.b_c
[15:34:45 #614] [P08] PASS O.d_e_f_g
[15:34:45 #615] [P08] PASS O.attr_count_3
[15:34:45 #616] [P08] PASS P.space_before_eq_quirk
[15:34:45 #617] [P08] PASS P.href_empty
[15:34:45 #618] [P08] PASS P.v_bool_lost_value
[15:34:45 #619] [P08] PASS P.attr_count_2
[15:34:45 #620] [P08] PASS Q.unterminated_quote_all_dropped
[15:34:45 #621] [P08] PASS R.comment_full
[15:34:45 #622] [P08] PASS S.comment_unclosed_tail_after_gt
[15:34:45 #623] [P08] PASS T.script_skip
[15:34:45 #624] [P08] PASS U.script_case_insensitive
[15:34:45 #625] [P08] PASS V.script_unclosed_swallows_rest
[15:34:45 #626] [P08] PASS W.style_skip
[15:34:45 #627] [P08] PASS X.style_unclosed_swallows
[15:34:45 #628] [P08] PASS Y.title_decoded_collapsed
[15:34:45 #629] [P08] PASS Y.title_tags_not_emitted
[15:34:45 #630] [P08] PASS Z.title_unclosed_default
[15:34:45 #631] [P08] PASS AA.prefix_hijack_title
[15:34:45 #632] [P08] PASS AB.alloc_big
[15:34:45 #633] [P08] PASS AC.trunc_cut_at_gt_single
[15:34:45 #634] [P08] PASS AC.text_len_262202
[15:34:45 #635] [P08] PASS AD.alloc_flat
[15:34:45 #636] [P08] PASS AE.no_gt_exact_max
[15:34:45 #637] [P08] PASS AF.exact_max_untouched
[15:34:45 #638] [P08] PASS AG.progress_reported
[15:34:45 #641] [P09] PASS A.root
[15:34:45 #642] [P09] PASS A.diag
[15:34:45 #643] [P09] PASS A.child_text
[15:34:45 #644] [P09] PASS B.empty
[15:34:45 #645] [P09] PASS C.nested_counts
[15:34:45 #646] [P09] PASS C.structure
[15:34:45 #647] [P09] PASS D.format_survives
[15:34:45 #648] [P09] PASS D.b_nests_i
[15:34:45 #649] [P09] PASS E.p_implied_by_div
[15:34:45 #650] [P09] PASS F.stray_li_root_siblings
[15:34:45 #651] [P09] PASS G.list_counts
[15:34:45 #652] [P09] PASS G.list_shape
[15:34:45 #653] [P09] PASS G.inner_list
[15:34:45 #654] [P09] PASS H.dtdd
[15:34:45 #655] [P09] PASS I.table_counts
[15:34:45 #656] [P09] PASS I.table_shape
[15:34:45 #657] [P09] PASS I.rows_cells
[15:34:45 #658] [P09] PASS J.stray_tr_dropped
[15:34:45 #659] [P09] PASS K.stray_td_dropped
[15:34:45 #660] [P09] PASS L.option_outside_dropped
[15:34:45 #661] [P09] PASS M.anchor_reopen
[15:34:45 #662] [P09] PASS M.second_a_sibling
[15:34:45 #663] [P09] PASS N.voids_flat
[15:34:45 #664] [P09] PASS N.sequence
[15:34:45 #665] [P09] PASS N.close_br_ignored
[15:34:45 #666] [P09] PASS O.selfclose_not_pushed
[15:34:45 #667] [P09] PASS P.head_skipped
[15:34:45 #668] [P09] PASS P.body_p_vis
[15:34:45 #669] [P09] PASS P.diag_skipped1_proc10
[15:34:45 #670] [P09] PASS Q.template_hidden
[15:34:45 #671] [P09] PASS Q.skipped3
[15:34:45 #672] [P09] PASS R.close_through_counts
[15:34:45 #673] [P09] PASS R.popped_through_span
[15:34:45 #674] [P09] PASS R.deep_sibling_of_p
[15:34:45 #675] [P09] PASS S.unknown_close_noop
[15:34:45 #676] [P09] PASS S.b_inside_div
[15:34:45 #677] [P09] PASS T.attrs_kept
[15:34:45 #678] [P09] PASS T.attr_values
[15:34:45 #679] [P09] PASS T.text
[15:34:45 #680] [P09] PASS U.chain_depth_12
[15:34:45 #681] [P09] PASS V.blockquote_ps
[15:34:45 #682] [P09] PASS V.two_siblings
[15:34:45 #683] [P09] PASS W.alloc
[15:34:45 #684] [P09] PASS W.valve_diag
[15:34:45 #685] [P09] PASS W.valve_kids
[15:34:45 #686] [P09] PASS X.alloc
[15:34:45 #687] [P09] PASS X.capped_at_6000
[15:34:45 #688] [P09] PASS X.maxhit_dead_flag_false
[15:34:45 #689] [P09] PASS Y.progress_in_dom_range
[15:34:45 #691] [P11] PASS A.blank_title
[15:34:45 #692] [P11] PASS A.blank_base
[15:34:45 #693] [P11] PASS A.empty_no_blocks
[15:34:45 #694] [P11] PASS A.raw_html
[15:34:45 #695] [P11] PASS B.reader_doc
[15:34:45 #696] [P11] PASS C.h2_meta
[15:34:45 #697] [P11] PASS C.h6_align_attr
[15:34:45 #698] [P11] PASS C.h3_align_style
[15:34:45 #699] [P11] PASS D.div_para
[15:34:45 #700] [P11] PASS D.section_para
[15:34:45 #701] [P11] PASS D.margin_shorthand2
[15:34:45 #702] [P11] PASS D.padding_left
[15:34:45 #703] [P11] PASS D.invert_center
[15:34:45 #704] [P11] PASS E.nest_bi
[15:34:45 #705] [P11] PASS E.flags7
[15:34:45 #706] [P11] PASS E.code_family
[15:34:45 #707] [P11] PASS F.br_same_para
[15:34:45 #708] [P11] PASS F.br_flags
[15:34:45 #709] [P11] PASS F.wbr
[15:34:45 #710] [P11] PASS F.hr_flushes
[15:34:45 #711] [P11] PASS G.pre_raw
[15:34:45 #712] [P11] PASS G.pre_blank_line
[15:34:45 #713] [P11] PASS G.xmp
[15:34:45 #714] [P11] PASS H.span_styles
[15:34:45 #715] [P11] PASS H.font_size
[15:34:45 #716] [P11] PASS H.time_fallback
[15:34:45 #717] [P11] PASS H.data_children_win
[15:34:45 #718] [P11] PASS H.time_text_no_fallback
[15:34:45 #719] [P11] PASS I.quotes
[15:34:45 #720] [P11] PASS J.resolve_target
[15:34:45 #721] [P11] PASS J.inline_link
[15:34:45 #722] [P11] PASS J.invalid_skipped
[15:34:45 #723] [P11] PASS J.invalid_plain
[15:34:45 #724] [P11] PASS J.title_fallback
[15:34:45 #725] [P11] PASS J.href_fallback
[15:34:45 #726] [P11] PASS J.text_accum
[15:34:45 #727] [P11] PASS J.anchor_seq
[15:34:45 #728] [P11] PASS K.ul_defaults
[15:34:45 #729] [P11] PASS K.ol_start
[15:34:45 #730] [P11] PASS K.ol_reversed
[15:34:45 #731] [P11] PASS K.ol_typeA
[15:34:45 #732] [P11] PASS K.ol_type_invalid
[15:34:45 #733] [P11] PASS K.nested_depth
[15:34:45 #734] [P11] PASS K.stray_li
[15:34:45 #735] [P11] PASS K.value_renumber
[15:34:45 #736] [P11] PASS L.dt_dd_flags
[15:34:45 #737] [P11] PASS L.dl_nested_indent
[15:34:45 #738] [P11] PASS N.caption_attached
[15:34:45 #739] [P11] PASS N.no_image_no_block
[15:34:45 #740] [P11] PASS O.clamps
[15:34:45 #741] [P11] PASS O.defaults
[15:34:45 #742] [P11] PASS O.alt_title
[15:34:45 #743] [P11] PASS O.data_src
[15:34:45 #744] [P11] PASS O.srcset_first
[15:34:45 #745] [P11] PASS O.filters
[15:34:45 #746] [P11] PASS O.usemap_strip
[15:34:45 #747] [P11] PASS O.img_in_link
[15:34:45 #748] [P11] PASS P.hidden_skip
[15:34:45 #749] [P11] PASS P.display_none
[15:34:45 #750] [P11] PASS P.inert_attr
[15:34:45 #751] [P11] PASS Q.scan_pattern_a
[15:34:45 #752] [P11] PASS Q.scan_pattern_b
[15:34:45 #753] [P11] PASS Q.body_overrides
[15:34:45 #754] [P11] PASS Q.invalid_ignored
[15:34:45 #755] [P11] PASS R.base_override
[15:34:45 #756] [P11] PASS R.first_nonempty_wins
[15:34:45 #757] [P11] PASS R.https_base
[15:34:45 #758] [P11] PASS S.block_cap_notice
[15:34:45 #759] [P11] PASS S.inline_cap
[15:34:45 #760] [P11] PASS T.basic_rows
[15:34:45 #761] [P11] PASS T.implicit_tr_quirk
[15:34:45 #762] [P11] PASS T.th_spans
[15:34:45 #763] [P11] PASS T.caption_trim
[15:34:45 #764] [P11] PASS T.border_width_align
[15:34:45 #765] [P11] PASS T.border_zero_off
[15:34:45 #766] [P11] PASS T.tbody_wrapper
[15:34:45 #767] [P11] PASS T.nested_dropped
[15:34:45 #768] [P11] PASS T.empty_cell_space
[15:34:45 #769] [P11] PASS T.cell_flags_link
[15:34:45 #770] [P11] PASS T.cell_first_ws_strip
[15:34:45 #771] [P11] PASS T.stray_tr_text_leak
[15:34:45 #772] [P11] PASS T.stray_td_text_leak
[15:34:45 #773] [P11] PASS T.block_tags_plain_in_cell
[15:34:45 #774] [P11] PASS U.hidden_block
[15:34:45 #775] [P11] PASS U.text_defaults
[15:34:45 #776] [P11] PASS U.text_attrs
[15:34:45 #777] [P11] PASS U.checkbox_aria_fallback
[15:34:45 #778] [P11] PASS U.checkbox_title_fallback
[15:34:45 #779] [P11] PASS U.checkbox_label_attr
[15:34:45 #780] [P11] PASS U.checkbox_radio_flags
[15:34:45 #781] [P11] PASS U.submit_labels
[15:34:45 #782] [P11] PASS U.button_blocks
[15:34:45 #783] [P11] PASS U.form_context
[15:34:45 #784] [P11] PASS U.textarea_capture
[15:34:45 #785] [P11] PASS U.textarea_disabled
[15:34:45 #786] [P11] PASS U.select_basic
[15:34:45 #787] [P11] PASS U.select_optgroup
[15:34:45 #788] [P11] PASS U.select_empty_skip
[15:34:45 #789] [P11] PASS U.select_label_wins
[15:34:45 #790] [P11] PASS V.fieldset_legend
[15:34:45 #791] [P11] PASS V.fieldset_disables_inner
[15:34:45 #792] [P11] PASS V.details_open
[15:34:45 #793] [P11] PASS V.details_body_rendered
[15:34:45 #794] [P11] PASS V.details_closed_default
[15:34:45 #795] [P11] PASS V.details_counter_seq
[15:34:45 #796] [P11] PASS V.details_override_open_close
[15:34:45 #797] [P11] PASS V.dialog_closed_hidden
[15:34:45 #798] [P11] PASS V.dialog_open_pair
[15:34:45 #799] [P11] PASS V.fieldset_nests
[15:34:45 #800] [P11] PASS W.video_placeholder
[15:34:45 #801] [P11] PASS W.source_fallback
[15:34:45 #802] [P11] PASS W.canvas_no_src
[15:34:45 #803] [P11] PASS W.iframe_href_embed
[15:34:45 #804] [P11] PASS W.progress_clamp
[15:34:45 #805] [P11] PASS W.meter_fields
[15:34:45 #806] [P11] PASS W.datalist_meta
[15:34:45 #807] [P11] PASS W.map_areas
[15:34:45 #808] [P11] PASS W.fencedframe
[15:34:45 #809] [P11] PASS W.template_inert
[15:34:45 #810] [P11] PASS W.voids_silent
[15:34:45 #811] [P11] PASS X.svg_serialize
[15:34:45 #812] [P11] PASS X.svg_viewbox_quirk
[15:34:45 #813] [P11] PASS X.svg_defaults_clamp
[15:34:45 #814] [P11] PASS X.svg_alt_rules
[15:34:45 #815] [P11] PASS X.math_linearized
[15:34:45 #816] [P11] PASS X.mfenced_seps
[15:34:45 #817] [P11] PASS X.math_ws_collapse
[15:34:45 #818] [P11] PASS X.math_empty_skipped
[15:34:45 #819] [P11] PASS Y.address_hgroup_paragraphs
[15:34:45 #820] [P11] PASS Y.figure_caption_only_para
[15:34:45 #821] [P11] PASS Y.heading_css_spacing
[15:34:45 #822] [P11] PASS Y.inert_scope_restored
[15:34:45 #824] [P12] PASS A.mode_flag
[15:34:45 #825] [P12] PASS A.raw_html_kept
[15:34:45 #826] [P12] PASS A.base_kept
[15:34:45 #827] [P12] PASS A.block_count
[15:34:45 #828] [P12] PASS A.header_host
[15:34:45 #829] [P12] PASS A.header_title_fallback
[15:34:45 #830] [P12] PASS A.reading_time_math
[15:34:45 #831] [P12] PASS A.title_h1_bold
[15:34:45 #832] [P12] PASS A.hr_third
[15:34:45 #833] [P12] PASS A.paragraph_fourth
[15:34:45 #834] [P12] PASS A.paragraph_text
[15:34:45 #840] [P12] PASS A.empty_blank_doc
[15:34:45 #841] [P12] PASS A.fallback_title_host
[15:34:45 #847] [P12] PASS B.merged_count
[15:34:45 #848] [P12] PASS B.merged_text
[15:34:45 #849] [P12] PASS B.sentence_boundary
[15:34:45 #856] [P12] PASS C.bare_dropped_kept
[15:34:45 #862] [P12] PASS D.stripped_absent
[15:34:45 #863] [P12] PASS D.kept_present
[15:34:45 #869] [P12] PASS E.heading_level
[15:34:45 #870] [P12] PASS E.h3
[15:34:45 #871] [P12] PASS E.list_numbers
[15:34:45 #872] [P12] PASS E.pre_verbatim
[15:34:45 #873] [P12] PASS E.blockquote_type
[15:34:45 #884] [P12] PASS F.clamp_resolve_alt
[15:34:45 #885] [P12] PASS F.tracking_skipped
[15:34:45 #886] [P12] PASS F.srcset_first
[15:34:45 #887] [P12] PASS F.data_src_default_alt
[15:34:45 #888] [P12] PASS F.empty_alt_becomes_image
[15:34:45 #897] [P12] PASS G.input_field
[15:34:45 #898] [P12] PASS G.input_submit_value_label
[15:34:45 #899] [P12] PASS G.textarea
[15:34:45 #900] [P12] PASS G.button_label_trimmed
[15:34:45 #901] [P12] PASS G.checkbox_ignored
[15:34:45 #910] [P12] PASS H.sorted_order_walk
[15:34:45 #911] [P12] PASS H.reader_words
[15:34:45 #924] [P13] PASS H.heading_map
[15:34:45 #925] [P13] PASS H.body_plain_16
[15:34:45 #926] [P13] PASS H.body_bold_16
[15:34:45 #927] [P13] PASS H.body_code_15
[15:34:45 #928] [P13] PASS I.code_wins
[15:34:45 #929] [P13] PASS I.small_over_bold
[15:34:45 #930] [P13] PASS I.sub_14
[15:34:45 #931] [P13] PASS I.sup_14
[15:34:45 #932] [P13] PASS I.small_group_wins_over_big
[15:34:45 #933] [P13] PASS I.bold_16
[15:34:45 #934] [P13] PASS I.big_bold_slot_16
[15:34:45 #935] [P13] PASS I.plain_16
[15:34:45 #936] [P13] PASS W.empty_zero
[15:34:45 #937] [P13] PASS W.real_fonts_positive
[15:34:45 #939] [P13] PASS W.explicit_font_empty_zero
[15:34:45 #941] [P14] PASS A.reject_empty_href
[15:34:45 #942] [P14] PASS A.add_text_default
[15:34:45 #943] [P14] PASS A.text_defaults_to_href
[15:34:45 #944] [P14] PASS A.hover_default_w60_h14
[15:34:45 #945] [P14] PASS M.same_anchor_merges
[15:34:45 #946] [P14] PASS M.no_selection_yet
[15:34:45 #947] [P14] PASS M.diff_anchor_splits
[15:34:45 #948] [P14] PASS M.nil_anchor_merges_any
[15:34:45 #949] [P14] PASS M.text_or_href_split
[15:34:45 #950] [P14] PASS M.nil_text_never_merges
[15:34:45 #951] [P14] PASS M.rect_list_and_primary
[15:34:45 #952] [P14] PASS M.three_rects_stored
[15:34:45 #953] [P14] PASS M.index_is_1_based
[15:34:45 #954] [P14] PASS S.empty_page_none
[15:34:45 #955] [P14] PASS S.pass1_closest_center
[15:34:45 #956] [P14] PASS S.pass2_all_outside_tie_first
[15:34:45 #957] [P14] PASS S.pass2_tie_keeps_first
[15:34:45 #958] [P14] PASS S.selectNext_uses_viewport_rule
[15:34:45 #959] [P14] PASS N.prev_initial_select
[15:34:45 #960] [P14] PASS N.next_wraps_to_first
[15:34:45 #961] [P14] PASS N.prev_wraps_to_last
[15:34:45 #962] [P14] PASS N.clear_resets_selection
[15:34:45 #963] [P14] PASS H.selected_bounds_ok
[15:34:45 #964] [P14] PASS H.is_hit_on_selected_rect
[15:34:45 #965] [P14] PASS H.miss_other_xy_of_same_href
[15:34:45 #966] [P14] PASS H.other_href_false
[15:34:45 #967] [P14] PASS H.null_href_false
[15:34:45 #968] [P14] PASS H.addLink_wrapper
[15:34:45 #971] [P15] PASS G.black_white
[15:34:45 #972] [P15] PASS G.channels
[15:34:45 #973] [P15] PASS G.midpoint
[15:34:45 #974] [P15] PASS G.monotonic
[15:34:45 #975] [P15] PASS B.threshold_boundary_strict
[15:34:45 #976] [P15] PASS B.gray0_corner_white
[15:34:45 #977] [P15] PASS B.white_all_white
[15:34:45 #978] [P15] PASS S.half
[15:34:45 #979] [P15] PASS S.ceil_floors
[15:34:45 #980] [P15] PASS S.upscale_clamps_to_1x1_boxes
[15:34:45 #981] [P15] PASS S.max_zero_guard
[15:34:45 #982] [P15] PASS S.src_zero
[15:34:45 #983] [P15] PASS A.uniform_half
[15:34:45 #984] [P15] PASS A.fast_path_identity
[15:34:45 #985] [P15] PASS A.round_down_case
[15:34:45 #986] [P15] PASS A.round_exact
[15:34:45 #987] [P15] PASS A.round_half_up
[15:34:45 #988] [P15] PASS A.partial_block_extra_row_quirk
[15:34:45 #989] [P15] PASS A.null_row_ignored
[15:34:45 #992] [P15] PASS R.clamped_380x240
[15:34:45 #993] [P15] PASS R.bitmap_pixels_match_bayer
[15:34:45 #994] [P15] PASS R.degenerate_rejected
[15:34:45 #996] [P16] PASS O.A_dyn_roundtrip
[15:34:45 #997] [P16] PASS O.B_raw_roundtrip
[15:34:45 #998] [P16] PASS O.C_stored_roundtrip
[15:34:45 #999] [P16] PASS O.D_flush_roundtrip
[15:34:45 #1000] [P16] PASS O.short_input_rejected
[15:34:45 #1001] [P16] PASS O.empty_input_rejected
[15:34:45 #1002] [P16] PASS O.truncated_partial
[15:34:45 #1003] [P16] PASS O.handmade_stored
[15:34:45 #1004] [P16] PASS S.chunked_roundtrip
[15:34:45 #1005] [P16] PASS S.big_read_then_eof
[15:34:45 #1006] [P16] PASS S.raw_stream
[15:34:45 #1007] [P16] PASS S.guards
[15:34:45 #1010] [P17] PASS D.red_64x48
[15:34:45 #1011] [P17] PASS D.rgba_40x30
[15:34:45 #1012] [P17] PASS D.pal_32x16
[15:34:45 #1013] [P17] PASS D.gray8_100x10
[15:34:45 #1014] [P17] PASS D.gray1_32x8
[15:34:45 #1015] [P17] PASS D.ga_24x12
[15:34:45 #1016] [P17] PASS D.gray16_16x4
[15:34:45 #1017] [P17] PASS D.adam7_5x3
[15:34:45 #1018] [P17] PASS D.bench_266x200
[15:34:45 #1019] [P17] PASS D.down_50x40
[15:34:45 #1020] [P17] PASS G.short_input
[15:34:45 #1021] [P17] PASS G.bad_signature
[15:34:45 #1023] [P17] PASS B.bench_grid_alive
[15:34:45 #1025] [P18] PASS D.b24_64x48
[15:34:45 #1026] [P18] PASS D.b32_20x10
[15:34:45 #1027] [P18] PASS D.b8_16x16
[15:34:45 #1028] [P18] PASS D.b4_12x8
[15:34:45 #1029] [P18] PASS D.b1_24x6
[15:34:45 #1030] [P18] PASS D.wide_360x90
[15:34:45 #1031] [P18] PASS D.bench_300x200
[15:34:45 #1032] [P18] PASS G.short_input
[15:34:45 #1033] [P18] PASS G.bad_signature
[15:34:45 #1035] [P18] PASS B.bench_ran
[15:34:45 #1037] [P19] PASS D.basic_40x30
[15:34:45 #1038] [P19] PASS D.offset_30x8
[15:34:45 #1039] [P19] PASS D.trans_20x10
[15:34:45 #1040] [P19] PASS D.inter_16x16
[15:34:45 #1041] [P19] PASS D.multi_24x12
[15:34:45 #1042] [P19] PASS D.bench_300x200
[15:34:45 #1043] [P19] PASS G.short_input
[15:34:45 #1044] [P19] PASS G.bad_signature
[15:34:45 #1045] [P19] PASS G.trailer_no_image
[15:34:45 #1047] [P19] PASS B.bench_ran
[15:34:45 #1049] [P20] PASS D.flat_64x48
[15:34:45 #1050] [P20] PASS D.dcstripes_240x160
[15:34:45 #1051] [P20] PASS D.acblocks_32x24
[15:34:45 #1052] [P20] PASS D.restart_160x144
[15:34:45 #1053] [P20] PASS D.sub420_128x96
[15:34:45 #1054] [P20] PASS D.prog_dc_96x80
[15:34:45 #1055] [P20] PASS D.prog_multi_96x80
[15:34:45 #1056] [P20] PASS D.prog_refine_64x48
[15:34:45 #1057] [P20] PASS G.short_input
[15:34:45 #1058] [P20] PASS G.bad_signature
[15:34:45 #1059] [P20] PASS G.eoi_only
[15:34:45 #1060] [P20] PASS G.sof9_arithmetic
[15:34:45 #1061] [P20] PASS G.trunc_sof
[15:34:45 #1062] [P20] PASS D.pil_smoke_266x200
[15:34:45 #1064] [P20] PASS B.bench_ran
[15:34:45 #1066] [P21] PASS D.flat_dims
[15:34:45 #1067] [P21] PASS D.flat_cksum
[15:34:45 #1068] [P21] PASS D.flat_probes
[15:34:45 #1069] [P21] PASS D.gradient_dims
[15:34:45 #1070] [P21] PASS D.gradient_cksum
[15:34:45 #1071] [P21] PASS D.gradient_probes
[15:34:45 #1072] [P21] PASS D.palette_dims
[15:34:45 #1073] [P21] PASS D.palette_cksum
[15:34:45 #1074] [P21] PASS D.palette_probes
[15:34:45 #1075] [P21] PASS D.alpha_dims
[15:34:45 #1076] [P21] PASS D.alpha_cksum
[15:34:45 #1077] [P21] PASS D.alpha_probes
[15:34:45 #1078] [P21] PASS D.predictor_dims
[15:34:45 #1079] [P21] PASS D.predictor_cksum
[15:34:45 #1080] [P21] PASS D.predictor_probes
[15:34:45 #1081] [P21] PASS D.cache_dims
[15:34:45 #1082] [P21] PASS D.cache_cksum
[15:34:45 #1083] [P21] PASS D.cache_probes
[15:34:45 #1084] [P21] PASS D.meta_dims
[15:34:45 #1085] [P21] PASS D.meta_cksum
[15:34:45 #1086] [P21] PASS D.meta_probes
[15:34:45 #1087] [P21] PASS D.lossy_flat_dims
[15:34:45 #1088] [P21] PASS D.lossy_flat_cksum
[15:34:45 #1089] [P21] PASS D.lossy_flat_probes
[15:34:45 #1090] [P21] PASS D.lossy_grad_dims
[15:34:45 #1091] [P21] PASS D.lossy_grad_cksum
[15:34:45 #1092] [P21] PASS D.lossy_grad_probes
[15:34:45 #1093] [P21] PASS D.lossy_alpha_dims
[15:34:45 #1094] [P21] PASS D.lossy_alpha_cksum
[15:34:45 #1095] [P21] PASS D.lossy_alpha_probes
[15:34:45 #1096] [P21] PASS G.gradient_decode
[15:34:45 #1097] [P21] PASS G.gradient_dims
[15:34:45 #1098] [P21] PASS G.alpha_argb
[15:34:45 #1099] [P21] PASS G.flat_dims
[15:34:45 #1100] [P21] PASS X.badsig_reject
[15:34:45 #1101] [P21] PASS X.riff_short_reject
[15:34:45 #1102] [P21] PASS X.trunc_reject
[15:34:45 #1103] [P21] PASS X.lossy_trunc_reject
[15:34:45 #1104] [P21] PASS X.null_args_reject
[15:34:45 #1105] [P21] PASS A.anim_badsig_reject
[15:34:45 #1106] [P21] PASS A.decode
[15:34:45 #1107] [P21] PASS A.dims
[15:34:45 #1108] [P21] PASS A.meta
[15:34:45 #1109] [P21] PASS A.durations
[15:34:45 #1110] [P21] PASS A.f0_cksum
[15:34:45 #1111] [P21] PASS A.f1_cksum
[15:34:45 #1112] [P21] PASS A.f2_cksum
[15:34:45 #1113] [P21] PASS A.f3_cksum
[15:34:45 #1114] [P21] PASS A.probes
[15:34:45 #1115] [P21] PASS pil_smoke_266x200
[15:34:45 #1117] [P21] PASS B.bench_ran
[15:34:45 #1118] [P21] PASS B.lossy_smoke
[15:34:45 #1120] [P21] PASS B.lossy_bench_ran
[15:34:45 #1122] [P23] PASS D.i_32bpp_dims
[15:34:45 #1123] [P23] PASS D.i_32bpp_cksum
[15:34:45 #1124] [P23] PASS D.i_32bpp_probes
[15:34:45 #1125] [P23] PASS D.i_24bpp_masked_dims
[15:34:45 #1126] [P23] PASS D.i_24bpp_masked_cksum
[15:34:45 #1127] [P23] PASS D.i_24bpp_masked_probes
[15:34:45 #1128] [P23] PASS D.i_8bpp_nomask_dims
[15:34:45 #1129] [P23] PASS D.i_8bpp_nomask_cksum
[15:34:45 #1130] [P23] PASS D.i_8bpp_nomask_probes
[15:34:45 #1131] [P23] PASS D.i_4bpp_dims
[15:34:45 #1132] [P23] PASS D.i_4bpp_cksum
[15:34:45 #1133] [P23] PASS D.i_4bpp_probes
[15:34:45 #1134] [P23] PASS D.i_1bpp_dims
[15:34:45 #1135] [P23] PASS D.i_1bpp_cksum
[15:34:45 #1136] [P23] PASS D.i_1bpp_probes
[15:34:45 #1137] [P23] PASS D.i_topdown_dims
[15:34:45 #1138] [P23] PASS D.i_topdown_cksum
[15:34:45 #1139] [P23] PASS D.i_topdown_probes
[15:34:45 #1140] [P23] PASS D.i_scaled_dims
[15:34:45 #1141] [P23] PASS D.i_scaled_cksum
[15:34:45 #1142] [P23] PASS D.i_scaled_probes
[15:34:45 #1143] [P23] PASS D.i_png_entry_dims
[15:34:45 #1144] [P23] PASS D.i_png_entry_cksum
[15:34:45 #1145] [P23] PASS D.i_png_entry_probes
[15:34:45 #1146] [P23] PASS D.i_png_fallback_dims
[15:34:45 #1147] [P23] PASS D.i_png_fallback_cksum
[15:34:45 #1148] [P23] PASS D.i_png_fallback_probes
[15:34:45 #1149] [P23] PASS D.i_multi_dims
[15:34:45 #1150] [P23] PASS D.i_multi_cksum
[15:34:45 #1151] [P23] PASS D.i_multi_probes
[15:34:45 #1152] [P23] PASS D.i_cursor_dims
[15:34:45 #1153] [P23] PASS D.i_cursor_cksum
[15:34:45 #1154] [P23] PASS D.i_cursor_probes
[15:34:45 #1155] [P23] PASS G.bad_reserved
[15:34:45 #1156] [P23] PASS G.bad_type
[15:34:45 #1157] [P23] PASS G.count_zero
[15:34:45 #1158] [P23] PASS G.no_entries
[15:34:45 #1159] [P23] PASS G.all_fail_dib
[15:34:45 #1160] [P23] PASS G.null_args_reject
[15:34:45 #1161] [P23] PASS B.smoke_266x200
[15:34:45 #1163] [P23] PASS B.bench_ran
[15:34:45 #1165] [P24] PASS D.s_rects_dims
[15:34:45 #1166] [P24] PASS D.s_rects_cksum
[15:34:45 #1167] [P24] PASS D.s_rects_drawn
[15:34:45 #1168] [P24] PASS D.s_rects_probes
[15:34:45 #1169] [P24] PASS D.s_shapes_dims
[15:34:45 #1170] [P24] PASS D.s_shapes_cksum
[15:34:45 #1171] [P24] PASS D.s_shapes_drawn
[15:34:45 #1172] [P24] PASS D.s_shapes_probes
[15:34:45 #1173] [P24] PASS D.s_path_basic_dims
[15:34:45 #1174] [P24] PASS D.s_path_basic_cksum
[15:34:45 #1175] [P24] PASS D.s_path_basic_drawn
[15:34:45 #1176] [P24] PASS D.s_path_basic_probes
[15:34:45 #1177] [P24] PASS D.s_path_curves_dims
[15:34:45 #1178] [P24] PASS D.s_path_curves_cksum
[15:34:45 #1179] [P24] PASS D.s_path_curves_drawn
[15:34:45 #1180] [P24] PASS D.s_path_curves_probes
[15:34:45 #1181] [P24] PASS D.s_arc_dims
[15:34:45 #1182] [P24] PASS D.s_arc_cksum
[15:34:45 #1183] [P24] PASS D.s_arc_drawn
[15:34:45 #1184] [P24] PASS D.s_arc_probes
[15:34:45 #1185] [P24] PASS D.s_use_defs_dims
[15:34:45 #1186] [P24] PASS D.s_use_defs_cksum
[15:34:45 #1187] [P24] PASS D.s_use_defs_drawn
[15:34:45 #1188] [P24] PASS D.s_use_defs_probes
[15:34:45 #1189] [P24] PASS D.s_nested_skip_dims
[15:34:45 #1190] [P24] PASS D.s_nested_skip_cksum
[15:34:45 #1191] [P24] PASS D.s_nested_skip_drawn
[15:34:45 #1192] [P24] PASS D.s_nested_skip_probes
[15:34:45 #1193] [P24] PASS D.s_style_attr_dims
[15:34:45 #1194] [P24] PASS D.s_style_attr_cksum
[15:34:45 #1195] [P24] PASS D.s_style_attr_drawn
[15:34:45 #1196] [P24] PASS D.s_style_attr_probes
[15:34:45 #1197] [P24] PASS D.s_viewbox_offset_dims
[15:34:45 #1198] [P24] PASS D.s_viewbox_offset_cksum
[15:34:45 #1199] [P24] PASS D.s_viewbox_offset_drawn
[15:34:45 #1200] [P24] PASS D.s_viewbox_offset_probes
[15:34:45 #1201] [P24] PASS D.s_comments_dims
[15:34:45 #1202] [P24] PASS D.s_comments_cksum
[15:34:45 #1203] [P24] PASS D.s_comments_drawn
[15:34:45 #1204] [P24] PASS D.s_comments_probes
[15:34:45 #1205] [P24] PASS G.no_svg
[15:34:45 #1206] [P24] PASS G.zero_drawn
[15:34:45 #1207] [P24] PASS G.bad_dims
[15:34:45 #1208] [P24] PASS G.trunc_tag
[15:34:45 #1209] [P24] PASS G.null_args_reject
[15:34:45 #1210] [P24] PASS B.smoke_192x192
[15:34:45 #1212] [P24] PASS B.bench_ran
[15:34:45 #1214] [P25] PASS D.bmp_sync
[15:34:45 #1215] [P25] PASS D.ico_sync
[15:34:45 #1216] [P25] PASS D.svg_sniff
[15:34:45 #1217] [P25] PASS G.short_body
[15:34:45 #1218] [P25] PASS G.garbage_text
[15:34:45 #1220] [P25] PASS A.png_async_null
[15:34:45 #1222] [P25] PASS A.gif_async_null
[15:34:45 #1223] [P25] PASS A.unknown_state
[15:34:45 #1224] [P25] PASS A.guards_safe
[15:34:45 #1227] [P26] PASS P.parse_ok
[15:34:45 #1228] [P26] PASS P.title
[15:34:45 #1229] [P26] PASS P.elements_count
[15:34:45 #1230] [P26] PASS B.item_count
[15:34:45 #1231] [P26] PASS B.item_types_order
[15:34:45 #1232] [P26] PASS B.y_offset_content_y
[15:34:45 #1233] [P26] PASS B.text_copy
[15:34:45 #1234] [P26] PASS F.large_heading1
[15:34:45 #1235] [P26] PASS F.bold_bodyBold
[15:34:45 #1236] [P26] PASS F.mono_mono
[15:34:45 #1237] [P26] PASS F.default_body
[15:34:45 #1238] [P26] PASS I.src_alt_default
[15:34:45 #1239] [P26] PASS N.input_fields
[15:34:45 #1240] [P26] PASS N.submit_fields
[15:34:45 #1241] [P26] PASS S.total_height_kept
[15:34:45 #1242] [P26] PASS X.no_selected_input
[15:34:45 #1243] [P26] PASS B.negative_y_skipped
[15:34:45 #1244] [P26] PASS L.lm_count_3
[15:34:45 #1245] [P26] PASS L.form_links_2
[15:34:45 #1246] [P26] PASS L.input_blocks_wired
[15:34:45 #1248] [P26] PASS E.doc_returned
[15:34:45 #1249] [P26] PASS E.title_parse_error
[15:34:45 #1250] [P26] PASS E.elements_empty
[15:34:45 #1251] [P26] PASS E.build_resets_to_content_h
[15:34:45 #1252] [P26] PASS D.doc_returned
[15:34:45 #1253] [P26] PASS D.title_default
[15:34:45 #1254] [P26] PASS D.height_default
[15:34:45 #1255] [P26] PASS D.elements_default_empty
[15:34:45 #1256] [P26] PASS D.build_empty_resets
[15:34:45 #1257] [P26] PASS G.null_doc_safe
[15:34:45 #1259] [P26] PASS G.null_json_is_parse_error
[15:34:45 #1260] [P26] PASS G.item_at_oob
[15:34:45 #1261] [P26] PASS R.rebuild_stable
[15:34:45 #1264] [P27] PASS H.null_default
[15:34:45 #1265] [P27] PASS H.empty_default
[15:34:45 #1266] [P27] PASS H.about_home
[15:34:45 #1267] [P27] PASS H.about_nohost
[15:34:45 #1268] [P27] PASS H.about_docs
[15:34:45 #1269] [P27] PASS H.web_emptyhost_default
[15:34:45 #1270] [P27] PASS H.simple
[15:34:45 #1271] [P27] PASS H.len28_kept
[15:34:45 #1272] [P27] PASS H.len29_clipped
[15:34:45 #1273] [P27] PASS A.comet_groups_12phase
[15:34:45 #1274] [P27] PASS P.known_half
[15:34:45 #1275] [P27] PASS P.known_clamp_over
[15:34:45 #1276] [P27] PASS P.indet_frame0
[15:34:45 #1277] [P27] PASS P.indet_frame33
[15:34:45 #1278] [P27] PASS P.indet_wrap34
[15:34:45 #1279] [P27] PASS S.no_bar_at_content_h
[15:34:45 #1280] [P27] PASS S.no_bar_short_page
[15:34:45 #1281] [P27] PASS S.double_height_mid
[15:34:45 #1282] [P27] PASS S.clamp_negative
[15:34:45 #1283] [P27] PASS S.clamp_over
[15:34:45 #1284] [P27] PASS S.min_thumb_h
[15:34:45 #1285] [P27] PASS C.link_prefix
[15:34:45 #1286] [P27] PASS C.link_null_href
[15:34:45 #1287] [P27] PASS C.link_len56_kept
[15:34:45 #1288] [P27] PASS C.link_len57_clipped
[15:34:45 #1289] [P27] PASS C.hover_len50_kept
[15:34:45 #1290] [P27] PASS C.hover_len51_clipped
[15:34:45 #1291] [P27] PASS C.hover_empty
[15:34:45 #1294] [P28] PASS N.down_settings_to_first
[15:34:45 #1295] [P28] PASS N.down_settings_no_cards
[15:34:45 #1296] [P28] PASS N.down_plus2
[15:34:45 #1297] [P28] PASS N.down_plus1_odd_row
[15:34:45 #1298] [P28] PASS N.down_at_last_stays
[15:34:45 #1299] [P28] PASS N.up_first_row_settings
[15:34:45 #1300] [P28] PASS N.up_second_row_settings
[15:34:45 #1301] [P28] PASS N.up_minus2
[15:34:45 #1302] [P28] PASS N.up_at_top_stays
[15:34:45 #1303] [P28] PASS N.right_odd_moves
[15:34:45 #1304] [P28] PASS N.right_even_stays
[15:34:45 #1305] [P28] PASS N.right_last_stays
[15:34:45 #1306] [P28] PASS N.left_even_moves
[15:34:45 #1307] [P28] PASS N.left_odd_stays
[15:34:45 #1308] [P28] PASS S.settings_top
[15:34:45 #1309] [P28] PASS S.empty_untouched
[15:34:45 #1310] [P28] PASS S.row0_in_band
[15:34:45 #1311] [P28] PASS S.deep_row_pulls_up
[15:34:45 #1312] [P28] PASS S.too_far_clamps
[15:34:45 #1313] [P28] PASS M.fits_no_scroll
[15:34:45 #1314] [P28] PASS M.dwell_start
[15:34:45 #1315] [P28] PASS M.travel_out
[15:34:45 #1316] [P28] PASS M.dwell_end
[15:34:45 #1317] [P28] PASS M.travel_back
[15:34:45 #1318] [P28] PASS M.cycle_wrap
[15:34:45 #1319] [P28] PASS L.lerp_step30
[15:34:45 #1320] [P28] PASS L.snap_under_half
[15:34:45 #1321] [P28] PASS L.clamp_nonnegative
[15:34:45 #1322] [P28] PASS A.have_bookmarks
[15:34:45 #1323] [P28] PASS A.first_entry_readable
[15:34:45 #1324] [P28] PASS A.settings_action
[15:34:45 #1325] [P28] PASS A.settings_callback_fired
[15:34:45 #1326] [P28] PASS A.nav_after_down
[15:34:45 #1327] [P28] PASS A.card_open_action
[15:34:45 #1328] [P28] PASS A.card_url_matches_store
[15:34:45 #1329] [P28] PASS A.no_callback_ok
[15:34:45 #1332] [P29] address bar ready (vendored C keyboard)
[15:34:45 #1333] [P29] PASS T.basic
[15:34:45 #1334] [P29] PASS T.mixed_ws
[15:34:45 #1335] [P29] PASS T.empty
[15:34:45 #1336] [P29] PASS T.all_ws
[15:34:45 #1337] [P29] PASS T.inner_kept
[15:34:45 #1338] [P29] PASS T.vertical_tab
[15:34:45 #1339] [P29] PASS F.empty_cancels
[15:34:45 #1340] [P29] PASS F.search_query_is_search
[15:34:45 #1341] [P29] PASS F.search_engine_url
[15:34:45 #1342] [P29] PASS F.url_normalized
[15:34:45 #1343] [P29] PASS F.about_blank
[15:34:45 #1344] [P29] PASS G.closed_never
[15:34:45 #1345] [P29] PASS G.already_shown
[15:34:45 #1346] [P29] PASS G.b_held_blocks
[15:34:45 #1347] [P29] PASS G.armed_launches
[15:34:45 #1348] [P29] PASS O.about_not_prefilled
[15:34:45 #1349] [P29] PASS O.open_state
[15:34:45 #1350] [P29] PASS O.url_prefilled
[15:34:45 #1351] [P29] PASS O.null_empty
[15:34:45 #1352] [P29] PASS C.closed
[15:34:45 #1353] [P29] PASS C.no_submit_fired
[15:34:45 #1354] [P29] PASS C.no_skip_set
[15:34:45 #1355] [P29] PASS S.default_zero
[15:34:45 #1356] [P29] AddressBar selftest complete: 23 passed, 0 failed
[15:34:45 #1357] [P29] address bar ready
[15:34:45 #1358] [P30] PASS L.up_clamps_top
[15:34:45 #1359] [P30] PASS L.down_moves
[15:34:45 #1360] [P30] PASS L.down_clamps_bottom
[15:34:45 #1361] [P30] PASS L.empty_noop
[15:34:45 #1362] [P30] PASS L.scroll_plus
[15:34:45 #1363] [P30] PASS L.scroll_clamps_zero
[15:34:45 #1364] [P30] PASS L.scroll_zero_crank
[15:34:45 #1365] [P30] PASS V.top_visible
[15:34:45 #1366] [P30] PASS V.bottom_visible
[15:34:45 #1367] [P30] PASS V.below_hidden
[15:34:45 #1368] [P30] PASS V.above_hidden
[15:34:45 #1369] [P30] PASS C.title_35_clips
[15:34:45 #1370] [P30] PASS C.title_34_kept
[15:34:45 #1371] [P30] PASS C.url_47_clips
[15:34:45 #1372] [P30] PASS C.empty_ok
[15:34:45 #1373] [P30] PASS E.default_msg
[15:34:45 #1374] [P30] PASS E.sel_resets
[15:34:45 #1375] [P30] PASS E.right_clamps
[15:34:45 #1376] [P30] PASS E.a_home_at_3
[15:34:45 #1377] [P30] PASS E.left_clamps_and_a_retry
[15:34:45 #1378] [P30] PASS E.a_search_at_2
[15:34:45 #1379] [P30] PASS E.up_moves_left
[15:34:45 #1380] [P30] PASS E.long_msg_stored
[15:34:45 #1381] [P30] PASS B.open_resets
[15:34:45 #1382] [P30] PASS B.down_none
[15:34:45 #1383] [P30] PASS B.up_back
[15:34:45 #1384] [P30] PASS B.a_opens
[15:34:45 #1385] [P30] PASS B.a_url_matches
[15:34:45 #1386] [P30] PASS B.b_closes
[15:34:45 #1387] [P30] PASS B.scroll_clamped
[15:34:45 #1388] [P30] PASS H.open_resets
[15:34:45 #1389] [P30] PASS H.down_moves
[15:34:45 #1390] [P30] PASS H.up_back
[15:34:45 #1391] [P30] PASS H.a_opens
[15:34:45 #1392] [P30] PASS H.a_url_matches
[15:34:45 #1393] [P30] PASS H.b_closes
[15:34:45 #1394] [P30] Pages selftest complete: 36 passed, 0 failed
[15:34:45 #1395] [P30] pages ready
[15:34:51 #1404] [P25] e2e enqueue png/bmp/404
[15:34:55 #1413] [P25] e2e resolved in 4006 ms (png 266x200, bmp decoded=1, 404 cached-as-failed=1)
[15:34:56 #1415] [P29] open (armed, prefilled)
[15:35:07 #1424] [P29] keyboard launched (type + submit to test)
[15:35:18 #1433] [P29] auto-cancel for P30 showcase
[15:35:21 #1437] [P30] error input btn=2 -> act=0 sel=2
[15:35:23 #1439] [P30] error input btn=4 -> act=2 sel=2
[15:35:24 #1441] [P30] bookmarks btn=2 -> act=2 url=https://google.com
[15:35:26 #1443] [P30] bookmarks btn=1 -> act=0 url=
[15:35:28 #1445] [P30] bookmarks btn=2 -> act=2 url=https://play.date/dev
[15:35:29 #1448] [P30] history btn=1 -> act=0 url=
[15:35:31 #1450] [P30] history btn=2 -> act=2 url=https://fill54.example/
[15:35:33 #1452] [P30] history btn=1 -> act=0 url=
[15:35:34 #1454] [P30] error input btn=2 -> act=0 sel=3
[15:35:36 #1456] [P30] error input btn=2 -> act=0 sel=3
[15:35:38 #1458] [P30] bookmarks btn=2 -> act=2 url=https://play.date/dev
[15:35:39 #1460] [P30] bookmarks btn=1 -> act=0 url=
[15:35:41 #1463] [P30] bookmarks btn=2 -> act=2 url=https://news.ycombinator.com
