[16:19:41 #4] [P02] PASS mem.malloc
[16:19:41 #5] [P02] PASS mem.realloc_preserves
[16:19:41 #6] [P02] PASS mem.strdup
[16:19:41 #7] [P02] PASS mem.strndup
[16:19:41 #8] [P02] PASS mem.free_null
[16:19:41 #9] [P02] PASS strbuf.init
[16:19:41 #10] [P02] PASS strbuf.append_str
[16:19:41 #11] [P02] PASS strbuf.append_char
[16:19:41 #12] [P02] PASS strbuf.embedded_nul
[16:19:41 #13] [P02] PASS strbuf.clear_keeps_cap
[16:19:41 #14] [P02] PASS strbuf.printf
[16:19:41 #15] [P02] PASS strbuf.grow_500
[16:19:41 #16] [P02] PASS strbuf.detach
[16:19:41 #17] [P02] PASS strbuf.detach_resets
[16:19:41 #18] [P02] PASS strbuf.free_idempotent
[16:19:41 #19] [P02] PASS dynarray.init
[16:19:41 #20] [P02] PASS dynarray.push_100_grow
[16:19:41 #21] [P02] PASS dynarray.get_mid
[16:19:41 #22] [P02] PASS dynarray.last
[16:19:41 #23] [P02] PASS dynarray.pop
[16:19:41 #24] [P02] PASS dynarray.get_oob_null
[16:19:41 #25] [P02] PASS dynarray.free
[16:19:41 #26] [P02] PASS strmap.create
[16:19:41 #27] [P02] PASS strmap.put_get
[16:19:41 #28] [P02] PASS strmap.replace_value
[16:19:41 #29] [P02] PASS strmap.has_false
[16:19:41 #30] [P02] PASS strmap.get_missing_null
[16:19:41 #31] [P02] PASS strmap.200_keys_rehash
[16:19:41 #32] [P02] PASS strmap.get_after_rehash
[16:19:41 #33] [P02] PASS strmap.remove
[16:19:41 #34] [P02] PASS strmap.remove_twice_false
[16:19:41 #35] [P02] PASS strmap.survivor_intact
[16:19:41 #36] [P02] PASS strmap.foreach_null_fn_safe
[16:19:41 #37] [P02] PASS strmap.destroy
[16:19:41 #38] [P02] PASS lpat.trim_spaces
[16:19:41 #39] [P02] PASS lpat.trim_empty
[16:19:41 #40] [P02] PASS lpat.trim_only_spaces
[16:19:41 #41] [P02] PASS lpat.scheme_split
[16:19:41 #42] [P02] PASS lpat.scheme_no_match
[16:19:41 #43] [P02] PASS lpat.host_path_no_match_lua
[16:19:41 #44] [P02] PASS lpat.host_bare_no_match_lua
[16:19:41 #45] [P02] PASS lpat.host_reject_spaces
[16:19:41 #46] [P02] PASS lpat.host_trailing_qmark_lua
[16:19:41 #47] [P02] PASS lpat.attr_dquote_1
[16:19:41 #48] [P02] PASS lpat.attr_dquote_2
[16:19:41 #49] [P02] PASS lpat.attr_dquote_done
[16:19:41 #50] [P02] PASS lpat.attr_squote_1
[16:19:41 #51] [P02] PASS lpat.attr_squote_2
[16:19:41 #52] [P02] PASS lpat.attr_squote_done
[16:19:41 #53] [P02] PASS lpat.pathcmd_M
[16:19:41 #54] [P02] PASS lpat.pathcmd_L
[16:19:41 #55] [P02] PASS lpat.pathcmd_Z_empty_arg
[16:19:41 #56] [P02] PASS lpat.pathcmd_done
[16:19:41 #57] [P02] PASS lpat.entity_named_amp
[16:19:41 #58] [P02] PASS lpat.entity_named_lt
[16:19:41 #59] [P02] PASS lpat.entity_named_skips_dec
[16:19:41 #60] [P02] PASS lpat.entity_decimal
[16:19:41 #61] [P02] PASS lpat.entity_hex_lower_x
[16:19:41 #62] [P02] PASS lpat.entity_hex_upper_X
[16:19:41 #63] [P02] PASS lpat.entity_hex_done
[16:19:41 #64] [P02] PASS lpat.charset_utf8
[16:19:41 #65] [P02] PASS lpat.http_status
[16:19:41 #66] [P02] PASS lpat.meta_refresh_url_upper
[16:19:41 #67] [P02] PASS lpat.meta_refresh_frac
[16:19:41 #68] [P02] PASS lpat.viewbox_four_caps
[16:19:41 #69] [P02] PASS lpat.tag_div_attrs
[16:19:41 #70] [P02] PASS lpat.tag_br_selfclose
[16:19:41 #71] [P02] PASS lpat.tag_close_not_matched
[16:19:41 #72] [P02] PASS lpat.css_prop_lua_truth
[16:19:41 #73] [P02] PASS lpat.cookie_pair
[16:19:41 #74] [P02] PASS lpat.tokens_a
[16:19:41 #75] [P02] PASS lpat.tokens_bb
[16:19:41 #76] [P02] PASS lpat.tokens_ccc
[16:19:41 #77] [P02] PASS lpat.tokens_done
[16:19:41 #78] [P02] PASS lpat.lazy_dash
[16:19:41 #79] [P02] PASS lpat.greedy_star
[16:19:41 #80] [P02] PASS lpat.endpunct_true
[16:19:41 #81] [P02] PASS lpat.endpunct_false
[16:19:41 #82] [P02] PASS lpat.escape_dot
[16:19:41 #83] [P02] PASS lpat.escape_percent
[16:19:41 #84] [P02] PASS lpat.escape_dash_outside_set
[16:19:41 #85] [P02] PASS lpat.gsub_fn_hexdecode
[16:19:41 #86] [P02] PASS lpat.gsub_fn_encode
[16:19:41 #87] [P02] PASS lpat.find_init_offset
[16:19:41 #88] [P02] PASS lpat.find_plain
[16:19:41 #89] [P02] PASS lpat.find_plain_miss
[16:19:41 #90] [P02] PASS lpat.gsub_template_trim
[16:19:41 #91] [P02] PASS lpat.gsub_crlf
[16:19:41 #92] [P02] PASS lpat.gsub_count3
[16:19:41 #93] [P02] PASS lpat.gsub_empty_matches
[16:19:41 #94] [P02] PASS lpat.negclass_A
[16:19:41 #95] [P02] PASS lpat.negclass_done
[16:19:41 #96] [P02] PASS lpat.set_leading_bracket
[16:19:41 #97] [P02] PASS lpat.nul_subject_first
[16:19:41 #98] [P02] PASS lpat.nul_subject_second
[16:19:41 #99] [P02] PASS lpat.nul_subject_done
[16:19:41 #100] [P02] PASS lpat.position_capture
[16:19:41 #101] [P02] PASS lpat.balance
[16:19:41 #102] [P02] PASS lpat.frontier_THE
[16:19:41 #103] [P02] PASS lpat.frontier_quick
[16:19:41 #104] [P02] PASS lpat.frontier_fox
[16:19:41 #105] [P02] PASS lpat.frontier_done
[16:19:41 #106] [P02] PASS lpat.opt_without_u
[16:19:41 #107] [P02] PASS lpat.opt_with_u
[16:19:41 #108] [P02] PASS lpat.ip_anchor_ok
[16:19:41 #109] [P02] PASS lpat.ip_anchor_trailing_fail
[16:19:41 #110] ERROR: luapattern: malformed pattern (missing ])  ||  stack: src/util/luapattern.c:79
[16:19:41 #111] [P02] PASS lpat.malformed_set_err
[16:19:41 #112] [P02] PASS json.parse_fixture
[16:19:41 #113] [P02] PASS json.obj_string
[16:19:41 #114] [P02] PASS json.negative_int
[16:19:41 #115] [P02] PASS json.float
[16:19:41 #116] [P02] PASS json.exponent
[16:19:41 #117] [P02] PASS json.bool_true
[16:19:41 #118] [P02] PASS json.null_value
[16:19:41 #119] [P02] PASS json.absent_key
[16:19:41 #120] [P02] PASS json.arr_count
[16:19:41 #121] [P02] PASS json.arr_num
[16:19:41 #122] [P02] PASS json.arr_null_elem
[16:19:41 #123] [P02] PASS json.arr_nested_obj
[16:19:41 #124] [P02] PASS json.escapes_unicode_surrogate
[16:19:41 #125] [P02] PASS json.trailing_data_error
[16:19:41 #126] [P02] PASS json.bad_value_error
[16:19:41 #127] [P02] PASS json.unterminated_error
[16:19:41 #128] [P02] PASS json.roundtrip_parse
[16:19:41 #129] [P02] PASS json.roundtrip_stable
[16:19:41 #130] [P02] PASS json.roundtrip_arr_value
[16:19:41 #131] [P02] PASS json.roundtrip_nested_bool
[16:19:41 #132] [P02] PASS json.obj_set_replace
[16:19:41 #135] [P03] PASS url.parse.empty
[16:19:41 #136] [P03] PASS url.parse.https_host
[16:19:41 #137] [P03] PASS url.parse.full
[16:19:41 #138] [P03] PASS url.parse.no_scheme
[16:19:41 #139] [P03] PASS url.parse.empty_host
[16:19:41 #140] [P03] PASS url.parse.ftp_custom_port
[16:19:41 #141] [P03] PASS url.parse.userinfo_quirk
[16:19:41 #142] [P03] PASS url.parse.colon_empty_port
[16:19:41 #143] [P03] PASS url.parse.port_zero
[16:19:41 #144] [P03] PASS url.parse.spaces_trimmed
[16:19:41 #145] [P03] PASS url.parse.about_blank
[16:19:41 #146] [P03] PASS url.parse.about_home
[16:19:41 #147] [P03] PASS url.parse.case_fold
[16:19:41 #148] [P03] PASS url.parse.ip_host
[16:19:41 #149] [P03] PASS url.parse.raw_trimmed
[16:19:41 #150] [P03] PASS url.parse.junk_port_ignored
[16:19:41 #151] [P03] PASS enc.plain
[16:19:41 #152] [P03] PASS enc.specials
[16:19:41 #153] [P03] PASS enc.unreserved_kept
[16:19:41 #154] [P03] PASS enc.plus_encoded
[16:19:41 #155] [P03] PASS enc.utf8
[16:19:41 #156] [P03] PASS enc.percent_literal
[16:19:41 #157] [P03] PASS enc.newline_crlf
[16:19:41 #158] [P03] PASS enc.empty
[16:19:41 #159] [P03] PASS dec.plus_space
[16:19:41 #160] [P03] PASS dec.pct_utf8
[16:19:41 #161] [P03] PASS dec.mixed
[16:19:41 #162] [P03] PASS dec.invalid_pct_kept
[16:19:41 #163] [P03] PASS dec.truncated_pct_kept
[16:19:41 #164] [P03] PASS dec.empty
[16:19:41 #165] [P03] PASS url.roundtrip
[16:19:41 #166] [P03] PASS isq.null_false
[16:19:41 #167] [P03] PASS isq.empty_false
[16:19:41 #168] [P03] PASS isq.spaces_query
[16:19:41 #169] [P03] PASS isq.dot_url
[16:19:41 #170] [P03] PASS isq.bare_word_query
[16:19:41 #171] [P03] PASS isq.leading_dot_query
[16:19:41 #172] [P03] PASS isq.trailing_dot_query
[16:19:41 #173] [P03] PASS isq.ip_url
[16:19:41 #174] [P03] PASS isq.localhost_url
[16:19:41 #175] [P03] PASS isq.localhost_suffix_url
[16:19:41 #176] [P03] PASS isq.https_url
[16:19:41 #177] [P03] PASS isq.about_url
[16:19:41 #178] [P03] PASS isq.file_url
[16:19:41 #179] [P03] PASS isq.spaces_only_is_query
[16:19:41 #180] [P03] PASS isq.upper_scheme_via_dot_rule
[16:19:41 #181] [P03] PASS isq.trimmed_before_dot_rule
[16:19:41 #182] [P03] PASS unwrap.ddg_uddg
[16:19:41 #183] [P03] PASS unwrap.non_ddg_false
[16:19:41 #184] [P03] PASS wrap.missing_uddg_false
[16:19:41 #185] [P03] PASS resolve.same_dir
[16:19:41 #186] [P03] PASS resolve.subdir
[16:19:41 #187] [P03] PASS resolve.root_rel
[16:19:41 #188] [P03] PASS resolve.protocol_relative
[16:19:41 #189] [P03] PASS resolve.anchor
[16:19:41 #190] [P03] PASS resolve.query_only
[16:19:41 #191] [P03] PASS resolve.custom_port_base
[16:19:41 #192] [P03] PASS resolve.anchor_keeps_query
[16:19:41 #193] [P03] PASS resolve.query_replaces
[16:19:41 #194] [P03] PASS resolve.dot_slash
[16:19:41 #195] [P03] PASS resolve.dotdot
[16:19:41 #196] [P03] PASS resolve.dotdot_clamped_root
[16:19:41 #197] [P03] PASS resolve.deep_beyond_root_dropped
[16:19:41 #198] [P03] PASS resolve.about_passthrough
[16:19:41 #199] [P03] PASS resolve.data_passthrough
[16:19:41 #200] [P03] PASS resolve.js_passthrough
[16:19:41 #201] [P03] PASS resolve.absolute_verbatim_case
[16:19:41 #202] [P03] PASS resolve.mailto_not_special
[16:19:41 #203] [P03] PASS resolve.empty_returns_base
[16:19:41 #204] [P03] PASS searchurl.ddg
[16:19:41 #207] [P04] PASS ts.epoch1970
[16:19:41 #208] [P04] PASS ts.bttf2015
[16:19:41 #209] [P04] PASS ts.leap2000feb29
[16:19:41 #210] [P04] PASS ts.neg1969
[16:19:41 #211] [P04] PASS ts.clamp_month0
[16:19:41 #212] [P04] PASS ts.clamp_month13
[16:19:41 #213] [P04] PASS ts.clamp_year_neg
[16:19:41 #214] [P04] PASS ts.clamp_day0
[16:19:41 #215] [P04] PASS ts.floor_frac
[16:19:41 #216] [P04] PASS ts.frac_hour
[16:19:41 #217] [P04] PASS ts.nil_hms_zeroed
[16:19:41 #218] [P04] PASS date.imf_fixdate
[16:19:41 #219] [P04] PASS date.rfc850_4digit
[16:19:41 #220] [P04] PASS date.rfc850_2digit
[16:19:41 #221] [P04] PASS date.rfc850_pivot69
[16:19:41 #222] [P04] PASS date.asctime_dblspace_nil
[16:19:41 #223] [P04] PASS date.asctime_single_space
[16:19:41 #224] [P04] PASS date.lowercase_month_nil
[16:19:41 #225] [P04] PASS date.garbage_nil
[16:19:41 #226] [P04] PASS date.trailing_junk_ok
[16:19:41 #227] [P04] PASS date.no_weekday_nil
[16:19:41 #228] [P04] PASS date.empty_nil
[16:19:41 #229] [P04] PASS sc01.basic
[16:19:41 #230] [P04] PASS sc02.attrs
[16:19:41 #231] [P04] PASS sc03.domain_dot
[16:19:41 #232] [P04] PASS sc04.domain_exact
[16:19:41 #233] [P04] PASS sc05.domain_suffix
[16:19:41 #234] [P04] PASS sc06.domain_localhost
[16:19:41 #235] [P04] PASS sc07.domain_foreign_reject
[16:19:41 #236] [P04] PASS sc08.domain_undotted_reject
[16:19:41 #237] [P04] PASS sc09.path_noslash
[16:19:41 #238] [P04] PASS sc10.samesite_lax
[16:19:41 #239] [P04] PASS sc11.samesite_weird_ignored
[16:19:41 #240] [P04] PASS sc12.maxage_future
[16:19:41 #241] [P04] PASS sc13.maxage_zero_del
[16:19:41 #242] [P04] PASS sc14.maxage_negative_del
[16:19:41 #243] [P04] PASS sc15.maxage_junk_ignored
[16:19:41 #244] [P04] PASS sc16.expires_imf
[16:19:41 #245] [P04] PASS sc17.expires_asctime
[16:19:41 #246] [P04] PASS sc18.expires_garbage_ignored
[16:19:41 #247] [P04] PASS sc19.expires_then_maxage_wins
[16:19:41 #248] [P04] PASS sc20.maxage_then_expires_skipped
[16:19:41 #249] [P04] PASS rej.space_in_pair
[16:19:41 #250] [P04] PASS rej.bad_name
[16:19:41 #251] [P04] PASS rej.no_name
[16:19:41 #252] [P04] PASS rej.quote_in_value
[16:19:41 #253] [P04] PASS rej.comma_in_value
[16:19:41 #254] [P04] PASS rej.no_equals
[16:19:41 #255] [P04] PASS sc27.empty_value_ok
[16:19:41 #256] [P04] PASS sc32.dollar_name_ok
[16:19:41 #257] [P04] PASS sc33.empty_attrs_skipped
[16:19:41 #258] [P04] PASS rej.empty_host_raw
[16:19:41 #259] [P04] PASS rej.null_host
[16:19:41 #260] [P04] PASS rej.null_raw
[16:19:41 #261] [P04] PASS rej.ws_only_raw
[16:19:41 #262] [P04] PASS hdr.two_cookies
[16:19:41 #263] [P04] PASS hdr.replace_moves_end
[16:19:41 #264] [P04] PASS store.replace_count
[16:19:41 #265] [P04] PASS hdr.after_delete
[16:19:41 #266] [P04] PASS store.delete_count
[16:19:41 #267] [P04] PASS hdr.domain_cookie
[16:19:41 #268] [P04] PASS hdr.cross_host_isolated
[16:19:41 #269] [P04] PASS store.domain_count
[16:19:41 #270] [P04] PASS hdr.secure_blocked_http
[16:19:41 #271] [P04] PASS hdr.secure_allowed_https
[16:19:41 #272] [P04] PASS store.secure_count
[16:19:41 #273] [P04] PASS hdr.path_prefix_no
[16:19:41 #274] [P04] PASS hdr.path_exact_yes
[16:19:41 #275] [P04] PASS hdr.path_subdir_yes
[16:19:41 #276] [P04] PASS hdr.path_boundary_no
[16:19:41 #277] [P04] PASS store.docs_count
[16:19:41 #278] [P04] PASS cap.count300
[16:19:41 #279] [P04] PASS cap.first_evicted_to_c6
[16:19:41 #280] [P04] PASS cap.last_is_c305
[16:19:41 #281] [P04] PASS cap.future_expires_stored_evicts
[16:19:41 #282] [P04] PASS clear.zeroes
[16:19:41 #283] [P04] PASS exp.stored
[16:19:41 #284] [P04] PASS exp.alive_before
[16:19:41 #285] [P04] PASS exp.pruned_after
[16:19:41 #286] [P04] PASS exp.list_empty_after_prune
[16:19:41 #287] [P04] PASS st.defaults_bm9
[16:19:41 #288] [P04] PASS st.default_bm1_fields
[16:19:41 #289] [P04] PASS st.default_bm8_title
[16:19:41 #290] [P04] PASS st.default_settings
[16:19:41 #291] [P04] PASS hist.about_and_empty_skipped
[16:19:41 #292] [P04] PASS hist.two_added
[16:19:41 #293] [P04] PASS hist.insert_front_order
[16:19:41 #294] [P04] PASS hist.time_hhmm
[16:19:41 #295] [P04] PASS hist.dedup_count
[16:19:41 #296] [P04] PASS hist.dedup_moves_front_title_defaults_url
[16:19:41 #297] [P04] PASS hist.cap50
[16:19:41 #298] [P04] PASS hist.cap_newest_first
[16:19:41 #299] [P04] PASS hist.cap_oldest_evicted_fill1to5_gone
[16:19:41 #300] [P04] PASS bm.is_true
[16:19:41 #301] [P04] PASS bm.is_false
[16:19:41 #302] [P04] PASS bm.add_empty_rejected
[16:19:41 #303] [P04] PASS bm.dup_returns_true
[16:19:41 #304] [P04] PASS bm.dup_updates_title_only_keeps_desc
[16:19:41 #305] [P04] PASS bm.append_true
[16:19:41 #306] [P04] PASS bm.appended_last
[16:19:41 #307] [P04] PASS bm.remove_valid
[16:19:41 #308] [P04] PASS bm.remove_zero_invalid
[16:19:41 #309] [P04] PASS bm.remove_big_invalid
[16:19:41 #310] [P04] PASS st.save_ok
[16:19:41 #311] [P04] PASS st.load_ok
[16:19:41 #312] [P04] PASS st.roundtrip_bm9
[16:19:41 #313] [P04] PASS st.roundtrip_bm1
[16:19:41 #314] [P04] PASS st.roundtrip_hist_top
[16:19:41 #315] [P04] PASS st.roundtrip_settings
[16:19:41 #316] [P04] PASS st.save_empty_bm
[16:19:41 #317] [P04] PASS st.load_empty_bm
[16:19:41 #318] [P04] PASS st.empty_bm_falls_back_to_defaults
[16:19:41 #319] [P04] PASS st.empty_bm_default_google
[16:19:41 #320] [P04] PASS num.junk_fail
[16:19:41 #321] [P04] PASS num.empty_fail
[16:19:41 #322] [P04] PASS num.comma_fail
[16:19:41 #323] [P04] PASS num.ws_trimmed
[16:19:41 #324] [P04] PASS num.hex
[16:19:41 #325] [P04] PASS num.exponent
[16:19:41 #328] [P05] PASS run.is_running_immediately
[16:19:41 #329] [P05] PASS run.progress_reset_immediately
[16:19:41 #330] [P05] PASS run.step_not_called_before_update
[16:19:41 #333] [P05] PASS done.no_callback_when_null_onComplete
[16:19:41 #334] [P05] PASS done.queue_emptied_progress_forced_one
[16:19:41 #338] [P05] PASS budget.first_yield_at_iter64
[16:19:41 #339] [P05] PASS budget.frames16_for_1000iters_at20ms
[16:19:41 #343] [P05] PASS budget.frozen_clock_single_frame
[16:19:41 #344] [P05] PASS outside.never_yields
[16:19:41 #348] [P05] PASS err.onError_not_onComplete
[16:19:41 #349] [P05] PASS err.message_delivered_verbatim
[16:19:41 #350] [P05] PASS err.progress_keeps_task_report
[16:19:41 #354] [P05] PASS err.default_message
[16:19:41 #357] [P05] PASS fifo.two_queued
[16:19:41 #360] [P05] PASS fifo.upd1_only_head_a
[16:19:41 #363] [P05] PASS fifo.upd2_then_b
[16:19:41 #364] [P05] PASS fifo.upd3_idle
[16:19:41 #366] [P05] PASS prog.reset_by_run
[16:19:41 #367] [P05] PASS prog.neg_clamped
[16:19:41 #368] [P05] PASS prog.set03
[16:19:41 #369] [P05] PASS prog.regression_ignored
[16:19:41 #370] [P05] PASS prog.over_clamped
[16:19:41 #373] [P05] PASS cancel.empty_queue_noop
[16:19:41 #375] [P05] PASS cancel.job_started_yielded
[16:19:41 #377] [P05] PASS cancel.queue_cleared_progress_zeroed
[16:19:41 #378] [P05] PASS cancel.no_callbacks_fired
[16:19:41 #379] [P05] PASS cancel.ctx_freed
[16:19:41 #381] [P05] PASS cancel.post_cancel_idle_safe
[16:19:41 #384] [P05] PASS run.second_run_resets_progress
[16:19:41 #389] [P05] PASS free.on_complete_path
[16:19:41 #393] [P05] PASS free.on_error_path
[16:19:41 #397] [P05] PASS yieldn.four_frames_then_done
[16:19:41 #399] [P05] PASS gc.external_schedule_safe
[16:19:41 #401] [P06] PASS cp1252.A41_raw_ascii
[16:19:41 #402] [P06] PASS cp1252.7f_stays_raw
[16:19:41 #403] [P06] PASS cp1252.80_is_euro
[16:19:41 #404] [P06] PASS cp1252.81_self_map_C281
[16:19:41 #405] [P06] PASS cp1252.92_right_quote
[16:19:41 #406] [P06] PASS cp1252.9c_oe_ligature
[16:19:41 #407] [P06] PASS cp1252.9f_Y_dieresis
[16:19:41 #408] [P06] PASS cp1252.a0_passthrough_C2A0
[16:19:41 #409] [P06] PASS cp1252.no_header_verbatim
[16:19:41 #410] [P06] PASS cp1252.e9_decodes_C3A9
[16:19:41 #411] [P06] PASS cp1252.ff_decodes_C3BF
[16:19:41 #412] [P06] PASS utf16le.bom_A
[16:19:41 #413] [P06] PASS utf16le.surrogate_pair_U10037
[16:19:41 #414] [P06] PASS utf16le.lone_high_consumes_next
[16:19:41 #415] [P06] PASS utf16be.euro_check
[16:19:41 #416] [P06] PASS utf8bom.stripped_hello
[16:19:41 #417] [P06] PASS hdr.utf8_verbatim_E9
[16:19:41 #418] [P06] PASS hdr.utf_8_alias_verbatim
[16:19:41 #419] [P06] PASS hdr.utf8mb4_passthrough
[16:19:41 #420] [P06] PASS hdr.ascii_verbatim
[16:19:41 #421] [P06] PASS hdr.usascii_passthrough
[16:19:41 #422] [P06] PASS hdr.quoted_value_fails_pattern
[16:19:41 #423] [P06] PASS hdr.missing_value_fails
[16:19:41 #424] [P06] PASS hdr.no_charset_verbatim
[16:19:41 #425] [P06] PASS hdr.Windows1252_decodes
[16:19:41 #426] [P06] PASS hdr.cp1252_decodes
[16:19:41 #427] [P06] PASS hdr.latin1_decodes
[16:19:41 #428] [P06] PASS hdr.iso88591_decodes
[16:19:41 #429] [P06] PASS hdr.iso8859_decodes
[16:19:41 #430] [P06] PASS hdr.shiftjis_besteffort
[16:19:41 #431] [P06] PASS hdr.eucjp_besteffort
[16:19:41 #432] [P06] PASS hdr.utf16le_nonbom_empty
[16:19:41 #433] [P06] PASS hdr.bare_utf16_not_dispatched
[16:19:41 #434] [P06] PASS meta.charset_simple_decodes
[16:19:41 #435] [P06] PASS meta.http_equiv_content_pattern
[16:19:41 #436] [P06] PASS meta.beyond1024_ignored
[16:19:41 #437] [P06] PASS prec.header_cp1252_beats_meta
[16:19:41 #438] [P06] PASS prec.header_utf8_allows_meta
[16:19:41 #439] [P06] PASS ent.fastpath_control_verbatim
[16:19:41 #440] [P06] PASS ent.named_basics
[16:19:41 #441] [P06] PASS ent.copy_reg_trade
[16:19:41 #442] [P06] PASS ent.deg_not_exact_spacing
[16:19:41 #443] [P06] PASS ent.frac12_never_matches
[16:19:41 #444] [P06] PASS ent.unknown_name_spaced
[16:19:41 #445] [P06] PASS ent.case_sensitive
[16:19:41 #446] [P06] PASS ent.missing_semicolon_raw
[16:19:41 #447] [P06] PASS dec.basic_nbsp_dashes
[16:19:41 #448] [P06] PASS dec.quote_family_ellipsis_bullet
[16:19:41 #449] [P06] PASS dec.math_table
[16:19:41 #450] [P06] PASS dec.range_edges
[16:19:41 #451] [P06] PASS dec.huge_number_space
[16:19:41 #452] [P06] PASS hex.basic_a0_dash
[16:19:41 #453] [P06] PASS hex.thin_spaces
[16:19:41 #454] [P06] PASS hex.lacks_201a_asymmetry
[16:19:41 #455] [P06] PASS dec.has_201a_quote
[16:19:41 #456] [P06] PASS clean.translit_accents
[16:19:41 #457] [P06] PASS clean.OE_thorn
[16:19:41 #458] [P06] PASS clean.caron_unmapped_space
[16:19:41 #459] [P06] PASS clean.euro_3byte_single_space
[16:19:41 #460] [P06] PASS clean.emoji_widens_per_byte
[16:19:41 #461] [P06] PASS clean.truncated_tail_single_space
[16:19:41 #462] [P06] PASS clean.nbsp_fixed_seq
[16:19:41 #463] [P06] PASS clean.emdash_fixed_seq
[16:19:41 #464] [P06] PASS clean.full_pipeline_mixed
[16:19:41 #465] [P06] PASS clean.high_absent_keeps_control
[16:19:41 #466] [P06] PASS encode.all_but_apostrophe
[16:19:41 #467] [P06] PASS encode.null_empty
[16:19:41 #471] [P06] PASS task.decode_completes_one_frame
[16:19:41 #472] [P06] PASS task.decode_outlen
[16:19:41 #473] [P06] PASS task.decode_output
[16:19:41 #474] [P06] PASS norm.windows1252_alias
[16:19:41 #475] [P06] PASS norm.utf8_alias
[16:19:41 #476] [P06] PASS norm.null_safe
[16:19:41 #477] [P06] PASS degen.null_body_empty
[16:19:41 #478] [P06] PASS degen.decode_empty
[16:19:41 #480] [P07] PASS A.ret
[16:19:41 #481] [P07] PASS A.loading_after_get
[16:19:41 #482] [P07] PASS A.conn_args
[16:19:41 #483] [P07] PASS A.timeouts_ms_and_bufsize
[16:19:41 #484] [P07] PASS A.request_bytes_exact
[16:19:41 #485] [P07] PASS A.loading_after_success
[16:19:41 #486] [P07] PASS A2.conn_ssl_8443
[16:19:41 #487] [P07] PASS A2.cookie_request_bytes
[16:19:41 #488] [P07] PASS A3.default_port_suppressed
[16:19:41 #489] [P07] PASS C.jar_count_2
[16:19:41 #490] [P07] PASS C.cookie_header_roundtrip
[16:19:41 #491] [P07] PASS D.ret
[16:19:41 #492] [P07] PASS D.status
[16:19:41 #493] [P07] PASS D.bodylen_beyond_cl
[16:19:41 #494] [P07] PASS D.slice_to_end
[16:19:41 #495] [P07] PASS D.url
[16:19:41 #496] [P07] PASS E.no_success_midstream
[16:19:41 #497] [P07] PASS E.status
[16:19:41 #498] [P07] PASS E.decoded_body
[16:19:41 #499] [P07] PASS F.first_hop_closed
[16:19:41 #500] [P07] PASS F.hop2_conn
[16:19:41 #501] [P07] PASS F.relative_resolution
[16:19:41 #502] [P07] PASS F.final_status
[16:19:41 #503] [P07] PASS F.final_url
[16:19:41 #504] [P07] PASS F.sock_count
[16:19:41 #505] [P07] PASS G.six_sockets
[16:19:41 #506] [P07] PASS G.silent_drop_no_callbacks
[16:19:41 #507] [P07] PASS G.not_loading_after
[16:19:41 #508] [P07] PASS H.partial_over_512_done
[16:19:41 #509] [P07] PASS H.bodylen_600
[16:19:41 #510] [P07] PASS I.timeout_error
[16:19:41 #511] [P07] PASS I.timeout_message
[16:19:41 #512] [P07] PASS J.closed_no_data_error
[16:19:41 #513] [P07] PASS J.closed_message
[16:19:41 #514] [P07] PASS P.closed_midbody_done
[16:19:41 #515] [P07] PASS P.partial_body
[16:19:41 #516] [P07] PASS K.stale_socket_closed
[16:19:41 #517] [P07] PASS K.silent
[16:19:41 #518] [P07] PASS K.idle
[16:19:41 #519] [P07] PASS L.get_about_loading
[16:19:41 #520] [P07] PASS L.still_pending
[16:19:41 #521] [P07] PASS L.progress_100
[16:19:41 #522] [P07] PASS L.home_status
[16:19:41 #523] [P07] PASS L.home_ct
[16:19:41 #524] [P07] PASS L.home_len_100
[16:19:41 #525] [P07] PASS L.home_url
[16:19:41 #526] [P07] PASS L.done_not_loading
[16:19:41 #527] [P07] PASS L.unknown_ret_true
[16:19:41 #528] [P07] PASS L.unknown_error
[16:19:41 #529] [P07] PASS L.unknown_message
[16:19:41 #530] [P07] PASS L.unknown_idle
[16:19:41 #531] [P07] PASS L.blank_len_26
[16:19:41 #532] [P07] PASS L.acid_len_2984
[16:19:41 #533] [P07] PASS L.acid_title_present
[16:19:41 #534] [P07] PASS M.ret_false
[16:19:41 #535] [P07] PASS M.sync_error
[16:19:41 #536] [P07] PASS M.message
[16:19:41 #537] [P07] PASS M.idle
[16:19:41 #538] [P07] PASS N.send_error
[16:19:41 #539] [P07] PASS N.send_failed_prefix
[16:19:41 #540] [P07] PASS N.idle
[16:19:41 #541] [P07] PASS O.three_progress_calls
[16:19:41 #542] [P07] PASS O.first_0_0
[16:19:41 #543] [P07] PASS O.second_body_bytes
[16:19:41 #544] [P07] PASS O.clamped_final
[16:19:41 #545] [P07] PASS O.delivered
[16:19:41 #546] [P07] PASS Q.delivered_as_normal
[16:19:41 #547] [P07] PASS Q.empty_body
[16:19:41 #548] [P07] PASS R.deny_ret_false
[16:19:41 #549] [P07] PASS R.deny_error
[16:19:41 #550] [P07] PASS R.deny_message
[16:19:41 #551] [P07] PASS R.purpose_string
[16:19:41 #552] [P07] PASS S.ask_ret_true
[16:19:41 #553] [P07] PASS S.waiting_no_socket_yet
[16:19:41 #554] [P07] PASS S.one_access_call
[16:19:41 #555] [P07] PASS S.callback_recorded
[16:19:41 #556] [P07] PASS S.socket_after_grant
[16:19:41 #557] [P07] PASS S.completed_after_grant
[16:19:41 #558] [P07] PASS S.grant_cached_same_host
[16:19:41 #559] [P07] PASS T.waiting
[16:19:41 #560] [P07] PASS T.async_deny_error
[16:19:41 #561] [P07] PASS T.async_deny_message
[16:19:41 #562] [P07] PASS T.idle_after_deny
[16:19:41 #563] [P07] PASS W.error_state_before_tick
[16:19:41 #564] [P07] PASS W.open_failed_delivered
[16:19:41 #565] [P07] PASS W.open_failed_message
[16:19:41 #566] [P07] PASS W.idle
[16:19:41 #567] [P07] PASS V.empty_parses_to_blank_host
[16:19:41 #568] [P07] PASS V.host_blank_port0
[16:19:41 #571] [P08] PASS A.nonnull
[16:19:41 #572] [P08] PASS A.title_default
[16:19:41 #573] [P08] PASS A.count_1
[16:19:41 #574] [P08] PASS A.text
[16:19:41 #575] [P08] PASS B.empty_count0
[16:19:41 #576] [P08] PASS B.empty_title
[16:19:41 #577] [P08] PASS C.entity_decode
[16:19:41 #578] [P08] PASS D.count_3
[16:19:41 #579] [P08] PASS D.tag_p_open
[16:19:41 #580] [P08] PASS D.text_hi
[16:19:41 #581] [P08] PASS D.tag_p_close_self
[16:19:41 #582] [P08] PASS E.count_4
[16:19:41 #583] [P08] PASS E.br_slash
[16:19:41 #584] [P08] PASS E.br_space_slash
[16:19:41 #585] [P08] PASS E.hr_plain
[16:19:41 #586] [P08] PASS E.close_p_self
[16:19:41 #587] [P08] PASS F.colon_names
[16:19:41 #588] [P08] PASS F.attr_datax
[16:19:41 #589] [P08] PASS G.lowered_names
[16:19:41 #590] [P08] PASS G.attr_val_case_kept
[16:19:41 #591] [P08] PASS G.text_Y
[16:19:41 #592] [P08] PASS H.interleave
[16:19:41 #593] [P08] PASS I.lt_space_gt_quirk
[16:19:41 #594] [P08] PASS J.junk_dropped
[16:19:41 #595] [P08] PASS K.doctype_vanishes
[16:19:41 #596] [P08] PASS L.broken_tail_dropped
[16:19:41 #597] [P08] PASS M.count_3
[16:19:41 #598] [P08] PASS M.tag_a
[16:19:41 #599] [P08] PASS M.href_decoded
[16:19:41 #600] [P08] PASS M.id_single_quoted
[16:19:41 #601] [P08] PASS M.unquoted
[16:19:41 #602] [P08] PASS M.boolean_disabled
[16:19:41 #603] [P08] PASS M.boolean_datax
[16:19:41 #604] [P08] PASS M.attr_count_5
[16:19:41 #605] [P08] PASS M.text_y
[16:19:41 #606] [P08] PASS M.close_a
[16:19:41 #607] [P08] PASS N.first_wins
[16:19:41 #608] [P08] PASS N.src_first
[16:19:41 #609] [P08] PASS N.alt_first_lowered_key
[16:19:41 #610] [P08] PASS N.attr_count_2
[16:19:41 #611] [P08] PASS O.key_dot_quirk
[16:19:41 #612] [P08] PASS O.a_bool
[16:19:41 #613] [P08] PASS O.b_c
[16:19:41 #614] [P08] PASS O.d_e_f_g
[16:19:41 #615] [P08] PASS O.attr_count_3
[16:19:41 #616] [P08] PASS P.space_before_eq_quirk
[16:19:41 #617] [P08] PASS P.href_empty
[16:19:41 #618] [P08] PASS P.v_bool_lost_value
[16:19:41 #619] [P08] PASS P.attr_count_2
[16:19:41 #620] [P08] PASS Q.unterminated_quote_all_dropped
[16:19:41 #621] [P08] PASS R.comment_full
[16:19:41 #622] [P08] PASS S.comment_unclosed_tail_after_gt
[16:19:41 #623] [P08] PASS T.script_skip
[16:19:41 #624] [P08] PASS U.script_case_insensitive
[16:19:41 #625] [P08] PASS V.script_unclosed_swallows_rest
[16:19:41 #626] [P08] PASS W.style_skip
[16:19:41 #627] [P08] PASS X.style_unclosed_swallows
[16:19:41 #628] [P08] PASS Y.title_decoded_collapsed
[16:19:41 #629] [P08] PASS Y.title_tags_not_emitted
[16:19:41 #630] [P08] PASS Z.title_unclosed_default
[16:19:41 #631] [P08] PASS AA.prefix_hijack_title
[16:19:41 #632] [P08] PASS AB.alloc_big
[16:19:41 #633] [P08] PASS AC.trunc_cut_at_gt_single
[16:19:41 #634] [P08] PASS AC.text_len_262202
[16:19:41 #635] [P08] PASS AD.alloc_flat
[16:19:41 #636] [P08] PASS AE.no_gt_exact_max
[16:19:41 #637] [P08] PASS AF.exact_max_untouched
[16:19:41 #638] [P08] PASS AG.progress_reported
[16:19:41 #641] [P09] PASS A.root
[16:19:41 #642] [P09] PASS A.diag
[16:19:41 #643] [P09] PASS A.child_text
[16:19:41 #644] [P09] PASS B.empty
[16:19:41 #645] [P09] PASS C.nested_counts
[16:19:41 #646] [P09] PASS C.structure
[16:19:41 #647] [P09] PASS D.format_survives
[16:19:41 #648] [P09] PASS D.b_nests_i
[16:19:41 #649] [P09] PASS E.p_implied_by_div
[16:19:41 #650] [P09] PASS F.stray_li_root_siblings
[16:19:41 #651] [P09] PASS G.list_counts
[16:19:41 #652] [P09] PASS G.list_shape
[16:19:41 #653] [P09] PASS G.inner_list
[16:19:41 #654] [P09] PASS H.dtdd
[16:19:41 #655] [P09] PASS I.table_counts
[16:19:41 #656] [P09] PASS I.table_shape
[16:19:41 #657] [P09] PASS I.rows_cells
[16:19:41 #658] [P09] PASS J.stray_tr_dropped
[16:19:41 #659] [P09] PASS K.stray_td_dropped
[16:19:41 #660] [P09] PASS L.option_outside_dropped
[16:19:41 #661] [P09] PASS M.anchor_reopen
[16:19:41 #662] [P09] PASS M.second_a_sibling
[16:19:41 #663] [P09] PASS N.voids_flat
[16:19:41 #664] [P09] PASS N.sequence
[16:19:41 #665] [P09] PASS N.close_br_ignored
[16:19:41 #666] [P09] PASS O.selfclose_not_pushed
[16:19:41 #667] [P09] PASS P.head_skipped
[16:19:41 #668] [P09] PASS P.body_p_vis
[16:19:41 #669] [P09] PASS P.diag_skipped1_proc10
[16:19:41 #670] [P09] PASS Q.template_hidden
[16:19:41 #671] [P09] PASS Q.skipped3
[16:19:41 #672] [P09] PASS R.close_through_counts
[16:19:41 #673] [P09] PASS R.popped_through_span
[16:19:41 #674] [P09] PASS R.deep_sibling_of_p
[16:19:41 #675] [P09] PASS S.unknown_close_noop
[16:19:41 #676] [P09] PASS S.b_inside_div
[16:19:41 #677] [P09] PASS T.attrs_kept
[16:19:41 #678] [P09] PASS T.attr_values
[16:19:41 #679] [P09] PASS T.text
[16:19:41 #680] [P09] PASS U.chain_depth_12
[16:19:41 #681] [P09] PASS V.blockquote_ps
[16:19:41 #682] [P09] PASS V.two_siblings
[16:19:41 #683] [P09] PASS W.alloc
[16:19:41 #684] [P09] PASS W.valve_diag
[16:19:41 #685] [P09] PASS W.valve_kids
[16:19:41 #686] [P09] PASS X.alloc
[16:19:41 #687] [P09] PASS X.capped_at_6000
[16:19:41 #688] [P09] PASS X.maxhit_dead_flag_false
[16:19:41 #689] [P09] PASS Y.progress_in_dom_range
[16:19:41 #691] [P11] PASS A.blank_title
[16:19:41 #692] [P11] PASS A.blank_base
[16:19:41 #693] [P11] PASS A.empty_no_blocks
[16:19:41 #694] [P11] PASS A.raw_html
[16:19:41 #695] [P11] PASS B.reader_doc
[16:19:41 #696] [P11] PASS C.h2_meta
[16:19:41 #697] [P11] PASS C.h6_align_attr
[16:19:41 #698] [P11] PASS C.h3_align_style
[16:19:41 #699] [P11] PASS D.div_para
[16:19:41 #700] [P11] PASS D.section_para
[16:19:41 #701] [P11] PASS D.margin_shorthand2
[16:19:41 #702] [P11] PASS D.padding_left
[16:19:41 #703] [P11] PASS D.invert_center
[16:19:41 #704] [P11] PASS E.nest_bi
[16:19:41 #705] [P11] PASS E.flags7
[16:19:41 #706] [P11] PASS E.code_family
[16:19:41 #707] [P11] PASS F.br_same_para
[16:19:41 #708] [P11] PASS F.br_flags
[16:19:41 #709] [P11] PASS F.wbr
[16:19:41 #710] [P11] PASS F.hr_flushes
[16:19:41 #711] [P11] PASS G.pre_raw
[16:19:41 #712] [P11] PASS G.pre_blank_line
[16:19:41 #713] [P11] PASS G.xmp
[16:19:41 #714] [P11] PASS H.span_styles
[16:19:41 #715] [P11] PASS H.font_size
[16:19:41 #716] [P11] PASS H.time_fallback
[16:19:41 #717] [P11] PASS H.data_children_win
[16:19:41 #718] [P11] PASS H.time_text_no_fallback
[16:19:41 #719] [P11] PASS I.quotes
[16:19:41 #720] [P11] PASS J.resolve_target
[16:19:41 #721] [P11] PASS J.inline_link
[16:19:41 #722] [P11] PASS J.invalid_skipped
[16:19:41 #723] [P11] PASS J.invalid_plain
[16:19:41 #724] [P11] PASS J.title_fallback
[16:19:41 #725] [P11] PASS J.href_fallback
[16:19:41 #726] [P11] PASS J.text_accum
[16:19:41 #727] [P11] PASS J.anchor_seq
[16:19:41 #728] [P11] PASS K.ul_defaults
[16:19:41 #729] [P11] PASS K.ol_start
[16:19:41 #730] [P11] PASS K.ol_reversed
[16:19:41 #731] [P11] PASS K.ol_typeA
[16:19:41 #732] [P11] PASS K.ol_type_invalid
[16:19:41 #733] [P11] PASS K.nested_depth
[16:19:41 #734] [P11] PASS K.stray_li
[16:19:41 #735] [P11] PASS K.value_renumber
[16:19:41 #736] [P11] PASS L.dt_dd_flags
[16:19:41 #737] [P11] PASS L.dl_nested_indent
[16:19:41 #738] [P11] PASS N.caption_attached
[16:19:41 #739] [P11] PASS N.no_image_no_block
[16:19:41 #740] [P11] PASS O.clamps
[16:19:41 #741] [P11] PASS O.defaults
[16:19:41 #742] [P11] PASS O.alt_title
[16:19:41 #743] [P11] PASS O.data_src
[16:19:41 #744] [P11] PASS O.srcset_first
[16:19:41 #745] [P11] PASS O.filters
[16:19:41 #746] [P11] PASS O.usemap_strip
[16:19:41 #747] [P11] PASS O.img_in_link
[16:19:41 #748] [P11] PASS P.hidden_skip
[16:19:41 #749] [P11] PASS P.display_none
[16:19:41 #750] [P11] PASS P.inert_attr
[16:19:41 #751] [P11] PASS Q.scan_pattern_a
[16:19:41 #752] [P11] PASS Q.scan_pattern_b
[16:19:41 #753] [P11] PASS Q.body_overrides
[16:19:41 #754] [P11] PASS Q.invalid_ignored
[16:19:41 #755] [P11] PASS R.base_override
[16:19:41 #756] [P11] PASS R.first_nonempty_wins
[16:19:41 #757] [P11] PASS R.https_base
[16:19:41 #758] [P11] PASS S.block_cap_notice
[16:19:41 #759] [P11] PASS S.inline_cap
[16:19:41 #760] [P11] PASS T.basic_rows
[16:19:41 #761] [P11] PASS T.implicit_tr_quirk
[16:19:41 #762] [P11] PASS T.th_spans
[16:19:41 #763] [P11] PASS T.caption_trim
[16:19:41 #764] [P11] PASS T.border_width_align
[16:19:41 #765] [P11] PASS T.border_zero_off
[16:19:41 #766] [P11] PASS T.tbody_wrapper
[16:19:41 #767] [P11] PASS T.nested_dropped
[16:19:41 #768] [P11] PASS T.empty_cell_space
[16:19:41 #769] [P11] PASS T.cell_flags_link
[16:19:41 #770] [P11] PASS T.cell_first_ws_strip
[16:19:41 #771] [P11] PASS T.stray_tr_text_leak
[16:19:41 #772] [P11] PASS T.stray_td_text_leak
[16:19:41 #773] [P11] PASS T.block_tags_plain_in_cell
[16:19:41 #774] [P11] PASS U.hidden_block
[16:19:41 #775] [P11] PASS U.text_defaults
[16:19:41 #776] [P11] PASS U.text_attrs
[16:19:41 #777] [P11] PASS U.checkbox_aria_fallback
[16:19:41 #778] [P11] PASS U.checkbox_title_fallback
[16:19:41 #779] [P11] PASS U.checkbox_label_attr
[16:19:41 #780] [P11] PASS U.checkbox_radio_flags
[16:19:41 #781] [P11] PASS U.submit_labels
[16:19:41 #782] [P11] PASS U.button_blocks
[16:19:41 #783] [P11] PASS U.form_context
[16:19:41 #784] [P11] PASS U.textarea_capture
[16:19:41 #785] [P11] PASS U.textarea_disabled
[16:19:41 #786] [P11] PASS U.select_basic
[16:19:41 #787] [P11] PASS U.select_optgroup
[16:19:41 #788] [P11] PASS U.select_empty_skip
[16:19:41 #789] [P11] PASS U.select_label_wins
[16:19:41 #790] [P11] PASS V.fieldset_legend
[16:19:41 #791] [P11] PASS V.fieldset_disables_inner
[16:19:41 #792] [P11] PASS V.details_open
[16:19:41 #793] [P11] PASS V.details_body_rendered
[16:19:41 #794] [P11] PASS V.details_closed_default
[16:19:41 #795] [P11] PASS V.details_counter_seq
[16:19:41 #796] [P11] PASS V.details_override_open_close
[16:19:41 #797] [P11] PASS V.dialog_closed_hidden
[16:19:41 #798] [P11] PASS V.dialog_open_pair
[16:19:41 #799] [P11] PASS V.fieldset_nests
[16:19:41 #800] [P11] PASS W.video_placeholder
[16:19:41 #801] [P11] PASS W.source_fallback
[16:19:41 #802] [P11] PASS W.canvas_no_src
[16:19:41 #803] [P11] PASS W.iframe_href_embed
[16:19:41 #804] [P11] PASS W.progress_clamp
[16:19:41 #805] [P11] PASS W.meter_fields
[16:19:41 #806] [P11] PASS W.datalist_meta
[16:19:41 #807] [P11] PASS W.map_areas
[16:19:41 #808] [P11] PASS W.fencedframe
[16:19:41 #809] [P11] PASS W.template_inert
[16:19:41 #810] [P11] PASS W.voids_silent
[16:19:41 #811] [P11] PASS X.svg_serialize
[16:19:41 #812] [P11] PASS X.svg_viewbox_quirk
[16:19:41 #813] [P11] PASS X.svg_defaults_clamp
[16:19:41 #814] [P11] PASS X.svg_alt_rules
[16:19:41 #815] [P11] PASS X.math_linearized
[16:19:41 #816] [P11] PASS X.mfenced_seps
[16:19:41 #817] [P11] PASS X.math_ws_collapse
[16:19:41 #818] [P11] PASS X.math_empty_skipped
[16:19:41 #819] [P11] PASS Y.address_hgroup_paragraphs
[16:19:41 #820] [P11] PASS Y.figure_caption_only_para
[16:19:41 #821] [P11] PASS Y.heading_css_spacing
[16:19:41 #822] [P11] PASS Y.inert_scope_restored
[16:19:41 #824] [P12] PASS A.mode_flag
[16:19:41 #825] [P12] PASS A.raw_html_kept
[16:19:41 #826] [P12] PASS A.base_kept
[16:19:41 #827] [P12] PASS A.block_count
[16:19:41 #828] [P12] PASS A.header_host
[16:19:41 #829] [P12] PASS A.header_title_fallback
[16:19:41 #830] [P12] PASS A.reading_time_math
[16:19:41 #831] [P12] PASS A.title_h1_bold
[16:19:41 #832] [P12] PASS A.hr_third
[16:19:41 #833] [P12] PASS A.paragraph_fourth
[16:19:41 #834] [P12] PASS A.paragraph_text
[16:19:41 #840] [P12] PASS A.empty_blank_doc
[16:19:41 #841] [P12] PASS A.fallback_title_host
[16:19:41 #847] [P12] PASS B.merged_count
[16:19:41 #848] [P12] PASS B.merged_text
[16:19:41 #849] [P12] PASS B.sentence_boundary
[16:19:41 #856] [P12] PASS C.bare_dropped_kept
[16:19:41 #862] [P12] PASS D.stripped_absent
[16:19:41 #863] [P12] PASS D.kept_present
[16:19:41 #869] [P12] PASS E.heading_level
[16:19:41 #870] [P12] PASS E.h3
[16:19:41 #871] [P12] PASS E.list_numbers
[16:19:41 #872] [P12] PASS E.pre_verbatim
[16:19:41 #873] [P12] PASS E.blockquote_type
[16:19:41 #884] [P12] PASS F.clamp_resolve_alt
[16:19:41 #885] [P12] PASS F.tracking_skipped
[16:19:41 #886] [P12] PASS F.srcset_first
[16:19:41 #887] [P12] PASS F.data_src_default_alt
[16:19:41 #888] [P12] PASS F.empty_alt_becomes_image
[16:19:41 #897] [P12] PASS G.input_field
[16:19:41 #898] [P12] PASS G.input_submit_value_label
[16:19:41 #899] [P12] PASS G.textarea
[16:19:41 #900] [P12] PASS G.button_label_trimmed
[16:19:41 #901] [P12] PASS G.checkbox_ignored
[16:19:41 #910] [P12] PASS H.sorted_order_walk
[16:19:41 #911] [P12] PASS H.reader_words
[16:19:41 #924] [P13] PASS H.heading_map
[16:19:41 #925] [P13] PASS H.body_plain_16
[16:19:41 #926] [P13] PASS H.body_bold_16
[16:19:41 #927] [P13] PASS H.body_code_15
[16:19:41 #928] [P13] PASS I.code_wins
[16:19:41 #929] [P13] PASS I.small_over_bold
[16:19:41 #930] [P13] PASS I.sub_14
[16:19:41 #931] [P13] PASS I.sup_14
[16:19:41 #932] [P13] PASS I.small_group_wins_over_big
[16:19:41 #933] [P13] PASS I.bold_16
[16:19:41 #934] [P13] PASS I.big_bold_slot_16
[16:19:41 #935] [P13] PASS I.plain_16
[16:19:41 #936] [P13] PASS W.empty_zero
[16:19:41 #937] [P13] PASS W.real_fonts_positive
[16:19:41 #939] [P13] PASS W.explicit_font_empty_zero
[16:19:41 #941] [P14] PASS A.reject_empty_href
[16:19:41 #942] [P14] PASS A.add_text_default
[16:19:41 #943] [P14] PASS A.text_defaults_to_href
[16:19:41 #944] [P14] PASS A.hover_default_w60_h14
[16:19:41 #945] [P14] PASS M.same_anchor_merges
[16:19:41 #946] [P14] PASS M.no_selection_yet
[16:19:41 #947] [P14] PASS M.diff_anchor_splits
[16:19:41 #948] [P14] PASS M.nil_anchor_merges_any
[16:19:41 #949] [P14] PASS M.text_or_href_split
[16:19:41 #950] [P14] PASS M.nil_text_never_merges
[16:19:41 #951] [P14] PASS M.rect_list_and_primary
[16:19:41 #952] [P14] PASS M.three_rects_stored
[16:19:41 #953] [P14] PASS M.index_is_1_based
[16:19:41 #954] [P14] PASS S.empty_page_none
[16:19:41 #955] [P14] PASS S.pass1_closest_center
[16:19:41 #956] [P14] PASS S.pass2_all_outside_tie_first
[16:19:41 #957] [P14] PASS S.pass2_tie_keeps_first
[16:19:41 #958] [P14] PASS S.selectNext_uses_viewport_rule
[16:19:41 #959] [P14] PASS N.prev_initial_select
[16:19:41 #960] [P14] PASS N.next_wraps_to_first
[16:19:41 #961] [P14] PASS N.prev_wraps_to_last
[16:19:41 #962] [P14] PASS N.clear_resets_selection
[16:19:41 #963] [P14] PASS H.selected_bounds_ok
[16:19:41 #964] [P14] PASS H.is_hit_on_selected_rect
[16:19:41 #965] [P14] PASS H.miss_other_xy_of_same_href
[16:19:41 #966] [P14] PASS H.other_href_false
[16:19:41 #967] [P14] PASS H.null_href_false
[16:19:41 #968] [P14] PASS H.addLink_wrapper
[16:19:41 #971] [P15] PASS G.black_white
[16:19:41 #972] [P15] PASS G.channels
[16:19:41 #973] [P15] PASS G.midpoint
[16:19:41 #974] [P15] PASS G.monotonic
[16:19:41 #975] [P15] PASS B.threshold_boundary_strict
[16:19:41 #976] [P15] PASS B.gray0_corner_white
[16:19:41 #977] [P15] PASS B.white_all_white
[16:19:41 #978] [P15] PASS S.half
[16:19:41 #979] [P15] PASS S.ceil_floors
[16:19:41 #980] [P15] PASS S.upscale_clamps_to_1x1_boxes
[16:19:41 #981] [P15] PASS S.max_zero_guard
[16:19:41 #982] [P15] PASS S.src_zero
[16:19:41 #983] [P15] PASS A.uniform_half
[16:19:41 #984] [P15] PASS A.fast_path_identity
[16:19:41 #985] [P15] PASS A.round_down_case
[16:19:41 #986] [P15] PASS A.round_exact
[16:19:41 #987] [P15] PASS A.round_half_up
[16:19:41 #988] [P15] PASS A.partial_block_extra_row_quirk
[16:19:41 #989] [P15] PASS A.null_row_ignored
[16:19:41 #992] [P15] PASS R.clamped_380x240
[16:19:41 #993] [P15] PASS R.bitmap_pixels_match_bayer
[16:19:41 #994] [P15] PASS R.degenerate_rejected
[16:19:41 #996] [P16] PASS O.A_dyn_roundtrip
[16:19:41 #997] [P16] PASS O.B_raw_roundtrip
[16:19:41 #998] [P16] PASS O.C_stored_roundtrip
[16:19:41 #999] [P16] PASS O.D_flush_roundtrip
[16:19:41 #1000] [P16] PASS O.short_input_rejected
[16:19:41 #1001] [P16] PASS O.empty_input_rejected
[16:19:41 #1002] [P16] PASS O.truncated_partial
[16:19:41 #1003] [P16] PASS O.handmade_stored
[16:19:41 #1004] [P16] PASS S.chunked_roundtrip
[16:19:41 #1005] [P16] PASS S.big_read_then_eof
[16:19:41 #1006] [P16] PASS S.raw_stream
[16:19:41 #1007] [P16] PASS S.guards
[16:19:41 #1010] [P17] PASS D.red_64x48
[16:19:41 #1011] [P17] PASS D.rgba_40x30
[16:19:41 #1012] [P17] PASS D.pal_32x16
[16:19:41 #1013] [P17] PASS D.gray8_100x10
[16:19:41 #1014] [P17] PASS D.gray1_32x8
[16:19:41 #1015] [P17] PASS D.ga_24x12
[16:19:41 #1016] [P17] PASS D.gray16_16x4
[16:19:41 #1017] [P17] PASS D.adam7_5x3
[16:19:41 #1018] [P17] PASS D.bench_266x200
[16:19:41 #1019] [P17] PASS D.down_50x40
[16:19:41 #1020] [P17] PASS G.short_input
[16:19:41 #1021] [P17] PASS G.bad_signature
[16:19:41 #1023] [P17] PASS B.bench_grid_alive
[16:19:41 #1025] [P18] PASS D.b24_64x48
[16:19:41 #1026] [P18] PASS D.b32_20x10
[16:19:41 #1027] [P18] PASS D.b8_16x16
[16:19:41 #1028] [P18] PASS D.b4_12x8
[16:19:41 #1029] [P18] PASS D.b1_24x6
[16:19:41 #1030] [P18] PASS D.wide_360x90
[16:19:41 #1031] [P18] PASS D.bench_300x200
[16:19:41 #1032] [P18] PASS G.short_input
[16:19:41 #1033] [P18] PASS G.bad_signature
[16:19:41 #1035] [P18] PASS B.bench_ran
[16:19:41 #1037] [P19] PASS D.basic_40x30
[16:19:41 #1038] [P19] PASS D.offset_30x8
[16:19:41 #1039] [P19] PASS D.trans_20x10
[16:19:41 #1040] [P19] PASS D.inter_16x16
[16:19:41 #1041] [P19] PASS D.multi_24x12
[16:19:41 #1042] [P19] PASS D.bench_300x200
[16:19:41 #1043] [P19] PASS G.short_input
[16:19:41 #1044] [P19] PASS G.bad_signature
[16:19:41 #1045] [P19] PASS G.trailer_no_image
[16:19:41 #1047] [P19] PASS B.bench_ran
[16:19:41 #1049] [P20] PASS D.flat_64x48
[16:19:41 #1050] [P20] PASS D.dcstripes_240x160
[16:19:41 #1051] [P20] PASS D.acblocks_32x24
[16:19:41 #1052] [P20] PASS D.restart_160x144
[16:19:41 #1053] [P20] PASS D.sub420_128x96
[16:19:41 #1054] [P20] PASS D.prog_dc_96x80
[16:19:41 #1055] [P20] PASS D.prog_multi_96x80
[16:19:41 #1056] [P20] PASS D.prog_refine_64x48
[16:19:41 #1057] [P20] PASS G.short_input
[16:19:41 #1058] [P20] PASS G.bad_signature
[16:19:41 #1059] [P20] PASS G.eoi_only
[16:19:41 #1060] [P20] PASS G.sof9_arithmetic
[16:19:41 #1061] [P20] PASS G.trunc_sof
[16:19:41 #1062] [P20] PASS D.pil_smoke_266x200
[16:19:41 #1064] [P20] PASS B.bench_ran
[16:19:42 #1066] [P21] PASS D.flat_dims
[16:19:42 #1067] [P21] PASS D.flat_cksum
[16:19:42 #1068] [P21] PASS D.flat_probes
[16:19:42 #1069] [P21] PASS D.gradient_dims
[16:19:42 #1070] [P21] PASS D.gradient_cksum
[16:19:42 #1071] [P21] PASS D.gradient_probes
[16:19:42 #1072] [P21] PASS D.palette_dims
[16:19:42 #1073] [P21] PASS D.palette_cksum
[16:19:42 #1074] [P21] PASS D.palette_probes
[16:19:42 #1075] [P21] PASS D.alpha_dims
[16:19:42 #1076] [P21] PASS D.alpha_cksum
[16:19:42 #1077] [P21] PASS D.alpha_probes
[16:19:42 #1078] [P21] PASS D.predictor_dims
[16:19:42 #1079] [P21] PASS D.predictor_cksum
[16:19:42 #1080] [P21] PASS D.predictor_probes
[16:19:42 #1081] [P21] PASS D.cache_dims
[16:19:42 #1082] [P21] PASS D.cache_cksum
[16:19:42 #1083] [P21] PASS D.cache_probes
[16:19:42 #1084] [P21] PASS D.meta_dims
[16:19:42 #1085] [P21] PASS D.meta_cksum
[16:19:42 #1086] [P21] PASS D.meta_probes
[16:19:42 #1087] [P21] PASS D.lossy_flat_dims
[16:19:42 #1088] [P21] PASS D.lossy_flat_cksum
[16:19:42 #1089] [P21] PASS D.lossy_flat_probes
[16:19:42 #1090] [P21] PASS D.lossy_grad_dims
[16:19:42 #1091] [P21] PASS D.lossy_grad_cksum
[16:19:42 #1092] [P21] PASS D.lossy_grad_probes
[16:19:42 #1093] [P21] PASS D.lossy_alpha_dims
[16:19:42 #1094] [P21] PASS D.lossy_alpha_cksum
[16:19:42 #1095] [P21] PASS D.lossy_alpha_probes
[16:19:42 #1096] [P21] PASS G.gradient_decode
[16:19:42 #1097] [P21] PASS G.gradient_dims
[16:19:42 #1098] [P21] PASS G.alpha_argb
[16:19:42 #1099] [P21] PASS G.flat_dims
[16:19:42 #1100] [P21] PASS X.badsig_reject
[16:19:42 #1101] [P21] PASS X.riff_short_reject
[16:19:42 #1102] [P21] PASS X.trunc_reject
[16:19:42 #1103] [P21] PASS X.lossy_trunc_reject
[16:19:42 #1104] [P21] PASS X.null_args_reject
[16:19:42 #1105] [P21] PASS A.anim_badsig_reject
[16:19:42 #1106] [P21] PASS A.decode
[16:19:42 #1107] [P21] PASS A.dims
[16:19:42 #1108] [P21] PASS A.meta
[16:19:42 #1109] [P21] PASS A.durations
[16:19:42 #1110] [P21] PASS A.f0_cksum
[16:19:42 #1111] [P21] PASS A.f1_cksum
[16:19:42 #1112] [P21] PASS A.f2_cksum
[16:19:42 #1113] [P21] PASS A.f3_cksum
[16:19:42 #1114] [P21] PASS A.probes
[16:19:42 #1115] [P21] PASS pil_smoke_266x200
[16:19:42 #1117] [P21] PASS B.bench_ran
[16:19:42 #1118] [P21] PASS B.lossy_smoke
[16:19:42 #1120] [P21] PASS B.lossy_bench_ran
[16:19:42 #1122] [P23] PASS D.i_32bpp_dims
[16:19:42 #1123] [P23] PASS D.i_32bpp_cksum
[16:19:42 #1124] [P23] PASS D.i_32bpp_probes
[16:19:42 #1125] [P23] PASS D.i_24bpp_masked_dims
[16:19:42 #1126] [P23] PASS D.i_24bpp_masked_cksum
[16:19:42 #1127] [P23] PASS D.i_24bpp_masked_probes
[16:19:42 #1128] [P23] PASS D.i_8bpp_nomask_dims
[16:19:42 #1129] [P23] PASS D.i_8bpp_nomask_cksum
[16:19:42 #1130] [P23] PASS D.i_8bpp_nomask_probes
[16:19:42 #1131] [P23] PASS D.i_4bpp_dims
[16:19:42 #1132] [P23] PASS D.i_4bpp_cksum
[16:19:42 #1133] [P23] PASS D.i_4bpp_probes
[16:19:42 #1134] [P23] PASS D.i_1bpp_dims
[16:19:42 #1135] [P23] PASS D.i_1bpp_cksum
[16:19:42 #1136] [P23] PASS D.i_1bpp_probes
[16:19:42 #1137] [P23] PASS D.i_topdown_dims
[16:19:42 #1138] [P23] PASS D.i_topdown_cksum
[16:19:42 #1139] [P23] PASS D.i_topdown_probes
[16:19:42 #1140] [P23] PASS D.i_scaled_dims
[16:19:42 #1141] [P23] PASS D.i_scaled_cksum
[16:19:42 #1142] [P23] PASS D.i_scaled_probes
[16:19:42 #1143] [P23] PASS D.i_png_entry_dims
[16:19:42 #1144] [P23] PASS D.i_png_entry_cksum
[16:19:42 #1145] [P23] PASS D.i_png_entry_probes
[16:19:42 #1146] [P23] PASS D.i_png_fallback_dims
[16:19:42 #1147] [P23] PASS D.i_png_fallback_cksum
[16:19:42 #1148] [P23] PASS D.i_png_fallback_probes
[16:19:42 #1149] [P23] PASS D.i_multi_dims
[16:19:42 #1150] [P23] PASS D.i_multi_cksum
[16:19:42 #1151] [P23] PASS D.i_multi_probes
[16:19:42 #1152] [P23] PASS D.i_cursor_dims
[16:19:42 #1153] [P23] PASS D.i_cursor_cksum
[16:19:42 #1154] [P23] PASS D.i_cursor_probes
[16:19:42 #1155] [P23] PASS G.bad_reserved
[16:19:42 #1156] [P23] PASS G.bad_type
[16:19:42 #1157] [P23] PASS G.count_zero
[16:19:42 #1158] [P23] PASS G.no_entries
[16:19:42 #1159] [P23] PASS G.all_fail_dib
[16:19:42 #1160] [P23] PASS G.null_args_reject
[16:19:42 #1161] [P23] PASS B.smoke_266x200
[16:19:42 #1163] [P23] PASS B.bench_ran
[16:19:42 #1165] [P24] PASS D.s_rects_dims
[16:19:42 #1166] [P24] PASS D.s_rects_cksum
[16:19:42 #1167] [P24] PASS D.s_rects_drawn
[16:19:42 #1168] [P24] PASS D.s_rects_probes
[16:19:42 #1169] [P24] PASS D.s_shapes_dims
[16:19:42 #1170] [P24] PASS D.s_shapes_cksum
[16:19:42 #1171] [P24] PASS D.s_shapes_drawn
[16:19:42 #1172] [P24] PASS D.s_shapes_probes
[16:19:42 #1173] [P24] PASS D.s_path_basic_dims
[16:19:42 #1174] [P24] PASS D.s_path_basic_cksum
[16:19:42 #1175] [P24] PASS D.s_path_basic_drawn
[16:19:42 #1176] [P24] PASS D.s_path_basic_probes
[16:19:42 #1177] [P24] PASS D.s_path_curves_dims
[16:19:42 #1178] [P24] PASS D.s_path_curves_cksum
[16:19:42 #1179] [P24] PASS D.s_path_curves_drawn
[16:19:42 #1180] [P24] PASS D.s_path_curves_probes
[16:19:42 #1181] [P24] PASS D.s_arc_dims
[16:19:42 #1182] [P24] PASS D.s_arc_cksum
[16:19:42 #1183] [P24] PASS D.s_arc_drawn
[16:19:42 #1184] [P24] PASS D.s_arc_probes
[16:19:42 #1185] [P24] PASS D.s_use_defs_dims
[16:19:42 #1186] [P24] PASS D.s_use_defs_cksum
[16:19:42 #1187] [P24] PASS D.s_use_defs_drawn
[16:19:42 #1188] [P24] PASS D.s_use_defs_probes
[16:19:42 #1189] [P24] PASS D.s_nested_skip_dims
[16:19:42 #1190] [P24] PASS D.s_nested_skip_cksum
[16:19:42 #1191] [P24] PASS D.s_nested_skip_drawn
[16:19:42 #1192] [P24] PASS D.s_nested_skip_probes
[16:19:42 #1193] [P24] PASS D.s_style_attr_dims
[16:19:42 #1194] [P24] PASS D.s_style_attr_cksum
[16:19:42 #1195] [P24] PASS D.s_style_attr_drawn
[16:19:42 #1196] [P24] PASS D.s_style_attr_probes
[16:19:42 #1197] [P24] PASS D.s_viewbox_offset_dims
[16:19:42 #1198] [P24] PASS D.s_viewbox_offset_cksum
[16:19:42 #1199] [P24] PASS D.s_viewbox_offset_drawn
[16:19:42 #1200] [P24] PASS D.s_viewbox_offset_probes
[16:19:42 #1201] [P24] PASS D.s_comments_dims
[16:19:42 #1202] [P24] PASS D.s_comments_cksum
[16:19:42 #1203] [P24] PASS D.s_comments_drawn
[16:19:42 #1204] [P24] PASS D.s_comments_probes
[16:19:42 #1205] [P24] PASS G.no_svg
[16:19:42 #1206] [P24] PASS G.zero_drawn
[16:19:42 #1207] [P24] PASS G.bad_dims
[16:19:42 #1208] [P24] PASS G.trunc_tag
[16:19:42 #1209] [P24] PASS G.null_args_reject
[16:19:42 #1210] [P24] PASS B.smoke_192x192
[16:19:42 #1212] [P24] PASS B.bench_ran
[16:19:42 #1214] [P25] PASS D.bmp_sync
[16:19:42 #1215] [P25] PASS D.ico_sync
[16:19:42 #1216] [P25] PASS D.svg_sniff
[16:19:42 #1217] [P25] PASS G.short_body
[16:19:42 #1218] [P25] PASS G.garbage_text
[16:19:42 #1220] [P25] PASS A.png_async_null
[16:19:42 #1222] [P25] PASS A.gif_async_null
[16:19:42 #1223] [P25] PASS A.unknown_state
[16:19:42 #1224] [P25] PASS A.guards_safe
[16:19:42 #1227] [P26] PASS P.parse_ok
[16:19:42 #1228] [P26] PASS P.title
[16:19:42 #1229] [P26] PASS P.elements_count
[16:19:42 #1230] [P26] PASS B.item_count
[16:19:42 #1231] [P26] PASS B.item_types_order
[16:19:42 #1232] [P26] PASS B.y_offset_content_y
[16:19:42 #1233] [P26] PASS B.text_copy
[16:19:42 #1234] [P26] PASS F.large_heading1
[16:19:42 #1235] [P26] PASS F.bold_bodyBold
[16:19:42 #1236] [P26] PASS F.mono_mono
[16:19:42 #1237] [P26] PASS F.default_body
[16:19:42 #1238] [P26] PASS I.src_alt_default
[16:19:42 #1239] [P26] PASS N.input_fields
[16:19:42 #1240] [P26] PASS N.submit_fields
[16:19:42 #1241] [P26] PASS S.total_height_kept
[16:19:42 #1242] [P26] PASS X.no_selected_input
[16:19:42 #1243] [P26] PASS B.negative_y_skipped
[16:19:42 #1244] [P26] PASS L.lm_count_3
[16:19:42 #1245] [P26] PASS L.form_links_2
[16:19:42 #1246] [P26] PASS L.input_blocks_wired
[16:19:42 #1248] [P26] PASS E.doc_returned
[16:19:42 #1249] [P26] PASS E.title_parse_error
[16:19:42 #1250] [P26] PASS E.elements_empty
[16:19:42 #1251] [P26] PASS E.build_resets_to_content_h
[16:19:42 #1252] [P26] PASS D.doc_returned
[16:19:42 #1253] [P26] PASS D.title_default
[16:19:42 #1254] [P26] PASS D.height_default
[16:19:42 #1255] [P26] PASS D.elements_default_empty
[16:19:42 #1256] [P26] PASS D.build_empty_resets
[16:19:42 #1257] [P26] PASS G.null_doc_safe
[16:19:42 #1259] [P26] PASS G.null_json_is_parse_error
[16:19:42 #1260] [P26] PASS G.item_at_oob
[16:19:42 #1261] [P26] PASS R.rebuild_stable
[16:19:42 #1264] [P27] PASS H.null_default
[16:19:42 #1265] [P27] PASS H.empty_default
[16:19:42 #1266] [P27] PASS H.about_home
[16:19:42 #1267] [P27] PASS H.about_nohost
[16:19:42 #1268] [P27] PASS H.about_docs
[16:19:42 #1269] [P27] PASS H.web_emptyhost_default
[16:19:42 #1270] [P27] PASS H.simple
[16:19:42 #1271] [P27] PASS H.len28_kept
[16:19:42 #1272] [P27] PASS H.len29_clipped
[16:19:42 #1273] [P27] PASS A.comet_groups_12phase
[16:19:42 #1274] [P27] PASS P.known_half
[16:19:42 #1275] [P27] PASS P.known_clamp_over
[16:19:42 #1276] [P27] PASS P.indet_frame0
[16:19:42 #1277] [P27] PASS P.indet_frame33
[16:19:42 #1278] [P27] PASS P.indet_wrap34
[16:19:42 #1279] [P27] PASS S.no_bar_at_content_h
[16:19:42 #1280] [P27] PASS S.no_bar_short_page
[16:19:42 #1281] [P27] PASS S.double_height_mid
[16:19:42 #1282] [P27] PASS S.clamp_negative
[16:19:42 #1283] [P27] PASS S.clamp_over
[16:19:42 #1284] [P27] PASS S.min_thumb_h
[16:19:42 #1285] [P27] PASS C.link_prefix
[16:19:42 #1286] [P27] PASS C.link_null_href
[16:19:42 #1287] [P27] PASS C.link_len56_kept
[16:19:42 #1288] [P27] PASS C.link_len57_clipped
[16:19:42 #1289] [P27] PASS C.hover_len50_kept
[16:19:42 #1290] [P27] PASS C.hover_len51_clipped
[16:19:42 #1291] [P27] PASS C.hover_empty
[16:19:42 #1294] [P28] PASS N.down_settings_to_first
[16:19:42 #1295] [P28] PASS N.down_settings_no_cards
[16:19:42 #1296] [P28] PASS N.down_plus2
[16:19:42 #1297] [P28] PASS N.down_plus1_odd_row
[16:19:42 #1298] [P28] PASS N.down_at_last_stays
[16:19:42 #1299] [P28] PASS N.up_first_row_settings
[16:19:42 #1300] [P28] PASS N.up_second_row_settings
[16:19:42 #1301] [P28] PASS N.up_minus2
[16:19:42 #1302] [P28] PASS N.up_at_top_stays
[16:19:42 #1303] [P28] PASS N.right_odd_moves
[16:19:42 #1304] [P28] PASS N.right_even_stays
[16:19:42 #1305] [P28] PASS N.right_last_stays
[16:19:42 #1306] [P28] PASS N.left_even_moves
[16:19:42 #1307] [P28] PASS N.left_odd_stays
[16:19:42 #1308] [P28] PASS S.settings_top
[16:19:42 #1309] [P28] PASS S.empty_untouched
[16:19:42 #1310] [P28] PASS S.row0_in_band
[16:19:42 #1311] [P28] PASS S.deep_row_pulls_up
[16:19:42 #1312] [P28] PASS S.too_far_clamps
[16:19:42 #1313] [P28] PASS M.fits_no_scroll
[16:19:42 #1314] [P28] PASS M.dwell_start
[16:19:42 #1315] [P28] PASS M.travel_out
[16:19:42 #1316] [P28] PASS M.dwell_end
[16:19:42 #1317] [P28] PASS M.travel_back
[16:19:42 #1318] [P28] PASS M.cycle_wrap
[16:19:42 #1319] [P28] PASS L.lerp_step30
[16:19:42 #1320] [P28] PASS L.snap_under_half
[16:19:42 #1321] [P28] PASS L.clamp_nonnegative
[16:19:42 #1322] [P28] PASS A.have_bookmarks
[16:19:42 #1323] [P28] PASS A.first_entry_readable
[16:19:42 #1324] [P28] PASS A.settings_action
[16:19:42 #1325] [P28] PASS A.settings_callback_fired
[16:19:42 #1326] [P28] PASS A.nav_after_down
[16:19:42 #1327] [P28] PASS A.card_open_action
[16:19:42 #1328] [P28] PASS A.card_url_matches_store
[16:19:42 #1329] [P28] PASS A.no_callback_ok
[16:19:42 #1333] [P29] PASS T.basic
[16:19:42 #1334] [P29] PASS T.mixed_ws
[16:19:42 #1335] [P29] PASS T.empty
[16:19:42 #1336] [P29] PASS T.all_ws
[16:19:42 #1337] [P29] PASS T.inner_kept
[16:19:42 #1338] [P29] PASS T.vertical_tab
[16:19:42 #1339] [P29] PASS F.empty_cancels
[16:19:42 #1340] [P29] PASS F.search_query_is_search
[16:19:42 #1341] [P29] PASS F.search_engine_url
[16:19:42 #1342] [P29] PASS F.url_normalized
[16:19:42 #1343] [P29] PASS F.about_blank
[16:19:42 #1344] [P29] PASS G.closed_never
[16:19:42 #1345] [P29] PASS G.already_shown
[16:19:42 #1346] [P29] PASS G.b_held_blocks
[16:19:42 #1347] [P29] PASS G.armed_launches
[16:19:42 #1348] [P29] PASS O.about_not_prefilled
[16:19:42 #1349] [P29] PASS O.open_state
[16:19:42 #1350] [P29] PASS O.url_prefilled
[16:19:42 #1351] [P29] PASS O.null_empty
[16:19:42 #1352] [P29] PASS C.closed
[16:19:42 #1353] [P29] PASS C.no_submit_fired
[16:19:42 #1354] [P29] PASS C.no_skip_set
[16:19:42 #1355] [P29] PASS S.default_zero
[16:19:42 #1358] [P30] PASS L.up_clamps_top
[16:19:42 #1359] [P30] PASS L.down_moves
[16:19:42 #1360] [P30] PASS L.down_clamps_bottom
[16:19:42 #1361] [P30] PASS L.empty_noop
[16:19:42 #1362] [P30] PASS L.scroll_plus
[16:19:42 #1363] [P30] PASS L.scroll_clamps_zero
[16:19:42 #1364] [P30] PASS L.scroll_zero_crank
[16:19:42 #1365] [P30] PASS V.top_visible
[16:19:42 #1366] [P30] PASS V.bottom_visible
[16:19:42 #1367] [P30] PASS V.below_hidden
[16:19:42 #1368] [P30] PASS V.above_hidden
[16:19:42 #1369] [P30] PASS C.title_35_clips
[16:19:42 #1370] [P30] PASS C.title_34_kept
[16:19:42 #1371] [P30] PASS C.url_47_clips
[16:19:42 #1372] [P30] PASS C.empty_ok
[16:19:42 #1373] [P30] PASS E.default_msg
[16:19:42 #1374] [P30] PASS E.sel_resets
[16:19:42 #1375] [P30] PASS E.right_clamps
[16:19:42 #1376] [P30] PASS E.a_home_at_3
[16:19:42 #1377] [P30] PASS E.left_clamps_and_a_retry
[16:19:42 #1378] [P30] PASS E.a_search_at_2
[16:19:42 #1379] [P30] PASS E.up_moves_left
[16:19:42 #1380] [P30] PASS E.long_msg_stored
[16:19:42 #1381] [P30] PASS B.open_resets
[16:19:42 #1382] [P30] PASS B.down_none
[16:19:42 #1383] [P30] PASS B.up_back
[16:19:42 #1384] [P30] PASS B.a_opens
[16:19:42 #1385] [P30] PASS B.a_url_matches
[16:19:42 #1386] [P30] PASS B.b_closes
[16:19:42 #1387] [P30] PASS B.scroll_clamped
[16:19:42 #1388] [P30] PASS H.open_resets
[16:19:42 #1389] [P30] PASS H.down_moves
[16:19:42 #1390] [P30] PASS H.up_back
[16:19:42 #1391] [P30] PASS H.a_opens
[16:19:42 #1392] [P30] PASS H.a_url_matches
[16:19:42 #1393] [P30] PASS H.b_closes
[16:19:42 #1396] [P31] SettingsPage.open() previousState=home
[16:19:42 #1397] [P31] PASS O.opens
[16:19:42 #1398] [P31] PASS O.prev_state
[16:19:42 #1399] [P31] PASS O.engine_snapshot
[16:19:42 #1400] [P31] SettingsPage.open() previousState=
[16:19:42 #1401] [P31] PASS C.engine_right
[16:19:42 #1402] [P31] PASS C.engine_wrap_right
[16:19:42 #1403] [P31] PASS C.engine_wrap_left
[16:19:42 #1404] [P31] PASS C.mode_toggles
[16:19:42 #1405] [P31] PASS C.invert_toggles
[16:19:42 #1406] [P31] PASS C.image_cycle_roundtrip
[16:19:42 #1407] [P31] PASS C.image_wrap_right
[16:19:42 #1408] [P31] PASS C.image_wrap_left
[16:19:42 #1409] [P31] SettingsPage.open() previousState=
[16:19:42 #1410] [P31] PASS N.up_clamps_top
[16:19:42 #1411] [P31] PASS N.down_clamps_bottom
[16:19:42 #1412] [P31] SettingsPage.open() previousState=
[16:19:42 #1413] [P31] cookies cleared
[16:19:42 #1414] [P31] PASS K.cookies_cleared
[16:19:42 #1415] [P31] PASS K.stays_open_no_save
[16:19:42 #1416] [P31] SettingsPage.close()
[16:19:42 #1417] [P31] SettingsPage.open() previousState=
[16:19:42 #1418] [P31] saveAndClose: mode=1 imageMode=1
[16:19:42 #1419] [P31] SettingsPage.close()
[16:19:42 #1420] [P31] PASS S.saved_action
[16:19:42 #1421] [P31] PASS S.applied_to_storage
[16:19:42 #1422] [P31] PASS S.onchange_fired_once
[16:19:42 #1423] [P31] PASS S.closed_after_save
[16:19:42 #1424] [P31] PASS S.reload_keeps
[16:19:42 #1425] [P31] PASS S.reload_pointer_same_values
[16:19:42 #1426] [P31] SettingsPage.open() previousState=
[16:19:42 #1427] [P31] saveAndClose: mode=1 imageMode=1
[16:19:42 #1428] [P31] SettingsPage.close()
[16:19:42 #1429] [P31] PASS S.restore_default
[16:19:42 #1430] [P31] SettingsPage.open() previousState=
[16:19:42 #1431] [P31] cancelAndClose: discarding changes
[16:19:42 #1432] [P31] SettingsPage.close()
[16:19:42 #1433] [P31] PASS X.closed_action
[16:19:42 #1434] [P31] PASS X.storage_untouched
[16:19:42 #1435] [P31] PASS X.no_onchange
[16:19:42 #1436] [P31] SettingsPage.open() previousState=
[16:19:42 #1437] [P31] PASS X.restage_original
[16:19:42 #1438] [P31] SettingsPage.close()
[16:19:42 #1439] [P31] SettingsPage selftest complete: 26 passed, 0 failed
[16:19:42 #1440] [P31] settings page ready
[16:19:47 #1449] [P25] e2e enqueue png/bmp/404
[16:19:51 #1458] [P25] e2e resolved in 3892 ms (png 266x200, bmp decoded=1, 404 cached-as-failed=1)
[16:20:18 #1482] [P31] SettingsPage.open() previousState=p31demo
[16:20:18 #1483] [P31] demo open (anim)
[16:20:19 #1485] [P31] cancelAndClose: discarding changes
[16:20:19 #1486] [P31] SettingsPage.close()
[16:20:19 #1487] [P31] input btn=5 act=2 engine=DuckDuckGo Lite
[16:20:34 #1506] [P31] SettingsPage.open() previousState=p31demo
[16:20:34 #1507] [P31] demo open (anim)
[16:20:36 #1509] [P31] input btn=3 act=0 engine=FrogFind (Fast Text)
