=== PlutoBrowser crash log ===
gamePath: unknown
[17:49:22 #1] PlutoBrowser boot (C port of CometBrowser)
[17:49:22 #2] constants: screen=400x240 chrome=24 contentY=24 contentH=216
[17:49:22 #3] [P02] util selftests begin
[17:49:22 #4] [P02] PASS mem.malloc
[17:49:22 #5] [P02] PASS mem.realloc_preserves
[17:49:22 #6] [P02] PASS mem.strdup
[17:49:22 #7] [P02] PASS mem.strndup
[17:49:22 #8] [P02] PASS mem.free_null
[17:49:22 #9] [P02] PASS strbuf.init
[17:49:22 #10] [P02] PASS strbuf.append_str
[17:49:22 #11] [P02] PASS strbuf.append_char
[17:49:22 #12] [P02] PASS strbuf.embedded_nul
[17:49:22 #13] [P02] PASS strbuf.clear_keeps_cap
[17:49:22 #14] [P02] PASS strbuf.printf
[17:49:22 #15] [P02] PASS strbuf.grow_500
[17:49:22 #16] [P02] PASS strbuf.detach
[17:49:22 #17] [P02] PASS strbuf.detach_resets
[17:49:22 #18] [P02] PASS strbuf.free_idempotent
[17:49:22 #19] [P02] PASS dynarray.init
[17:49:22 #20] [P02] PASS dynarray.push_100_grow
[17:49:22 #21] [P02] PASS dynarray.get_mid
[17:49:22 #22] [P02] PASS dynarray.last
[17:49:22 #23] [P02] PASS dynarray.pop
[17:49:22 #24] [P02] PASS dynarray.get_oob_null
[17:49:22 #25] [P02] PASS dynarray.free
[17:49:22 #26] [P02] PASS strmap.create
[17:49:22 #27] [P02] PASS strmap.put_get
[17:49:22 #28] [P02] PASS strmap.replace_value
[17:49:22 #29] [P02] PASS strmap.has_false
[17:49:22 #30] [P02] PASS strmap.get_missing_null
[17:49:22 #31] [P02] PASS strmap.200_keys_rehash
[17:49:22 #32] [P02] PASS strmap.get_after_rehash
[17:49:22 #33] [P02] PASS strmap.remove
[17:49:22 #34] [P02] PASS strmap.remove_twice_false
[17:49:22 #35] [P02] PASS strmap.survivor_intact
[17:49:22 #36] [P02] PASS strmap.foreach_null_fn_safe
[17:49:22 #37] [P02] PASS strmap.destroy
[17:49:22 #38] [P02] PASS lpat.trim_spaces
[17:49:22 #39] [P02] PASS lpat.trim_empty
[17:49:22 #40] [P02] PASS lpat.trim_only_spaces
[17:49:22 #41] [P02] PASS lpat.scheme_split
[17:49:22 #42] [P02] PASS lpat.scheme_no_match
[17:49:22 #43] [P02] PASS lpat.host_path_no_match_lua
[17:49:22 #44] [P02] PASS lpat.host_bare_no_match_lua
[17:49:22 #45] [P02] PASS lpat.host_reject_spaces
[17:49:22 #46] [P02] PASS lpat.host_trailing_qmark_lua
[17:49:22 #47] [P02] PASS lpat.attr_dquote_1
[17:49:22 #48] [P02] PASS lpat.attr_dquote_2
[17:49:22 #49] [P02] PASS lpat.attr_dquote_done
[17:49:22 #50] [P02] PASS lpat.attr_squote_1
[17:49:22 #51] [P02] PASS lpat.attr_squote_2
[17:49:22 #52] [P02] PASS lpat.attr_squote_done
[17:49:22 #53] [P02] PASS lpat.pathcmd_M
[17:49:22 #54] [P02] PASS lpat.pathcmd_L
[17:49:22 #55] [P02] PASS lpat.pathcmd_Z_empty_arg
[17:49:22 #56] [P02] PASS lpat.pathcmd_done
[17:49:22 #57] [P02] PASS lpat.entity_named_amp
[17:49:22 #58] [P02] PASS lpat.entity_named_lt
[17:49:22 #59] [P02] PASS lpat.entity_named_skips_dec
[17:49:22 #60] [P02] PASS lpat.entity_decimal
[17:49:22 #61] [P02] PASS lpat.entity_hex_lower_x
[17:49:22 #62] [P02] PASS lpat.entity_hex_upper_X
[17:49:22 #63] [P02] PASS lpat.entity_hex_done
[17:49:22 #64] [P02] PASS lpat.charset_utf8
[17:49:22 #65] [P02] PASS lpat.http_status
[17:49:22 #66] [P02] PASS lpat.meta_refresh_url_upper
[17:49:22 #67] [P02] PASS lpat.meta_refresh_frac
[17:49:22 #68] [P02] PASS lpat.viewbox_four_caps
[17:49:22 #69] [P02] PASS lpat.tag_div_attrs
[17:49:22 #70] [P02] PASS lpat.tag_br_selfclose
[17:49:22 #71] [P02] PASS lpat.tag_close_not_matched
[17:49:22 #72] [P02] PASS lpat.css_prop_lua_truth
[17:49:22 #73] [P02] PASS lpat.cookie_pair
[17:49:22 #74] [P02] PASS lpat.tokens_a
[17:49:22 #75] [P02] PASS lpat.tokens_bb
[17:49:22 #76] [P02] PASS lpat.tokens_ccc
[17:49:22 #77] [P02] PASS lpat.tokens_done
[17:49:22 #78] [P02] PASS lpat.lazy_dash
[17:49:22 #79] [P02] PASS lpat.greedy_star
[17:49:22 #80] [P02] PASS lpat.endpunct_true
[17:49:22 #81] [P02] PASS lpat.endpunct_false
[17:49:22 #82] [P02] PASS lpat.escape_dot
[17:49:22 #83] [P02] PASS lpat.escape_percent
[17:49:22 #84] [P02] PASS lpat.escape_dash_outside_set
[17:49:22 #85] [P02] PASS lpat.gsub_fn_hexdecode
[17:49:22 #86] [P02] PASS lpat.gsub_fn_encode
[17:49:22 #87] [P02] PASS lpat.find_init_offset
[17:49:22 #88] [P02] PASS lpat.find_plain
[17:49:22 #89] [P02] PASS lpat.find_plain_miss
[17:49:22 #90] [P02] PASS lpat.gsub_template_trim
[17:49:22 #91] [P02] PASS lpat.gsub_crlf
[17:49:22 #92] [P02] PASS lpat.gsub_count3
[17:49:22 #93] [P02] PASS lpat.gsub_empty_matches
[17:49:22 #94] [P02] PASS lpat.negclass_A
[17:49:22 #95] [P02] PASS lpat.negclass_done
[17:49:22 #96] [P02] PASS lpat.set_leading_bracket
[17:49:22 #97] [P02] PASS lpat.nul_subject_first
[17:49:22 #98] [P02] PASS lpat.nul_subject_second
[17:49:22 #99] [P02] PASS lpat.nul_subject_done
[17:49:22 #100] [P02] PASS lpat.position_capture
[17:49:22 #101] [P02] PASS lpat.balance
[17:49:22 #102] [P02] PASS lpat.frontier_THE
[17:49:22 #103] [P02] PASS lpat.frontier_quick
[17:49:22 #104] [P02] PASS lpat.frontier_fox
[17:49:22 #105] [P02] PASS lpat.frontier_done
[17:49:22 #106] [P02] PASS lpat.opt_without_u
[17:49:22 #107] [P02] PASS lpat.opt_with_u
[17:49:22 #108] [P02] PASS lpat.ip_anchor_ok
[17:49:22 #109] [P02] PASS lpat.ip_anchor_trailing_fail
[17:49:22 #110] ERROR: luapattern: malformed pattern (missing ])  ||  stack: src/util/luapattern.c:79
[17:49:22 #111] [P02] PASS lpat.malformed_set_err
[17:49:22 #112] [P02] PASS json.parse_fixture
[17:49:22 #113] [P02] PASS json.obj_string
[17:49:22 #114] [P02] PASS json.negative_int
[17:49:22 #115] [P02] PASS json.float
[17:49:22 #116] [P02] PASS json.exponent
[17:49:22 #117] [P02] PASS json.bool_true
[17:49:22 #118] [P02] PASS json.null_value
[17:49:22 #119] [P02] PASS json.absent_key
[17:49:22 #120] [P02] PASS json.arr_count
[17:49:22 #121] [P02] PASS json.arr_num
[17:49:22 #122] [P02] PASS json.arr_null_elem
[17:49:22 #123] [P02] PASS json.arr_nested_obj
[17:49:22 #124] [P02] PASS json.escapes_unicode_surrogate
[17:49:22 #125] [P02] PASS json.trailing_data_error
[17:49:22 #126] [P02] PASS json.bad_value_error
[17:49:22 #127] [P02] PASS json.unterminated_error
[17:49:22 #128] [P02] PASS json.roundtrip_parse
[17:49:22 #129] [P02] PASS json.roundtrip_stable
[17:49:22 #130] [P02] PASS json.roundtrip_arr_value
[17:49:22 #131] [P02] PASS json.roundtrip_nested_bool
[17:49:22 #132] [P02] PASS json.obj_set_replace
[17:49:22 #133] [P02] util selftests done: 128 passed, 0 failed
[17:49:22 #134] [P03] url selftests begin
[17:49:22 #135] [P03] PASS url.parse.empty
[17:49:22 #136] [P03] PASS url.parse.https_host
[17:49:22 #137] [P03] PASS url.parse.full
[17:49:22 #138] [P03] PASS url.parse.no_scheme
[17:49:22 #139] [P03] PASS url.parse.empty_host
[17:49:22 #140] [P03] PASS url.parse.ftp_custom_port
[17:49:22 #141] [P03] PASS url.parse.userinfo_quirk
[17:49:22 #142] [P03] PASS url.parse.colon_empty_port
[17:49:22 #143] [P03] PASS url.parse.port_zero
[17:49:22 #144] [P03] PASS url.parse.spaces_trimmed
[17:49:22 #145] [P03] PASS url.parse.about_blank
[17:49:22 #146] [P03] PASS url.parse.about_home
[17:49:22 #147] [P03] PASS url.parse.case_fold
[17:49:22 #148] [P03] PASS url.parse.ip_host
[17:49:22 #149] [P03] PASS url.parse.raw_trimmed
[17:49:22 #150] [P03] PASS url.parse.junk_port_ignored
[17:49:22 #151] [P03] PASS enc.plain
[17:49:22 #152] [P03] PASS enc.specials
[17:49:22 #153] [P03] PASS enc.unreserved_kept
[17:49:22 #154] [P03] PASS enc.plus_encoded
[17:49:22 #155] [P03] PASS enc.utf8
[17:49:22 #156] [P03] PASS enc.percent_literal
[17:49:22 #157] [P03] PASS enc.newline_crlf
[17:49:22 #158] [P03] PASS enc.empty
[17:49:22 #159] [P03] PASS dec.plus_space
[17:49:22 #160] [P03] PASS dec.pct_utf8
[17:49:22 #161] [P03] PASS dec.mixed
[17:49:22 #162] [P03] PASS dec.invalid_pct_kept
[17:49:22 #163] [P03] PASS dec.truncated_pct_kept
[17:49:22 #164] [P03] PASS dec.empty
[17:49:22 #165] [P03] PASS url.roundtrip
[17:49:22 #166] [P03] PASS isq.null_false
[17:49:22 #167] [P03] PASS isq.empty_false
[17:49:22 #168] [P03] PASS isq.spaces_query
[17:49:22 #169] [P03] PASS isq.dot_url
[17:49:22 #170] [P03] PASS isq.bare_word_query
[17:49:22 #171] [P03] PASS isq.leading_dot_query
[17:49:22 #172] [P03] PASS isq.trailing_dot_query
[17:49:22 #173] [P03] PASS isq.ip_url
[17:49:22 #174] [P03] PASS isq.localhost_url
[17:49:22 #175] [P03] PASS isq.localhost_suffix_url
[17:49:22 #176] [P03] PASS isq.https_url
[17:49:22 #177] [P03] PASS isq.about_url
[17:49:22 #178] [P03] PASS isq.file_url
[17:49:22 #179] [P03] PASS isq.spaces_only_is_query
[17:49:22 #180] [P03] PASS isq.upper_scheme_via_dot_rule
[17:49:22 #181] [P03] PASS isq.trimmed_before_dot_rule
[17:49:22 #182] [P03] PASS unwrap.ddg_uddg
[17:49:22 #183] [P03] PASS unwrap.non_ddg_false
[17:49:22 #184] [P03] PASS wrap.missing_uddg_false
[17:49:22 #185] [P03] PASS resolve.same_dir
[17:49:22 #186] [P03] PASS resolve.subdir
[17:49:22 #187] [P03] PASS resolve.root_rel
[17:49:22 #188] [P03] PASS resolve.protocol_relative
[17:49:22 #189] [P03] PASS resolve.anchor
[17:49:22 #190] [P03] PASS resolve.query_only
[17:49:22 #191] [P03] PASS resolve.custom_port_base
[17:49:22 #192] [P03] PASS resolve.anchor_keeps_query
[17:49:22 #193] [P03] PASS resolve.query_replaces
[17:49:22 #194] [P03] PASS resolve.dot_slash
[17:49:22 #195] [P03] PASS resolve.dotdot
[17:49:22 #196] [P03] PASS resolve.dotdot_clamped_root
[17:49:22 #197] [P03] PASS resolve.deep_beyond_root_dropped
[17:49:22 #198] [P03] PASS resolve.about_passthrough
[17:49:22 #199] [P03] PASS resolve.data_passthrough
[17:49:22 #200] [P03] PASS resolve.js_passthrough
[17:49:22 #201] [P03] PASS resolve.absolute_verbatim_case
[17:49:22 #202] [P03] PASS resolve.mailto_not_special
[17:49:22 #203] [P03] PASS resolve.empty_returns_base
[17:49:22 #204] [P03] PASS searchurl.ddg
[17:49:22 #205] [P03] url selftests done: 70 passed, 0 failed
[17:49:22 #206] [P04] storage+cookiejar selftests begin
[17:49:22 #207] [P04] PASS ts.epoch1970
[17:49:22 #208] [P04] PASS ts.bttf2015
[17:49:22 #209] [P04] PASS ts.leap2000feb29
[17:49:22 #210] [P04] PASS ts.neg1969
[17:49:22 #211] [P04] PASS ts.clamp_month0
[17:49:22 #212] [P04] PASS ts.clamp_month13
[17:49:22 #213] [P04] PASS ts.clamp_year_neg
[17:49:22 #214] [P04] PASS ts.clamp_day0
[17:49:22 #215] [P04] PASS ts.floor_frac
[17:49:22 #216] [P04] PASS ts.frac_hour
[17:49:22 #217] [P04] PASS ts.nil_hms_zeroed
[17:49:22 #218] [P04] PASS date.imf_fixdate
[17:49:22 #219] [P04] PASS date.rfc850_4digit
[17:49:22 #220] [P04] PASS date.rfc850_2digit
[17:49:22 #221] [P04] PASS date.rfc850_pivot69
[17:49:22 #222] [P04] PASS date.asctime_dblspace_nil
[17:49:22 #223] [P04] PASS date.asctime_single_space
[17:49:22 #224] [P04] PASS date.lowercase_month_nil
[17:49:22 #225] [P04] PASS date.garbage_nil
[17:49:22 #226] [P04] PASS date.trailing_junk_ok
[17:49:22 #227] [P04] PASS date.no_weekday_nil
[17:49:22 #228] [P04] PASS date.empty_nil
[17:49:22 #229] [P04] PASS sc01.basic
[17:49:22 #230] [P04] PASS sc02.attrs
[17:49:22 #231] [P04] PASS sc03.domain_dot
[17:49:22 #232] [P04] PASS sc04.domain_exact
[17:49:22 #233] [P04] PASS sc05.domain_suffix
[17:49:22 #234] [P04] PASS sc06.domain_localhost
[17:49:22 #235] [P04] PASS sc07.domain_foreign_reject
[17:49:22 #236] [P04] PASS sc08.domain_undotted_reject
[17:49:22 #237] [P04] PASS sc09.path_noslash
[17:49:22 #238] [P04] PASS sc10.samesite_lax
[17:49:22 #239] [P04] PASS sc11.samesite_weird_ignored
[17:49:22 #240] [P04] PASS sc12.maxage_future
[17:49:22 #241] [P04] PASS sc13.maxage_zero_del
[17:49:22 #242] [P04] PASS sc14.maxage_negative_del
[17:49:22 #243] [P04] PASS sc15.maxage_junk_ignored
[17:49:22 #244] [P04] PASS sc16.expires_imf
[17:49:22 #245] [P04] PASS sc17.expires_asctime
[17:49:22 #246] [P04] PASS sc18.expires_garbage_ignored
[17:49:22 #247] [P04] PASS sc19.expires_then_maxage_wins
[17:49:22 #248] [P04] PASS sc20.maxage_then_expires_skipped
[17:49:22 #249] [P04] PASS rej.space_in_pair
[17:49:22 #250] [P04] PASS rej.bad_name
[17:49:22 #251] [P04] PASS rej.no_name
[17:49:22 #252] [P04] PASS rej.quote_in_value
[17:49:22 #253] [P04] PASS rej.comma_in_value
[17:49:22 #254] [P04] PASS rej.no_equals
[17:49:22 #255] [P04] PASS sc27.empty_value_ok
[17:49:22 #256] [P04] PASS sc32.dollar_name_ok
[17:49:22 #257] [P04] PASS sc33.empty_attrs_skipped
[17:49:22 #258] [P04] PASS rej.empty_host_raw
[17:49:22 #259] [P04] PASS rej.null_host
[17:49:22 #260] [P04] PASS rej.null_raw
[17:49:22 #261] [P04] PASS rej.ws_only_raw
[17:49:22 #262] [P04] PASS hdr.two_cookies
[17:49:22 #263] [P04] PASS hdr.replace_moves_end
[17:49:22 #264] [P04] PASS store.replace_count
[17:49:22 #265] [P04] PASS hdr.after_delete
[17:49:22 #266] [P04] PASS store.delete_count
[17:49:22 #267] [P04] PASS hdr.domain_cookie
[17:49:22 #268] [P04] PASS hdr.cross_host_isolated
[17:49:22 #269] [P04] PASS store.domain_count
[17:49:22 #270] [P04] PASS hdr.secure_blocked_http
[17:49:22 #271] [P04] PASS hdr.secure_allowed_https
[17:49:22 #272] [P04] PASS store.secure_count
[17:49:22 #273] [P04] PASS hdr.path_prefix_no
[17:49:22 #274] [P04] PASS hdr.path_exact_yes
[17:49:22 #275] [P04] PASS hdr.path_subdir_yes
[17:49:22 #276] [P04] PASS hdr.path_boundary_no
[17:49:22 #277] [P04] PASS store.docs_count
[17:49:22 #278] [P04] PASS cap.count300
[17:49:22 #279] [P04] PASS cap.first_evicted_to_c6
[17:49:22 #280] [P04] PASS cap.last_is_c305
[17:49:22 #281] [P04] PASS cap.future_expires_stored_evicts
[17:49:22 #282] [P04] PASS clear.zeroes
[17:49:22 #283] [P04] PASS exp.stored
[17:49:22 #284] [P04] PASS exp.alive_before
[17:49:22 #285] [P04] PASS exp.pruned_after
[17:49:22 #286] [P04] PASS exp.list_empty_after_prune
[17:49:22 #287] [P04] PASS st.defaults_bm9
[17:49:22 #288] [P04] PASS st.default_bm1_fields
[17:49:22 #289] [P04] PASS st.default_bm8_title
[17:49:22 #290] [P04] PASS st.default_settings
[17:49:22 #291] [P04] PASS hist.about_and_empty_skipped
[17:49:22 #292] [P04] PASS hist.two_added
[17:49:22 #293] [P04] PASS hist.insert_front_order
[17:49:22 #294] [P04] PASS hist.time_hhmm
[17:49:22 #295] [P04] PASS hist.dedup_count
[17:49:22 #296] [P04] PASS hist.dedup_moves_front_title_defaults_url
[17:49:22 #297] [P04] PASS hist.cap50
[17:49:22 #298] [P04] PASS hist.cap_newest_first
[17:49:22 #299] [P04] PASS hist.cap_oldest_evicted_fill1to5_gone
[17:49:22 #300] [P04] PASS bm.is_true
[17:49:22 #301] [P04] PASS bm.is_false
[17:49:22 #302] [P04] PASS bm.add_empty_rejected
[17:49:22 #303] [P04] PASS bm.dup_returns_true
[17:49:22 #304] [P04] PASS bm.dup_updates_title_only_keeps_desc
[17:49:22 #305] [P04] PASS bm.append_true
[17:49:22 #306] [P04] PASS bm.appended_last
[17:49:22 #307] [P04] PASS bm.remove_valid
[17:49:22 #308] [P04] PASS bm.remove_zero_invalid
[17:49:22 #309] [P04] PASS bm.remove_big_invalid
[17:49:22 #310] [P04] PASS st.save_ok
[17:49:22 #311] [P04] PASS st.load_ok
[17:49:22 #312] [P04] PASS st.roundtrip_bm9
[17:49:22 #313] [P04] PASS st.roundtrip_bm1
[17:49:22 #314] [P04] PASS st.roundtrip_hist_top
[17:49:22 #315] [P04] PASS st.roundtrip_settings
[17:49:22 #316] [P04] PASS st.save_empty_bm
[17:49:22 #317] [P04] PASS st.load_empty_bm
[17:49:22 #318] [P04] PASS st.empty_bm_falls_back_to_defaults
[17:49:22 #319] [P04] PASS st.empty_bm_default_google
[17:49:22 #320] [P04] PASS num.junk_fail
[17:49:22 #321] [P04] PASS num.empty_fail
[17:49:22 #322] [P04] PASS num.comma_fail
[17:49:22 #323] [P04] PASS num.ws_trimmed
[17:49:22 #324] [P04] PASS num.hex
[17:49:22 #325] [P04] PASS num.exponent
[17:49:22 #326] [P04] storage+cookiejar selftests done: 119 passed, 0 failed
[17:49:22 #327] [P05] task queued (queue=1)
[17:49:22 #328] [P05] PASS run.is_running_immediately
[17:49:22 #329] [P05] PASS run.progress_reset_immediately
[17:49:22 #330] [P05] PASS run.step_not_called_before_update
[17:49:22 #331] [P05] task done
[17:49:22 #332] [P05] gc drain (no-op in C)
[17:49:22 #333] [P05] PASS done.no_callback_when_null_onComplete
[17:49:22 #334] [P05] PASS done.queue_emptied_progress_forced_one
[17:49:22 #335] [P05] task queued (queue=1)
[17:49:22 #336] [P05] task done
[17:49:22 #337] [P05] gc drain (no-op in C)
[17:49:22 #338] [P05] PASS budget.first_yield_at_iter64
[17:49:22 #339] [P05] PASS budget.frames16_for_1000iters_at20ms
[17:49:22 #340] [P05] task queued (queue=1)
[17:49:22 #341] [P05] task done
[17:49:22 #342] [P05] gc drain (no-op in C)
[17:49:22 #343] [P05] PASS budget.frozen_clock_single_frame
[17:49:22 #344] [P05] PASS outside.never_yields
[17:49:22 #345] [P05] task queued (queue=1)
[17:49:22 #346] [P05] task error: Parse Error: boom
[17:49:22 #347] [P05] gc drain (no-op in C)
[17:49:22 #348] [P05] PASS err.onError_not_onComplete
[17:49:22 #349] [P05] PASS err.message_delivered_verbatim
[17:49:22 #350] [P05] PASS err.progress_keeps_task_report
[17:49:22 #351] [P05] task queued (queue=1)
[17:49:22 #352] [P05] task error: task error
[17:49:22 #353] [P05] gc drain (no-op in C)
[17:49:22 #354] [P05] PASS err.default_message
[17:49:22 #355] [P05] task queued (queue=1)
[17:49:22 #356] [P05] task queued (queue=2)
[17:49:22 #357] [P05] PASS fifo.two_queued
[17:49:22 #358] [P05] task done
[17:49:22 #359] [P05] gc drain (no-op in C)
[17:49:22 #360] [P05] PASS fifo.upd1_only_head_a
[17:49:22 #361] [P05] task done
[17:49:22 #362] [P05] gc drain (no-op in C)
[17:49:22 #363] [P05] PASS fifo.upd2_then_b
[17:49:22 #364] [P05] PASS fifo.upd3_idle
[17:49:22 #365] [P05] task queued (queue=1)
[17:49:22 #366] [P05] PASS prog.reset_by_run
[17:49:22 #367] [P05] PASS prog.neg_clamped
[17:49:22 #368] [P05] PASS prog.set03
[17:49:22 #369] [P05] PASS prog.regression_ignored
[17:49:22 #370] [P05] PASS prog.over_clamped
[17:49:22 #371] [P05] task done
[17:49:22 #372] [P05] gc drain (no-op in C)
[17:49:22 #373] [P05] PASS cancel.empty_queue_noop
[17:49:22 #374] [P05] task queued (queue=1)
[17:49:22 #375] [P05] PASS cancel.job_started_yielded
[17:49:22 #376] [P05] cancelAll dropped all tasks
[17:49:22 #377] [P05] PASS cancel.queue_cleared_progress_zeroed
[17:49:22 #378] [P05] PASS cancel.no_callbacks_fired
[17:49:22 #379] [P05] PASS cancel.ctx_freed
[17:49:22 #380] [P05] gc drain (no-op in C)
[17:49:22 #381] [P05] PASS cancel.post_cancel_idle_safe
[17:49:22 #382] [P05] task queued (queue=1)
[17:49:22 #383] [P05] task queued (queue=2)
[17:49:22 #384] [P05] PASS run.second_run_resets_progress
[17:49:22 #385] [P05] cancelAll dropped all tasks
[17:49:22 #386] [P05] task queued (queue=1)
[17:49:22 #387] [P05] task done
[17:49:22 #388] [P05] gc drain (no-op in C)
[17:49:22 #389] [P05] PASS free.on_complete_path
[17:49:22 #390] [P05] task queued (queue=1)
[17:49:22 #391] [P05] task error: task error
[17:49:22 #392] [P05] gc drain (no-op in C)
[17:49:22 #393] [P05] PASS free.on_error_path
[17:49:22 #394] [P05] task queued (queue=1)
[17:49:22 #395] [P05] task done
[17:49:22 #396] [P05] gc drain (no-op in C)
[17:49:22 #397] [P05] PASS yieldn.four_frames_then_done
[17:49:22 #398] [P05] gc drain (no-op in C)
[17:49:22 #399] [P05] PASS gc.external_schedule_safe
[17:49:22 #400] [P05] tasks selftests done: 33 passed, 0 failed
[17:49:22 #401] [P06] PASS cp1252.A41_raw_ascii
[17:49:22 #402] [P06] PASS cp1252.7f_stays_raw
[17:49:22 #403] [P06] PASS cp1252.80_is_euro
[17:49:22 #404] [P06] PASS cp1252.81_self_map_C281
[17:49:22 #405] [P06] PASS cp1252.92_right_quote
[17:49:22 #406] [P06] PASS cp1252.9c_oe_ligature
[17:49:22 #407] [P06] PASS cp1252.9f_Y_dieresis
[17:49:22 #408] [P06] PASS cp1252.a0_passthrough_C2A0
[17:49:22 #409] [P06] PASS cp1252.no_header_verbatim
[17:49:22 #410] [P06] PASS cp1252.e9_decodes_C3A9
[17:49:22 #411] [P06] PASS cp1252.ff_decodes_C3BF
[17:49:22 #412] [P06] PASS utf16le.bom_A
[17:49:22 #413] [P06] PASS utf16le.surrogate_pair_U10037
[17:49:22 #414] [P06] PASS utf16le.lone_high_consumes_next
[17:49:22 #415] [P06] PASS utf16be.euro_check
[17:49:22 #416] [P06] PASS utf8bom.stripped_hello
[17:49:22 #417] [P06] PASS hdr.utf8_verbatim_E9
[17:49:22 #418] [P06] PASS hdr.utf_8_alias_verbatim
[17:49:22 #419] [P06] PASS hdr.utf8mb4_passthrough
[17:49:22 #420] [P06] PASS hdr.ascii_verbatim
[17:49:22 #421] [P06] PASS hdr.usascii_passthrough
[17:49:22 #422] [P06] PASS hdr.quoted_value_fails_pattern
[17:49:22 #423] [P06] PASS hdr.missing_value_fails
[17:49:22 #424] [P06] PASS hdr.no_charset_verbatim
[17:49:22 #425] [P06] PASS hdr.Windows1252_decodes
[17:49:22 #426] [P06] PASS hdr.cp1252_decodes
[17:49:22 #427] [P06] PASS hdr.latin1_decodes
[17:49:22 #428] [P06] PASS hdr.iso88591_decodes
[17:49:22 #429] [P06] PASS hdr.iso8859_decodes
[17:49:22 #430] [P06] PASS hdr.shiftjis_besteffort
[17:49:22 #431] [P06] PASS hdr.eucjp_besteffort
[17:49:22 #432] [P06] PASS hdr.utf16le_nonbom_empty
[17:49:22 #433] [P06] PASS hdr.bare_utf16_not_dispatched
[17:49:22 #434] [P06] PASS meta.charset_simple_decodes
[17:49:22 #435] [P06] PASS meta.http_equiv_content_pattern
[17:49:22 #436] [P06] PASS meta.beyond1024_ignored
[17:49:22 #437] [P06] PASS prec.header_cp1252_beats_meta
[17:49:22 #438] [P06] PASS prec.header_utf8_allows_meta
[17:49:22 #439] [P06] PASS ent.fastpath_control_verbatim
[17:49:22 #440] [P06] PASS ent.named_basics
[17:49:22 #441] [P06] PASS ent.copy_reg_trade
[17:49:22 #442] [P06] PASS ent.deg_not_exact_spacing
[17:49:22 #443] [P06] PASS ent.frac12_never_matches
[17:49:22 #444] [P06] PASS ent.unknown_name_spaced
[17:49:22 #445] [P06] PASS ent.case_sensitive
[17:49:22 #446] [P06] PASS ent.missing_semicolon_raw
[17:49:22 #447] [P06] PASS dec.basic_nbsp_dashes
[17:49:22 #448] [P06] PASS dec.quote_family_ellipsis_bullet
[17:49:22 #449] [P06] PASS dec.math_table
[17:49:22 #450] [P06] PASS dec.range_edges
[17:49:22 #451] [P06] PASS dec.huge_number_space
[17:49:22 #452] [P06] PASS hex.basic_a0_dash
[17:49:22 #453] [P06] PASS hex.thin_spaces
[17:49:22 #454] [P06] PASS hex.lacks_201a_asymmetry
[17:49:22 #455] [P06] PASS dec.has_201a_quote
[17:49:22 #456] [P06] PASS clean.translit_accents
[17:49:22 #457] [P06] PASS clean.OE_thorn
[17:49:22 #458] [P06] PASS clean.caron_unmapped_space
[17:49:22 #459] [P06] PASS clean.euro_3byte_single_space
[17:49:22 #460] [P06] PASS clean.emoji_widens_per_byte
[17:49:22 #461] [P06] PASS clean.truncated_tail_single_space
[17:49:22 #462] [P06] PASS clean.nbsp_fixed_seq
[17:49:22 #463] [P06] PASS clean.emdash_fixed_seq
[17:49:22 #464] [P06] PASS clean.full_pipeline_mixed
[17:49:22 #465] [P06] PASS clean.high_absent_keeps_control
[17:49:22 #466] [P06] PASS encode.all_but_apostrophe
[17:49:22 #467] [P06] PASS encode.null_empty
[17:49:22 #468] [P05] task queued (queue=1)
[17:49:22 #469] [P05] task done
[17:49:22 #470] [P05] gc drain (no-op in C)
[17:49:22 #471] [P06] PASS task.decode_completes_one_frame
[17:49:22 #472] [P06] PASS task.decode_outlen
[17:49:22 #473] [P06] PASS task.decode_output
[17:49:22 #474] [P06] PASS norm.windows1252_alias
[17:49:22 #475] [P06] PASS norm.utf8_alias
[17:49:22 #476] [P06] PASS norm.null_safe
[17:49:22 #477] [P06] PASS degen.null_body_empty
[17:49:22 #478] [P06] PASS degen.decode_empty
[17:49:22 #479] [P06] encoding selftests done: 75 passed, 0 failed
[17:49:22 #480] [P07] PASS A.ret
[17:49:22 #481] [P07] PASS A.loading_after_get
[17:49:22 #482] [P07] PASS A.conn_args
[17:49:22 #483] [P07] PASS A.timeouts_ms_and_bufsize
[17:49:22 #484] [P07] PASS A.request_bytes_exact
[17:49:22 #485] [P07] PASS A.loading_after_success
[17:49:22 #486] [P07] PASS A2.conn_ssl_8443
[17:49:22 #487] [P07] PASS A2.cookie_request_bytes
[17:49:22 #488] [P07] PASS A3.default_port_suppressed
[17:49:22 #489] [P07] PASS C.jar_count_2
[17:49:22 #490] [P07] PASS C.cookie_header_roundtrip
[17:49:22 #491] [P07] PASS D.ret
[17:49:22 #492] [P07] PASS D.status
[17:49:22 #493] [P07] PASS D.bodylen_beyond_cl
[17:49:22 #494] [P07] PASS D.slice_to_end
[17:49:22 #495] [P07] PASS D.url
[17:49:22 #496] [P07] PASS E.no_success_midstream
[17:49:22 #497] [P07] PASS E.status
[17:49:22 #498] [P07] PASS E.decoded_body
[17:49:22 #499] [P07] PASS F.first_hop_closed
[17:49:22 #500] [P07] PASS F.hop2_conn
[17:49:22 #501] [P07] PASS F.relative_resolution
[17:49:22 #502] [P07] PASS F.final_status
[17:49:22 #503] [P07] PASS F.final_url
[17:49:22 #504] [P07] PASS F.sock_count
[17:49:22 #505] [P07] PASS G.six_sockets
[17:49:22 #506] [P07] PASS G.silent_drop_no_callbacks
[17:49:22 #507] [P07] PASS G.not_loading_after
[17:49:22 #508] [P07] PASS H.partial_over_512_done
[17:49:22 #509] [P07] PASS H.bodylen_600
[17:49:22 #510] [P07] PASS I.timeout_error
[17:49:22 #511] [P07] PASS I.timeout_message
[17:49:22 #512] [P07] PASS J.closed_no_data_error
[17:49:22 #513] [P07] PASS J.closed_message
[17:49:22 #514] [P07] PASS P.closed_midbody_done
[17:49:22 #515] [P07] PASS P.partial_body
[17:49:22 #516] [P07] PASS K.stale_socket_closed
[17:49:22 #517] [P07] PASS K.silent
[17:49:22 #518] [P07] PASS K.idle
[17:49:22 #519] [P07] PASS L.get_about_loading
[17:49:22 #520] [P07] PASS L.still_pending
[17:49:22 #521] [P07] PASS L.progress_100
[17:49:22 #522] [P07] PASS L.home_status
[17:49:22 #523] [P07] PASS L.home_ct
[17:49:22 #524] [P07] PASS L.home_len_100
[17:49:22 #525] [P07] PASS L.home_url
[17:49:22 #526] [P07] PASS L.done_not_loading
[17:49:22 #527] [P07] PASS L.unknown_ret_true
[17:49:22 #528] [P07] PASS L.unknown_error
[17:49:22 #529] [P07] PASS L.unknown_message
[17:49:22 #530] [P07] PASS L.unknown_idle
[17:49:22 #531] [P07] PASS L.blank_len_26
[17:49:22 #532] [P07] PASS L.acid_len_2984
[17:49:22 #533] [P07] PASS L.acid_title_present
[17:49:22 #534] [P07] PASS M.ret_false
[17:49:22 #535] [P07] PASS M.sync_error
[17:49:22 #536] [P07] PASS M.message
[17:49:22 #537] [P07] PASS M.idle
[17:49:22 #538] [P07] PASS N.send_error
[17:49:22 #539] [P07] PASS N.send_failed_prefix
[17:49:22 #540] [P07] PASS N.idle
[17:49:22 #541] [P07] PASS O.three_progress_calls
[17:49:22 #542] [P07] PASS O.first_0_0
[17:49:22 #543] [P07] PASS O.second_body_bytes
[17:49:22 #544] [P07] PASS O.clamped_final
[17:49:22 #545] [P07] PASS O.delivered
[17:49:22 #546] [P07] PASS Q.delivered_as_normal
[17:49:22 #547] [P07] PASS Q.empty_body
[17:49:22 #548] [P07] PASS R.deny_ret_false
[17:49:22 #549] [P07] PASS R.deny_error
[17:49:22 #550] [P07] PASS R.deny_message
[17:49:22 #551] [P07] PASS R.purpose_string
[17:49:22 #552] [P07] PASS S.ask_ret_true
[17:49:22 #553] [P07] PASS S.waiting_no_socket_yet
[17:49:22 #554] [P07] PASS S.one_access_call
[17:49:22 #555] [P07] PASS S.callback_recorded
[17:49:22 #556] [P07] PASS S.socket_after_grant
[17:49:22 #557] [P07] PASS S.completed_after_grant
[17:49:22 #558] [P07] PASS S.grant_cached_same_host
[17:49:22 #559] [P07] PASS T.waiting
[17:49:22 #560] [P07] PASS T.async_deny_error
[17:49:22 #561] [P07] PASS T.async_deny_message
[17:49:22 #562] [P07] PASS T.idle_after_deny
[17:49:22 #563] [P07] PASS W.error_state_before_tick
[17:49:22 #564] [P07] PASS W.open_failed_delivered
[17:49:22 #565] [P07] PASS W.open_failed_message
[17:49:22 #566] [P07] PASS W.idle
[17:49:22 #567] [P07] PASS V.empty_parses_to_blank_host
[17:49:22 #568] [P07] PASS V.host_blank_port0
[17:49:22 #569] [P07] http selftests done: 89 passed, 0 failed
[17:49:22 #570] [P08] tokenizer selftests start
[17:49:22 #571] [P08] PASS A.nonnull
[17:49:22 #572] [P08] PASS A.title_default
[17:49:22 #573] [P08] PASS A.count_1
[17:49:22 #574] [P08] PASS A.text
[17:49:22 #575] [P08] PASS B.empty_count0
[17:49:22 #576] [P08] PASS B.empty_title
[17:49:22 #577] [P08] PASS C.entity_decode
[17:49:22 #578] [P08] PASS D.count_3
[17:49:22 #579] [P08] PASS D.tag_p_open
[17:49:22 #580] [P08] PASS D.text_hi
[17:49:22 #581] [P08] PASS D.tag_p_close_self
[17:49:22 #582] [P08] PASS E.count_4
[17:49:22 #583] [P08] PASS E.br_slash
[17:49:22 #584] [P08] PASS E.br_space_slash
[17:49:22 #585] [P08] PASS E.hr_plain
[17:49:22 #586] [P08] PASS E.close_p_self
[17:49:22 #587] [P08] PASS F.colon_names
[17:49:22 #588] [P08] PASS F.attr_datax
[17:49:22 #589] [P08] PASS G.lowered_names
[17:49:22 #590] [P08] PASS G.attr_val_case_kept
[17:49:22 #591] [P08] PASS G.text_Y
[17:49:22 #592] [P08] PASS H.interleave
[17:49:22 #593] [P08] PASS I.lt_space_gt_quirk
[17:49:22 #594] [P08] PASS J.junk_dropped
[17:49:22 #595] [P08] PASS K.doctype_vanishes
[17:49:22 #596] [P08] PASS L.broken_tail_dropped
[17:49:22 #597] [P08] PASS M.count_3
[17:49:22 #598] [P08] PASS M.tag_a
[17:49:22 #599] [P08] PASS M.href_decoded
[17:49:22 #600] [P08] PASS M.id_single_quoted
[17:49:22 #601] [P08] PASS M.unquoted
[17:49:22 #602] [P08] PASS M.boolean_disabled
[17:49:22 #603] [P08] PASS M.boolean_datax
[17:49:22 #604] [P08] PASS M.attr_count_5
[17:49:22 #605] [P08] PASS M.text_y
[17:49:22 #606] [P08] PASS M.close_a
[17:49:22 #607] [P08] PASS N.first_wins
[17:49:22 #608] [P08] PASS N.src_first
[17:49:22 #609] [P08] PASS N.alt_first_lowered_key
[17:49:22 #610] [P08] PASS N.attr_count_2
[17:49:22 #611] [P08] PASS O.key_dot_quirk
[17:49:22 #612] [P08] PASS O.a_bool
[17:49:22 #613] [P08] PASS O.b_c
[17:49:22 #614] [P08] PASS O.d_e_f_g
[17:49:22 #615] [P08] PASS O.attr_count_3
[17:49:22 #616] [P08] PASS P.space_before_eq_quirk
[17:49:22 #617] [P08] PASS P.href_empty
[17:49:22 #618] [P08] PASS P.v_bool_lost_value
[17:49:22 #619] [P08] PASS P.attr_count_2
[17:49:22 #620] [P08] PASS Q.unterminated_quote_all_dropped
[17:49:22 #621] [P08] PASS R.comment_full
[17:49:22 #622] [P08] PASS S.comment_unclosed_tail_after_gt
[17:49:22 #623] [P08] PASS T.script_skip
[17:49:22 #624] [P08] PASS U.script_case_insensitive
[17:49:22 #625] [P08] PASS V.script_unclosed_swallows_rest
[17:49:22 #626] [P08] PASS W.style_skip
[17:49:22 #627] [P08] PASS X.style_unclosed_swallows
[17:49:22 #628] [P08] PASS Y.title_decoded_collapsed
[17:49:22 #629] [P08] PASS Y.title_tags_not_emitted
[17:49:22 #630] [P08] PASS Z.title_unclosed_default
[17:49:22 #631] [P08] PASS AA.prefix_hijack_title
[17:49:22 #632] [P08] PASS AB.alloc_big
[17:49:22 #633] [P08] PASS AC.trunc_cut_at_gt_single
[17:49:22 #634] [P08] PASS AC.text_len_262202
[17:49:22 #635] [P08] PASS AD.alloc_flat
[17:49:22 #636] [P08] PASS AE.no_gt_exact_max
[17:49:22 #637] [P08] PASS AF.exact_max_untouched
[17:49:22 #638] [P08] PASS AG.progress_reported
[17:49:22 #639] [P08] tokenizer selftests done: 68 passed, 0 failed
[17:49:22 #640] [P09] dom selftests start
[17:49:22 #641] [P09] PASS A.root
[17:49:22 #642] [P09] PASS A.diag
[17:49:22 #643] [P09] PASS A.child_text
[17:49:22 #644] [P09] PASS B.empty
[17:49:22 #645] [P09] PASS C.nested_counts
[17:49:22 #646] [P09] PASS C.structure
[17:49:22 #647] [P09] PASS D.format_survives
[17:49:22 #648] [P09] PASS D.b_nests_i
[17:49:22 #649] [P09] PASS E.p_implied_by_div
[17:49:22 #650] [P09] PASS F.stray_li_root_siblings
[17:49:22 #651] [P09] PASS G.list_counts
[17:49:22 #652] [P09] PASS G.list_shape
[17:49:22 #653] [P09] PASS G.inner_list
[17:49:22 #654] [P09] PASS H.dtdd
[17:49:22 #655] [P09] PASS I.table_counts
[17:49:22 #656] [P09] PASS I.table_shape
[17:49:22 #657] [P09] PASS I.rows_cells
[17:49:22 #658] [P09] PASS J.stray_tr_dropped
[17:49:22 #659] [P09] PASS K.stray_td_dropped
[17:49:22 #660] [P09] PASS L.option_outside_dropped
[17:49:22 #661] [P09] PASS M.anchor_reopen
[17:49:22 #662] [P09] PASS M.second_a_sibling
[17:49:22 #663] [P09] PASS N.voids_flat
[17:49:22 #664] [P09] PASS N.sequence
[17:49:22 #665] [P09] PASS N.close_br_ignored
[17:49:22 #666] [P09] PASS O.selfclose_not_pushed
[17:49:22 #667] [P09] PASS P.head_skipped
[17:49:22 #668] [P09] PASS P.body_p_vis
[17:49:22 #669] [P09] PASS P.diag_skipped1_proc10
[17:49:22 #670] [P09] PASS Q.template_hidden
[17:49:22 #671] [P09] PASS Q.skipped3
[17:49:22 #672] [P09] PASS R.close_through_counts
[17:49:22 #673] [P09] PASS R.popped_through_span
[17:49:22 #674] [P09] PASS R.deep_sibling_of_p
[17:49:22 #675] [P09] PASS S.unknown_close_noop
[17:49:22 #676] [P09] PASS S.b_inside_div
[17:49:22 #677] [P09] PASS T.attrs_kept
[17:49:22 #678] [P09] PASS T.attr_values
[17:49:22 #679] [P09] PASS T.text
[17:49:22 #680] [P09] PASS U.chain_depth_12
[17:49:22 #681] [P09] PASS V.blockquote_ps
[17:49:22 #682] [P09] PASS V.two_siblings
[17:49:22 #683] [P09] PASS W.alloc
[17:49:22 #684] [P09] PASS W.valve_diag
[17:49:22 #685] [P09] PASS W.valve_kids
[17:49:22 #686] [P09] PASS X.alloc
[17:49:22 #687] [P09] PASS X.capped_at_6000
[17:49:22 #688] [P09] PASS X.maxhit_dead_flag_false
[17:49:22 #689] [P09] PASS Y.progress_in_dom_range
[17:49:22 #690] [P09] dom selftests done: 49 passed, 0 failed
[17:49:22 #691] [P11] PASS A.blank_title
[17:49:22 #692] [P11] PASS A.blank_base
[17:49:22 #693] [P11] PASS A.empty_no_blocks
[17:49:22 #694] [P11] PASS A.raw_html
[17:49:22 #695] [P11] PASS B.reader_doc
[17:49:22 #696] [P11] PASS C.h2_meta
[17:49:22 #697] [P11] PASS C.h6_align_attr
[17:49:22 #698] [P11] PASS C.h3_align_style
[17:49:22 #699] [P11] PASS D.div_para
[17:49:22 #700] [P11] PASS D.section_para
[17:49:22 #701] [P11] PASS D.margin_shorthand2
[17:49:22 #702] [P11] PASS D.padding_left
[17:49:22 #703] [P11] PASS D.invert_center
[17:49:22 #704] [P11] PASS E.nest_bi
[17:49:22 #705] [P11] PASS E.flags7
[17:49:22 #706] [P11] PASS E.code_family
[17:49:22 #707] [P11] PASS F.br_same_para
[17:49:22 #708] [P11] PASS F.br_flags
[17:49:22 #709] [P11] PASS F.wbr
[17:49:22 #710] [P11] PASS F.hr_flushes
[17:49:22 #711] [P11] PASS G.pre_raw
[17:49:22 #712] [P11] PASS G.pre_blank_line
[17:49:22 #713] [P11] PASS G.xmp
[17:49:22 #714] [P11] PASS H.span_styles
[17:49:22 #715] [P11] PASS H.font_size
[17:49:22 #716] [P11] PASS H.time_fallback
[17:49:22 #717] [P11] PASS H.data_children_win
[17:49:22 #718] [P11] PASS H.time_text_no_fallback
[17:49:22 #719] [P11] PASS I.quotes
[17:49:22 #720] [P11] PASS J.resolve_target
[17:49:22 #721] [P11] PASS J.inline_link
[17:49:22 #722] [P11] PASS J.invalid_skipped
[17:49:22 #723] [P11] PASS J.invalid_plain
[17:49:22 #724] [P11] PASS J.title_fallback
[17:49:22 #725] [P11] PASS J.href_fallback
[17:49:22 #726] [P11] PASS J.text_accum
[17:49:22 #727] [P11] PASS J.anchor_seq
[17:49:22 #728] [P11] PASS K.ul_defaults
[17:49:22 #729] [P11] PASS K.ol_start
[17:49:22 #730] [P11] PASS K.ol_reversed
[17:49:22 #731] [P11] PASS K.ol_typeA
[17:49:22 #732] [P11] PASS K.ol_type_invalid
[17:49:22 #733] [P11] PASS K.nested_depth
[17:49:22 #734] [P11] PASS K.stray_li
[17:49:22 #735] [P11] PASS K.value_renumber
[17:49:22 #736] [P11] PASS L.dt_dd_flags
[17:49:22 #737] [P11] PASS L.dl_nested_indent
[17:49:22 #738] [P11] PASS N.caption_attached
[17:49:22 #739] [P11] PASS N.no_image_no_block
[17:49:22 #740] [P11] PASS O.clamps
[17:49:22 #741] [P11] PASS O.defaults
[17:49:22 #742] [P11] PASS O.alt_title
[17:49:22 #743] [P11] PASS O.data_src
[17:49:22 #744] [P11] PASS O.srcset_first
[17:49:22 #745] [P11] PASS O.filters
[17:49:22 #746] [P11] PASS O.usemap_strip
[17:49:22 #747] [P11] PASS O.img_in_link
[17:49:22 #748] [P11] PASS P.hidden_skip
[17:49:22 #749] [P11] PASS P.display_none
[17:49:22 #750] [P11] PASS P.inert_attr
[17:49:22 #751] [P11] PASS Q.scan_pattern_a
[17:49:22 #752] [P11] PASS Q.scan_pattern_b
[17:49:22 #753] [P11] PASS Q.body_overrides
[17:49:22 #754] [P11] PASS Q.invalid_ignored
[17:49:22 #755] [P11] PASS R.base_override
[17:49:22 #756] [P11] PASS R.first_nonempty_wins
[17:49:22 #757] [P11] PASS R.https_base
[17:49:22 #758] [P11] PASS S.block_cap_notice
[17:49:22 #759] [P11] PASS S.inline_cap
[17:49:22 #760] [P11] PASS T.basic_rows
[17:49:22 #761] [P11] PASS T.implicit_tr_quirk
[17:49:22 #762] [P11] PASS T.th_spans
[17:49:22 #763] [P11] PASS T.caption_trim
[17:49:22 #764] [P11] PASS T.border_width_align
[17:49:22 #765] [P11] PASS T.border_zero_off
[17:49:22 #766] [P11] PASS T.tbody_wrapper
[17:49:22 #767] [P11] PASS T.nested_dropped
[17:49:22 #768] [P11] PASS T.empty_cell_space
[17:49:22 #769] [P11] PASS T.cell_flags_link
[17:49:22 #770] [P11] PASS T.cell_first_ws_strip
[17:49:22 #771] [P11] PASS T.stray_tr_text_leak
[17:49:22 #772] [P11] PASS T.stray_td_text_leak
[17:49:22 #773] [P11] PASS T.block_tags_plain_in_cell
[17:49:22 #774] [P11] PASS U.hidden_block
[17:49:22 #775] [P11] PASS U.text_defaults
[17:49:22 #776] [P11] PASS U.text_attrs
[17:49:22 #777] [P11] PASS U.checkbox_aria_fallback
[17:49:22 #778] [P11] PASS U.checkbox_title_fallback
[17:49:22 #779] [P11] PASS U.checkbox_label_attr
[17:49:22 #780] [P11] PASS U.checkbox_radio_flags
[17:49:22 #781] [P11] PASS U.submit_labels
[17:49:22 #782] [P11] PASS U.button_blocks
[17:49:22 #783] [P11] PASS U.form_context
[17:49:22 #784] [P11] PASS U.textarea_capture
[17:49:22 #785] [P11] PASS U.textarea_disabled
[17:49:22 #786] [P11] PASS U.select_basic
[17:49:22 #787] [P11] PASS U.select_optgroup
[17:49:22 #788] [P11] PASS U.select_empty_skip
[17:49:22 #789] [P11] PASS U.select_label_wins
[17:49:22 #790] [P11] PASS V.fieldset_legend
[17:49:22 #791] [P11] PASS V.fieldset_disables_inner
[17:49:22 #792] [P11] PASS V.details_open
[17:49:22 #793] [P11] PASS V.details_body_rendered
[17:49:22 #794] [P11] PASS V.details_closed_default
[17:49:22 #795] [P11] PASS V.details_counter_seq
[17:49:22 #796] [P11] PASS V.details_override_open_close
[17:49:22 #797] [P11] PASS V.dialog_closed_hidden
[17:49:22 #798] [P11] PASS V.dialog_open_pair
[17:49:22 #799] [P11] PASS V.fieldset_nests
[17:49:22 #800] [P11] PASS W.video_placeholder
[17:49:22 #801] [P11] PASS W.source_fallback
[17:49:22 #802] [P11] PASS W.canvas_no_src
[17:49:22 #803] [P11] PASS W.iframe_href_embed
[17:49:22 #804] [P11] PASS W.progress_clamp
[17:49:22 #805] [P11] PASS W.meter_fields
[17:49:22 #806] [P11] PASS W.datalist_meta
[17:49:22 #807] [P11] PASS W.map_areas
[17:49:22 #808] [P11] PASS W.fencedframe
[17:49:22 #809] [P11] PASS W.template_inert
[17:49:22 #810] [P11] PASS W.voids_silent
[17:49:22 #811] [P11] PASS X.svg_serialize
[17:49:22 #812] [P11] PASS X.svg_viewbox_quirk
[17:49:22 #813] [P11] PASS X.svg_defaults_clamp
[17:49:22 #814] [P11] PASS X.svg_alt_rules
[17:49:22 #815] [P11] PASS X.math_linearized
[17:49:22 #816] [P11] PASS X.mfenced_seps
[17:49:22 #817] [P11] PASS X.math_ws_collapse
[17:49:22 #818] [P11] PASS X.math_empty_skipped
[17:49:22 #819] [P11] PASS Y.address_hgroup_paragraphs
[17:49:22 #820] [P11] PASS Y.figure_caption_only_para
[17:49:22 #821] [P11] PASS Y.heading_css_spacing
[17:49:22 #822] [P11] PASS Y.inert_scope_restored
[17:49:22 #823] [P11] document selftests done: 132 passed, 0 failed
[17:49:22 #824] [P12] PASS A.mode_flag
[17:49:22 #825] [P12] PASS A.raw_html_kept
[17:49:22 #826] [P12] PASS A.base_kept
[17:49:22 #827] [P12] PASS A.block_count
[17:49:22 #828] [P12] PASS A.header_host
[17:49:22 #829] [P12] PASS A.header_title_fallback
[17:49:22 #830] [P12] PASS A.reading_time_math
[17:49:22 #831] [P12] PASS A.title_h1_bold
[17:49:22 #832] [P12] PASS A.hr_third
[17:49:22 #833] [P12] PASS A.paragraph_fourth
[17:49:22 #834] [P12] PASS A.paragraph_text
[17:49:22 #835] [P12] dump basics: 4 blocks
[17:49:22 #836] [P12]    0 READER_HEADER host=EX.COM title=Web Page rt=1 min read (3 words)
[17:49:22 #837] [P12]    1 HEADING h1 [Web Page]
[17:49:22 #838] [P12]    2 HR
[17:49:22 #839] [P12]    3 type=0 [Hello brave world]
[17:49:22 #840] [P12] PASS A.empty_blank_doc
[17:49:22 #841] [P12] PASS A.fallback_title_host
[17:49:22 #842] [P12] dump fallbacks: 4 blocks
[17:49:22 #843] [P12]    0 READER_HEADER host=BLANK title=Untitled Article rt=1 min read (1 words)
[17:49:22 #844] [P12]    1 HEADING h1 [Untitled Article]
[17:49:22 #845] [P12]    2 HR
[17:49:22 #846] [P12]    3 type=0 [x]
[17:49:22 #847] [P12] PASS B.merged_count
[17:49:22 #848] [P12] PASS B.merged_text
[17:49:22 #849] [P12] PASS B.sentence_boundary
[17:49:22 #850] [P12] dump merge: 5 blocks
[17:49:22 #851] [P12]    0 READER_HEADER host=EX.COM title=Web Page rt=1 min read (10 words)
[17:49:22 #852] [P12]    1 HEADING h1 [Web Page]
[17:49:22 #853] [P12]    2 HR
[17:49:22 #854] [P12]    3 type=0 [Welcome to Wikipedia,the free encyclopediaEnds here.]
[17:49:22 #855] [P12]    4 type=0 [new frag]
[17:49:22 #856] [P12] PASS C.bare_dropped_kept
[17:49:22 #857] [P12] dump bare_url: 4 blocks
[17:49:22 #858] [P12]    0 READER_HEADER host=EX.COM title=Web Page rt=1 min read (6 words)
[17:49:22 #859] [P12]    1 HEADING h1 [Web Page]
[17:49:22 #860] [P12]    2 HR
[17:49:22 #861] [P12]    3 type=0 [real anchor texttwo words stay]
[17:49:22 #862] [P12] PASS D.stripped_absent
[17:49:22 #863] [P12] PASS D.kept_present
[17:49:22 #864] [P12] dump strip: 4 blocks
[17:49:22 #865] [P12]    0 READER_HEADER host=EX.COM title=Web Page rt=1 min read (2 words)
[17:49:22 #866] [P12]    1 HEADING h1 [Web Page]
[17:49:22 #867] [P12]    2 HR
[17:49:22 #868] [P12]    3 type=0 [kept paragraph]
[17:49:22 #869] [P12] PASS E.heading_level
[17:49:22 #870] [P12] PASS E.h3
[17:49:22 #871] [P12] PASS E.list_numbers
[17:49:22 #872] [P12] PASS E.pre_verbatim
[17:49:22 #873] [P12] PASS E.blockquote_type
[17:49:22 #874] [P12] dump structure: 9 blocks
[17:49:22 #875] [P12]    0 READER_HEADER host=EX.COM title=Web Page rt=1 min read (10 words)
[17:49:22 #876] [P12]    1 HEADING h1 [Web Page]
[17:49:22 #877] [P12]    2 HR
[17:49:22 #878] [P12]    3 HEADING h3 [Title Three]
[17:49:22 #879] [P12]    4 LI ordered=0 num=1 [Alpha item]
[17:49:22 #880] [P12]    5 LI ordered=0 num=2 [Beta item]
[17:49:22 #881] [P12]    6 LI ordered=1 num=1 [Num one]
[17:49:22 #882] [P12]    7 CODE [a   b
line2]
[17:49:22 #883] [P12]    8 type=2 [quoted words]
[17:49:22 #884] [P12] PASS F.clamp_resolve_alt
[17:49:22 #885] [P12] PASS F.tracking_skipped
[17:49:22 #886] [P12] PASS F.srcset_first
[17:49:22 #887] [P12] PASS F.data_src_default_alt
[17:49:22 #888] [P12] PASS F.empty_alt_becomes_image
[17:49:22 #889] [P12] dump images: 7 blocks
[17:49:22 #890] [P12]    0 READER_HEADER host=EX.COM title=Web Page rt=1 min read (0 words)
[17:49:22 #891] [P12]    1 HEADING h1 [Web Page]
[17:49:22 #892] [P12]    2 HR
[17:49:22 #893] [P12]    3 IMAGE 360x99 alt=Pic src=http://ex.com/pic.png
[17:49:22 #894] [P12]    4 IMAGE 160x80 alt=ss src=http://ex.com/first.x
[17:49:22 #895] [P12]    5 IMAGE 160x80 alt=Image src=http://ex.com/lazy.png
[17:49:22 #896] [P12]    6 IMAGE 160x80 alt=Image src=http://ex.com/noalt.png
[17:49:22 #897] [P12] PASS G.input_field
[17:49:22 #898] [P12] PASS G.input_submit_value_label
[17:49:22 #899] [P12] PASS G.textarea
[17:49:22 #900] [P12] PASS G.button_label_trimmed
[17:49:22 #901] [P12] PASS G.checkbox_ignored
[17:49:22 #902] [P12] dump forms: 7 blocks
[17:49:22 #903] [P12]    0 READER_HEADER host=EX.COM title=Web Page rt=1 min read (0 words)
[17:49:22 #904] [P12]    1 HEADING h1 [Web Page]
[17:49:22 #905] [P12]    2 HR
[17:49:22 #906] [P12]    3 INPUT type=text name=q ph=Search act=http://ex.com/search meth=post
[17:49:22 #907] [P12]    4 SUBMIT label=Go act=http://ex.com/search meth=post
[17:49:22 #908] [P12]    5 INPUT type=textarea name=ta ph= act= meth=post
[17:49:22 #909] [P12]    6 SUBMIT label=Click  Me act= meth=post
[17:49:22 #910] [P12] PASS H.sorted_order_walk
[17:49:22 #911] [P12] PASS H.reader_words
[17:49:22 #912] [P12] dump selection: 4 blocks
[17:49:22 #913] [P12]    0 READER_HEADER host=EX.COM title=Web Page rt=1 min read (8 words)
[17:49:22 #914] [P12]    1 HEADING h1 [Web Page]
[17:49:22 #915] [P12]    2 HR
[17:49:22 #916] [P12]    3 type=0 [alpha bravo charlie delta echoStray intro line.]
[17:49:22 #917] [P12] readability selftests done: 36 passed, 0 failed
[17:49:22 #918] [P13] font fonts/Roobert-20-Medium -> loaded
[17:49:22 #919] [P13] font fonts/Roobert-10-Bold -> loaded
[17:49:22 #920] [P13] font fonts/Roobert-10-Bold -> loaded
[17:49:22 #921] [P13] font fonts/Roobert-11-Medium -> loaded
[17:49:22 #922] [P13] font fonts/Roobert-10-Bold -> loaded
[17:49:22 #923] [P13] font fonts/Roobert-11-Mono-Condensed -> loaded
[17:49:22 #924] [P13] PASS H.heading_map
[17:49:22 #925] [P13] PASS H.body_plain_16
[17:49:22 #926] [P13] PASS H.body_bold_16
[17:49:22 #927] [P13] PASS H.body_code_15
[17:49:22 #928] [P13] PASS I.code_wins
[17:49:22 #929] [P13] PASS I.small_over_bold
[17:49:22 #930] [P13] PASS I.sub_14
[17:49:22 #931] [P13] PASS I.sup_14
[17:49:22 #932] [P13] PASS I.small_group_wins_over_big
[17:49:22 #933] [P13] PASS I.bold_16
[17:49:22 #934] [P13] PASS I.big_bold_slot_16
[17:49:22 #935] [P13] PASS I.plain_16
[17:49:22 #936] [P13] PASS W.empty_zero
[17:49:22 #937] [P13] PASS W.real_fonts_positive
[17:49:22 #938] [P13] sample 'Hello World' widths: body=95 mono=88 small=95 h1=150
[17:49:22 #939] [P13] PASS W.explicit_font_empty_zero
[17:49:22 #940] [P13] style selftests done: 15 passed, 0 failed
[17:49:22 #941] [P14] PASS A.reject_empty_href
[17:49:22 #942] [P14] PASS A.add_text_default
[17:49:22 #943] [P14] PASS A.text_defaults_to_href
[17:49:22 #944] [P14] PASS A.hover_default_w60_h14
[17:49:22 #945] [P14] PASS M.same_anchor_merges
[17:49:22 #946] [P14] PASS M.no_selection_yet
[17:49:22 #947] [P14] PASS M.diff_anchor_splits
[17:49:22 #948] [P14] PASS M.nil_anchor_merges_any
[17:49:22 #949] [P14] PASS M.text_or_href_split
[17:49:22 #950] [P14] PASS M.nil_text_never_merges
[17:49:22 #951] [P14] PASS M.rect_list_and_primary
[17:49:22 #952] [P14] PASS M.three_rects_stored
[17:49:22 #953] [P14] PASS M.index_is_1_based
[17:49:22 #954] [P14] PASS S.empty_page_none
[17:49:22 #955] [P14] PASS S.pass1_closest_center
[17:49:22 #956] [P14] PASS S.pass2_all_outside_tie_first
[17:49:22 #957] [P14] PASS S.pass2_tie_keeps_first
[17:49:22 #958] [P14] PASS S.selectNext_uses_viewport_rule
[17:49:22 #959] [P14] PASS N.prev_initial_select
[17:49:22 #960] [P14] PASS N.next_wraps_to_first
[17:49:22 #961] [P14] PASS N.prev_wraps_to_last
[17:49:22 #962] [P14] PASS N.clear_resets_selection
[17:49:22 #963] [P14] PASS H.selected_bounds_ok
[17:49:22 #964] [P14] PASS H.is_hit_on_selected_rect
[17:49:22 #965] [P14] PASS H.miss_other_xy_of_same_href
[17:49:22 #966] [P14] PASS H.other_href_false
[17:49:22 #967] [P14] PASS H.null_href_false
[17:49:22 #968] [P14] PASS H.addLink_wrapper
[17:49:22 #969] [P14] synthetic layout dump: viewport rule verified against CONTENT_Y=24 CONTENT_H=216 SCREEN_H=240
[17:49:22 #970] [P14] link_manager selftests done: 28 passed, 0 failed
[17:49:22 #971] [P15] PASS G.black_white
[17:49:22 #972] [P15] PASS G.channels
[17:49:22 #973] [P15] PASS G.midpoint
[17:49:22 #974] [P15] PASS G.monotonic
[17:49:22 #975] [P15] PASS B.threshold_boundary_strict
[17:49:22 #976] [P15] PASS B.gray0_corner_white
[17:49:22 #977] [P15] PASS B.white_all_white
[17:49:22 #978] [P15] PASS S.half
[17:49:22 #979] [P15] PASS S.ceil_floors
[17:49:22 #980] [P15] PASS S.upscale_clamps_to_1x1_boxes
[17:49:22 #981] [P15] PASS S.max_zero_guard
[17:49:22 #982] [P15] PASS S.src_zero
[17:49:22 #983] [P15] PASS A.uniform_half
[17:49:22 #984] [P15] PASS A.fast_path_identity
[17:49:22 #985] [P15] PASS A.round_down_case
[17:49:22 #986] [P15] PASS A.round_exact
[17:49:22 #987] [P15] PASS A.round_half_up
[17:49:22 #988] [P15] PASS A.partial_block_extra_row_quirk
[17:49:22 #989] [P15] PASS A.null_row_ignored
[17:49:22 #990] [P15] decoders selftests done: 19 passed, 0 failed
[17:49:22 #991] [P15] dump toImage 380x240 (from 400x500) expected_black=42803 actual_black=42803
[17:49:22 #992] [P15] PASS R.clamped_380x240
[17:49:22 #993] [P15] PASS R.bitmap_pixels_match_bayer
[17:49:22 #994] [P15] PASS R.degenerate_rejected
[17:49:22 #995] [P15] decoders device checks done: 3 passed, 0 failed
[17:49:22 #996] [P16] PASS O.A_dyn_roundtrip
[17:49:22 #997] [P16] PASS O.B_raw_roundtrip
[17:49:22 #998] [P16] PASS O.C_stored_roundtrip
[17:49:22 #999] [P16] PASS O.D_flush_roundtrip
[17:49:22 #1000] [P16] PASS O.short_input_rejected
[17:49:22 #1001] [P16] PASS O.empty_input_rejected
[17:49:22 #1002] [P16] PASS O.truncated_partial
[17:49:22 #1003] [P16] PASS O.handmade_stored
[17:49:22 #1004] [P16] PASS S.chunked_roundtrip
[17:49:22 #1005] [P16] PASS S.big_read_then_eof
[17:49:22 #1006] [P16] PASS S.raw_stream
[17:49:22 #1007] [P16] PASS S.guards
[17:49:22 #1008] [P16] fixtures: A=57B->360B B=84B->6621B C=311B->300B D=116B->6621B
[17:49:22 #1009] [P16] inflate selftests done: 12 passed, 0 failed
[17:49:22 #1010] [P17] PASS D.red_64x48
[17:49:22 #1011] [P17] PASS D.rgba_40x30
[17:49:22 #1012] [P17] PASS D.pal_32x16
[17:49:22 #1013] [P17] PASS D.gray8_100x10
[17:49:22 #1014] [P17] PASS D.gray1_32x8
[17:49:22 #1015] [P17] PASS D.ga_24x12
[17:49:22 #1016] [P17] PASS D.gray16_16x4
[17:49:22 #1017] [P17] PASS D.adam7_5x3
[17:49:22 #1018] [P17] PASS D.bench_266x200
[17:49:22 #1019] [P17] PASS D.down_50x40
[17:49:22 #1020] [P17] PASS G.short_input
[17:49:22 #1021] [P17] PASS G.bad_signature
[17:49:22 #1022] [P17] bench 800x600 -> 266x200 in 36.2 ms
[17:49:22 #1023] [P17] PASS B.bench_grid_alive
[17:49:22 #1024] [P17] png selftests done: 13 passed, 0 failed
[17:49:22 #1025] [P18] PASS D.b24_64x48
[17:49:22 #1026] [P18] PASS D.b32_20x10
[17:49:22 #1027] [P18] PASS D.b8_16x16
[17:49:22 #1028] [P18] PASS D.b4_12x8
[17:49:22 #1029] [P18] PASS D.b1_24x6
[17:49:22 #1030] [P18] PASS D.wide_360x90
[17:49:22 #1031] [P18] PASS D.bench_300x200
[17:49:22 #1032] [P18] PASS G.short_input
[17:49:22 #1033] [P18] PASS G.bad_signature
[17:49:22 #1034] [P18] bench 600x400 -> 300x200 in 0.5 ms
[17:49:22 #1035] [P18] PASS B.bench_ran
[17:49:22 #1036] [P18] bmp selftests done: 10 passed, 0 failed
[17:49:22 #1037] [P19] PASS D.basic_40x30
[17:49:22 #1038] [P19] PASS D.offset_30x8
[17:49:22 #1039] [P19] PASS D.trans_20x10
[17:49:22 #1040] [P19] PASS D.inter_16x16
[17:49:22 #1041] [P19] PASS D.multi_24x12
[17:49:22 #1042] [P19] PASS D.bench_300x200
[17:49:22 #1043] [P19] PASS G.short_input
[17:49:22 #1044] [P19] PASS G.bad_signature
[17:49:22 #1045] [P19] PASS G.trailer_no_image
[17:49:22 #1046] [P19] bench 600x400 -> 300x200 in 4.1 ms
[17:49:22 #1047] [P19] PASS B.bench_ran
[17:49:22 #1048] [P19] gif selftests done: 10 passed, 0 failed
[17:49:22 #1049] [P20] PASS D.flat_64x48
[17:49:22 #1050] [P20] PASS D.dcstripes_240x160
[17:49:22 #1051] [P20] PASS D.acblocks_32x24
[17:49:22 #1052] [P20] PASS D.restart_160x144
[17:49:22 #1053] [P20] PASS D.sub420_128x96
[17:49:22 #1054] [P20] PASS D.prog_dc_96x80
[17:49:22 #1055] [P20] PASS D.prog_multi_96x80
[17:49:22 #1056] [P20] PASS D.prog_refine_64x48
[17:49:22 #1057] [P20] PASS G.short_input
[17:49:22 #1058] [P20] PASS G.bad_signature
[17:49:22 #1059] [P20] PASS G.eoi_only
[17:49:22 #1060] [P20] PASS G.sof9_arithmetic
[17:49:22 #1061] [P20] PASS G.trunc_sof
[17:49:22 #1062] [P20] PASS D.pil_smoke_266x200
[17:49:22 #1063] [P20] bench 800x600 -> 266x200 in 4.1 ms
[17:49:22 #1064] [P20] PASS B.bench_ran
[17:49:22 #1065] [P20] jpeg selftests done: 15 passed, 0 failed
[17:49:22 #1066] [P21] PASS D.flat_dims
[17:49:22 #1067] [P21] PASS D.flat_cksum
[17:49:22 #1068] [P21] PASS D.flat_probes
[17:49:22 #1069] [P21] PASS D.gradient_dims
[17:49:22 #1070] [P21] PASS D.gradient_cksum
[17:49:22 #1071] [P21] PASS D.gradient_probes
[17:49:22 #1072] [P21] PASS D.palette_dims
[17:49:22 #1073] [P21] PASS D.palette_cksum
[17:49:22 #1074] [P21] PASS D.palette_probes
[17:49:22 #1075] [P21] PASS D.alpha_dims
[17:49:22 #1076] [P21] PASS D.alpha_cksum
[17:49:22 #1077] [P21] PASS D.alpha_probes
[17:49:22 #1078] [P21] PASS D.predictor_dims
[17:49:22 #1079] [P21] PASS D.predictor_cksum
[17:49:22 #1080] [P21] PASS D.predictor_probes
[17:49:22 #1081] [P21] PASS D.cache_dims
[17:49:22 #1082] [P21] PASS D.cache_cksum
[17:49:22 #1083] [P21] PASS D.cache_probes
[17:49:22 #1084] [P21] PASS D.meta_dims
[17:49:22 #1085] [P21] PASS D.meta_cksum
[17:49:22 #1086] [P21] PASS D.meta_probes
[17:49:22 #1087] [P21] PASS D.lossy_flat_dims
[17:49:22 #1088] [P21] PASS D.lossy_flat_cksum
[17:49:22 #1089] [P21] PASS D.lossy_flat_probes
[17:49:22 #1090] [P21] PASS D.lossy_grad_dims
[17:49:22 #1091] [P21] PASS D.lossy_grad_cksum
[17:49:22 #1092] [P21] PASS D.lossy_grad_probes
[17:49:22 #1093] [P21] PASS D.lossy_alpha_dims
[17:49:22 #1094] [P21] PASS D.lossy_alpha_cksum
[17:49:22 #1095] [P21] PASS D.lossy_alpha_probes
[17:49:22 #1096] [P21] PASS G.gradient_decode
[17:49:22 #1097] [P21] PASS G.gradient_dims
[17:49:22 #1098] [P21] PASS G.alpha_argb
[17:49:22 #1099] [P21] PASS G.flat_dims
[17:49:22 #1100] [P21] PASS X.badsig_reject
[17:49:22 #1101] [P21] PASS X.riff_short_reject
[17:49:22 #1102] [P21] PASS X.trunc_reject
[17:49:22 #1103] [P21] PASS X.lossy_trunc_reject
[17:49:22 #1104] [P21] PASS X.null_args_reject
[17:49:22 #1105] [P21] PASS A.anim_badsig_reject
[17:49:22 #1106] [P21] PASS A.decode
[17:49:22 #1107] [P21] PASS A.dims
[17:49:22 #1108] [P21] PASS A.meta
[17:49:22 #1109] [P21] PASS A.durations
[17:49:22 #1110] [P21] PASS A.f0_cksum
[17:49:22 #1111] [P21] PASS A.f1_cksum
[17:49:22 #1112] [P21] PASS A.f2_cksum
[17:49:22 #1113] [P21] PASS A.f3_cksum
[17:49:22 #1114] [P21] PASS A.probes
[17:49:22 #1115] [P21] PASS pil_smoke_266x200
[17:49:22 #1116] [P21] bench 266x200: 30 iters in 33.48 ms (1.116 ms/iter)
[17:49:22 #1117] [P21] PASS B.bench_ran
[17:49:22 #1118] [P21] PASS B.lossy_smoke
[17:49:22 #1119] [P22] bench lossy 48x32: 200 iters in 18.27 ms (0.091 ms/iter)
[17:49:22 #1120] [P21] PASS B.lossy_bench_ran
[17:49:22 #1121] [P21] webp selftests done: 53 passed, 0 failed
[17:49:22 #1122] [P23] PASS D.i_32bpp_dims
[17:49:22 #1123] [P23] PASS D.i_32bpp_cksum
[17:49:22 #1124] [P23] PASS D.i_32bpp_probes
[17:49:22 #1125] [P23] PASS D.i_24bpp_masked_dims
[17:49:22 #1126] [P23] PASS D.i_24bpp_masked_cksum
[17:49:22 #1127] [P23] PASS D.i_24bpp_masked_probes
[17:49:22 #1128] [P23] PASS D.i_8bpp_nomask_dims
[17:49:22 #1129] [P23] PASS D.i_8bpp_nomask_cksum
[17:49:22 #1130] [P23] PASS D.i_8bpp_nomask_probes
[17:49:22 #1131] [P23] PASS D.i_4bpp_dims
[17:49:22 #1132] [P23] PASS D.i_4bpp_cksum
[17:49:22 #1133] [P23] PASS D.i_4bpp_probes
[17:49:22 #1134] [P23] PASS D.i_1bpp_dims
[17:49:22 #1135] [P23] PASS D.i_1bpp_cksum
[17:49:22 #1136] [P23] PASS D.i_1bpp_probes
[17:49:22 #1137] [P23] PASS D.i_topdown_dims
[17:49:22 #1138] [P23] PASS D.i_topdown_cksum
[17:49:22 #1139] [P23] PASS D.i_topdown_probes
[17:49:22 #1140] [P23] PASS D.i_scaled_dims
[17:49:22 #1141] [P23] PASS D.i_scaled_cksum
[17:49:22 #1142] [P23] PASS D.i_scaled_probes
[17:49:22 #1143] [P23] PASS D.i_png_entry_dims
[17:49:22 #1144] [P23] PASS D.i_png_entry_cksum
[17:49:22 #1145] [P23] PASS D.i_png_entry_probes
[17:49:22 #1146] [P23] PASS D.i_png_fallback_dims
[17:49:22 #1147] [P23] PASS D.i_png_fallback_cksum
[17:49:22 #1148] [P23] PASS D.i_png_fallback_probes
[17:49:22 #1149] [P23] PASS D.i_multi_dims
[17:49:22 #1150] [P23] PASS D.i_multi_cksum
[17:49:22 #1151] [P23] PASS D.i_multi_probes
[17:49:22 #1152] [P23] PASS D.i_cursor_dims
[17:49:22 #1153] [P23] PASS D.i_cursor_cksum
[17:49:22 #1154] [P23] PASS D.i_cursor_probes
[17:49:22 #1155] [P23] PASS G.bad_reserved
[17:49:22 #1156] [P23] PASS G.bad_type
[17:49:22 #1157] [P23] PASS G.count_zero
[17:49:22 #1158] [P23] PASS G.no_entries
[17:49:22 #1159] [P23] PASS G.all_fail_dib
[17:49:22 #1160] [P23] PASS G.null_args_reject
[17:49:22 #1161] [P23] PASS B.smoke_266x200
[17:49:22 #1162] [P23] bench ico 266x200: 100 iters in 91.87 ms (0.919 ms/iter)
[17:49:22 #1163] [P23] PASS B.bench_ran
[17:49:22 #1164] [P23] ico selftests done: 41 passed, 0 failed
[17:49:22 #1165] [P24] PASS D.s_rects_dims
[17:49:22 #1166] [P24] PASS D.s_rects_cksum
[17:49:22 #1167] [P24] PASS D.s_rects_drawn
[17:49:22 #1168] [P24] PASS D.s_rects_probes
[17:49:22 #1169] [P24] PASS D.s_shapes_dims
[17:49:22 #1170] [P24] PASS D.s_shapes_cksum
[17:49:22 #1171] [P24] PASS D.s_shapes_drawn
[17:49:22 #1172] [P24] PASS D.s_shapes_probes
[17:49:22 #1173] [P24] PASS D.s_path_basic_dims
[17:49:22 #1174] [P24] PASS D.s_path_basic_cksum
[17:49:22 #1175] [P24] PASS D.s_path_basic_drawn
[17:49:22 #1176] [P24] PASS D.s_path_basic_probes
[17:49:22 #1177] [P24] PASS D.s_path_curves_dims
[17:49:22 #1178] [P24] PASS D.s_path_curves_cksum
[17:49:22 #1179] [P24] PASS D.s_path_curves_drawn
[17:49:22 #1180] [P24] PASS D.s_path_curves_probes
[17:49:22 #1181] [P24] PASS D.s_arc_dims
[17:49:22 #1182] [P24] PASS D.s_arc_cksum
[17:49:22 #1183] [P24] PASS D.s_arc_drawn
[17:49:22 #1184] [P24] PASS D.s_arc_probes
[17:49:22 #1185] [P24] PASS D.s_use_defs_dims
[17:49:22 #1186] [P24] PASS D.s_use_defs_cksum
[17:49:22 #1187] [P24] PASS D.s_use_defs_drawn
[17:49:22 #1188] [P24] PASS D.s_use_defs_probes
[17:49:22 #1189] [P24] PASS D.s_nested_skip_dims
[17:49:22 #1190] [P24] PASS D.s_nested_skip_cksum
[17:49:22 #1191] [P24] PASS D.s_nested_skip_drawn
[17:49:22 #1192] [P24] PASS D.s_nested_skip_probes
[17:49:22 #1193] [P24] PASS D.s_style_attr_dims
[17:49:22 #1194] [P24] PASS D.s_style_attr_cksum
[17:49:22 #1195] [P24] PASS D.s_style_attr_drawn
[17:49:22 #1196] [P24] PASS D.s_style_attr_probes
[17:49:22 #1197] [P24] PASS D.s_viewbox_offset_dims
[17:49:22 #1198] [P24] PASS D.s_viewbox_offset_cksum
[17:49:22 #1199] [P24] PASS D.s_viewbox_offset_drawn
[17:49:22 #1200] [P24] PASS D.s_viewbox_offset_probes
[17:49:22 #1201] [P24] PASS D.s_comments_dims
[17:49:22 #1202] [P24] PASS D.s_comments_cksum
[17:49:22 #1203] [P24] PASS D.s_comments_drawn
[17:49:22 #1204] [P24] PASS D.s_comments_probes
[17:49:22 #1205] [P24] PASS G.no_svg
[17:49:22 #1206] [P24] PASS G.zero_drawn
[17:49:22 #1207] [P24] PASS G.bad_dims
[17:49:22 #1208] [P24] PASS G.trunc_tag
[17:49:22 #1209] [P24] PASS G.null_args_reject
[17:49:22 #1210] [P24] PASS B.smoke_192x192
[17:49:22 #1211] [P24] bench svg 192x192: 100 iters in 2.26 ms (0.023 ms/iter)
[17:49:22 #1212] [P24] PASS B.bench_ran
[17:49:22 #1213] [P24] svg selftests done: 47 passed, 0 failed
[17:49:22 #1214] [P25] PASS D.bmp_sync
[17:49:22 #1215] [P25] PASS D.ico_sync
[17:49:22 #1216] [P25] PASS D.svg_sniff
[17:49:22 #1217] [P25] PASS G.short_body
[17:49:22 #1218] [P25] PASS G.garbage_text
[17:49:22 #1219] [P05] task queued (queue=1)
[17:49:22 #1220] [P25] PASS A.png_async_null
[17:49:22 #1221] [P05] task queued (queue=2)
[17:49:22 #1222] [P25] PASS A.gif_async_null
[17:49:22 #1223] [P25] PASS A.unknown_state
[17:49:22 #1224] [P25] PASS A.guards_safe
[17:49:22 #1225] [P25] image decoder selftests done: 9 passed, 0 failed
[17:49:22 #1226] [P25] image decoder ready
[17:49:22 #1227] [P26] PASS P.parse_ok
[17:49:22 #1228] [P26] PASS P.title
[17:49:22 #1229] [P26] PASS P.elements_count
[17:49:22 #1230] [P26] PASS B.item_count
[17:49:22 #1231] [P26] PASS B.item_types_order
[17:49:22 #1232] [P26] PASS B.y_offset_content_y
[17:49:22 #1233] [P26] PASS B.text_copy
[17:49:22 #1234] [P26] PASS F.large_heading1
[17:49:22 #1235] [P26] PASS F.bold_bodyBold
[17:49:22 #1236] [P26] PASS F.mono_mono
[17:49:22 #1237] [P26] PASS F.default_body
[17:49:22 #1238] [P26] PASS I.src_alt_default
[17:49:22 #1239] [P26] PASS N.input_fields
[17:49:22 #1240] [P26] PASS N.submit_fields
[17:49:22 #1241] [P26] PASS S.total_height_kept
[17:49:22 #1242] [P26] PASS X.no_selected_input
[17:49:22 #1243] [P26] PASS B.negative_y_skipped
[17:49:22 #1244] [P26] PASS L.lm_count_3
[17:49:22 #1245] [P26] PASS L.form_links_2
[17:49:22 #1246] [P26] PASS L.input_blocks_wired
[17:49:22 #1247] [P26] CloudLayout.parse failed: expected object key at offset 19
[17:49:22 #1248] [P26] PASS E.doc_returned
[17:49:22 #1249] [P26] PASS E.title_parse_error
[17:49:22 #1250] [P26] PASS E.elements_empty
[17:49:22 #1251] [P26] PASS E.build_resets_to_content_h
[17:49:22 #1252] [P26] PASS D.doc_returned
[17:49:22 #1253] [P26] PASS D.title_default
[17:49:22 #1254] [P26] PASS D.height_default
[17:49:22 #1255] [P26] PASS D.elements_default_empty
[17:49:22 #1256] [P26] PASS D.build_empty_resets
[17:49:22 #1257] [P26] PASS G.null_doc_safe
[17:49:22 #1258] [P26] CloudLayout.parse failed: unexpected end of input at offset 0
[17:49:22 #1259] [P26] PASS G.null_json_is_parse_error
[17:49:22 #1260] [P26] PASS G.item_at_oob
[17:49:22 #1261] [P26] PASS R.rebuild_stable
[17:49:22 #1262] [P26] CloudLayout selftest complete: 33 passed, 0 failed
[17:49:22 #1263] [P26] cloud layout ready
[17:49:22 #1264] [P26B] ---- layout selftest begin ----
[17:49:22 #1265] [P26B] PASS A.roman_2026
[17:49:22 #1266] [P26B] PASS A.roman_upper
[17:49:22 #1267] [P26B] PASS A.roman_zero_passthrough
[17:49:22 #1268] [P26B] PASS A.roman_4000_passthrough
[17:49:22 #1269] [P26B] PASS A.alpha_1a
[17:49:22 #1270] [P26B] PASS A.alpha_26z
[17:49:22 #1271] [P26B] PASS A.alpha_27aa
[17:49:22 #1272] [P26B] PASS A.alpha_upper_C
[17:49:22 #1273] [P26B] PASS A.default_numeric
[17:49:22 #1274] [P26B] PASS A.tab_col0
[17:49:22 #1275] [P26B] PASS A.tab_col2_pad6
[17:49:22 #1276] [P26B] PASS A.tab_passthrough
[17:49:22 #1277] [P26B] PASS B.empty_count0
[17:49:22 #1278] [P26B] PASS B.empty_height216
[17:49:22 #1279] [P26B] PASS B.null_doc_safe
[17:49:22 #1280] [P26B] PASS C.para_count1
[17:49:22 #1281] [P26B] PASS C.para_type_text
[17:49:22 #1282] [P26B] PASS C.para_x_marginX
[17:49:22 #1283] [P26B] PASS C.para_y_startY
[17:49:22 #1284] [P26B] PASS C.para_h16
[17:49:22 #1285] [P26B] PASS C.para_href_null
[17:49:22 #1286] [P26B] PASS C.para_height_floor
[17:49:22 #1287] [P26B] PASS C.rebuild_idempotent
[17:49:22 #1288] [P26B] PASS D.wrap_multiple_lines
[17:49:22 #1289] [P26B] PASS D.rows_ge3
[17:49:22 #1290] [P26B] PASS D.wrap_same_x
[17:49:22 #1291] [P26B] PASS D.wrap_line_step16
[17:49:22 #1292] [P26B] PASS E.heading_text_y40
[17:49:22 #1293] [P26B] PASS E.heading_bold_forced
[17:49:22 #1294] [P26B] PASS E.count_text_plus_rule
[17:49:22 #1295] [P26B] PASS E.rule_type
[17:49:22 #1296] [P26B] PASS E.rule_y61
[17:49:22 #1297] [P26B] PASS E.rule_span_full
[17:49:22 #1298] [P26B] PASS E.h3_no_rule
[17:49:22 #1299] [P26B] PASS F.hr_geom
[17:49:22 #1300] [P26B] PASS G.code_box_h40
[17:49:22 #1301] [P26B] PASS G.code_box_w_max
[17:49:22 #1302] [P26B] PASS G.code_lines_copied
[17:49:22 #1303] [P26B] PASS H.image_w_clamped
[17:49:22 #1304] [P26B] PASS H.image_center_x
[17:49:22 #1305] [P26B] PASS H.image_advance_h12
[17:49:22 #1306] [P26B] PASS I.table_h84
[17:49:22 #1307] [P26B] PASS I.table_w_max
[17:49:22 #1308] [P26B] PASS I.table_rows_borrowed
[17:49:22 #1309] [P26B] PASS M.list_two_items
[17:49:22 #1310] [P26B] PASS M.bullet_ix_dot
[17:49:22 #1311] [P26B] PASS M.bullet_x_depth14
[17:49:22 #1312] [P26B] PASS M.text_x_dd20_indent
[17:49:22 #1313] [P26B] PASS M.list_step18
[17:49:22 #1314] [P26B] PASS J.checkbox_items
[17:49:22 #1315] [P26B] PASS J.label_truncated
[17:49:22 #1316] [P26B] PASS J.checkbox_link_input_prefix
[17:49:22 #1317] [P26B] PASS K.submit_w_ge50
[17:49:22 #1318] [P26B] PASS K.submit_link_action
[17:49:22 #1319] [P26B] PASS L.select_opts_borrowed
[17:49:22 #1320] [P26B] PASS L.select_link_prefix
[17:49:22 #1321] [P26B] PASS N.quote_bar_last
[17:49:22 #1322] [P26B] PASS N.quote_bar_top
[17:49:22 #1323] [P26B] PASS N.quote_bar_bottom_gap4
[17:49:22 #1324] [P26B] PASS O.box_frame_open_y2_eq_y
[17:49:22 #1325] [P26B] PASS O.toggle_link
[17:49:22 #1326] [P26B] PASS Q.badge_geom
[17:49:22 #1327] [P26B] PASS Q.badge_host_default_or_given
[17:49:22 #1328] [P26B] PASS P.hidden_one_item
[17:49:22 #1329] [P26B] PASS P.hidden_type_and_fields
[17:49:22 #1330] [P26B] PASS P.hidden_no_geometry
[17:49:22 #1331] [P26B] PASS R.parse_ok
[17:49:22 #1332] [P26B] PASS R.has_items
[17:49:22 #1333] [P26B] PASS R.text_item_carries_href
[17:49:22 #1334] [P26B] PASS R.link_registered
[17:49:22 #1335] [P26B] PASS S.overlay_initially_none
[17:49:22 #1336] [P26B] PASS S.show_sets_state
[17:49:22 #1337] [P26B] PASS S.alt_defaults_Image
[17:49:22 #1338] [P26B] PASS S.A_views_when_not_decoded
[17:49:22 #1339] [P26B] PASS S.marked_requested
[17:49:22 #1340] [P26B] PASS S.consumed_raised
[17:49:22 #1341] [P26B] PASS S.consumed_clears
[17:49:22 #1342] [P26B] PASS S.overlay_cleared_after_A
[17:49:22 #1343] [P26B] PASS S.B_links_when_href
[17:49:22 #1344] [P26B] PASS S.B_clears
[17:49:22 #1345] [P26B] PASS S.srcless_A_cancels
[17:49:22 #1346] [P26B] PASS S.none_without_press
[17:49:22 #1347] [P26B] ---- layout selftest end: 82 pass / 0 fail ----
[17:49:22 #1348] [P26B] layout ready (81/-1)
[17:49:22 #1349] [P27] PASS H.null_default
[17:49:22 #1350] [P27] PASS H.empty_default
[17:49:22 #1351] [P27] PASS H.about_home
[17:49:22 #1352] [P27] PASS H.about_nohost
[17:49:22 #1353] [P27] PASS H.about_docs
[17:49:22 #1354] [P27] PASS H.web_emptyhost_default
[17:49:22 #1355] [P27] PASS H.simple
[17:49:22 #1356] [P27] PASS H.len28_kept
[17:49:22 #1357] [P27] PASS H.len29_clipped
[17:49:22 #1358] [P27] PASS A.comet_groups_12phase
[17:49:22 #1359] [P27] PASS P.known_half
[17:49:22 #1360] [P27] PASS P.known_clamp_over
[17:49:22 #1361] [P27] PASS P.indet_frame0
[17:49:22 #1362] [P27] PASS P.indet_frame33
[17:49:22 #1363] [P27] PASS P.indet_wrap34
[17:49:22 #1364] [P27] PASS S.no_bar_at_content_h
[17:49:22 #1365] [P27] PASS S.no_bar_short_page
[17:49:22 #1366] [P27] PASS S.double_height_mid
[17:49:22 #1367] [P27] PASS S.clamp_negative
[17:49:22 #1368] [P27] PASS S.clamp_over
[17:49:22 #1369] [P27] PASS S.min_thumb_h
[17:49:22 #1370] [P27] PASS C.link_prefix
[17:49:22 #1371] [P27] PASS C.link_null_href
[17:49:22 #1372] [P27] PASS C.link_len56_kept
[17:49:22 #1373] [P27] PASS C.link_len57_clipped
[17:49:22 #1374] [P27] PASS C.hover_len50_kept
[17:49:22 #1375] [P27] PASS C.hover_len51_clipped
[17:49:22 #1376] [P27] PASS C.hover_empty
[17:49:22 #1377] [P27] UI selftest complete: 28 passed, 0 failed
[17:49:22 #1378] [P27] chrome/hud ready
[17:49:22 #1379] [P28] PASS N.down_settings_to_first
[17:49:22 #1380] [P28] PASS N.down_settings_no_cards
[17:49:22 #1381] [P28] PASS N.down_plus2
[17:49:22 #1382] [P28] PASS N.down_plus1_odd_row
[17:49:22 #1383] [P28] PASS N.down_at_last_stays
[17:49:22 #1384] [P28] PASS N.up_first_row_settings
[17:49:22 #1385] [P28] PASS N.up_second_row_settings
[17:49:22 #1386] [P28] PASS N.up_minus2
[17:49:22 #1387] [P28] PASS N.up_at_top_stays
[17:49:22 #1388] [P28] PASS N.right_odd_moves
[17:49:22 #1389] [P28] PASS N.right_even_stays
[17:49:22 #1390] [P28] PASS N.right_last_stays
[17:49:22 #1391] [P28] PASS N.left_even_moves
[17:49:22 #1392] [P28] PASS N.left_odd_stays
[17:49:22 #1393] [P28] PASS S.settings_top
[17:49:22 #1394] [P28] PASS S.empty_untouched
[17:49:22 #1395] [P28] PASS S.row0_in_band
[17:49:22 #1396] [P28] PASS S.deep_row_pulls_up
[17:49:22 #1397] [P28] PASS S.too_far_clamps
[17:49:22 #1398] [P28] PASS M.fits_no_scroll
[17:49:22 #1399] [P28] PASS M.dwell_start
[17:49:22 #1400] [P28] PASS M.travel_out
[17:49:22 #1401] [P28] PASS M.dwell_end
[17:49:22 #1402] [P28] PASS M.travel_back
[17:49:22 #1403] [P28] PASS M.cycle_wrap
[17:49:22 #1404] [P28] PASS L.lerp_step30
[17:49:22 #1405] [P28] PASS L.snap_under_half
[17:49:22 #1406] [P28] PASS L.clamp_nonnegative
[17:49:22 #1407] [P28] PASS A.have_bookmarks
[17:49:22 #1408] [P28] PASS A.first_entry_readable
[17:49:22 #1409] [P28] PASS A.settings_action
[17:49:22 #1410] [P28] PASS A.settings_callback_fired
[17:49:22 #1411] [P28] PASS A.nav_after_down
[17:49:22 #1412] [P28] PASS A.card_open_action
[17:49:22 #1413] [P28] PASS A.card_url_matches_store
[17:49:22 #1414] [P28] PASS A.no_callback_ok
[17:49:22 #1415] [P28] HomePage selftest complete: 36 passed, 0 failed
[17:49:22 #1416] [P28] home page ready
[17:49:22 #1417] [P29] address bar ready (vendored C keyboard)
[17:49:22 #1418] [P29] PASS T.basic
[17:49:22 #1419] [P29] PASS T.mixed_ws
[17:49:22 #1420] [P29] PASS T.empty
[17:49:22 #1421] [P29] PASS T.all_ws
[17:49:22 #1422] [P29] PASS T.inner_kept
[17:49:22 #1423] [P29] PASS T.vertical_tab
[17:49:22 #1424] [P29] PASS F.empty_cancels
[17:49:22 #1425] [P29] PASS F.search_query_is_search
[17:49:22 #1426] [P29] PASS F.search_engine_url
[17:49:22 #1427] [P29] PASS F.url_normalized
[17:49:22 #1428] [P29] PASS F.about_blank
[17:49:22 #1429] [P29] PASS G.closed_never
[17:49:22 #1430] [P29] PASS G.already_shown
[17:49:22 #1431] [P29] PASS G.b_held_blocks
[17:49:22 #1432] [P29] PASS G.armed_launches
[17:49:22 #1433] [P29] PASS O.about_not_prefilled
[17:49:22 #1434] [P29] PASS O.open_state
[17:49:22 #1435] [P29] PASS O.url_prefilled
[17:49:22 #1436] [P29] PASS O.null_empty
[17:49:22 #1437] [P29] PASS C.closed
[17:49:22 #1438] [P29] PASS C.no_submit_fired
[17:49:22 #1439] [P29] PASS C.no_skip_set
[17:49:22 #1440] [P29] PASS S.default_zero
[17:49:22 #1441] [P29] AddressBar selftest complete: 23 passed, 0 failed
[17:49:22 #1442] [P29] address bar ready
[17:49:22 #1443] [P30] PASS L.up_clamps_top
[17:49:22 #1444] [P30] PASS L.down_moves
[17:49:22 #1445] [P30] PASS L.down_clamps_bottom
[17:49:22 #1446] [P30] PASS L.empty_noop
[17:49:22 #1447] [P30] PASS L.scroll_plus
[17:49:22 #1448] [P30] PASS L.scroll_clamps_zero
[17:49:22 #1449] [P30] PASS L.scroll_zero_crank
[17:49:22 #1450] [P30] PASS V.top_visible
[17:49:22 #1451] [P30] PASS V.bottom_visible
[17:49:22 #1452] [P30] PASS V.below_hidden
[17:49:22 #1453] [P30] PASS V.above_hidden
[17:49:22 #1454] [P30] PASS C.title_35_clips
[17:49:22 #1455] [P30] PASS C.title_34_kept
[17:49:22 #1456] [P30] PASS C.url_47_clips
[17:49:22 #1457] [P30] PASS C.empty_ok
[17:49:22 #1458] [P30] PASS E.default_msg
[17:49:22 #1459] [P30] PASS E.sel_resets
[17:49:22 #1460] [P30] PASS E.right_clamps
[17:49:22 #1461] [P30] PASS E.a_home_at_3
[17:49:22 #1462] [P30] PASS E.left_clamps_and_a_retry
[17:49:22 #1463] [P30] PASS E.a_search_at_2
[17:49:22 #1464] [P30] PASS E.up_moves_left
[17:49:22 #1465] [P30] PASS E.long_msg_stored
[17:49:22 #1466] [P30] PASS B.open_resets
[17:49:22 #1467] [P30] PASS B.down_none
[17:49:22 #1468] [P30] PASS B.up_back
[17:49:22 #1469] [P30] PASS B.a_opens
[17:49:22 #1470] [P30] PASS B.a_url_matches
[17:49:22 #1471] [P30] PASS B.b_closes
[17:49:22 #1472] [P30] PASS B.scroll_clamped
[17:49:22 #1473] [P30] PASS H.open_resets
[17:49:22 #1474] [P30] PASS H.down_moves
[17:49:22 #1475] [P30] PASS H.up_back
[17:49:22 #1476] [P30] PASS H.a_opens
[17:49:22 #1477] [P30] PASS H.a_url_matches
[17:49:22 #1478] [P30] PASS H.b_closes
[17:49:22 #1479] [P30] Pages selftest complete: 36 passed, 0 failed
[17:49:22 #1480] [P30] pages ready
[17:49:22 #1481] [P31] SettingsPage.open() previousState=home
[17:49:22 #1482] [P31] PASS O.opens
[17:49:22 #1483] [P31] PASS O.prev_state
[17:49:22 #1484] [P31] PASS O.engine_snapshot
[17:49:22 #1485] [P31] SettingsPage.open() previousState=
[17:49:22 #1486] [P31] PASS C.engine_right
[17:49:22 #1487] [P31] PASS C.engine_wrap_right
[17:49:22 #1488] [P31] PASS C.engine_wrap_left
[17:49:22 #1489] [P31] PASS C.mode_toggles
[17:49:22 #1490] [P31] PASS C.invert_toggles
[17:49:22 #1491] [P31] PASS C.image_cycle_roundtrip
[17:49:22 #1492] [P31] PASS C.image_wrap_right
[17:49:22 #1493] [P31] PASS C.image_wrap_left
[17:49:22 #1494] [P31] SettingsPage.open() previousState=
[17:49:22 #1495] [P31] PASS N.up_clamps_top
[17:49:22 #1496] [P31] PASS N.down_clamps_bottom
[17:49:22 #1497] [P31] SettingsPage.open() previousState=
[17:49:22 #1498] [P31] cookies cleared
[17:49:22 #1499] [P31] PASS K.cookies_cleared
[17:49:22 #1500] [P31] PASS K.stays_open_no_save
[17:49:22 #1501] [P31] SettingsPage.close()
[17:49:22 #1502] [P31] SettingsPage.open() previousState=
[17:49:22 #1503] [P31] saveAndClose: mode=1 imageMode=1
[17:49:22 #1504] [P31] SettingsPage.close()
[17:49:22 #1505] [P31] PASS S.saved_action
[17:49:22 #1506] [P31] PASS S.applied_to_storage
[17:49:22 #1507] [P31] PASS S.onchange_fired_once
[17:49:22 #1508] [P31] PASS S.closed_after_save
[17:49:22 #1509] [P31] PASS S.reload_keeps
[17:49:22 #1510] [P31] PASS S.reload_pointer_same_values
[17:49:22 #1511] [P31] SettingsPage.open() previousState=
[17:49:22 #1512] [P31] saveAndClose: mode=1 imageMode=1
[17:49:22 #1513] [P31] SettingsPage.close()
[17:49:22 #1514] [P31] PASS S.restore_default
[17:49:22 #1515] [P31] SettingsPage.open() previousState=
[17:49:22 #1516] [P31] cancelAndClose: discarding changes
[17:49:22 #1517] [P31] SettingsPage.close()
[17:49:22 #1518] [P31] PASS X.closed_action
[17:49:22 #1519] [P31] PASS X.storage_untouched
[17:49:22 #1520] [P31] PASS X.no_onchange
[17:49:22 #1521] [P31] SettingsPage.open() previousState=
[17:49:22 #1522] [P31] PASS X.restage_original
[17:49:22 #1523] [P31] SettingsPage.close()
[17:49:22 #1524] [P31] SettingsPage selftest complete: 26 passed, 0 failed
[17:49:22 #1525] [P31] settings page ready
[17:49:22 #1526] update callback registered
[17:49:22 #1527] [P05] task done
[17:49:22 #1528] [P05] gc drain (no-op in C)
[17:49:22 #1529] first frame rendered
[17:49:22 #1530] [P27] chrome clock renders 13:49
[17:49:22 #1531] [P05] task done
[17:49:22 #1532] [P05] gc drain (no-op in C)
[17:49:26 #1533] [P07] bench start https://wiesmann.codiferes.net/share/bitmaps/
[17:49:27 #1534] [P07] bench OK https://wiesmann.codiferes.net/share/bitmaps/ status=200 bytes=5217 ms=696 kbps=7
[17:49:27 #1535] [P07] bench start http://wiesmann.codiferes.net/share/bitmaps/test_image_4c.png
[17:49:27 #1536] [P25] e2e enqueue png/bmp/404
[17:49:27 #1537] [P07] bench OK http://wiesmann.codiferes.net/share/bitmaps/test_image_4c.png status=404 bytes=996 ms=363 kbps=2
[17:49:27 #1538] [P07] benchmark done
[17:49:28 #1539] [P05] task queued (queue=1)
[17:49:28 #1540] [P05] task done
[17:49:28 #1541] [P05] gc drain (no-op in C)
[17:49:28 #1542] [P25] e2e resolved in 945 ms (png 266x200, bmp decoded=1, 404 cached-as-failed=1)
[17:49:28 #1543] [P26] fixture built: items=6 totalH=500
[17:49:29 #1544] [P26B] fixture built: items=63 totalH=737 links=5
[17:49:31 #1545] [P28] input walk btn=1 -> sel=1
[17:49:32 #1546] [P29] open (armed, prefilled)
[17:49:32 #1547] heartbeat frame=300
[17:49:33 #1548] [P28] input walk btn=1 -> sel=3
[17:49:34 #1549] [P28] input walk btn=0 -> sel=1
[17:49:36 #1550] [P28] input walk btn=1 -> sel=3
[17:49:37 #1551] [P28] input walk btn=3 -> sel=4
[17:49:39 #1552] [P28] input walk btn=1 -> sel=6
[17:49:40 #1553] [P28] input walk btn=1 -> sel=8
[17:49:42 #1554] [P28] input walk btn=0 -> sel=6
[17:49:42 #1555] [P29] keyboard launched (type + submit to test)
[17:49:42 #1556] heartbeat frame=600
[17:49:43 #1557] [P28] input walk btn=1 -> sel=8
[17:49:45 #1558] [P28] input walk btn=3 -> sel=8
[17:49:46 #1559] [P28] input walk btn=1 -> sel=9
[17:49:48 #1560] [P28] input walk btn=1 -> sel=9
[17:49:49 #1561] [P28] input walk btn=0 -> sel=7
[17:49:51 #1562] [P28] input walk btn=1 -> sel=9
