=== PlutoBrowser crash log ===
gamePath: unknown
[00:03:02 #1] PlutoBrowser boot (C port of CometBrowser)
[00:03:02 #2] constants: screen=400x240 chrome=24 contentY=24 contentH=216
[00:03:02 #3] [P02] util selftests begin
[00:03:02 #4] [P02] PASS mem.malloc
[00:03:02 #5] [P02] PASS mem.realloc_preserves
[00:03:02 #6] [P02] PASS mem.strdup
[00:03:02 #7] [P02] PASS mem.strndup
[00:03:02 #8] [P02] PASS mem.free_null
[00:03:02 #9] [P02] PASS strbuf.init
[00:03:02 #10] [P02] PASS strbuf.append_str
[00:03:02 #11] [P02] PASS strbuf.append_char
[00:03:02 #12] [P02] PASS strbuf.embedded_nul
[00:03:02 #13] [P02] PASS strbuf.clear_keeps_cap
[00:03:02 #14] [P02] PASS strbuf.printf
[00:03:02 #15] [P02] PASS strbuf.grow_500
[00:03:02 #16] [P02] PASS strbuf.detach
[00:03:02 #17] [P02] PASS strbuf.detach_resets
[00:03:02 #18] [P02] PASS strbuf.free_idempotent
[00:03:02 #19] [P02] PASS dynarray.init
[00:03:02 #20] [P02] PASS dynarray.push_100_grow
[00:03:02 #21] [P02] PASS dynarray.get_mid
[00:03:02 #22] [P02] PASS dynarray.last
[00:03:02 #23] [P02] PASS dynarray.pop
[00:03:02 #24] [P02] PASS dynarray.get_oob_null
[00:03:02 #25] [P02] PASS dynarray.free
[00:03:02 #26] [P02] PASS strmap.create
[00:03:02 #27] [P02] PASS strmap.put_get
[00:03:02 #28] [P02] PASS strmap.replace_value
[00:03:02 #29] [P02] PASS strmap.has_false
[00:03:02 #30] [P02] PASS strmap.get_missing_null
[00:03:02 #31] [P02] PASS strmap.200_keys_rehash
[00:03:02 #32] [P02] PASS strmap.get_after_rehash
[00:03:02 #33] [P02] PASS strmap.remove
[00:03:02 #34] [P02] PASS strmap.remove_twice_false
[00:03:02 #35] [P02] PASS strmap.survivor_intact
[00:03:02 #36] [P02] PASS strmap.foreach_null_fn_safe
[00:03:02 #37] [P02] PASS strmap.destroy
[00:03:02 #38] [P02] PASS lpat.trim_spaces
[00:03:02 #39] [P02] PASS lpat.trim_empty
[00:03:02 #40] [P02] PASS lpat.trim_only_spaces
[00:03:02 #41] [P02] PASS lpat.scheme_split
[00:03:02 #42] [P02] PASS lpat.scheme_no_match
[00:03:02 #43] [P02] PASS lpat.host_path_no_match_lua
[00:03:02 #44] [P02] PASS lpat.host_bare_no_match_lua
[00:03:02 #45] [P02] PASS lpat.host_reject_spaces
[00:03:02 #46] [P02] PASS lpat.host_trailing_qmark_lua
[00:03:02 #47] [P02] PASS lpat.attr_dquote_1
[00:03:02 #48] [P02] PASS lpat.attr_dquote_2
[00:03:02 #49] [P02] PASS lpat.attr_dquote_done
[00:03:02 #50] [P02] PASS lpat.attr_squote_1
[00:03:02 #51] [P02] PASS lpat.attr_squote_2
[00:03:02 #52] [P02] PASS lpat.attr_squote_done
[00:03:02 #53] [P02] PASS lpat.pathcmd_M
[00:03:02 #54] [P02] PASS lpat.pathcmd_L
[00:03:02 #55] [P02] PASS lpat.pathcmd_Z_empty_arg
[00:03:02 #56] [P02] PASS lpat.pathcmd_done
[00:03:02 #57] [P02] PASS lpat.entity_named_amp
[00:03:02 #58] [P02] PASS lpat.entity_named_lt
[00:03:02 #59] [P02] PASS lpat.entity_named_skips_dec
[00:03:02 #60] [P02] PASS lpat.entity_decimal
[00:03:02 #61] [P02] PASS lpat.entity_hex_lower_x
[00:03:02 #62] [P02] PASS lpat.entity_hex_upper_X
[00:03:02 #63] [P02] PASS lpat.entity_hex_done
[00:03:02 #64] [P02] PASS lpat.charset_utf8
[00:03:02 #65] [P02] PASS lpat.http_status
[00:03:02 #66] [P02] PASS lpat.meta_refresh_url_upper
[00:03:02 #67] [P02] PASS lpat.meta_refresh_frac
[00:03:02 #68] [P02] PASS lpat.viewbox_four_caps
[00:03:02 #69] [P02] PASS lpat.tag_div_attrs
[00:03:02 #70] [P02] PASS lpat.tag_br_selfclose
[00:03:02 #71] [P02] PASS lpat.tag_close_not_matched
[00:03:02 #72] [P02] PASS lpat.css_prop_lua_truth
[00:03:02 #73] [P02] PASS lpat.cookie_pair
[00:03:02 #74] [P02] PASS lpat.tokens_a
[00:03:02 #75] [P02] PASS lpat.tokens_bb
[00:03:02 #76] [P02] PASS lpat.tokens_ccc
[00:03:02 #77] [P02] PASS lpat.tokens_done
[00:03:02 #78] [P02] PASS lpat.lazy_dash
[00:03:02 #79] [P02] PASS lpat.greedy_star
[00:03:02 #80] [P02] PASS lpat.endpunct_true
[00:03:02 #81] [P02] PASS lpat.endpunct_false
[00:03:02 #82] [P02] PASS lpat.escape_dot
[00:03:02 #83] [P02] PASS lpat.escape_percent
[00:03:02 #84] [P02] PASS lpat.escape_dash_outside_set
[00:03:02 #85] [P02] PASS lpat.gsub_fn_hexdecode
[00:03:02 #86] [P02] PASS lpat.gsub_fn_encode
[00:03:02 #87] [P02] PASS lpat.find_init_offset
[00:03:02 #88] [P02] PASS lpat.find_plain
[00:03:02 #89] [P02] PASS lpat.find_plain_miss
[00:03:02 #90] [P02] PASS lpat.gsub_template_trim
[00:03:02 #91] [P02] PASS lpat.gsub_crlf
[00:03:02 #92] [P02] PASS lpat.gsub_count3
[00:03:02 #93] [P02] PASS lpat.gsub_empty_matches
[00:03:02 #94] [P02] PASS lpat.negclass_A
[00:03:02 #95] [P02] PASS lpat.negclass_done
[00:03:02 #96] [P02] PASS lpat.set_leading_bracket
[00:03:02 #97] [P02] PASS lpat.nul_subject_first
[00:03:02 #98] [P02] PASS lpat.nul_subject_second
[00:03:02 #99] [P02] PASS lpat.nul_subject_done
[00:03:02 #100] [P02] PASS lpat.position_capture
[00:03:02 #101] [P02] PASS lpat.balance
[00:03:02 #102] [P02] PASS lpat.frontier_THE
[00:03:02 #103] [P02] PASS lpat.frontier_quick
[00:03:02 #104] [P02] PASS lpat.frontier_fox
[00:03:02 #105] [P02] PASS lpat.frontier_done
[00:03:02 #106] [P02] PASS lpat.opt_without_u
[00:03:02 #107] [P02] PASS lpat.opt_with_u
[00:03:02 #108] [P02] PASS lpat.ip_anchor_ok
[00:03:02 #109] [P02] PASS lpat.ip_anchor_trailing_fail
[00:03:02 #110] ERROR: luapattern: malformed pattern (missing ])  ||  stack: src/util/luapattern.c:79
[00:03:02 #111] [P02] PASS lpat.malformed_set_err
[00:03:02 #112] [P02] PASS json.parse_fixture
[00:03:02 #113] [P02] PASS json.obj_string
[00:03:02 #114] [P02] PASS json.negative_int
[00:03:02 #115] [P02] PASS json.float
[00:03:02 #116] [P02] PASS json.exponent
[00:03:02 #117] [P02] PASS json.bool_true
[00:03:02 #118] [P02] PASS json.null_value
[00:03:02 #119] [P02] PASS json.absent_key
[00:03:02 #120] [P02] PASS json.arr_count
[00:03:02 #121] [P02] PASS json.arr_num
[00:03:02 #122] [P02] PASS json.arr_null_elem
[00:03:02 #123] [P02] PASS json.arr_nested_obj
[00:03:02 #124] [P02] PASS json.escapes_unicode_surrogate
[00:03:02 #125] [P02] PASS json.trailing_data_error
[00:03:02 #126] [P02] PASS json.bad_value_error
[00:03:02 #127] [P02] PASS json.unterminated_error
[00:03:02 #128] [P02] PASS json.roundtrip_parse
[00:03:02 #129] [P02] PASS json.roundtrip_stable
[00:03:02 #130] [P02] PASS json.roundtrip_arr_value
[00:03:02 #131] [P02] PASS json.roundtrip_nested_bool
[00:03:02 #132] [P02] PASS json.obj_set_replace
[00:03:02 #133] [P02] util selftests done: 128 passed, 0 failed
[00:03:02 #134] [P03] url selftests begin
[00:03:02 #135] [P03] PASS url.parse.empty
[00:03:02 #136] [P03] PASS url.parse.https_host
[00:03:02 #137] [P03] PASS url.parse.full
[00:03:02 #138] [P03] PASS url.parse.no_scheme
[00:03:02 #139] [P03] PASS url.parse.empty_host
[00:03:02 #140] [P03] PASS url.parse.ftp_custom_port
[00:03:02 #141] [P03] PASS url.parse.userinfo_quirk
[00:03:02 #142] [P03] PASS url.parse.colon_empty_port
[00:03:02 #143] [P03] PASS url.parse.port_zero
[00:03:02 #144] [P03] PASS url.parse.spaces_trimmed
[00:03:02 #145] [P03] PASS url.parse.about_blank
[00:03:02 #146] [P03] PASS url.parse.about_home
[00:03:02 #147] [P03] PASS url.parse.case_fold
[00:03:02 #148] [P03] PASS url.parse.ip_host
[00:03:02 #149] [P03] PASS url.parse.raw_trimmed
[00:03:02 #150] [P03] PASS url.parse.junk_port_ignored
[00:03:02 #151] [P03] PASS enc.plain
[00:03:02 #152] [P03] PASS enc.specials
[00:03:02 #153] [P03] PASS enc.unreserved_kept
[00:03:02 #154] [P03] PASS enc.plus_encoded
[00:03:02 #155] [P03] PASS enc.utf8
[00:03:02 #156] [P03] PASS enc.percent_literal
[00:03:02 #157] [P03] PASS enc.newline_crlf
[00:03:02 #158] [P03] PASS enc.empty
[00:03:02 #159] [P03] PASS dec.plus_space
[00:03:02 #160] [P03] PASS dec.pct_utf8
[00:03:02 #161] [P03] PASS dec.mixed
[00:03:02 #162] [P03] PASS dec.invalid_pct_kept
[00:03:02 #163] [P03] PASS dec.truncated_pct_kept
[00:03:02 #164] [P03] PASS dec.empty
[00:03:02 #165] [P03] PASS url.roundtrip
[00:03:02 #166] [P03] PASS isq.null_false
[00:03:02 #167] [P03] PASS isq.empty_false
[00:03:02 #168] [P03] PASS isq.spaces_query
[00:03:02 #169] [P03] PASS isq.dot_url
[00:03:02 #170] [P03] PASS isq.bare_word_query
[00:03:02 #171] [P03] PASS isq.leading_dot_query
[00:03:02 #172] [P03] PASS isq.trailing_dot_query
[00:03:02 #173] [P03] PASS isq.ip_url
[00:03:02 #174] [P03] PASS isq.localhost_url
[00:03:02 #175] [P03] PASS isq.localhost_suffix_url
[00:03:02 #176] [P03] PASS isq.https_url
[00:03:02 #177] [P03] PASS isq.about_url
[00:03:02 #178] [P03] PASS isq.file_url
[00:03:02 #179] [P03] PASS isq.spaces_only_is_query
[00:03:02 #180] [P03] PASS isq.upper_scheme_via_dot_rule
[00:03:02 #181] [P03] PASS isq.trimmed_before_dot_rule
[00:03:02 #182] [P03] PASS unwrap.ddg_uddg
[00:03:02 #183] [P03] PASS unwrap.non_ddg_false
[00:03:02 #184] [P03] PASS wrap.missing_uddg_false
[00:03:02 #185] [P03] PASS resolve.same_dir
[00:03:02 #186] [P03] PASS resolve.subdir
[00:03:02 #187] [P03] PASS resolve.root_rel
[00:03:02 #188] [P03] PASS resolve.protocol_relative
[00:03:02 #189] [P03] PASS resolve.anchor
[00:03:02 #190] [P03] PASS resolve.query_only
[00:03:02 #191] [P03] PASS resolve.custom_port_base
[00:03:02 #192] [P03] PASS resolve.anchor_keeps_query
[00:03:02 #193] [P03] PASS resolve.query_replaces
[00:03:02 #194] [P03] PASS resolve.dot_slash
[00:03:02 #195] [P03] PASS resolve.dotdot
[00:03:02 #196] [P03] PASS resolve.dotdot_clamped_root
[00:03:02 #197] [P03] PASS resolve.deep_beyond_root_dropped
[00:03:02 #198] [P03] PASS resolve.about_passthrough
[00:03:02 #199] [P03] PASS resolve.data_passthrough
[00:03:02 #200] [P03] PASS resolve.js_passthrough
[00:03:02 #201] [P03] PASS resolve.absolute_verbatim_case
[00:03:02 #202] [P03] PASS resolve.mailto_not_special
[00:03:02 #203] [P03] PASS resolve.empty_returns_base
[00:03:02 #204] [P03] PASS searchurl.ddg
[00:03:02 #205] [P03] url selftests done: 70 passed, 0 failed
[00:03:02 #206] [P04] storage+cookiejar selftests begin
[00:03:02 #207] [P04] PASS ts.epoch1970
[00:03:02 #208] [P04] PASS ts.bttf2015
[00:03:02 #209] [P04] PASS ts.leap2000feb29
[00:03:02 #210] [P04] PASS ts.neg1969
[00:03:02 #211] [P04] PASS ts.clamp_month0
[00:03:02 #212] [P04] PASS ts.clamp_month13
[00:03:02 #213] [P04] PASS ts.clamp_year_neg
[00:03:02 #214] [P04] PASS ts.clamp_day0
[00:03:02 #215] [P04] PASS ts.floor_frac
[00:03:02 #216] [P04] PASS ts.frac_hour
[00:03:02 #217] [P04] PASS ts.nil_hms_zeroed
[00:03:02 #218] [P04] PASS date.imf_fixdate
[00:03:02 #219] [P04] PASS date.rfc850_4digit
[00:03:02 #220] [P04] PASS date.rfc850_2digit
[00:03:02 #221] [P04] PASS date.rfc850_pivot69
[00:03:02 #222] [P04] PASS date.asctime_dblspace_nil
[00:03:02 #223] [P04] PASS date.asctime_single_space
[00:03:02 #224] [P04] PASS date.lowercase_month_nil
[00:03:02 #225] [P04] PASS date.garbage_nil
[00:03:02 #226] [P04] PASS date.trailing_junk_ok
[00:03:02 #227] [P04] PASS date.no_weekday_nil
[00:03:02 #228] [P04] PASS date.empty_nil
[00:03:02 #229] [P04] PASS sc01.basic
[00:03:02 #230] [P04] PASS sc02.attrs
[00:03:02 #231] [P04] PASS sc03.domain_dot
[00:03:02 #232] [P04] PASS sc04.domain_exact
[00:03:02 #233] [P04] PASS sc05.domain_suffix
[00:03:02 #234] [P04] PASS sc06.domain_localhost
[00:03:02 #235] [P04] PASS sc07.domain_foreign_reject
[00:03:02 #236] [P04] PASS sc08.domain_undotted_reject
[00:03:02 #237] [P04] PASS sc09.path_noslash
[00:03:02 #238] [P04] PASS sc10.samesite_lax
[00:03:02 #239] [P04] PASS sc11.samesite_weird_ignored
[00:03:02 #240] [P04] PASS sc12.maxage_future
[00:03:02 #241] [P04] PASS sc13.maxage_zero_del
[00:03:02 #242] [P04] PASS sc14.maxage_negative_del
[00:03:02 #243] [P04] PASS sc15.maxage_junk_ignored
[00:03:02 #244] [P04] PASS sc16.expires_imf
[00:03:02 #245] [P04] PASS sc17.expires_asctime
[00:03:02 #246] [P04] PASS sc18.expires_garbage_ignored
[00:03:02 #247] [P04] PASS sc19.expires_then_maxage_wins
[00:03:02 #248] [P04] PASS sc20.maxage_then_expires_skipped
[00:03:02 #249] [P04] PASS rej.space_in_pair
[00:03:02 #250] [P04] PASS rej.bad_name
[00:03:02 #251] [P04] PASS rej.no_name
[00:03:02 #252] [P04] PASS rej.quote_in_value
[00:03:02 #253] [P04] PASS rej.comma_in_value
[00:03:02 #254] [P04] PASS rej.no_equals
[00:03:02 #255] [P04] PASS sc27.empty_value_ok
[00:03:02 #256] [P04] PASS sc32.dollar_name_ok
[00:03:02 #257] [P04] PASS sc33.empty_attrs_skipped
[00:03:02 #258] [P04] PASS rej.empty_host_raw
[00:03:02 #259] [P04] PASS rej.null_host
[00:03:02 #260] [P04] PASS rej.null_raw
[00:03:02 #261] [P04] PASS rej.ws_only_raw
[00:03:02 #262] [P04] PASS hdr.two_cookies
[00:03:02 #263] [P04] PASS hdr.replace_moves_end
[00:03:02 #264] [P04] PASS store.replace_count
[00:03:02 #265] [P04] PASS hdr.after_delete
[00:03:02 #266] [P04] PASS store.delete_count
[00:03:02 #267] [P04] PASS hdr.domain_cookie
[00:03:02 #268] [P04] PASS hdr.cross_host_isolated
[00:03:02 #269] [P04] PASS store.domain_count
[00:03:02 #270] [P04] PASS hdr.secure_blocked_http
[00:03:02 #271] [P04] PASS hdr.secure_allowed_https
[00:03:02 #272] [P04] PASS store.secure_count
[00:03:02 #273] [P04] PASS hdr.path_prefix_no
[00:03:02 #274] [P04] PASS hdr.path_exact_yes
[00:03:02 #275] [P04] PASS hdr.path_subdir_yes
[00:03:02 #276] [P04] PASS hdr.path_boundary_no
[00:03:02 #277] [P04] PASS store.docs_count
[00:03:02 #278] [P04] PASS cap.count300
[00:03:02 #279] [P04] PASS cap.first_evicted_to_c6
[00:03:02 #280] [P04] PASS cap.last_is_c305
[00:03:02 #281] [P04] PASS cap.future_expires_stored_evicts
[00:03:02 #282] [P04] PASS clear.zeroes
[00:03:02 #283] [P04] PASS exp.stored
[00:03:02 #284] [P04] PASS exp.alive_before
[00:03:02 #285] [P04] PASS exp.pruned_after
[00:03:02 #286] [P04] PASS exp.list_empty_after_prune
[00:03:02 #287] [P04] PASS st.defaults_bm9
[00:03:02 #288] [P04] PASS st.default_bm1_fields
[00:03:02 #289] [P04] PASS st.default_bm8_title
[00:03:02 #290] [P04] PASS st.default_settings
[00:03:02 #291] [P04] PASS hist.about_and_empty_skipped
[00:03:02 #292] [P04] PASS hist.two_added
[00:03:02 #293] [P04] PASS hist.insert_front_order
[00:03:02 #294] [P04] PASS hist.time_hhmm
[00:03:02 #295] [P04] PASS hist.dedup_count
[00:03:02 #296] [P04] PASS hist.dedup_moves_front_title_defaults_url
[00:03:02 #297] [P04] PASS hist.cap50
[00:03:02 #298] [P04] PASS hist.cap_newest_first
[00:03:02 #299] [P04] PASS hist.cap_oldest_evicted_fill1to5_gone
[00:03:02 #300] [P04] PASS bm.is_true
[00:03:02 #301] [P04] PASS bm.is_false
[00:03:02 #302] [P04] PASS bm.add_empty_rejected
[00:03:02 #303] [P04] PASS bm.dup_returns_true
[00:03:02 #304] [P04] PASS bm.dup_updates_title_only_keeps_desc
[00:03:02 #305] [P04] PASS bm.append_true
[00:03:02 #306] [P04] PASS bm.appended_last
[00:03:02 #307] [P04] PASS bm.remove_valid
[00:03:02 #308] [P04] PASS bm.remove_zero_invalid
[00:03:02 #309] [P04] PASS bm.remove_big_invalid
[00:03:02 #310] [P04] PASS st.save_ok
[00:03:02 #311] [P04] PASS st.load_ok
[00:03:02 #312] [P04] PASS st.roundtrip_bm9
[00:03:02 #313] [P04] PASS st.roundtrip_bm1
[00:03:02 #314] [P04] PASS st.roundtrip_hist_top
[00:03:02 #315] [P04] PASS st.roundtrip_settings
[00:03:02 #316] [P04] PASS st.save_empty_bm
[00:03:02 #317] [P04] PASS st.load_empty_bm
[00:03:02 #318] [P04] PASS st.empty_bm_falls_back_to_defaults
[00:03:02 #319] [P04] PASS st.empty_bm_default_google
[00:03:02 #320] [P04] PASS num.junk_fail
[00:03:02 #321] [P04] PASS num.empty_fail
[00:03:02 #322] [P04] PASS num.comma_fail
[00:03:02 #323] [P04] PASS num.ws_trimmed
[00:03:02 #324] [P04] PASS num.hex
[00:03:02 #325] [P04] PASS num.exponent
[00:03:02 #326] [P04] storage+cookiejar selftests done: 119 passed, 0 failed
[00:03:02 #327] [P05] task queued (queue=1)
[00:03:02 #328] [P05] PASS run.is_running_immediately
[00:03:02 #329] [P05] PASS run.progress_reset_immediately
[00:03:02 #330] [P05] PASS run.step_not_called_before_update
[00:03:02 #331] [P05] task done
[00:03:02 #332] [P05] gc drain (no-op in C)
[00:03:02 #333] [P05] PASS done.no_callback_when_null_onComplete
[00:03:02 #334] [P05] PASS done.queue_emptied_progress_forced_one
[00:03:02 #335] [P05] task queued (queue=1)
[00:03:02 #336] [P05] task done
[00:03:02 #337] [P05] gc drain (no-op in C)
[00:03:02 #338] [P05] PASS budget.first_yield_at_iter64
[00:03:02 #339] [P05] PASS budget.frames16_for_1000iters_at20ms
[00:03:02 #340] [P05] task queued (queue=1)
[00:03:02 #341] [P05] task done
[00:03:02 #342] [P05] gc drain (no-op in C)
[00:03:02 #343] [P05] PASS budget.frozen_clock_single_frame
[00:03:02 #344] [P05] PASS outside.never_yields
[00:03:02 #345] [P05] task queued (queue=1)
[00:03:02 #346] [P05] task error: Parse Error: boom
[00:03:02 #347] [P05] gc drain (no-op in C)
[00:03:02 #348] [P05] PASS err.onError_not_onComplete
[00:03:02 #349] [P05] PASS err.message_delivered_verbatim
[00:03:02 #350] [P05] PASS err.progress_keeps_task_report
[00:03:02 #351] [P05] task queued (queue=1)
[00:03:02 #352] [P05] task error: task error
[00:03:02 #353] [P05] gc drain (no-op in C)
[00:03:02 #354] [P05] PASS err.default_message
[00:03:02 #355] [P05] task queued (queue=1)
[00:03:02 #356] [P05] task queued (queue=2)
[00:03:02 #357] [P05] PASS fifo.two_queued
[00:03:02 #358] [P05] task done
[00:03:02 #359] [P05] gc drain (no-op in C)
[00:03:02 #360] [P05] PASS fifo.upd1_only_head_a
[00:03:02 #361] [P05] task done
[00:03:02 #362] [P05] gc drain (no-op in C)
[00:03:02 #363] [P05] PASS fifo.upd2_then_b
[00:03:02 #364] [P05] PASS fifo.upd3_idle
[00:03:02 #365] [P05] task queued (queue=1)
[00:03:02 #366] [P05] PASS prog.reset_by_run
[00:03:02 #367] [P05] PASS prog.neg_clamped
[00:03:02 #368] [P05] PASS prog.set03
[00:03:02 #369] [P05] PASS prog.regression_ignored
[00:03:02 #370] [P05] PASS prog.over_clamped
[00:03:02 #371] [P05] task done
[00:03:02 #372] [P05] gc drain (no-op in C)
[00:03:02 #373] [P05] PASS cancel.empty_queue_noop
[00:03:02 #374] [P05] task queued (queue=1)
[00:03:02 #375] [P05] PASS cancel.job_started_yielded
[00:03:02 #376] [P05] cancelAll dropped all tasks
[00:03:02 #377] [P05] PASS cancel.queue_cleared_progress_zeroed
[00:03:02 #378] [P05] PASS cancel.no_callbacks_fired
[00:03:02 #379] [P05] PASS cancel.ctx_freed
[00:03:02 #380] [P05] gc drain (no-op in C)
[00:03:02 #381] [P05] PASS cancel.post_cancel_idle_safe
[00:03:02 #382] [P05] task queued (queue=1)
[00:03:02 #383] [P05] task queued (queue=2)
[00:03:02 #384] [P05] PASS run.second_run_resets_progress
[00:03:02 #385] [P05] cancelAll dropped all tasks
[00:03:02 #386] [P05] task queued (queue=1)
[00:03:02 #387] [P05] task done
[00:03:02 #388] [P05] gc drain (no-op in C)
[00:03:02 #389] [P05] PASS free.on_complete_path
[00:03:02 #390] [P05] task queued (queue=1)
[00:03:02 #391] [P05] task error: task error
[00:03:02 #392] [P05] gc drain (no-op in C)
[00:03:02 #393] [P05] PASS free.on_error_path
[00:03:02 #394] [P05] task queued (queue=1)
[00:03:02 #395] [P05] task done
[00:03:02 #396] [P05] gc drain (no-op in C)
[00:03:02 #397] [P05] PASS yieldn.four_frames_then_done
[00:03:02 #398] [P05] gc drain (no-op in C)
[00:03:02 #399] [P05] PASS gc.external_schedule_safe
[00:03:02 #400] [P05] tasks selftests done: 33 passed, 0 failed
[00:03:02 #401] [P06] PASS cp1252.A41_raw_ascii
[00:03:02 #402] [P06] PASS cp1252.7f_stays_raw
[00:03:02 #403] [P06] PASS cp1252.80_is_euro
[00:03:02 #404] [P06] PASS cp1252.81_self_map_C281
[00:03:02 #405] [P06] PASS cp1252.92_right_quote
[00:03:02 #406] [P06] PASS cp1252.9c_oe_ligature
[00:03:02 #407] [P06] PASS cp1252.9f_Y_dieresis
[00:03:02 #408] [P06] PASS cp1252.a0_passthrough_C2A0
[00:03:02 #409] [P06] PASS cp1252.no_header_verbatim
[00:03:02 #410] [P06] PASS cp1252.e9_decodes_C3A9
[00:03:02 #411] [P06] PASS cp1252.ff_decodes_C3BF
[00:03:02 #412] [P06] PASS utf16le.bom_A
[00:03:02 #413] [P06] PASS utf16le.surrogate_pair_U10037
[00:03:02 #414] [P06] PASS utf16le.lone_high_consumes_next
[00:03:02 #415] [P06] PASS utf16be.euro_check
[00:03:02 #416] [P06] PASS utf8bom.stripped_hello
[00:03:02 #417] [P06] PASS hdr.utf8_verbatim_E9
[00:03:02 #418] [P06] PASS hdr.utf_8_alias_verbatim
[00:03:02 #419] [P06] PASS hdr.utf8mb4_passthrough
[00:03:02 #420] [P06] PASS hdr.ascii_verbatim
[00:03:02 #421] [P06] PASS hdr.usascii_passthrough
[00:03:02 #422] [P06] PASS hdr.quoted_value_fails_pattern
[00:03:02 #423] [P06] PASS hdr.missing_value_fails
[00:03:02 #424] [P06] PASS hdr.no_charset_verbatim
[00:03:02 #425] [P06] PASS hdr.Windows1252_decodes
[00:03:02 #426] [P06] PASS hdr.cp1252_decodes
[00:03:02 #427] [P06] PASS hdr.latin1_decodes
[00:03:02 #428] [P06] PASS hdr.iso88591_decodes
[00:03:02 #429] [P06] PASS hdr.iso8859_decodes
[00:03:02 #430] [P06] PASS hdr.shiftjis_besteffort
[00:03:02 #431] [P06] PASS hdr.eucjp_besteffort
[00:03:02 #432] [P06] PASS hdr.utf16le_nonbom_empty
[00:03:02 #433] [P06] PASS hdr.bare_utf16_not_dispatched
[00:03:02 #434] [P06] PASS meta.charset_simple_decodes
[00:03:02 #435] [P06] PASS meta.http_equiv_content_pattern
[00:03:02 #436] [P06] PASS meta.beyond1024_ignored
[00:03:02 #437] [P06] PASS prec.header_cp1252_beats_meta
[00:03:02 #438] [P06] PASS prec.header_utf8_allows_meta
[00:03:02 #439] [P06] PASS ent.fastpath_control_verbatim
[00:03:02 #440] [P06] PASS ent.named_basics
[00:03:02 #441] [P06] PASS ent.copy_reg_trade
[00:03:02 #442] [P06] PASS ent.deg_not_exact_spacing
[00:03:02 #443] [P06] PASS ent.frac12_never_matches
[00:03:02 #444] [P06] PASS ent.unknown_name_spaced
[00:03:02 #445] [P06] PASS ent.case_sensitive
[00:03:02 #446] [P06] PASS ent.missing_semicolon_raw
[00:03:02 #447] [P06] PASS dec.basic_nbsp_dashes
[00:03:02 #448] [P06] PASS dec.quote_family_ellipsis_bullet
[00:03:02 #449] [P06] PASS dec.math_table
[00:03:02 #450] [P06] PASS dec.range_edges
[00:03:02 #451] [P06] PASS dec.huge_number_space
[00:03:02 #452] [P06] PASS hex.basic_a0_dash
[00:03:02 #453] [P06] PASS hex.thin_spaces
[00:03:02 #454] [P06] PASS hex.lacks_201a_asymmetry
[00:03:02 #455] [P06] PASS dec.has_201a_quote
[00:03:02 #456] [P06] PASS clean.translit_accents
[00:03:02 #457] [P06] PASS clean.OE_thorn
[00:03:02 #458] [P06] PASS clean.caron_unmapped_space
[00:03:02 #459] [P06] PASS clean.euro_3byte_single_space
[00:03:02 #460] [P06] PASS clean.emoji_widens_per_byte
[00:03:02 #461] [P06] PASS clean.truncated_tail_single_space
[00:03:02 #462] [P06] PASS clean.nbsp_fixed_seq
[00:03:02 #463] [P06] PASS clean.emdash_fixed_seq
[00:03:02 #464] [P06] PASS clean.full_pipeline_mixed
[00:03:02 #465] [P06] PASS clean.high_absent_keeps_control
[00:03:02 #466] [P06] PASS encode.all_but_apostrophe
[00:03:02 #467] [P06] PASS encode.null_empty
[00:03:02 #468] [P05] task queued (queue=1)
[00:03:02 #469] [P05] task done
[00:03:02 #470] [P05] gc drain (no-op in C)
[00:03:02 #471] [P06] PASS task.decode_completes_one_frame
[00:03:02 #472] [P06] PASS task.decode_outlen
[00:03:02 #473] [P06] PASS task.decode_output
[00:03:02 #474] [P06] PASS norm.windows1252_alias
[00:03:02 #475] [P06] PASS norm.utf8_alias
[00:03:02 #476] [P06] PASS norm.null_safe
[00:03:02 #477] [P06] PASS degen.null_body_empty
[00:03:02 #478] [P06] PASS degen.decode_empty
[00:03:02 #479] [P06] encoding selftests done: 75 passed, 0 failed
[00:03:02 #480] [P07] PASS A.ret
[00:03:02 #481] [P07] PASS A.loading_after_get
[00:03:02 #482] [P07] PASS A.conn_args
[00:03:02 #483] [P07] PASS A.timeouts_ms_and_bufsize
[00:03:02 #484] [P07] PASS A.request_bytes_exact
[00:03:02 #485] [P07] PASS A.loading_after_success
[00:03:02 #486] [P07] PASS A2.conn_ssl_8443
[00:03:02 #487] [P07] PASS A2.cookie_request_bytes
[00:03:02 #488] [P07] PASS A3.default_port_suppressed
[00:03:02 #489] [P07] PASS C.jar_count_2
[00:03:02 #490] [P07] PASS C.cookie_header_roundtrip
[00:03:02 #491] [P07] PASS D.ret
[00:03:02 #492] [P07] PASS D.status
[00:03:02 #493] [P07] PASS D.bodylen_beyond_cl
[00:03:02 #494] [P07] PASS D.slice_to_end
[00:03:02 #495] [P07] PASS D.url
[00:03:02 #496] [P07] PASS E.no_success_midstream
[00:03:02 #497] [P07] PASS E.status
[00:03:02 #498] [P07] PASS E.decoded_body
[00:03:02 #499] [P07] PASS F.first_hop_closed
[00:03:02 #500] [P07] PASS F.hop2_conn
[00:03:02 #501] [P07] PASS F.relative_resolution
[00:03:02 #502] [P07] PASS F.final_status
[00:03:02 #503] [P07] PASS F.final_url
[00:03:02 #504] [P07] PASS F.sock_count
[00:03:02 #505] [P07] PASS G.six_sockets
[00:03:02 #506] [P07] PASS G.silent_drop_no_callbacks
[00:03:02 #507] [P07] PASS G.not_loading_after
[00:03:02 #508] [P07] PASS H.partial_over_512_done
[00:03:02 #509] [P07] PASS H.bodylen_600
[00:03:02 #510] [P07] PASS I.timeout_error
[00:03:02 #511] [P07] PASS I.timeout_message
[00:03:02 #512] [P07] PASS J.closed_no_data_error
[00:03:02 #513] [P07] PASS J.closed_message
[00:03:02 #514] [P07] PASS P.closed_midbody_done
[00:03:02 #515] [P07] PASS P.partial_body
[00:03:02 #516] [P07] PASS K.stale_socket_closed
[00:03:02 #517] [P07] PASS K.silent
[00:03:02 #518] [P07] PASS K.idle
[00:03:02 #519] [P07] PASS L.get_about_loading
[00:03:02 #520] [P07] PASS L.still_pending
[00:03:02 #521] [P07] PASS L.progress_100
[00:03:02 #522] [P07] PASS L.home_status
[00:03:02 #523] [P07] PASS L.home_ct
[00:03:02 #524] [P07] PASS L.home_len_100
[00:03:02 #525] [P07] PASS L.home_url
[00:03:02 #526] [P07] PASS L.done_not_loading
[00:03:02 #527] [P07] PASS L.unknown_ret_true
[00:03:02 #528] [P07] PASS L.unknown_error
[00:03:02 #529] [P07] PASS L.unknown_message
[00:03:02 #530] [P07] PASS L.unknown_idle
[00:03:02 #531] [P07] PASS L.blank_len_26
[00:03:02 #532] [P07] PASS L.acid_len_2984
[00:03:02 #533] [P07] PASS L.acid_title_present
[00:03:02 #534] [P07] PASS M.ret_false
[00:03:02 #535] [P07] PASS M.sync_error
[00:03:02 #536] [P07] PASS M.message
[00:03:02 #537] [P07] PASS M.idle
[00:03:02 #538] [P07] PASS N.send_error
[00:03:02 #539] [P07] PASS N.send_failed_prefix
[00:03:02 #540] [P07] PASS N.idle
[00:03:02 #541] [P07] PASS O.three_progress_calls
[00:03:02 #542] [P07] PASS O.first_0_0
[00:03:02 #543] [P07] PASS O.second_body_bytes
[00:03:02 #544] [P07] PASS O.clamped_final
[00:03:02 #545] [P07] PASS O.delivered
[00:03:02 #546] [P07] PASS Q.delivered_as_normal
[00:03:02 #547] [P07] PASS Q.empty_body
[00:03:02 #548] [P07] PASS R.deny_ret_false
[00:03:02 #549] [P07] PASS R.deny_error
[00:03:02 #550] [P07] PASS R.deny_message
[00:03:02 #551] [P07] PASS R.purpose_string
[00:03:02 #552] [P07] PASS S.ask_ret_true
[00:03:02 #553] [P07] PASS S.waiting_no_socket_yet
[00:03:02 #554] [P07] PASS S.one_access_call
[00:03:02 #555] [P07] PASS S.callback_recorded
[00:03:02 #556] [P07] PASS S.socket_after_grant
[00:03:02 #557] [P07] PASS S.completed_after_grant
[00:03:02 #558] [P07] PASS S.grant_cached_same_host
[00:03:02 #559] [P07] PASS T.waiting
[00:03:02 #560] [P07] PASS T.async_deny_error
[00:03:02 #561] [P07] PASS T.async_deny_message
[00:03:02 #562] [P07] PASS T.idle_after_deny
[00:03:02 #563] [P07] PASS W.error_state_before_tick
[00:03:02 #564] [P07] PASS W.open_failed_delivered
[00:03:02 #565] [P07] PASS W.open_failed_message
[00:03:02 #566] [P07] PASS W.idle
[00:03:02 #567] [P07] PASS V.empty_parses_to_blank_host
[00:03:02 #568] [P07] PASS V.host_blank_port0
[00:03:02 #569] [P07] http selftests done: 89 passed, 0 failed
[00:03:02 #570] [P08] tokenizer selftests start
[00:03:02 #571] [P08] PASS A.nonnull
[00:03:02 #572] [P08] PASS A.title_default
[00:03:02 #573] [P08] PASS A.count_1
[00:03:02 #574] [P08] PASS A.text
[00:03:02 #575] [P08] PASS B.empty_count0
[00:03:02 #576] [P08] PASS B.empty_title
[00:03:02 #577] [P08] PASS C.entity_decode
[00:03:02 #578] [P08] PASS D.count_3
[00:03:02 #579] [P08] PASS D.tag_p_open
[00:03:02 #580] [P08] PASS D.text_hi
[00:03:02 #581] [P08] PASS D.tag_p_close_self
[00:03:02 #582] [P08] PASS E.count_4
[00:03:02 #583] [P08] PASS E.br_slash
[00:03:02 #584] [P08] PASS E.br_space_slash
[00:03:02 #585] [P08] PASS E.hr_plain
[00:03:02 #586] [P08] PASS E.close_p_self
[00:03:02 #587] [P08] PASS F.colon_names
[00:03:02 #588] [P08] PASS F.attr_datax
[00:03:02 #589] [P08] PASS G.lowered_names
[00:03:02 #590] [P08] PASS G.attr_val_case_kept
[00:03:02 #591] [P08] PASS G.text_Y
[00:03:02 #592] [P08] PASS H.interleave
[00:03:02 #593] [P08] PASS I.lt_space_gt_quirk
[00:03:02 #594] [P08] PASS J.junk_dropped
[00:03:02 #595] [P08] PASS K.doctype_vanishes
[00:03:02 #596] [P08] PASS L.broken_tail_dropped
[00:03:02 #597] [P08] PASS M.count_3
[00:03:02 #598] [P08] PASS M.tag_a
[00:03:02 #599] [P08] PASS M.href_decoded
[00:03:02 #600] [P08] PASS M.id_single_quoted
[00:03:02 #601] [P08] PASS M.unquoted
[00:03:02 #602] [P08] PASS M.boolean_disabled
[00:03:02 #603] [P08] PASS M.boolean_datax
[00:03:02 #604] [P08] PASS M.attr_count_5
[00:03:02 #605] [P08] PASS M.text_y
[00:03:02 #606] [P08] PASS M.close_a
[00:03:02 #607] [P08] PASS N.first_wins
[00:03:02 #608] [P08] PASS N.src_first
[00:03:02 #609] [P08] PASS N.alt_first_lowered_key
[00:03:02 #610] [P08] PASS N.attr_count_2
[00:03:02 #611] [P08] PASS O.key_dot_quirk
[00:03:02 #612] [P08] PASS O.a_bool
[00:03:02 #613] [P08] PASS O.b_c
[00:03:02 #614] [P08] PASS O.d_e_f_g
[00:03:02 #615] [P08] PASS O.attr_count_3
[00:03:02 #616] [P08] PASS P.space_before_eq_quirk
[00:03:02 #617] [P08] PASS P.href_empty
[00:03:02 #618] [P08] PASS P.v_bool_lost_value
[00:03:02 #619] [P08] PASS P.attr_count_2
[00:03:02 #620] [P08] PASS Q.unterminated_quote_all_dropped
[00:03:02 #621] [P08] PASS R.comment_full
[00:03:02 #622] [P08] PASS S.comment_unclosed_tail_after_gt
[00:03:02 #623] [P08] PASS T.script_skip
[00:03:02 #624] [P08] PASS U.script_case_insensitive
[00:03:02 #625] [P08] PASS V.script_unclosed_swallows_rest
[00:03:02 #626] [P08] PASS W.style_skip
[00:03:02 #627] [P08] PASS X.style_unclosed_swallows
[00:03:02 #628] [P08] PASS Y.title_decoded_collapsed
[00:03:02 #629] [P08] PASS Y.title_tags_not_emitted
[00:03:02 #630] [P08] PASS Z.title_unclosed_default
[00:03:02 #631] [P08] PASS AA.prefix_hijack_title
[00:03:02 #632] [P08] PASS AB.alloc_big
[00:03:02 #633] [P08] PASS AC.trunc_cut_at_gt_single
[00:03:02 #634] [P08] PASS AC.text_len_262202
[00:03:02 #635] [P08] PASS AD.alloc_flat
[00:03:02 #636] [P08] PASS AE.no_gt_exact_max
[00:03:02 #637] [P08] PASS AF.exact_max_untouched
[00:03:02 #638] [P08] PASS AG.progress_reported
[00:03:02 #639] [P08] tokenizer selftests done: 68 passed, 0 failed
[00:03:02 #640] [P09] dom selftests start
[00:03:02 #641] [P09] PASS A.root
[00:03:02 #642] [P09] PASS A.diag
[00:03:02 #643] [P09] PASS A.child_text
[00:03:02 #644] [P09] PASS B.empty
[00:03:02 #645] [P09] PASS C.nested_counts
[00:03:02 #646] [P09] PASS C.structure
[00:03:02 #647] [P09] PASS D.format_survives
[00:03:02 #648] [P09] PASS D.b_nests_i
[00:03:02 #649] [P09] PASS E.p_implied_by_div
[00:03:02 #650] [P09] PASS F.stray_li_root_siblings
[00:03:02 #651] [P09] PASS G.list_counts
[00:03:02 #652] [P09] PASS G.list_shape
[00:03:02 #653] [P09] PASS G.inner_list
[00:03:02 #654] [P09] PASS H.dtdd
[00:03:02 #655] [P09] PASS I.table_counts
[00:03:02 #656] [P09] PASS I.table_shape
[00:03:02 #657] [P09] PASS I.rows_cells
[00:03:02 #658] [P09] PASS J.stray_tr_dropped
[00:03:02 #659] [P09] PASS K.stray_td_dropped
[00:03:02 #660] [P09] PASS L.option_outside_dropped
[00:03:02 #661] [P09] PASS M.anchor_reopen
[00:03:02 #662] [P09] PASS M.second_a_sibling
[00:03:02 #663] [P09] PASS N.voids_flat
[00:03:02 #664] [P09] PASS N.sequence
[00:03:02 #665] [P09] PASS N.close_br_ignored
[00:03:02 #666] [P09] PASS O.selfclose_not_pushed
[00:03:02 #667] [P09] PASS P.head_skipped
[00:03:02 #668] [P09] PASS P.body_p_vis
[00:03:02 #669] [P09] PASS P.diag_skipped1_proc10
[00:03:02 #670] [P09] PASS Q.template_hidden
[00:03:02 #671] [P09] PASS Q.skipped3
[00:03:02 #672] [P09] PASS R.close_through_counts
[00:03:02 #673] [P09] PASS R.popped_through_span
[00:03:02 #674] [P09] PASS R.deep_sibling_of_p
[00:03:02 #675] [P09] PASS S.unknown_close_noop
[00:03:02 #676] [P09] PASS S.b_inside_div
[00:03:02 #677] [P09] PASS T.attrs_kept
[00:03:02 #678] [P09] PASS T.attr_values
[00:03:02 #679] [P09] PASS T.text
[00:03:02 #680] [P09] PASS U.chain_depth_12
[00:03:02 #681] [P09] PASS V.blockquote_ps
[00:03:02 #682] [P09] PASS V.two_siblings
[00:03:02 #683] [P09] PASS W.alloc
[00:03:02 #684] [P09] PASS W.valve_diag
[00:03:02 #685] [P09] PASS W.valve_kids
[00:03:02 #686] [P09] PASS X.alloc
[00:03:02 #687] [P09] PASS X.capped_at_6000
[00:03:02 #688] [P09] PASS X.maxhit_dead_flag_false
[00:03:02 #689] [P09] PASS Y.progress_in_dom_range
[00:03:02 #690] [P09] dom selftests done: 49 passed, 0 failed
[00:03:02 #691] [P11] PASS A.blank_title
[00:03:02 #692] [P11] PASS A.blank_base
[00:03:02 #693] [P11] PASS A.empty_no_blocks
[00:03:02 #694] [P11] PASS A.raw_html
[00:03:02 #695] [P11] PASS B.reader_doc
[00:03:02 #696] [P11] PASS C.h2_meta
[00:03:02 #697] [P11] PASS C.h6_align_attr
[00:03:02 #698] [P11] PASS C.h3_align_style
[00:03:02 #699] [P11] PASS D.div_para
[00:03:02 #700] [P11] PASS D.section_para
[00:03:02 #701] [P11] PASS D.margin_shorthand2
[00:03:02 #702] [P11] PASS D.padding_left
[00:03:02 #703] [P11] PASS D.invert_center
[00:03:02 #704] [P11] PASS E.nest_bi
[00:03:02 #705] [P11] PASS E.flags7
[00:03:02 #706] [P11] PASS E.code_family
[00:03:02 #707] [P11] PASS F.br_same_para
[00:03:02 #708] [P11] PASS F.br_flags
[00:03:02 #709] [P11] PASS F.wbr
[00:03:02 #710] [P11] PASS F.hr_flushes
[00:03:02 #711] [P11] PASS G.pre_raw
[00:03:02 #712] [P11] PASS G.pre_blank_line
[00:03:02 #713] [P11] PASS G.xmp
[00:03:02 #714] [P11] PASS H.span_styles
[00:03:02 #715] [P11] PASS H.font_size
[00:03:02 #716] [P11] PASS H.time_fallback
[00:03:02 #717] [P11] PASS H.data_children_win
[00:03:02 #718] [P11] PASS H.time_text_no_fallback
[00:03:02 #719] [P11] PASS I.quotes
[00:03:02 #720] [P11] PASS J.resolve_target
[00:03:02 #721] [P11] PASS J.inline_link
[00:03:02 #722] [P11] PASS J.invalid_skipped
[00:03:02 #723] [P11] PASS J.invalid_plain
[00:03:02 #724] [P11] PASS J.title_fallback
[00:03:02 #725] [P11] PASS J.href_fallback
[00:03:02 #726] [P11] PASS J.text_accum
[00:03:02 #727] [P11] PASS J.anchor_seq
[00:03:02 #728] [P11] PASS K.ul_defaults
[00:03:02 #729] [P11] PASS K.ol_start
[00:03:02 #730] [P11] PASS K.ol_reversed
[00:03:02 #731] [P11] PASS K.ol_typeA
[00:03:02 #732] [P11] PASS K.ol_type_invalid
[00:03:02 #733] [P11] PASS K.nested_depth
[00:03:02 #734] [P11] PASS K.stray_li
[00:03:02 #735] [P11] PASS K.value_renumber
[00:03:02 #736] [P11] PASS L.dt_dd_flags
[00:03:02 #737] [P11] PASS L.dl_nested_indent
[00:03:02 #738] [P11] PASS N.caption_attached
[00:03:02 #739] [P11] PASS N.no_image_no_block
[00:03:02 #740] [P11] PASS O.clamps
[00:03:02 #741] [P11] PASS O.defaults
[00:03:02 #742] [P11] PASS O.alt_title
[00:03:02 #743] [P11] PASS O.data_src
[00:03:02 #744] [P11] PASS O.srcset_first
[00:03:02 #745] [P11] PASS O.filters
[00:03:02 #746] [P11] PASS O.usemap_strip
[00:03:02 #747] [P11] PASS O.img_in_link
[00:03:02 #748] [P11] PASS P.hidden_skip
[00:03:02 #749] [P11] PASS P.display_none
[00:03:02 #750] [P11] PASS P.inert_attr
[00:03:02 #751] [P11] PASS Q.scan_pattern_a
[00:03:02 #752] [P11] PASS Q.scan_pattern_b
[00:03:02 #753] [P11] PASS Q.body_overrides
[00:03:02 #754] [P11] PASS Q.invalid_ignored
[00:03:02 #755] [P11] PASS R.base_override
[00:03:02 #756] [P11] PASS R.first_nonempty_wins
[00:03:02 #757] [P11] PASS R.https_base
[00:03:02 #758] [P11] PASS S.block_cap_notice
[00:03:02 #759] [P11] PASS S.inline_cap
[00:03:02 #760] [P11] PASS T.basic_rows
[00:03:02 #761] [P11] PASS T.implicit_tr_quirk
[00:03:02 #762] [P11] PASS T.th_spans
[00:03:02 #763] [P11] PASS T.caption_trim
[00:03:02 #764] [P11] PASS T.border_width_align
[00:03:02 #765] [P11] PASS T.border_zero_off
[00:03:02 #766] [P11] PASS T.tbody_wrapper
[00:03:02 #767] [P11] PASS T.nested_dropped
[00:03:02 #768] [P11] PASS T.empty_cell_space
[00:03:02 #769] [P11] PASS T.cell_flags_link
[00:03:02 #770] [P11] PASS T.cell_first_ws_strip
[00:03:02 #771] [P11] PASS T.stray_tr_text_leak
[00:03:02 #772] [P11] PASS T.stray_td_text_leak
[00:03:02 #773] [P11] PASS T.block_tags_plain_in_cell
[00:03:02 #774] [P11] PASS U.hidden_block
[00:03:02 #775] [P11] PASS U.text_defaults
[00:03:02 #776] [P11] PASS U.text_attrs
[00:03:02 #777] [P11] PASS U.checkbox_aria_fallback
[00:03:02 #778] [P11] PASS U.checkbox_title_fallback
[00:03:02 #779] [P11] PASS U.checkbox_label_attr
[00:03:02 #780] [P11] PASS U.checkbox_radio_flags
[00:03:02 #781] [P11] PASS U.submit_labels
[00:03:02 #782] [P11] PASS U.button_blocks
[00:03:02 #783] [P11] PASS U.form_context
[00:03:02 #784] [P11] PASS U.textarea_capture
[00:03:02 #785] [P11] PASS U.textarea_disabled
[00:03:02 #786] [P11] PASS U.select_basic
[00:03:02 #787] [P11] PASS U.select_optgroup
[00:03:02 #788] [P11] PASS U.select_empty_skip
[00:03:02 #789] [P11] PASS U.select_label_wins
[00:03:02 #790] [P11] PASS V.fieldset_legend
[00:03:02 #791] [P11] PASS V.fieldset_disables_inner
[00:03:02 #792] [P11] PASS V.details_open
[00:03:02 #793] [P11] PASS V.details_body_rendered
[00:03:02 #794] [P11] PASS V.details_closed_default
[00:03:02 #795] [P11] PASS V.details_counter_seq
[00:03:02 #796] [P11] PASS V.details_override_open_close
[00:03:02 #797] [P11] PASS V.dialog_closed_hidden
[00:03:02 #798] [P11] PASS V.dialog_open_pair
[00:03:02 #799] [P11] PASS V.fieldset_nests
[00:03:02 #800] [P11] PASS W.video_placeholder
[00:03:02 #801] [P11] PASS W.source_fallback
[00:03:02 #802] [P11] PASS W.canvas_no_src
[00:03:02 #803] [P11] PASS W.iframe_href_embed
[00:03:02 #804] [P11] PASS W.progress_clamp
[00:03:02 #805] [P11] PASS W.meter_fields
[00:03:02 #806] [P11] PASS W.datalist_meta
[00:03:02 #807] [P11] PASS W.map_areas
[00:03:02 #808] [P11] PASS W.fencedframe
[00:03:02 #809] [P11] PASS W.template_inert
[00:03:02 #810] [P11] PASS W.voids_silent
[00:03:02 #811] [P11] PASS X.svg_serialize
[00:03:02 #812] [P11] PASS X.svg_viewbox_quirk
[00:03:02 #813] [P11] PASS X.svg_defaults_clamp
[00:03:02 #814] [P11] PASS X.svg_alt_rules
[00:03:02 #815] [P11] PASS X.math_linearized
[00:03:02 #816] [P11] PASS X.mfenced_seps
[00:03:02 #817] [P11] PASS X.math_ws_collapse
[00:03:02 #818] [P11] PASS X.math_empty_skipped
[00:03:02 #819] [P11] PASS Y.address_hgroup_paragraphs
[00:03:02 #820] [P11] PASS Y.figure_caption_only_para
[00:03:02 #821] [P11] PASS Y.heading_css_spacing
[00:03:02 #822] [P11] PASS Y.inert_scope_restored
[00:03:02 #823] [P11] document selftests done: 132 passed, 0 failed
[00:03:02 #824] [P12] PASS A.mode_flag
[00:03:02 #825] [P12] PASS A.raw_html_kept
[00:03:02 #826] [P12] PASS A.base_kept
[00:03:02 #827] [P12] PASS A.block_count
[00:03:02 #828] [P12] PASS A.header_host
[00:03:02 #829] [P12] PASS A.header_title_fallback
[00:03:02 #830] [P12] PASS A.reading_time_math
[00:03:02 #831] [P12] PASS A.title_h1_bold
[00:03:02 #832] [P12] PASS A.hr_third
[00:03:02 #833] [P12] PASS A.paragraph_fourth
[00:03:02 #834] [P12] PASS A.paragraph_text
[00:03:02 #835] [P12] dump basics: 4 blocks
[00:03:02 #836] [P12]    0 READER_HEADER host=EX.COM title=Web Page rt=1 min read (3 words)
[00:03:02 #837] [P12]    1 HEADING h1 [Web Page]
[00:03:02 #838] [P12]    2 HR
[00:03:02 #839] [P12]    3 type=0 [Hello brave world]
[00:03:02 #840] [P12] PASS A.empty_blank_doc
[00:03:02 #841] [P12] PASS A.fallback_title_host
[00:03:02 #842] [P12] dump fallbacks: 4 blocks
[00:03:02 #843] [P12]    0 READER_HEADER host=BLANK title=Untitled Article rt=1 min read (1 words)
[00:03:02 #844] [P12]    1 HEADING h1 [Untitled Article]
[00:03:02 #845] [P12]    2 HR
[00:03:02 #846] [P12]    3 type=0 [x]
[00:03:02 #847] [P12] PASS B.merged_count
[00:03:02 #848] [P12] PASS B.merged_text
[00:03:02 #849] [P12] PASS B.sentence_boundary
[00:03:02 #850] [P12] dump merge: 5 blocks
[00:03:02 #851] [P12]    0 READER_HEADER host=EX.COM title=Web Page rt=1 min read (10 words)
[00:03:02 #852] [P12]    1 HEADING h1 [Web Page]
[00:03:02 #853] [P12]    2 HR
[00:03:02 #854] [P12]    3 type=0 [Welcome to Wikipedia,the free encyclopediaEnds here.]
[00:03:02 #855] [P12]    4 type=0 [new frag]
[00:03:02 #856] [P12] PASS C.bare_dropped_kept
[00:03:02 #857] [P12] dump bare_url: 4 blocks
[00:03:02 #858] [P12]    0 READER_HEADER host=EX.COM title=Web Page rt=1 min read (6 words)
[00:03:02 #859] [P12]    1 HEADING h1 [Web Page]
[00:03:02 #860] [P12]    2 HR
[00:03:02 #861] [P12]    3 type=0 [real anchor texttwo words stay]
[00:03:02 #862] [P12] PASS D.stripped_absent
[00:03:02 #863] [P12] PASS D.kept_present
[00:03:02 #864] [P12] dump strip: 4 blocks
[00:03:02 #865] [P12]    0 READER_HEADER host=EX.COM title=Web Page rt=1 min read (2 words)
[00:03:02 #866] [P12]    1 HEADING h1 [Web Page]
[00:03:02 #867] [P12]    2 HR
[00:03:02 #868] [P12]    3 type=0 [kept paragraph]
[00:03:02 #869] [P12] PASS E.heading_level
[00:03:02 #870] [P12] PASS E.h3
[00:03:02 #871] [P12] PASS E.list_numbers
[00:03:02 #872] [P12] PASS E.pre_verbatim
[00:03:02 #873] [P12] PASS E.blockquote_type
[00:03:02 #874] [P12] dump structure: 9 blocks
[00:03:02 #875] [P12]    0 READER_HEADER host=EX.COM title=Web Page rt=1 min read (10 words)
[00:03:02 #876] [P12]    1 HEADING h1 [Web Page]
[00:03:02 #877] [P12]    2 HR
[00:03:02 #878] [P12]    3 HEADING h3 [Title Three]
[00:03:02 #879] [P12]    4 LI ordered=0 num=1 [Alpha item]
[00:03:02 #880] [P12]    5 LI ordered=0 num=2 [Beta item]
[00:03:02 #881] [P12]    6 LI ordered=1 num=1 [Num one]
[00:03:02 #882] [P12]    7 CODE [a   b
line2]
[00:03:02 #883] [P12]    8 type=2 [quoted words]
[00:03:02 #884] [P12] PASS F.clamp_resolve_alt
[00:03:02 #885] [P12] PASS F.tracking_skipped
[00:03:02 #886] [P12] PASS F.srcset_first
[00:03:02 #887] [P12] PASS F.data_src_default_alt
[00:03:02 #888] [P12] PASS F.empty_alt_becomes_image
[00:03:02 #889] [P12] dump images: 7 blocks
[00:03:02 #890] [P12]    0 READER_HEADER host=EX.COM title=Web Page rt=1 min read (0 words)
[00:03:02 #891] [P12]    1 HEADING h1 [Web Page]
[00:03:02 #892] [P12]    2 HR
[00:03:02 #893] [P12]    3 IMAGE 360x99 alt=Pic src=http://ex.com/pic.png
[00:03:02 #894] [P12]    4 IMAGE 160x80 alt=ss src=http://ex.com/first.x
[00:03:02 #895] [P12]    5 IMAGE 160x80 alt=Image src=http://ex.com/lazy.png
[00:03:02 #896] [P12]    6 IMAGE 160x80 alt=Image src=http://ex.com/noalt.png
[00:03:02 #897] [P12] PASS G.input_field
[00:03:02 #898] [P12] PASS G.input_submit_value_label
[00:03:02 #899] [P12] PASS G.textarea
[00:03:02 #900] [P12] PASS G.button_label_trimmed
[00:03:02 #901] [P12] PASS G.checkbox_ignored
[00:03:02 #902] [P12] dump forms: 7 blocks
[00:03:02 #903] [P12]    0 READER_HEADER host=EX.COM title=Web Page rt=1 min read (0 words)
[00:03:02 #904] [P12]    1 HEADING h1 [Web Page]
[00:03:02 #905] [P12]    2 HR
[00:03:02 #906] [P12]    3 INPUT type=text name=q ph=Search act=http://ex.com/search meth=post
[00:03:02 #907] [P12]    4 SUBMIT label=Go act=http://ex.com/search meth=post
[00:03:02 #908] [P12]    5 INPUT type=textarea name=ta ph= act= meth=post
[00:03:02 #909] [P12]    6 SUBMIT label=Click  Me act= meth=post
[00:03:02 #910] [P12] PASS H.sorted_order_walk
[00:03:02 #911] [P12] PASS H.reader_words
[00:03:02 #912] [P12] dump selection: 4 blocks
[00:03:02 #913] [P12]    0 READER_HEADER host=EX.COM title=Web Page rt=1 min read (8 words)
[00:03:02 #914] [P12]    1 HEADING h1 [Web Page]
[00:03:02 #915] [P12]    2 HR
[00:03:02 #916] [P12]    3 type=0 [alpha bravo charlie delta echoStray intro line.]
[00:03:02 #917] [P12] readability selftests done: 36 passed, 0 failed
[00:03:02 #918] font loaded: fonts/Roobert-11-Medium
[00:03:02 #919] update callback registered
[00:03:03 #920] first frame rendered
[00:03:06 #921] [P07] bench start https://wiesmann.codiferes.net/share/bitmaps/
[00:03:10 #922] [P07] bench OK https://wiesmann.codiferes.net/share/bitmaps/ status=200 bytes=5217 ms=3590 kbps=1
[00:03:10 #923] [P07] bench start http://wiesmann.codiferes.net/share/bitmaps/test_image_4c.png
[00:03:10 #924] [P07] bench OK http://wiesmann.codiferes.net/share/bitmaps/test_image_4c.png status=404 bytes=996 ms=264 kbps=3
[00:03:10 #925] [P07] benchmark done
[00:03:12 #926] heartbeat frame=300
[00:03:22 #927] heartbeat frame=600
[00:03:32 #928] heartbeat frame=900
[00:03:42 #929] heartbeat frame=1200
[00:03:52 #930] heartbeat frame=1500

════════════════════════════════════════════════════════════
P12 PARITY AUDIT — readability.lua → readability.c location map
════════════════════════════════════════════════════════════
trimStr / wordCount                 lua 14-26  → r_trim / r_wordcount
isBareUrlText                       lua 31-38  → r_is_bare_url (regex
  backtracking replicated by right-to-left dot scan; https?:// prefix;
  whitespace anywhere -> false)
mergeParagraphFragments             lua 43-82  → r_merge_fragments
  (running lastAccum, no-sentence-end + <=200 chars + <=40 words,
  inline arrays absorbed, trimmed concat recompute)
distill entry / host+title          lua 84-87  → readability_distill
containers root + push/pop          lua 89-220 → RContainer dynarray,
  r_push_container/r_pop_container (commit first)
token loop + yield/progress         lua 222-224→ main loop (0.5..0.8)
text routing pre/textarea/button    lua 226-237→ raw StrBuf appends
STRIP_TAGS depth                    lua 243-249→ r_is_strip_tag
  NOTE: nav/header/footer/aside are STRIP_TAGS, so the nav-container
  elseif at lua 254 is DEAD code in the source — omitted in C.
article/main containers (*3)        lua 251-252→ tag dispatch
h1-h6 pending heading               lua 257-264→ level=tag[1]-'0'
p/div/section commit                lua 266-267→ both open+close
br                                  lua 269-278→ pre "\n" / inline / commit
hr                                  lua 280-282→ direct insert
b/strong i/em/cite code-family      lua 284-291→ SET (= not closing)
pre buffer                          lua 293-304→ sb_clear/detach, empty dropped
blockquote flag                     lua 306-308→ default block type
ul/ol/li numbering                  lua 310-331→ RListLevel stack
a href resolve (#/javascript: out)  lua 333-343→ r_ci_prefix + r_resolve
form action/method (method never
  reset on close)                   lua 345-351→ form branch
input text-family / submit          lua 353-379→ r_flush_input_field /
  r_flush_input_submit (submit uses LIVE action: NULL snapshot)
textarea buffered value             lua 381-399→ textareaBuffer detach
button snapshot action at open      lua 401-422→ buttonFormAction
img src/data-src/srcset-first,
  alt||title||"Image", w/h tonumber
  defaults 160/80 clamps 360/180,
  tracking/beacon skip              lua 424-446→ r_handle_img
flushBlock empty-text drop +
  linkWords accumulation            lua 126-154→ r_flush
scoring wc+30/img, density .5/.33,
  *0.2 *0.6 *3 nav *0.05            lua 454-465→ score loop
table.sort desc (unstable)          lua 467    → qsort, ties by orig index
threshold best*0.15, non-nav walk
  in SORTED order (source comment
  says document order — replicated
  as sorted)                        lua 472-484→ selection loop
fallback all non-nav                lua 487-495→ second loop
reading time ceil(w/180) min 1      lua 497-504→ readTimeStr
final header/h1/hr assembly         lua 506-521→ finalB array
result doc fields                   lua 527-534→ DocDocument
  (+rawHtml set by document.c reader branch, as Lua does)

FIXES DURING PHASE:
  - submit-block action lookup inverted (snapshot vs live) — caught by tests
  - header trio appended after content instead of before — caught by dumps
  - stale P11 gate test updated: reader mode now returns a distilled doc

SELFTESTS: 36 passed, 0 failed (host harness clean under ASAN; simulator
log this phase). Fixture article dumps logged via [P12] dump lines.
Build gate 0 errors / 0 warnings. Display label "P12 readability:" added.
