cloud_layout.c:41:14:dup_str	24	static
cloud_layout.c:56:13:items_reset	16	static
cloud_layout.c:72:19:item_new	48	static
cloud_layout.c:248:6:cloud_free_doc.part.0	24	static
cloud_layout.c:176:11:cloud_parse	120	static
cloud_layout.c:236:11:cloud_parse_error_doc	8	static
cloud_layout.c:248:6:cloud_free_doc	0	static
cloud_layout.c:276:6:cloud_build	104	static
cloud_layout.c:375:6:cloud_draw	72	static
cloud_layout.c:487:5:cloud_total_height	0	static
cloud_layout.c:492:5:cloud_item_count	0	static
cloud_layout.c:497:6:cloud_clear	8	static
