image_decoder.c:189:13:async_decode_error	4	static
image_decoder.c:141:12:async_decode_step	16	static
image_decoder.c:74:23:cache_find.part.0	24	static
image_decoder.c:384:13:process_next	552	static
image_decoder.c:420:13:process_next_timer	0	static
image_decoder.c:83:13:cache_put	32	static
image_decoder.c:377:13:http_on_error	8	static
image_decoder.c:162:13:async_decode_done	40	static
image_decoder.c:201:13:decode_raw_image_data.constprop	256	static
image_decoder.c:323:13:http_on_success	16	static
image_decoder.c:429:6:imgdec_init	0	static
image_decoder.c:431:6:imgdec_clear_cache	24	static
image_decoder.c:441:6:imgdec_enqueue	32	static
image_decoder.c:451:6:imgdec_evict	32	static
image_decoder.c:471:5:imgdec_is_decoded	8	static
image_decoder.c:478:12:imgdec_get_image	8	static
image_decoder.c:485:5:imgdec_is_cached	8	static
image_decoder.c:491:6:imgdec_update	16	static
image_decoder.c:506:6:imgdec_draw	128	static
image_decoder.c:640:12:imgdec_test_decode	280	static
