image_decoder.c:158:13:async_decode_error	4	static
image_decoder.c:110:12:async_decode_step	16	static
image_decoder.c:67:23:cache_find.part.0	24	static
image_decoder.c:324:13:process_next	552	static
image_decoder.c:354:13:process_next_timer	0	static
image_decoder.c:76:13:cache_put	16	static
image_decoder.c:316:13:http_on_error	8	static
image_decoder.c:131:13:async_decode_done	40	static
image_decoder.c:170:13:decode_raw_image_data.constprop	256	static
image_decoder.c:262:13:http_on_success	16	static
image_decoder.c:363:6:imgdec_init	0	static
image_decoder.c:365:6:imgdec_clear_cache	24	static
image_decoder.c:375:6:imgdec_enqueue	32	static
image_decoder.c:385:6:imgdec_evict	32	static
image_decoder.c:401:5:imgdec_is_decoded	8	static
image_decoder.c:408:12:imgdec_get_image	8	static
image_decoder.c:415:5:imgdec_is_cached	8	static
image_decoder.c:420:6:imgdec_update	16	static
image_decoder.c:435:6:imgdec_draw	128	static
image_decoder.c:569:12:imgdec_test_decode	280	static
