layout.c:1725:13:draw_scaled_fit	64	static
layout.c:471:13:flow_free	16	static
layout.c:176:12:default_measure	24	static
layout.c:1778:13:draw_on_demand_image_box	72	static
layout.c:90:20:arena_word	24	static
layout.c:240:20:item_new	32	static
layout.c:1716:12:image_mode	8	static
layout.c:522:12:is_space_char.part.0	0	static
layout.c:1672:12:od_requested.part.0	24	static
layout.c:481:13:flow_push_line	24	static
layout.c:669:12:emit_flow.isra.0	688	static
layout.c:2681:6:layout_draw_on_demand_overlay.part.0	568	static
layout.c:537:12:break_lines	376	static
layout.c:124:5:layout_build_failed	0	static
layout.c:134:6:layout_init	0	static
layout.c:139:6:layout_clear	32	static
layout.c:266:13:layout_normalize_align	24	static
layout.c:291:6:layout_to_roman	80	static
layout.c:321:6:layout_to_alpha	64	static
layout.c:349:6:layout_ordered_marker	64	static
layout.c:407:6:layout_expand_tab_columns	24	static
layout.c:794:6:layout_build	1648	static
layout.c:1624:5:layout_get_total_height	0	static
layout.c:1625:5:layout_get_item_count	0	static
layout.c:1627:19:layout_item_at	0	static
layout.c:1636:19:layout_get_selected_input	0	static
layout.c:1637:6:layout_set_selected_input	0	static
layout.c:1650:6:layout_set_input_value	16	static
layout.c:1665:5:layout_get_on_demand_consumed	0	static
layout.c:1666:6:layout_clear_on_demand_consumed	0	static
layout.c:1667:13:layout_get_hovered_image_src	0	static
layout.c:2006:6:layout_draw	2192	static
layout.c:2581:6:layout_evict_offscreen	24	static
layout.c:2602:6:layout_evict_hovered_image	16	static
layout.c:2632:19:layout_image_at	12	static
layout.c:2653:6:layout_show_on_demand_overlay	24	static
layout.c:2662:6:layout_clear_on_demand_overlay	0	static
layout.c:2667:5:layout_has_on_demand_overlay	0	static
layout.c:2671:13:layout_on_demand_href	0	static
layout.c:2676:13:layout_on_demand_src	0	static
layout.c:2681:6:layout_draw_on_demand_overlay	0	static
layout.c:2716:13:layout_handle_on_demand_input	536	static
layout.c:2777:5:layout_test_break_lines_probe	48	static
layout.c:2799:6:layout_test_dump_break_lines	1112	static
layout.c:2834:6:layout_test_run_emit	64	static
layout.c:2851:5:layout_test_get_emit_line_h	0	static
layout.c:2852:5:layout_test_get_emit_end_y	0	static
