layout.c:1699:13:draw_scaled_fit	64	static
layout.c:445:13:flow_free	16	static
layout.c:150:12:default_measure	24	static
layout.c:1752:13:draw_on_demand_image_box	72	static
layout.c:74:20:arena_word	40	static
layout.c:214:20:item_new	32	static
layout.c:1690:12:image_mode	8	static
layout.c:496:12:is_space_char.part.0	0	static
layout.c:1646:12:od_requested.part.0	24	static
layout.c:455:13:flow_push_line	24	static
layout.c:643:12:emit_flow.isra.0	688	static
layout.c:2616:6:layout_draw_on_demand_overlay.part.0	568	static
layout.c:511:12:break_lines	376	static
layout.c:106:5:layout_build_failed	0	static
layout.c:116:6:layout_init	0	static
layout.c:121:6:layout_clear	32	static
layout.c:240:13:layout_normalize_align	24	static
layout.c:265:6:layout_to_roman	80	static
layout.c:295:6:layout_to_alpha	64	static
layout.c:323:6:layout_ordered_marker	64	static
layout.c:381:6:layout_expand_tab_columns	24	static
layout.c:768:6:layout_build	1648	static
layout.c:1598:5:layout_get_total_height	0	static
layout.c:1599:5:layout_get_item_count	0	static
layout.c:1601:19:layout_item_at	0	static
layout.c:1610:19:layout_get_selected_input	0	static
layout.c:1611:6:layout_set_selected_input	0	static
layout.c:1624:6:layout_set_input_value	16	static
layout.c:1639:5:layout_get_on_demand_consumed	0	static
layout.c:1640:6:layout_clear_on_demand_consumed	0	static
layout.c:1641:13:layout_get_hovered_image_src	0	static
layout.c:1980:6:layout_draw	2192	static
layout.c:2555:6:layout_evict_offscreen	24	static
layout.c:2576:6:layout_evict_hovered_image	16	static
layout.c:2593:6:layout_show_on_demand_overlay	24	static
layout.c:2602:6:layout_clear_on_demand_overlay	0	static
layout.c:2607:5:layout_has_on_demand_overlay	0	static
layout.c:2611:13:layout_on_demand_href	0	static
layout.c:2616:6:layout_draw_on_demand_overlay	0	static
layout.c:2651:13:layout_handle_on_demand_input	536	static
layout.c:2712:5:layout_test_break_lines_probe	48	static
layout.c:2734:6:layout_test_dump_break_lines	1112	static
layout.c:2769:6:layout_test_run_emit	64	static
layout.c:2786:5:layout_test_get_emit_line_h	0	static
layout.c:2787:5:layout_test_get_emit_end_y	0	static
