link_manager.c:206:12:lm_find_initial_selection	24	static
link_manager.c:27:14:lm_realloc	16	static
link_manager.c:21:14:lm_alloc	8	static
link_manager.c:33:14:lm_strdup	16	static
link_manager.c:67:6:lm_add_link_rect_ex.part.0	56	static
link_manager.c:44:6:lm_clear	24	static
link_manager.c:57:6:lm_clear_selection	0	static
link_manager.c:62:6:lm_add_link_rect	24	static
link_manager.c:67:6:lm_add_link_rect_ex	8	static
link_manager.c:171:18:lm_rect_aux	0	static
link_manager.c:185:5:lm_get_count	0	static
link_manager.c:190:5:lm_get_selected_index	0	static
link_manager.c:195:15:lm_get_selected_link	0	static
link_manager.c:250:15:lm_select_next	8	static
link_manager.c:278:15:lm_select_prev	8	static
link_manager.c:306:6:lm_draw_selected_highlight	64	static
link_manager.c:340:6:lm_is_highlighted	24	static
link_manager.c:360:6:lm_add_link	40	static
link_manager.c:370:15:lm_get_hovered_link	24	static
link_manager.c:391:15:lm_link_at	0	static
link_manager.c:400:5:lm_get_link_count	0	static
