=== PlutoBrowser crash log ===
gamePath: com.bryanwandrych.plutobrowser
[06:47:21 #1] P1 grow: len=2890 cap=4096 head=|chunk0||chunk1| tail=nk298||chunk299|
[06:47:21 #2] P1 fmt: [str][X][%][-42]
[06:47:21 #3] P1 checkpoint: before strbuf_free
[06:47:21 #4] P1 checkpoint: after strbuf_free
[06:47:21 #5] P2 checkpoint: before logger_error
[06:47:21 #6] ERROR: P2 error-path test: injected diagnostic error  ||  at Source/main.c:1417
[06:47:21 #7] P2 checkpoint: after logger_error
[06:47:21 #8] P3 checkpoint: begin engines
[06:47:21 #9] P3 engine[0]=DuckDuckGo Lite url=https://html.duckduckgo.com/html/?q=
[06:47:21 #10] P3 engine[1]=FrogFind (Fast Text) url=http://frogfind.com/?q=
[06:47:21 #11] P3 engine[2]=Wiby (Classic Web) url=https://wiby.me/?q=
[06:47:21 #12] P3 engine[3]=Wikipedia Search url=https://en.wikipedia.org/wiki/Special:Search?search=
[06:47:21 #13] P3 bookmarks=9 first=Google last=Dan Luu's Blog
[06:47:21 #14] P3 imgmodes: all=all viewport-label=In-View Only fromname(viewport)=1
[06:47:21 #15] === PlutoBrowser boot (Phase 0 scaffold) ===
[06:47:21 #16] eventHandler: kEventInit, osversion=30101
[06:47:21 #17] P5 parse: scheme=https host=example.com port=8080 path=/a/b q=q=1 h=frag
[06:47:21 #18] P5 norm1=https://example.com:8080/a/b?q=1#frag
[06:47:21 #19] P5 about: host=home norm=about:home
[06:47:21 #20] P5 noscheme: norm=https://example.com/path ssl=1
[06:47:21 #21] P5 defport: norm=http://x.com/
[06:47:21 #22] P5 unwrap=https://example.org/page
[06:47:21 #23] P5 resolve1=https://x.com/a/b/c.png
[06:47:21 #24] P5 resolve2=https://x.com/root.png
[06:47:21 #25] P5 resolve3=https://cdn.y.com/i.png
[06:47:21 #26] P5 resolve4=https://x.com/a/page.html#top
[06:47:21 #27] P5 search: hw=1 dotcom=0 ip=0 about=0
[06:47:21 #28] P5 encode=%s val=a+b%26clank
[06:47:21 #29] P5 decode=a b&clank
[06:47:21 #30] P5 searchurl=https://html.duckduckgo.com/html/?q=playdate+consolepage.html
[06:47:21 #31] P7 utf16le=Aé😀
[06:47:21 #32] P7 cp1252 len=10(first=E2:want) first=E2
[06:47:21 #33] P7 meta=<html><head><meta charset="iso-8859-1"><title>t</title></head><body>café</body></html>
[06:47:21 #34] P7 hdr-passthrough=identical
[06:47:21 #35] P7 utf8 passthrough=café
[06:47:21 #36] P8 tc1a=sid=abc123; plain=1 (want sid=abc123; plain=1)
[06:47:21 #37] P8 tc1b=plain=1 (want plain=1)
[06:47:21 #38] P8 tc1c=[] (want empty)
[06:47:21 #39] P8 tc4-http=plain=1 (want plain=1)
[06:47:21 #40] P8 tc4-https=plain=1; sec=9 (want plain=1; sec=9)
[06:47:21 #41] P8 tc2=sec=9 (want sec=9) count=2 (want 2)
[06:47:21 #42] P8 tc5 count=5 (want 5)
[06:47:21 #43] P8 tc5 d1.expires>1824103680 (want >0 name=a)
[06:47:23 #44] P8 tc3 after-expiry count=5 (want 5, tmp pruned)
[06:47:23 #45] P8 tc7 count=300 lo=cap10 hi=cap309 (want 300 cap10 cap309)
[06:47:24 #46] P8 cleared count=0 (want 0)
[06:47:24 #47] P9 init bookmarks=9 (want 9 defaults) history=0
[06:47:24 #48] P9 tc2 top=First Again url=https://a.example/1 time=06:47 (want top First Again a.example)
[06:47:24 #49] P9 tc3 second=Second Page count=2 (want Second Page, 2)
[06:47:24 #50] P9 tc4 count=50 (want 50) top=https://cap.example/54 (want cap.example/54)
[06:47:24 #51] P9 tc5 9->10->10 (want +1 then same) title=New Title (want New Title)
[06:47:24 #52] P9 tc6 10->11 removed=1 (want +1, 1) now=10
[06:47:25 #53] P9 tc7 reload bookmarks=10 (want 10) history=50 (want 50)
[06:47:25 #54] P9 tc8 corrupt-recovery bookmarks=9 (want 9)
[06:47:25 #55] P9 tc1b jar-after-reload=0 (cookie section persists; jar restore in P30)
[06:47:25 #56] P9 about-filter 0==0 (want equal)
[06:47:25 #57] P10 tc1 fonts-ready=7 (want 7)
[06:47:25 #58] P10 tc2 body(Hello)=41 h1(Hello)=62 empty=0 (want >0, >w_body? no: h1 wider, 0)
[06:47:25 #59] P10 tc3 h1 lh=24 mt=6 (want 24, 6) ptr=1
[06:47:25 #60] P10 tc3 h2 lh=18 mt=5 (want 18, 5)
[06:47:25 #61] P10 tc3 h3 lh=16 mt=4 (want 16, 4)
[06:47:25 #62] P10 tc3 body-bold lh=16 (want 16) ptr=1
[06:47:25 #63] P10 tc3 mono lh=15 (want 15)
[06:47:25 #64] P10 tc3 small lh=14 (want 14) ptr=1
[06:47:25 #65] P10 tc3 sub lh=14 (want 14)
[06:47:25 #66] P15 tc1=[&<AB (c) -- A] (want [&<AB (c) -- A])
[06:47:25 #67] P15 tc2=[cafe  --   x...] (want [cafe  --   x...])
[06:47:25 #68] P15 tc3=[a&lt;b&gt;&amp;&quot;c] (want [a&lt;b&gt;&amp;&quot;c])
[06:47:25 #69] P15 tc4=[x foobar y] (want [x foobar y])
[06:47:25 #70] P15 tc5=[plain ascii 123!] (want identical)
[06:47:25 #71] P15 tc6=[ --  ...pi ] (want [ --  ...pi ])
[06:47:25 #72] P15 tc7=[ --  piA - ] (want [ --  piA - ])
[06:47:25 #73] P15 tc8=[&] (want [&])
[06:47:25 #74] P15 tc9=[AT&T] (want [AT&T])
[06:47:25 #75] P15 tc10 empty ok=1
[06:47:25 #76] P15 tc11 null ok=1
[06:47:25 #77] P15 tc12=[not  not in   deg] (want [not  not in   deg])
[06:47:25 #78] P15 tc13=[a&b&c&;a&#38Ab] (want [a&b&c&;a&#38Ab])
[06:47:25 #79] P15 tc14=[CAFE a$c<>  &] (want [CAFE a$c<>  &])
[06:47:25 #80] P15 init battery complete
[06:47:25 #81] P16 tc1 tokens=18 (want 18) title=[Home & More] (want [Home & More])
[06:47:25 #82] P16 tc1 p-attrs=3 (want 3) class=[intro] data-x=[7] checked=true
[06:47:25 #83] P16 tc1 img self=1 (want 1) src=[a.png]; br self=0 (want 0)
[06:47:25 #84] P16 tc1 a href=[/next?page=1&x=2] (want [/next?page=1&x=2])
[06:47:25 #85] P16 tc1 /a closing=1 self=1 (want 1 1)
[06:47:25 #86] P16 tc2 tokens=3 (want 3) href=[a>b] (want [a>b]) data-x=[1]
[06:47:25 #87] P16 tc3 tokens=1 (want 1) t0=[text ] (want [text ])
[06:47:25 #88] P16 tc4 tokens=3 (want 3) title=[Hi & Bye] (want [Hi & Bye]) t0.name=p
[06:47:25 #89] P16 tc5 tokens=1 (want 1) t0=[a ] (want [a ])
[06:47:25 #90] P16 tc6 href=[a&b] (want [a&b]) title=[xA] (want [xA]) text=[e degt] (want [e degt])
[06:47:25 #91] P16 tc7 nattrs=1 (want 1) href=[1] (want [1])
[06:47:25 #92] P16 tc8 nattrs=3 (want 3) z=[] (want []) b=true (want true) w=[1] (want [1])
[06:47:25 #93] P16 tc9 tokens=0 (want 0) title=[Web Page] (want [Web Page])
[06:47:28 #94] P16 tc10 inlen=320000 (want 320000) tokens=98256 (want 98256) tags=65504 (want 65504) title=[Web Page]
[06:47:28 #95] P16 init battery complete
[06:47:28 #96] P17 tc1 ser=PASS cnt=PASS tok=12 (want 12) text=4 (want 4) elem=6 (want 6) proc=12 (want 12) max=0 (want 0) skip=0 (want 0)
[06:47:28 #97] P17 tc2 ser=PASS cnt=PASS tok=19 (want 19) text=3 (want 3) elem=8 (want 8) proc=19 (want 19) max=0 (want 0) skip=0 (want 0)
[06:47:28 #98] P17 tc3 ser=PASS cnt=PASS tok=17 (want 17) text=5 (want 5) elem=4 (want 4) proc=17 (want 17) max=0 (want 0) skip=0 (want 0)
[06:47:28 #99] P17 tc4 ser=PASS cnt=PASS tok=7 (want 7) text=3 (want 3) elem=3 (want 3) proc=7 (want 7) max=0 (want 0) skip=0 (want 0)
[06:47:28 #100] P17 tc5 ser=PASS cnt=PASS tok=11 (want 11) text=2 (want 2) elem=2 (want 2) proc=11 (want 11) max=0 (want 0) skip=3 (want 3)
[06:47:28 #101] P17 tc7 ser=PASS cnt=PASS tok=7 (want 7) text=3 (want 3) elem=2 (want 2) proc=7 (want 7) max=0 (want 0) skip=0 (want 0)
[06:47:28 #102] P17 tc8 ser=PASS cnt=PASS tok=6 (want 6) text=2 (want 2) elem=3 (want 3) proc=6 (want 6) max=0 (want 0) skip=0 (want 0)
[06:47:28 #103] P17 tc5b ser=PASS cnt=PASS tok=1207 (want 1207) text=236 (want 236) elem=235 (want 235) proc=1207 (want 1207) max=0 (want 0) skip=500 (want 500)
[06:47:29 #104] P17 tc6 ser=PASS cnt=PASS tok=12000 (want 12000) text=3000 (want 3000) elem=3000 (want 3000) proc=9000 (want 9000) max=0 (want 0) skip=0 (want 0)
[06:47:29 #105] P17 init battery complete
[06:47:29 #106] P18 checkpoint: begin helpers (30 cases)
