=== PlutoBrowser crash log ===
gamePath: com.bryanwandrych.plutobrowser
[03:02:55 #1] P1 grow: len=2890 cap=4096 head=|chunk0||chunk1| tail=nk298||chunk299|
[03:02:55 #2] P1 fmt: [str][X][%][-42]
[03:02:55 #3] P1 checkpoint: before strbuf_free
[03:02:55 #4] P1 checkpoint: after strbuf_free
[03:02:55 #5] P2 checkpoint: before logger_error
[03:02:55 #6] ERROR: P2 error-path test: injected diagnostic error  ||  at Source/main.c:1469
[03:02:55 #7] P2 checkpoint: after logger_error
[03:02:55 #8] P3 checkpoint: begin engines
[03:02:55 #9] P3 engine[0]=DuckDuckGo Lite url=https://html.duckduckgo.com/html/?q=
[03:02:55 #10] P3 engine[1]=FrogFind (Fast Text) url=http://frogfind.com/?q=
[03:02:55 #11] P3 engine[2]=Wiby (Classic Web) url=https://wiby.me/?q=
[03:02:55 #12] P3 engine[3]=Wikipedia Search url=https://en.wikipedia.org/wiki/Special:Search?search=
[03:02:55 #13] P3 bookmarks=9 first=Google last=Dan Luu's Blog
[03:02:55 #14] P3 imgmodes: all=all viewport-label=In-View Only fromname(viewport)=1
[03:02:55 #15] === PlutoBrowser boot (Phase 0 scaffold) ===
[03:02:55 #16] eventHandler: kEventInit, osversion=30101
[03:02:55 #17] P5 parse: scheme=https host=example.com port=8080 path=/a/b q=q=1 h=frag
[03:02:55 #18] P5 norm1=https://example.com:8080/a/b?q=1#frag
[03:02:55 #19] P5 about: host=home norm=about:home
[03:02:55 #20] P5 noscheme: norm=https://example.com/path ssl=1
[03:02:55 #21] P5 defport: norm=http://x.com/
[03:02:55 #22] P5 unwrap=https://example.org/page
[03:02:55 #23] P5 resolve1=https://x.com/a/b/c.png
[03:02:55 #24] P5 resolve2=https://x.com/root.png
[03:02:55 #25] P5 resolve3=https://cdn.y.com/i.png
[03:02:55 #26] P5 resolve4=https://x.com/a/page.html#top
[03:02:55 #27] P5 search: hw=1 dotcom=0 ip=0 about=0
[03:02:55 #28] P5 encode=%s val=a+b%26clank
[03:02:55 #29] P5 decode=a b&clank
[03:02:55 #30] P5 searchurl=https://html.duckduckgo.com/html/?q=playdate+consolepage.html
[03:02:55 #31] P7 utf16le=Aé😀
[03:02:55 #32] P7 cp1252 len=10(first=E2:want) first=E2
[03:02:55 #33] P7 meta=<html><head><meta charset="iso-8859-1"><title>t</title></head><body>café</body></html>
[03:02:55 #34] P7 hdr-passthrough=identical
[03:02:55 #35] P7 utf8 passthrough=café
[03:02:55 #36] P8 tc1a=sid=abc123; plain=1 (want sid=abc123; plain=1)
[03:02:55 #37] P8 tc1b=plain=1 (want plain=1)
[03:02:55 #38] P8 tc1c=[] (want empty)
[03:02:55 #39] P8 tc4-http=plain=1 (want plain=1)
[03:02:55 #40] P8 tc4-https=plain=1; sec=9 (want plain=1; sec=9)
[03:02:55 #41] P8 tc2=sec=9 (want sec=9) count=2 (want 2)
[03:02:55 #42] P8 tc5 count=5 (want 5)
[03:02:55 #43] P8 tc5 d1.expires>1824103680 (want >0 name=a)
[03:02:57 #44] P8 tc3 after-expiry count=5 (want 5, tmp pruned)
[03:02:58 #45] P8 tc7 count=300 lo=cap10 hi=cap309 (want 300 cap10 cap309)
[03:02:58 #46] P8 cleared count=0 (want 0)
[03:02:58 #47] STORAGE: init enter
[03:02:58 #48] STORAGE: load enter
[03:02:58 #49] STORAGE: file opened, parsing
[03:02:58 #50] STORAGE: init exit
[03:02:58 #51] P9 init bookmarks=9 (want 9 defaults) history=0
[03:02:58 #52] STORAGE: save open
[03:02:58 #53] STORAGE: save writing (bm=9 hist=1)
[03:02:58 #54] STORAGE: save close
[03:02:58 #55] STORAGE: save exit
[03:02:58 #56] STORAGE: save open
[03:02:58 #57] STORAGE: save writing (bm=9 hist=2)
[03:02:58 #58] STORAGE: save close
[03:02:58 #59] STORAGE: save exit
[03:02:58 #60] STORAGE: save open
[03:02:58 #61] STORAGE: save writing (bm=9 hist=2)
[03:02:58 #62] STORAGE: save close
[03:02:58 #63] STORAGE: save exit
[03:02:58 #64] P9 tc2 top=First Again url=https://a.example/1 time=03:02 (want top First Again a.example)
[03:02:58 #65] P9 tc3 second=Second Page count=2 (want Second Page, 2)
[03:02:58 #66] STORAGE: save open
[03:02:58 #67] STORAGE: save writing (bm=9 hist=3)
[03:02:58 #68] STORAGE: save close
[03:02:58 #69] STORAGE: save exit
[03:02:58 #70] STORAGE: save open
[03:02:58 #71] STORAGE: save writing (bm=9 hist=4)
[03:02:58 #72] STORAGE: save close
[03:02:58 #73] STORAGE: save exit
[03:02:58 #74] STORAGE: save open
[03:02:58 #75] STORAGE: save writing (bm=9 hist=5)
[03:02:58 #76] STORAGE: save close
[03:02:58 #77] STORAGE: save exit
[03:02:58 #78] STORAGE: save open
[03:02:58 #79] STORAGE: save writing (bm=9 hist=6)
[03:02:58 #80] STORAGE: save close
[03:02:58 #81] STORAGE: save exit
[03:02:58 #82] STORAGE: save open
[03:02:58 #83] STORAGE: save writing (bm=9 hist=7)
[03:02:58 #84] STORAGE: save close
[03:02:58 #85] STORAGE: save exit
[03:02:58 #86] STORAGE: save open
[03:02:58 #87] STORAGE: save writing (bm=9 hist=8)
[03:02:58 #88] STORAGE: save close
[03:02:58 #89] STORAGE: save exit
[03:02:58 #90] STORAGE: save open
[03:02:58 #91] STORAGE: save writing (bm=9 hist=9)
[03:02:58 #92] STORAGE: save close
[03:02:58 #93] STORAGE: save exit
[03:02:58 #94] STORAGE: save open
[03:02:58 #95] STORAGE: save writing (bm=9 hist=10)
[03:02:58 #96] STORAGE: save close
[03:02:58 #97] STORAGE: save exit
[03:02:58 #98] STORAGE: save open
[03:02:58 #99] STORAGE: save writing (bm=9 hist=11)
[03:02:58 #100] STORAGE: save close
[03:02:58 #101] STORAGE: save exit
[03:02:58 #102] STORAGE: save open
[03:02:58 #103] STORAGE: save writing (bm=9 hist=12)
[03:02:58 #104] STORAGE: save close
[03:02:58 #105] STORAGE: save exit
[03:02:58 #106] STORAGE: save open
[03:02:58 #107] STORAGE: save writing (bm=9 hist=13)
[03:02:58 #108] STORAGE: save close
[03:02:58 #109] STORAGE: save exit
[03:02:58 #110] STORAGE: save open
[03:02:58 #111] STORAGE: save writing (bm=9 hist=14)
[03:02:58 #112] STORAGE: save close
[03:02:58 #113] STORAGE: save exit
[03:02:58 #114] STORAGE: save open
[03:02:58 #115] STORAGE: save writing (bm=9 hist=15)
[03:02:58 #116] STORAGE: save close
[03:02:58 #117] STORAGE: save exit
[03:02:58 #118] STORAGE: save open
[03:02:58 #119] STORAGE: save writing (bm=9 hist=16)
[03:02:58 #120] STORAGE: save close
[03:02:58 #121] STORAGE: save exit
[03:02:58 #122] STORAGE: save open
[03:02:58 #123] STORAGE: save writing (bm=9 hist=17)
[03:02:58 #124] STORAGE: save close
[03:02:58 #125] STORAGE: save exit
[03:02:58 #126] STORAGE: save open
[03:02:58 #127] STORAGE: save writing (bm=9 hist=18)
[03:02:58 #128] STORAGE: save close
[03:02:58 #129] STORAGE: save exit
[03:02:58 #130] STORAGE: save open
[03:02:58 #131] STORAGE: save writing (bm=9 hist=19)
[03:02:58 #132] STORAGE: save close
[03:02:58 #133] STORAGE: save exit
[03:02:58 #134] STORAGE: save open
[03:02:58 #135] STORAGE: save writing (bm=9 hist=20)
[03:02:59 #136] STORAGE: save close
[03:02:59 #137] STORAGE: save exit
[03:02:59 #138] STORAGE: save open
[03:02:59 #139] STORAGE: save writing (bm=9 hist=21)
[03:02:59 #140] STORAGE: save close
[03:02:59 #141] STORAGE: save exit
[03:02:59 #142] STORAGE: save open
[03:02:59 #143] STORAGE: save writing (bm=9 hist=22)
[03:02:59 #144] STORAGE: save close
[03:02:59 #145] STORAGE: save exit
[03:02:59 #146] STORAGE: save open
[03:02:59 #147] STORAGE: save writing (bm=9 hist=23)
[03:02:59 #148] STORAGE: save close
[03:02:59 #149] STORAGE: save exit
[03:02:59 #150] STORAGE: save open
[03:02:59 #151] STORAGE: save writing (bm=9 hist=24)
[03:02:59 #152] STORAGE: save close
[03:02:59 #153] STORAGE: save exit
[03:02:59 #154] STORAGE: save open
[03:02:59 #155] STORAGE: save writing (bm=9 hist=25)
[03:02:59 #156] STORAGE: save close
[03:02:59 #157] STORAGE: save exit
[03:02:59 #158] STORAGE: save open
[03:02:59 #159] STORAGE: save writing (bm=9 hist=26)
[03:02:59 #160] STORAGE: save close
[03:02:59 #161] STORAGE: save exit
[03:02:59 #162] STORAGE: save open
[03:02:59 #163] STORAGE: save writing (bm=9 hist=27)
[03:02:59 #164] STORAGE: save close
[03:02:59 #165] STORAGE: save exit
[03:02:59 #166] STORAGE: save open
[03:02:59 #167] STORAGE: save writing (bm=9 hist=28)
[03:02:59 #168] STORAGE: save close
[03:02:59 #169] STORAGE: save exit
[03:02:59 #170] STORAGE: save open
[03:02:59 #171] STORAGE: save writing (bm=9 hist=29)
[03:02:59 #172] STORAGE: save close
[03:02:59 #173] STORAGE: save exit
[03:02:59 #174] STORAGE: save open
[03:02:59 #175] STORAGE: save writing (bm=9 hist=30)
[03:02:59 #176] STORAGE: save close
[03:02:59 #177] STORAGE: save exit
[03:02:59 #178] STORAGE: save open
[03:02:59 #179] STORAGE: save writing (bm=9 hist=31)
[03:02:59 #180] STORAGE: save close
[03:02:59 #181] STORAGE: save exit
[03:02:59 #182] STORAGE: save open
[03:02:59 #183] STORAGE: save writing (bm=9 hist=32)
[03:02:59 #184] STORAGE: save close
[03:02:59 #185] STORAGE: save exit
[03:02:59 #186] STORAGE: save open
[03:02:59 #187] STORAGE: save writing (bm=9 hist=33)
[03:02:59 #188] STORAGE: save close
[03:02:59 #189] STORAGE: save exit
[03:02:59 #190] STORAGE: save open
[03:02:59 #191] STORAGE: save writing (bm=9 hist=34)
[03:02:59 #192] STORAGE: save close
[03:02:59 #193] STORAGE: save exit
[03:02:59 #194] STORAGE: save open
[03:02:59 #195] STORAGE: save writing (bm=9 hist=35)
[03:02:59 #196] STORAGE: save close
[03:02:59 #197] STORAGE: save exit
[03:02:59 #198] STORAGE: save open
[03:02:59 #199] STORAGE: save writing (bm=9 hist=36)
[03:02:59 #200] STORAGE: save close
[03:02:59 #201] STORAGE: save exit
[03:02:59 #202] STORAGE: save open
[03:02:59 #203] STORAGE: save writing (bm=9 hist=37)
[03:02:59 #204] STORAGE: save close
[03:02:59 #205] STORAGE: save exit
[03:02:59 #206] STORAGE: save open
[03:02:59 #207] STORAGE: save writing (bm=9 hist=38)
[03:02:59 #208] STORAGE: save close
[03:02:59 #209] STORAGE: save exit
[03:02:59 #210] STORAGE: save open
[03:02:59 #211] STORAGE: save writing (bm=9 hist=39)
[03:02:59 #212] STORAGE: save close
[03:02:59 #213] STORAGE: save exit
[03:02:59 #214] STORAGE: save open
[03:02:59 #215] STORAGE: save writing (bm=9 hist=40)
[03:02:59 #216] STORAGE: save close
[03:02:59 #217] STORAGE: save exit
[03:02:59 #218] STORAGE: save open
[03:02:59 #219] STORAGE: save writing (bm=9 hist=41)
[03:02:59 #220] STORAGE: save close
[03:02:59 #221] STORAGE: save exit
[03:02:59 #222] STORAGE: save open
[03:02:59 #223] STORAGE: save writing (bm=9 hist=42)
[03:02:59 #224] STORAGE: save close
[03:02:59 #225] STORAGE: save exit
[03:02:59 #226] STORAGE: save open
[03:02:59 #227] STORAGE: save writing (bm=9 hist=43)
[03:02:59 #228] STORAGE: save close
[03:02:59 #229] STORAGE: save exit
[03:02:59 #230] STORAGE: save open
[03:02:59 #231] STORAGE: save writing (bm=9 hist=44)
[03:02:59 #232] STORAGE: save close
[03:02:59 #233] STORAGE: save exit
[03:02:59 #234] STORAGE: save open
[03:02:59 #235] STORAGE: save writing (bm=9 hist=45)
[03:02:59 #236] STORAGE: save close
[03:02:59 #237] STORAGE: save exit
[03:02:59 #238] STORAGE: save open
[03:02:59 #239] STORAGE: save writing (bm=9 hist=46)
[03:02:59 #240] STORAGE: save close
[03:02:59 #241] STORAGE: save exit
[03:02:59 #242] STORAGE: save open
[03:02:59 #243] STORAGE: save writing (bm=9 hist=47)
[03:02:59 #244] STORAGE: save close
[03:02:59 #245] STORAGE: save exit
[03:02:59 #246] STORAGE: save open
[03:02:59 #247] STORAGE: save writing (bm=9 hist=48)
[03:02:59 #248] STORAGE: save close
[03:02:59 #249] STORAGE: save exit
[03:02:59 #250] STORAGE: save open
[03:02:59 #251] STORAGE: save writing (bm=9 hist=49)
[03:02:59 #252] STORAGE: save close
[03:02:59 #253] STORAGE: save exit
[03:02:59 #254] STORAGE: save open
[03:02:59 #255] STORAGE: save writing (bm=9 hist=50)
[03:03:00 #256] STORAGE: save close
[03:03:00 #257] STORAGE: save exit
[03:03:00 #258] STORAGE: save open
[03:03:00 #259] STORAGE: save writing (bm=9 hist=50)
[03:03:00 #260] STORAGE: save close
[03:03:00 #261] STORAGE: save exit
[03:03:00 #262] STORAGE: save open
[03:03:00 #263] STORAGE: save writing (bm=9 hist=50)
[03:03:00 #264] STORAGE: save close
[03:03:00 #265] STORAGE: save exit
[03:03:00 #266] STORAGE: save open
[03:03:00 #267] STORAGE: save writing (bm=9 hist=50)
[03:03:00 #268] STORAGE: save close
[03:03:00 #269] STORAGE: save exit
[03:03:00 #270] STORAGE: save open
[03:03:00 #271] STORAGE: save writing (bm=9 hist=50)
[03:03:00 #272] STORAGE: save close
[03:03:00 #273] STORAGE: save exit
[03:03:00 #274] STORAGE: save open
[03:03:00 #275] STORAGE: save writing (bm=9 hist=50)
[03:03:00 #276] STORAGE: save close
[03:03:00 #277] STORAGE: save exit
[03:03:00 #278] STORAGE: save open
[03:03:00 #279] STORAGE: save writing (bm=9 hist=50)
[03:03:00 #280] STORAGE: save close
[03:03:00 #281] STORAGE: save exit
[03:03:00 #282] STORAGE: save open
[03:03:00 #283] STORAGE: save writing (bm=9 hist=50)
[03:03:00 #284] STORAGE: save close
[03:03:00 #285] STORAGE: save exit
[03:03:00 #286] P9 tc4 count=50 (want 50) top=https://cap.example/54 (want cap.example/54)
[03:03:00 #287] STORAGE: save open
[03:03:00 #288] STORAGE: save writing (bm=10 hist=50)
[03:03:00 #289] STORAGE: save close
[03:03:00 #290] STORAGE: save exit
[03:03:00 #291] STORAGE: save open
[03:03:00 #292] STORAGE: save writing (bm=10 hist=50)
[03:03:00 #293] STORAGE: save close
[03:03:00 #294] STORAGE: save exit
[03:03:00 #295] P9 tc5 9->10->10 (want +1 then same) title=New Title (want New Title)
[03:03:00 #296] STORAGE: save open
[03:03:00 #297] STORAGE: save writing (bm=11 hist=50)
[03:03:00 #298] STORAGE: save close
[03:03:00 #299] STORAGE: save exit
[03:03:00 #300] STORAGE: save open
[03:03:00 #301] STORAGE: save writing (bm=10 hist=50)
[03:03:00 #302] STORAGE: save close
[03:03:00 #303] STORAGE: save exit
[03:03:00 #304] P9 tc6 10->11 removed=1 (want +1, 1) now=10
[03:03:00 #305] STORAGE: load enter
[03:03:00 #306] STORAGE: file opened, parsing
[03:03:00 #307] P9 tc7 reload bookmarks=10 (want 10) history=50 (want 50)
[03:03:00 #308] STORAGE: load enter
[03:03:00 #309] STORAGE: file opened, parsing
[03:03:00 #310] STORAGE: save open
[03:03:00 #311] STORAGE: save writing (bm=9 hist=0)
[03:03:00 #312] STORAGE: save close
[03:03:00 #313] STORAGE: save exit
[03:03:00 #314] P9 tc8 corrupt-recovery bookmarks=9 (want 9)
[03:03:00 #315] STORAGE: save open
[03:03:00 #316] STORAGE: save writing (bm=9 hist=0)
[03:03:00 #317] STORAGE: save close
[03:03:00 #318] STORAGE: save exit
[03:03:00 #319] STORAGE: load enter
[03:03:00 #320] STORAGE: file opened, parsing
[03:03:00 #321] P9 tc1b jar-after-reload=0 (cookie section persists; jar restore in P30)
[03:03:00 #322] P9 about-filter 0==0 (want equal)
[03:03:00 #323] P10 tc1 fonts-ready=7 (want 7)
[03:03:00 #324] P10 tc2 body(Hello)=41 h1(Hello)=62 empty=0 (want >0, >w_body? no: h1 wider, 0)
[03:03:00 #325] P10 tc3 h1 lh=24 mt=6 (want 24, 6) ptr=1
[03:03:00 #326] P10 tc3 h2 lh=18 mt=5 (want 18, 5)
[03:03:00 #327] P10 tc3 h3 lh=16 mt=4 (want 16, 4)
[03:03:00 #328] P10 tc3 body-bold lh=16 (want 16) ptr=1
[03:03:00 #329] P10 tc3 mono lh=15 (want 15)
[03:03:00 #330] P10 tc3 small lh=14 (want 14) ptr=1
[03:03:00 #331] P10 tc3 sub lh=14 (want 14)
[03:03:00 #332] P15 tc1=[&<AB (c) -- A] (want [&<AB (c) -- A])
[03:03:00 #333] P15 tc2=[cafe  --   x...] (want [cafe  --   x...])
[03:03:00 #334] P15 tc3=[a&lt;b&gt;&amp;&quot;c] (want [a&lt;b&gt;&amp;&quot;c])
[03:03:00 #335] P15 tc4=[x foobar y] (want [x foobar y])
[03:03:00 #336] P15 tc5=[plain ascii 123!] (want identical)
[03:03:00 #337] P15 tc6=[ --  ...pi ] (want [ --  ...pi ])
[03:03:00 #338] P15 tc7=[ --  piA - ] (want [ --  piA - ])
[03:03:00 #339] P15 tc8=[&] (want [&])
[03:03:00 #340] P15 tc9=[AT&T] (want [AT&T])
[03:03:00 #341] P15 tc10 empty ok=1
[03:03:00 #342] P15 tc11 null ok=1
[03:03:00 #343] P15 tc12=[not  not in   deg] (want [not  not in   deg])
[03:03:00 #344] P15 tc13=[a&b&c&;a&#38Ab] (want [a&b&c&;a&#38Ab])
[03:03:00 #345] P15 tc14=[CAFE a$c<>  &] (want [CAFE a$c<>  &])
[03:03:00 #346] P15 init battery complete
[03:03:00 #347] P16 tc1 tokens=18 (want 18) title=[Home & More] (want [Home & More])
[03:03:00 #348] P16 tc1 p-attrs=3 (want 3) class=[intro] data-x=[7] checked=true
[03:03:00 #349] P16 tc1 img self=1 (want 1) src=[a.png]; br self=0 (want 0)
[03:03:00 #350] P16 tc1 a href=[/next?page=1&x=2] (want [/next?page=1&x=2])
[03:03:00 #351] P16 tc1 /a closing=1 self=1 (want 1 1)
[03:03:00 #352] P16 tc2 tokens=3 (want 3) href=[a>b] (want [a>b]) data-x=[1]
[03:03:00 #353] P16 tc3 tokens=1 (want 1) t0=[text ] (want [text ])
[03:03:00 #354] P16 tc4 tokens=3 (want 3) title=[Hi & Bye] (want [Hi & Bye]) t0.name=p
[03:03:00 #355] P16 tc5 tokens=1 (want 1) t0=[a ] (want [a ])
[03:03:00 #356] P16 tc6 href=[a&b] (want [a&b]) title=[xA] (want [xA]) text=[e degt] (want [e degt])
[03:03:00 #357] P16 tc7 nattrs=1 (want 1) href=[1] (want [1])
[03:03:00 #358] P16 tc8 nattrs=3 (want 3) z=[] (want []) b=true (want true) w=[1] (want [1])
[03:03:00 #359] P16 tc9 tokens=0 (want 0) title=[Web Page] (want [Web Page])
[03:03:03 #360] P16 tc10 inlen=320000 (want 320000) tokens=98256 (want 98256) tags=65504 (want 65504) title=[Web Page]
[03:03:03 #361] P16 init battery complete
[03:03:03 #362] P17 tc1 ser=PASS cnt=PASS tok=12 (want 12) text=4 (want 4) elem=6 (want 6) proc=12 (want 12) max=0 (want 0) skip=0 (want 0)
[03:03:03 #363] P17 tc2 ser=PASS cnt=PASS tok=19 (want 19) text=3 (want 3) elem=8 (want 8) proc=19 (want 19) max=0 (want 0) skip=0 (want 0)
[03:03:03 #364] P17 tc3 ser=PASS cnt=PASS tok=17 (want 17) text=5 (want 5) elem=4 (want 4) proc=17 (want 17) max=0 (want 0) skip=0 (want 0)
[03:03:04 #365] P17 tc4 ser=PASS cnt=PASS tok=7 (want 7) text=3 (want 3) elem=3 (want 3) proc=7 (want 7) max=0 (want 0) skip=0 (want 0)
[03:03:04 #366] P17 tc5 ser=PASS cnt=PASS tok=11 (want 11) text=2 (want 2) elem=2 (want 2) proc=11 (want 11) max=0 (want 0) skip=3 (want 3)
[03:03:04 #367] P17 tc7 ser=PASS cnt=PASS tok=7 (want 7) text=3 (want 3) elem=2 (want 2) proc=7 (want 7) max=0 (want 0) skip=0 (want 0)
[03:03:04 #368] P17 tc8 ser=PASS cnt=PASS tok=6 (want 6) text=2 (want 2) elem=3 (want 3) proc=6 (want 6) max=0 (want 0) skip=0 (want 0)
[03:03:04 #369] P17 tc5b ser=PASS cnt=PASS tok=1207 (want 1207) text=236 (want 236) elem=235 (want 235) proc=1207 (want 1207) max=0 (want 0) skip=500 (want 500)
[03:03:04 #370] P17 tc6 ser=PASS cnt=PASS tok=12000 (want 12000) text=3000 (want 3000) elem=3000 (want 3000) proc=9000 (want 9000) max=0 (want 0) skip=0 (want 0)
[03:03:04 #371] P17 init battery complete
[03:03:04 #372] P18 checkpoint: begin helpers (30 cases)
[03:03:04 #373] P18 tc1a PASS
[03:03:04 #374] P18 tc1b PASS
[03:03:04 #375] P18 tc1c PASS
[03:03:04 #376] P18 tc1d PASS
[03:03:04 #377] P18 tc1e PASS
[03:03:04 #378] P18 tc1f PASS
[03:03:04 #379] P18 tc1g PASS
[03:03:04 #380] P18 tc2a PASS
[03:03:04 #381] P18 tc2b PASS
[03:03:04 #382] P18 tc2c PASS
[03:03:04 #383] P18 tc2d PASS
[03:03:04 #384] P18 tc3a PASS
[03:03:04 #385] P18 tc3b PASS
[03:03:04 #386] P18 tc3c PASS
[03:03:04 #387] P18 tc3d PASS
[03:03:04 #388] P18 tc3e PASS
[03:03:04 #389] P18 tc3f PASS
[03:03:04 #390] P18 tc3g PASS
[03:03:04 #391] P18 tc4a PASS
[03:03:05 #392] P18 tc4b PASS
[03:03:05 #393] P18 tc4c PASS
[03:03:05 #394] P18 tc4d PASS
[03:03:05 #395] P18 tc4e PASS
[03:03:05 #396] P18 tc4f PASS
[03:03:05 #397] P18 tc4g PASS
[03:03:05 #398] P18 tc4h PASS
[03:03:05 #399] P18 tc5a PASS
[03:03:05 #400] P18 tc5b PASS
[03:03:05 #401] P18 tc5c PASS
[03:03:05 #402] P18 tc5d PASS
[03:03:05 #403] P18 checkpoint: helpers done
[03:03:05 #404] P18 checkpoint: begin parse skeleton (13 cases)
[03:03:05 #405] P18 parse1 PASS
[03:03:05 #406] P18 parse2 PASS
[03:03:05 #407] P18 parse3 PASS
[03:03:05 #408] P18 parse4 PASS
[03:03:05 #409] P18 parse5 PASS
[03:03:05 #410] P18 parse6 PASS
