=== PlutoBrowser crash log ===
gamePath: com.bryanwandrych.plutobrowser
[14:19:22 #1] P1 grow: len=2890 cap=4096 head=|chunk0||chunk1| tail=nk298||chunk299|
[14:19:22 #2] P1 fmt: [str][X][%][-42]
[14:19:22 #3] ERROR: P2 error-path test: injected diagnostic error  ||  at Source/main.c:150
[14:19:22 #4] P3 engine[0]=DuckDuckGo Lite url=https://html.duckduckgo.com/html/?q=
[14:19:22 #5] P3 engine[1]=FrogFind (Fast Text) url=http://frogfind.com/?q=
[14:19:22 #6] P3 engine[2]=Wiby (Classic Web) url=https://wiby.me/?q=
[14:19:22 #7] P3 engine[3]=Wikipedia Search url=https://en.wikipedia.org/wiki/Special:Search?search=
[14:19:22 #8] P3 bookmarks=9 first=Google last=Dan Luu's Blog
[14:19:22 #9] P3 imgmodes: all=all viewport-label=In-View Only fromname(viewport)=1
[14:19:22 #10] === PlutoBrowser boot (Phase 0 scaffold) ===
[14:19:22 #11] eventHandler: kEventInit, osversion=30101
[14:19:22 #12] P4 scheduled: pending=2
[14:19:22 #13] updateFrame: first frame executed
[14:19:22 #14] P4 chain complete (5 iterations)
[14:19:23 #15] P4 oneshot fired (count=1)
[14:19:23 #16] P4 RESULT: oneshot=1 (want 1) chain=5 (want 5) cancelledFired=0 (want 0) pending=0
[14:19:32 #17] updateFrame: heartbeat frame=300
[14:19:34 #18] eventHandler: kEventTerminate, frames=362
