=== PlutoBrowser crash log ===
gamePath: com.bryanwandrych.plutobrowser
[15:24:38 #1] P1 grow: len=2890 cap=4096 head=|chunk0||chunk1| tail=nk298||chunk299|
[15:24:38 #2] P1 fmt: [str][X][%][-42]
[15:24:38 #3] ERROR: P2 error-path test: injected diagnostic error  ||  at Source/main.c:151
[15:24:38 #4] P3 engine[0]=DuckDuckGo Lite url=https://html.duckduckgo.com/html/?q=
[15:24:38 #5] P3 engine[1]=FrogFind (Fast Text) url=http://frogfind.com/?q=
[15:24:38 #6] P3 engine[2]=Wiby (Classic Web) url=https://wiby.me/?q=
[15:24:38 #7] P3 engine[3]=Wikipedia Search url=https://en.wikipedia.org/wiki/Special:Search?search=
[15:24:38 #8] P3 bookmarks=9 first=Google last=Dan Luu's Blog
[15:24:38 #9] P3 imgmodes: all=all viewport-label=In-View Only fromname(viewport)=1
[15:24:38 #10] === PlutoBrowser boot (Phase 0 scaffold) ===
[15:24:38 #11] eventHandler: kEventInit, osversion=30101
[15:24:38 #12] P5 parse: scheme=https host=example.com port=8080 path=/a/b q=q=1 h=frag
[15:24:38 #13] P5 norm1=https://example.com:8080/a/b?q=1#frag
[15:24:38 #14] P5 about: host=home norm=about:home
[15:24:38 #15] P5 noscheme: norm=https://example.com/path ssl=1
[15:24:38 #16] P5 defport: norm=http://x.com/
[15:24:38 #17] P5 unwrap=https://example.org/page
[15:24:38 #18] P5 resolve1=https://x.com/a/b/c.png
[15:24:38 #19] P5 resolve2=https://x.com/root.png
[15:24:38 #20] P5 resolve3=https://cdn.y.com/i.png
[15:24:38 #21] P5 resolve4=https://x.com/a/page.html#top
[15:24:38 #22] P5 search: hw=1 dotcom=0 ip=0 about=0
[15:24:38 #23] P5 encode=%s val=a+b%26c
[15:24:38 #24] P5 decode=a b&c
[15:24:38 #25] P5 searchurl=https://html.duckduckgo.com/html/?q=playdate+console
