[14:48:15 #4] [P02] PASS mem.malloc
[14:48:15 #5] [P02] PASS mem.realloc_preserves
[14:48:15 #6] [P02] PASS mem.strdup
[14:48:15 #7] [P02] PASS mem.strndup
[14:48:15 #8] [P02] PASS mem.free_null
[14:48:15 #9] [P02] PASS strbuf.init
[14:48:15 #10] [P02] PASS strbuf.append_str
[14:48:15 #11] [P02] PASS strbuf.append_char
[14:48:15 #12] [P02] PASS strbuf.embedded_nul
[14:48:15 #13] [P02] PASS strbuf.clear_keeps_cap
[14:48:15 #14] [P02] PASS strbuf.printf
[14:48:15 #15] [P02] PASS strbuf.grow_500
[14:48:15 #16] [P02] PASS strbuf.detach
[14:48:15 #17] [P02] PASS strbuf.detach_resets
[14:48:15 #18] [P02] PASS strbuf.free_idempotent
[14:48:15 #19] [P02] PASS dynarray.init
[14:48:15 #20] [P02] PASS dynarray.push_100_grow
[14:48:15 #21] [P02] PASS dynarray.get_mid
[14:48:15 #22] [P02] PASS dynarray.last
[14:48:15 #23] [P02] PASS dynarray.pop
[14:48:15 #24] [P02] PASS dynarray.get_oob_null
[14:48:15 #25] [P02] PASS dynarray.free
[14:48:15 #26] [P02] PASS strmap.create
[14:48:15 #27] [P02] PASS strmap.put_get
[14:48:15 #28] [P02] PASS strmap.replace_value
[14:48:15 #29] [P02] PASS strmap.has_false
[14:48:15 #30] [P02] PASS strmap.get_missing_null
[14:48:15 #31] [P02] PASS strmap.200_keys_rehash
[14:48:15 #32] [P02] PASS strmap.get_after_rehash
[14:48:15 #33] [P02] PASS strmap.remove
[14:48:15 #34] [P02] PASS strmap.remove_twice_false
[14:48:15 #35] [P02] PASS strmap.survivor_intact
[14:48:15 #36] [P02] PASS strmap.foreach_null_fn_safe
[14:48:15 #37] [P02] PASS strmap.destroy
[14:48:15 #38] [P02] PASS lpat.trim_spaces
[14:48:15 #39] [P02] PASS lpat.trim_empty
[14:48:15 #40] [P02] PASS lpat.trim_only_spaces
[14:48:15 #41] [P02] PASS lpat.scheme_split
[14:48:15 #42] [P02] PASS lpat.scheme_no_match
[14:48:15 #43] [P02] PASS lpat.host_path_no_match_lua
[14:48:15 #44] [P02] PASS lpat.host_bare_no_match_lua
[14:48:15 #45] [P02] PASS lpat.host_reject_spaces
[14:48:15 #46] [P02] PASS lpat.host_trailing_qmark_lua
[14:48:15 #47] [P02] PASS lpat.attr_dquote_1
[14:48:15 #48] [P02] PASS lpat.attr_dquote_2
[14:48:15 #49] [P02] PASS lpat.attr_dquote_done
[14:48:15 #50] [P02] PASS lpat.attr_squote_1
[14:48:15 #51] [P02] PASS lpat.attr_squote_2
[14:48:15 #52] [P02] PASS lpat.attr_squote_done
[14:48:15 #53] [P02] PASS lpat.pathcmd_M
[14:48:15 #54] [P02] PASS lpat.pathcmd_L
[14:48:15 #55] [P02] PASS lpat.pathcmd_Z_empty_arg
[14:48:15 #56] [P02] PASS lpat.pathcmd_done
[14:48:15 #57] [P02] PASS lpat.entity_named_amp
[14:48:15 #58] [P02] PASS lpat.entity_named_lt
[14:48:15 #59] [P02] PASS lpat.entity_named_skips_dec
[14:48:15 #60] [P02] PASS lpat.entity_decimal
[14:48:15 #61] [P02] PASS lpat.entity_hex_lower_x
[14:48:15 #62] [P02] PASS lpat.entity_hex_upper_X
[14:48:15 #63] [P02] PASS lpat.entity_hex_done
[14:48:15 #64] [P02] PASS lpat.charset_utf8
[14:48:15 #65] [P02] PASS lpat.http_status
[14:48:15 #66] [P02] PASS lpat.meta_refresh_url_upper
[14:48:15 #67] [P02] PASS lpat.meta_refresh_frac
[14:48:15 #68] [P02] PASS lpat.viewbox_four_caps
[14:48:15 #69] [P02] PASS lpat.tag_div_attrs
[14:48:15 #70] [P02] PASS lpat.tag_br_selfclose
[14:48:15 #71] [P02] PASS lpat.tag_close_not_matched
[14:48:15 #72] [P02] PASS lpat.css_prop_lua_truth
[14:48:15 #73] [P02] PASS lpat.cookie_pair
[14:48:15 #74] [P02] PASS lpat.tokens_a
[14:48:15 #75] [P02] PASS lpat.tokens_bb
[14:48:15 #76] [P02] PASS lpat.tokens_ccc
[14:48:15 #77] [P02] PASS lpat.tokens_done
[14:48:15 #78] [P02] PASS lpat.lazy_dash
[14:48:15 #79] [P02] PASS lpat.greedy_star
[14:48:15 #80] [P02] PASS lpat.endpunct_true
[14:48:15 #81] [P02] PASS lpat.endpunct_false
[14:48:15 #82] [P02] PASS lpat.escape_dot
[14:48:15 #83] [P02] PASS lpat.escape_percent
[14:48:15 #84] [P02] PASS lpat.escape_dash_outside_set
[14:48:15 #85] [P02] PASS lpat.gsub_fn_hexdecode
[14:48:15 #86] [P02] PASS lpat.gsub_fn_encode
[14:48:15 #87] [P02] PASS lpat.find_init_offset
[14:48:15 #88] [P02] PASS lpat.find_plain
[14:48:15 #89] [P02] PASS lpat.find_plain_miss
[14:48:15 #90] [P02] PASS lpat.gsub_template_trim
[14:48:15 #91] [P02] PASS lpat.gsub_crlf
[14:48:15 #92] [P02] PASS lpat.gsub_count3
[14:48:15 #93] [P02] PASS lpat.gsub_empty_matches
[14:48:15 #94] [P02] PASS lpat.negclass_A
[14:48:15 #95] [P02] PASS lpat.negclass_done
[14:48:15 #96] [P02] PASS lpat.set_leading_bracket
[14:48:15 #97] [P02] PASS lpat.nul_subject_first
[14:48:15 #98] [P02] PASS lpat.nul_subject_second
[14:48:15 #99] [P02] PASS lpat.nul_subject_done
[14:48:15 #100] [P02] PASS lpat.position_capture
[14:48:15 #101] [P02] PASS lpat.balance
[14:48:15 #102] [P02] PASS lpat.frontier_THE
[14:48:15 #103] [P02] PASS lpat.frontier_quick
[14:48:15 #104] [P02] PASS lpat.frontier_fox
[14:48:15 #105] [P02] PASS lpat.frontier_done
[14:48:15 #106] [P02] PASS lpat.opt_without_u
[14:48:15 #107] [P02] PASS lpat.opt_with_u
[14:48:15 #108] [P02] PASS lpat.ip_anchor_ok
[14:48:15 #109] [P02] PASS lpat.ip_anchor_trailing_fail
[14:48:15 #110] ERROR: luapattern: malformed pattern (missing ])  ||  stack: src/util/luapattern.c:79
[14:48:15 #111] [P02] PASS lpat.malformed_set_err
[14:48:15 #112] [P02] PASS json.parse_fixture
[14:48:15 #113] [P02] PASS json.obj_string
[14:48:15 #114] [P02] PASS json.negative_int
[14:48:15 #115] [P02] PASS json.float
[14:48:15 #116] [P02] PASS json.exponent
[14:48:15 #117] [P02] PASS json.bool_true
[14:48:15 #118] [P02] PASS json.null_value
[14:48:15 #119] [P02] PASS json.absent_key
[14:48:15 #120] [P02] PASS json.arr_count
[14:48:15 #121] [P02] PASS json.arr_num
[14:48:15 #122] [P02] PASS json.arr_null_elem
[14:48:15 #123] [P02] PASS json.arr_nested_obj
[14:48:15 #124] [P02] PASS json.escapes_unicode_surrogate
[14:48:15 #125] [P02] PASS json.trailing_data_error
[14:48:15 #126] [P02] PASS json.bad_value_error
[14:48:15 #127] [P02] PASS json.unterminated_error
[14:48:15 #128] [P02] PASS json.roundtrip_parse
[14:48:15 #129] [P02] PASS json.roundtrip_stable
[14:48:15 #130] [P02] PASS json.roundtrip_arr_value
[14:48:15 #131] [P02] PASS json.roundtrip_nested_bool
[14:48:15 #132] [P02] PASS json.obj_set_replace
[14:48:15 #135] [P03] PASS url.parse.empty
[14:48:15 #136] [P03] PASS url.parse.https_host
[14:48:15 #137] [P03] PASS url.parse.full
[14:48:15 #138] [P03] PASS url.parse.no_scheme
[14:48:15 #139] [P03] PASS url.parse.empty_host
[14:48:15 #140] [P03] PASS url.parse.ftp_custom_port
[14:48:15 #141] [P03] PASS url.parse.userinfo_quirk
[14:48:15 #142] [P03] PASS url.parse.colon_empty_port
[14:48:15 #143] [P03] PASS url.parse.port_zero
[14:48:15 #144] [P03] PASS url.parse.spaces_trimmed
[14:48:15 #145] [P03] PASS url.parse.about_blank
[14:48:15 #146] [P03] PASS url.parse.about_home
[14:48:15 #147] [P03] PASS url.parse.case_fold
[14:48:15 #148] [P03] PASS url.parse.ip_host
[14:48:15 #149] [P03] PASS url.parse.raw_trimmed
[14:48:15 #150] [P03] PASS url.parse.junk_port_ignored
[14:48:15 #151] [P03] PASS enc.plain
[14:48:15 #152] [P03] PASS enc.specials
[14:48:15 #153] [P03] PASS enc.unreserved_kept
[14:48:15 #154] [P03] PASS enc.plus_encoded
[14:48:15 #155] [P03] PASS enc.utf8
[14:48:15 #156] [P03] PASS enc.percent_literal
[14:48:15 #157] [P03] PASS enc.newline_crlf
[14:48:15 #158] [P03] PASS enc.empty
[14:48:15 #159] [P03] PASS dec.plus_space
[14:48:15 #160] [P03] PASS dec.pct_utf8
[14:48:15 #161] [P03] PASS dec.mixed
[14:48:15 #162] [P03] PASS dec.invalid_pct_kept
[14:48:15 #163] [P03] PASS dec.truncated_pct_kept
[14:48:15 #164] [P03] PASS dec.empty
[14:48:15 #165] [P03] PASS url.roundtrip
[14:48:15 #166] [P03] PASS isq.null_false
[14:48:15 #167] [P03] PASS isq.empty_false
[14:48:15 #168] [P03] PASS isq.spaces_query
[14:48:15 #169] [P03] PASS isq.dot_url
[14:48:15 #170] [P03] PASS isq.bare_word_query
[14:48:15 #171] [P03] PASS isq.leading_dot_query
[14:48:15 #172] [P03] PASS isq.trailing_dot_query
[14:48:15 #173] [P03] PASS isq.ip_url
[14:48:15 #174] [P03] PASS isq.localhost_url
[14:48:15 #175] [P03] PASS isq.localhost_suffix_url
[14:48:15 #176] [P03] PASS isq.https_url
[14:48:15 #177] [P03] PASS isq.about_url
[14:48:15 #178] [P03] PASS isq.file_url
[14:48:15 #179] [P03] PASS isq.spaces_only_is_query
[14:48:15 #180] [P03] PASS isq.upper_scheme_via_dot_rule
[14:48:15 #181] [P03] PASS isq.trimmed_before_dot_rule
[14:48:15 #182] [P03] PASS unwrap.ddg_uddg
[14:48:15 #183] [P03] PASS unwrap.non_ddg_false
[14:48:15 #184] [P03] PASS wrap.missing_uddg_false
[14:48:15 #185] [P03] PASS resolve.same_dir
[14:48:15 #186] [P03] PASS resolve.subdir
[14:48:15 #187] [P03] PASS resolve.root_rel
[14:48:15 #188] [P03] PASS resolve.protocol_relative
[14:48:15 #189] [P03] PASS resolve.anchor
[14:48:15 #190] [P03] PASS resolve.query_only
[14:48:15 #191] [P03] PASS resolve.custom_port_base
[14:48:15 #192] [P03] PASS resolve.anchor_keeps_query
[14:48:15 #193] [P03] PASS resolve.query_replaces
[14:48:15 #194] [P03] PASS resolve.dot_slash
[14:48:15 #195] [P03] PASS resolve.dotdot
[14:48:15 #196] [P03] PASS resolve.dotdot_clamped_root
[14:48:15 #197] [P03] PASS resolve.deep_beyond_root_dropped
[14:48:15 #198] [P03] PASS resolve.about_passthrough
[14:48:15 #199] [P03] PASS resolve.data_passthrough
[14:48:15 #200] [P03] PASS resolve.js_passthrough
[14:48:15 #201] [P03] PASS resolve.absolute_verbatim_case
[14:48:15 #202] [P03] PASS resolve.mailto_not_special
[14:48:15 #203] [P03] PASS resolve.empty_returns_base
[14:48:15 #204] [P03] PASS searchurl.ddg
[14:48:15 #207] [P04] PASS ts.epoch1970
[14:48:15 #208] [P04] PASS ts.bttf2015
[14:48:15 #209] [P04] PASS ts.leap2000feb29
[14:48:15 #210] [P04] PASS ts.neg1969
[14:48:15 #211] [P04] PASS ts.clamp_month0
[14:48:15 #212] [P04] PASS ts.clamp_month13
[14:48:15 #213] [P04] PASS ts.clamp_year_neg
[14:48:15 #214] [P04] PASS ts.clamp_day0
[14:48:15 #215] [P04] PASS ts.floor_frac
[14:48:15 #216] [P04] PASS ts.frac_hour
[14:48:15 #217] [P04] PASS ts.nil_hms_zeroed
[14:48:15 #218] [P04] PASS date.imf_fixdate
[14:48:15 #219] [P04] PASS date.rfc850_4digit
[14:48:15 #220] [P04] PASS date.rfc850_2digit
[14:48:15 #221] [P04] PASS date.rfc850_pivot69
[14:48:15 #222] [P04] PASS date.asctime_dblspace_nil
[14:48:15 #223] [P04] PASS date.asctime_single_space
[14:48:15 #224] [P04] PASS date.lowercase_month_nil
[14:48:15 #225] [P04] PASS date.garbage_nil
[14:48:15 #226] [P04] PASS date.trailing_junk_ok
[14:48:15 #227] [P04] PASS date.no_weekday_nil
[14:48:15 #228] [P04] PASS date.empty_nil
[14:48:15 #229] [P04] PASS sc01.basic
[14:48:15 #230] [P04] PASS sc02.attrs
[14:48:15 #231] [P04] PASS sc03.domain_dot
[14:48:15 #232] [P04] PASS sc04.domain_exact
[14:48:15 #233] [P04] PASS sc05.domain_suffix
[14:48:15 #234] [P04] PASS sc06.domain_localhost
[14:48:15 #235] [P04] PASS sc07.domain_foreign_reject
[14:48:15 #236] [P04] PASS sc08.domain_undotted_reject
[14:48:15 #237] [P04] PASS sc09.path_noslash
[14:48:15 #238] [P04] PASS sc10.samesite_lax
[14:48:15 #239] [P04] PASS sc11.samesite_weird_ignored
[14:48:15 #240] [P04] PASS sc12.maxage_future
[14:48:15 #241] [P04] PASS sc13.maxage_zero_del
[14:48:15 #242] [P04] PASS sc14.maxage_negative_del
[14:48:15 #243] [P04] PASS sc15.maxage_junk_ignored
[14:48:15 #244] [P04] PASS sc16.expires_imf
[14:48:15 #245] [P04] PASS sc17.expires_asctime
[14:48:15 #246] [P04] PASS sc18.expires_garbage_ignored
[14:48:15 #247] [P04] PASS sc19.expires_then_maxage_wins
[14:48:15 #248] [P04] PASS sc20.maxage_then_expires_skipped
[14:48:15 #249] [P04] PASS rej.space_in_pair
[14:48:15 #250] [P04] PASS rej.bad_name
[14:48:15 #251] [P04] PASS rej.no_name
[14:48:15 #252] [P04] PASS rej.quote_in_value
[14:48:15 #253] [P04] PASS rej.comma_in_value
[14:48:15 #254] [P04] PASS rej.no_equals
[14:48:15 #255] [P04] PASS sc27.empty_value_ok
[14:48:15 #256] [P04] PASS sc32.dollar_name_ok
[14:48:15 #257] [P04] PASS sc33.empty_attrs_skipped
[14:48:15 #258] [P04] PASS rej.empty_host_raw
[14:48:15 #259] [P04] PASS rej.null_host
[14:48:15 #260] [P04] PASS rej.null_raw
[14:48:15 #261] [P04] PASS rej.ws_only_raw
[14:48:15 #262] [P04] PASS hdr.two_cookies
[14:48:15 #263] [P04] PASS hdr.replace_moves_end
[14:48:15 #264] [P04] PASS store.replace_count
[14:48:15 #265] [P04] PASS hdr.after_delete
[14:48:15 #266] [P04] PASS store.delete_count
[14:48:15 #267] [P04] PASS hdr.domain_cookie
[14:48:15 #268] [P04] PASS hdr.cross_host_isolated
[14:48:15 #269] [P04] PASS store.domain_count
[14:48:15 #270] [P04] PASS hdr.secure_blocked_http
[14:48:15 #271] [P04] PASS hdr.secure_allowed_https
[14:48:15 #272] [P04] PASS store.secure_count
[14:48:15 #273] [P04] PASS hdr.path_prefix_no
[14:48:15 #274] [P04] PASS hdr.path_exact_yes
[14:48:15 #275] [P04] PASS hdr.path_subdir_yes
[14:48:15 #276] [P04] PASS hdr.path_boundary_no
[14:48:15 #277] [P04] PASS store.docs_count
[14:48:15 #278] [P04] PASS cap.count300
[14:48:15 #279] [P04] PASS cap.first_evicted_to_c6
[14:48:15 #280] [P04] PASS cap.last_is_c305
[14:48:15 #281] [P04] PASS cap.future_expires_stored_evicts
[14:48:15 #282] [P04] PASS clear.zeroes
[14:48:15 #283] [P04] PASS exp.stored
[14:48:15 #284] [P04] PASS exp.alive_before
[14:48:15 #285] [P04] PASS exp.pruned_after
[14:48:15 #286] [P04] PASS exp.list_empty_after_prune
[14:48:15 #287] [P04] PASS st.defaults_bm9
[14:48:15 #288] [P04] PASS st.default_bm1_fields
[14:48:15 #289] [P04] PASS st.default_bm8_title
[14:48:15 #290] [P04] PASS st.default_settings
[14:48:15 #291] [P04] PASS hist.about_and_empty_skipped
[14:48:15 #292] [P04] PASS hist.two_added
[14:48:15 #293] [P04] PASS hist.insert_front_order
[14:48:15 #294] [P04] PASS hist.time_hhmm
[14:48:15 #295] [P04] PASS hist.dedup_count
[14:48:15 #296] [P04] PASS hist.dedup_moves_front_title_defaults_url
[14:48:15 #297] [P04] PASS hist.cap50
[14:48:15 #298] [P04] PASS hist.cap_newest_first
[14:48:15 #299] [P04] PASS hist.cap_oldest_evicted_fill1to5_gone
[14:48:15 #300] [P04] PASS bm.is_true
[14:48:15 #301] [P04] PASS bm.is_false
[14:48:15 #302] [P04] PASS bm.add_empty_rejected
[14:48:15 #303] [P04] PASS bm.dup_returns_true
[14:48:15 #304] [P04] PASS bm.dup_updates_title_only_keeps_desc
[14:48:15 #305] [P04] PASS bm.append_true
[14:48:15 #306] [P04] PASS bm.appended_last
[14:48:15 #307] [P04] PASS bm.remove_valid
[14:48:15 #308] [P04] PASS bm.remove_zero_invalid
[14:48:15 #309] [P04] PASS bm.remove_big_invalid
[14:48:15 #310] [P04] PASS st.save_ok
[14:48:15 #311] [P04] PASS st.load_ok
[14:48:15 #312] [P04] PASS st.roundtrip_bm9
[14:48:15 #313] [P04] PASS st.roundtrip_bm1
[14:48:15 #314] [P04] PASS st.roundtrip_hist_top
[14:48:15 #315] [P04] PASS st.roundtrip_settings
[14:48:15 #316] [P04] PASS st.save_empty_bm
[14:48:15 #317] [P04] PASS st.load_empty_bm
[14:48:15 #318] [P04] PASS st.empty_bm_falls_back_to_defaults
[14:48:15 #319] [P04] PASS st.empty_bm_default_google
[14:48:15 #320] [P04] PASS num.junk_fail
[14:48:15 #321] [P04] PASS num.empty_fail
[14:48:15 #322] [P04] PASS num.comma_fail
[14:48:15 #323] [P04] PASS num.ws_trimmed
[14:48:15 #324] [P04] PASS num.hex
[14:48:15 #325] [P04] PASS num.exponent
[14:48:15 #328] [P05] PASS run.is_running_immediately
[14:48:15 #329] [P05] PASS run.progress_reset_immediately
[14:48:15 #330] [P05] PASS run.step_not_called_before_update
[14:48:15 #333] [P05] PASS done.no_callback_when_null_onComplete
[14:48:15 #334] [P05] PASS done.queue_emptied_progress_forced_one
[14:48:15 #338] [P05] PASS budget.first_yield_at_iter64
[14:48:15 #339] [P05] PASS budget.frames16_for_1000iters_at20ms
[14:48:15 #343] [P05] PASS budget.frozen_clock_single_frame
[14:48:15 #344] [P05] PASS outside.never_yields
[14:48:15 #348] [P05] PASS err.onError_not_onComplete
[14:48:15 #349] [P05] PASS err.message_delivered_verbatim
[14:48:15 #350] [P05] PASS err.progress_keeps_task_report
[14:48:15 #354] [P05] PASS err.default_message
[14:48:15 #357] [P05] PASS fifo.two_queued
[14:48:15 #360] [P05] PASS fifo.upd1_only_head_a
[14:48:15 #363] [P05] PASS fifo.upd2_then_b
[14:48:15 #364] [P05] PASS fifo.upd3_idle
[14:48:15 #366] [P05] PASS prog.reset_by_run
[14:48:15 #367] [P05] PASS prog.neg_clamped
[14:48:15 #368] [P05] PASS prog.set03
[14:48:15 #369] [P05] PASS prog.regression_ignored
[14:48:15 #370] [P05] PASS prog.over_clamped
[14:48:15 #373] [P05] PASS cancel.empty_queue_noop
[14:48:15 #375] [P05] PASS cancel.job_started_yielded
[14:48:15 #377] [P05] PASS cancel.queue_cleared_progress_zeroed
[14:48:15 #378] [P05] PASS cancel.no_callbacks_fired
[14:48:15 #379] [P05] PASS cancel.ctx_freed
[14:48:15 #381] [P05] PASS cancel.post_cancel_idle_safe
[14:48:15 #384] [P05] PASS run.second_run_resets_progress
[14:48:15 #389] [P05] PASS free.on_complete_path
[14:48:15 #393] [P05] PASS free.on_error_path
[14:48:15 #397] [P05] PASS yieldn.four_frames_then_done
[14:48:15 #399] [P05] PASS gc.external_schedule_safe
[14:48:15 #401] [P06] PASS cp1252.A41_raw_ascii
[14:48:15 #402] [P06] PASS cp1252.7f_stays_raw
[14:48:15 #403] [P06] PASS cp1252.80_is_euro
[14:48:15 #404] [P06] PASS cp1252.81_self_map_C281
[14:48:15 #405] [P06] PASS cp1252.92_right_quote
[14:48:15 #406] [P06] PASS cp1252.9c_oe_ligature
[14:48:15 #407] [P06] PASS cp1252.9f_Y_dieresis
[14:48:15 #408] [P06] PASS cp1252.a0_passthrough_C2A0
[14:48:15 #409] [P06] PASS cp1252.no_header_verbatim
[14:48:15 #410] [P06] PASS cp1252.e9_decodes_C3A9
[14:48:15 #411] [P06] PASS cp1252.ff_decodes_C3BF
[14:48:15 #412] [P06] PASS utf16le.bom_A
[14:48:15 #413] [P06] PASS utf16le.surrogate_pair_U10037
[14:48:15 #414] [P06] PASS utf16le.lone_high_consumes_next
[14:48:15 #415] [P06] PASS utf16be.euro_check
[14:48:15 #416] [P06] PASS utf8bom.stripped_hello
[14:48:15 #417] [P06] PASS hdr.utf8_verbatim_E9
[14:48:15 #418] [P06] PASS hdr.utf_8_alias_verbatim
[14:48:15 #419] [P06] PASS hdr.utf8mb4_passthrough
[14:48:15 #420] [P06] PASS hdr.ascii_verbatim
[14:48:15 #421] [P06] PASS hdr.usascii_passthrough
[14:48:15 #422] [P06] PASS hdr.quoted_value_fails_pattern
[14:48:15 #423] [P06] PASS hdr.missing_value_fails
[14:48:15 #424] [P06] PASS hdr.no_charset_verbatim
[14:48:15 #425] [P06] PASS hdr.Windows1252_decodes
[14:48:15 #426] [P06] PASS hdr.cp1252_decodes
[14:48:15 #427] [P06] PASS hdr.latin1_decodes
[14:48:15 #428] [P06] PASS hdr.iso88591_decodes
[14:48:15 #429] [P06] PASS hdr.iso8859_decodes
[14:48:15 #430] [P06] PASS hdr.shiftjis_besteffort
[14:48:15 #431] [P06] PASS hdr.eucjp_besteffort
[14:48:15 #432] [P06] PASS hdr.utf16le_nonbom_empty
[14:48:15 #433] [P06] PASS hdr.bare_utf16_not_dispatched
[14:48:15 #434] [P06] PASS meta.charset_simple_decodes
[14:48:15 #435] [P06] PASS meta.http_equiv_content_pattern
[14:48:15 #436] [P06] PASS meta.beyond1024_ignored
[14:48:15 #437] [P06] PASS prec.header_cp1252_beats_meta
[14:48:15 #438] [P06] PASS prec.header_utf8_allows_meta
[14:48:15 #439] [P06] PASS ent.fastpath_control_verbatim
[14:48:15 #440] [P06] PASS ent.named_basics
[14:48:15 #441] [P06] PASS ent.copy_reg_trade
[14:48:15 #442] [P06] PASS ent.deg_not_exact_spacing
[14:48:15 #443] [P06] PASS ent.frac12_never_matches
[14:48:15 #444] [P06] PASS ent.unknown_name_spaced
[14:48:15 #445] [P06] PASS ent.case_sensitive
[14:48:15 #446] [P06] PASS ent.missing_semicolon_raw
[14:48:15 #447] [P06] PASS dec.basic_nbsp_dashes
[14:48:15 #448] [P06] PASS dec.quote_family_ellipsis_bullet
[14:48:15 #449] [P06] PASS dec.math_table
[14:48:15 #450] [P06] PASS dec.range_edges
[14:48:15 #451] [P06] PASS dec.huge_number_space
[14:48:15 #452] [P06] PASS hex.basic_a0_dash
[14:48:15 #453] [P06] PASS hex.thin_spaces
[14:48:15 #454] [P06] PASS hex.lacks_201a_asymmetry
[14:48:15 #455] [P06] PASS dec.has_201a_quote
[14:48:15 #456] [P06] PASS clean.translit_accents
[14:48:15 #457] [P06] PASS clean.OE_thorn
[14:48:15 #458] [P06] PASS clean.caron_unmapped_space
[14:48:15 #459] [P06] PASS clean.euro_3byte_single_space
[14:48:15 #460] [P06] PASS clean.emoji_widens_per_byte
[14:48:15 #461] [P06] PASS clean.truncated_tail_single_space
[14:48:15 #462] [P06] PASS clean.nbsp_fixed_seq
[14:48:15 #463] [P06] PASS clean.emdash_fixed_seq
[14:48:15 #464] [P06] PASS clean.full_pipeline_mixed
[14:48:15 #465] [P06] PASS clean.high_absent_keeps_control
[14:48:15 #466] [P06] PASS encode.all_but_apostrophe
[14:48:15 #467] [P06] PASS encode.null_empty
[14:48:15 #471] [P06] PASS task.decode_completes_one_frame
[14:48:15 #472] [P06] PASS task.decode_outlen
[14:48:15 #473] [P06] PASS task.decode_output
[14:48:15 #474] [P06] PASS norm.windows1252_alias
[14:48:15 #475] [P06] PASS norm.utf8_alias
[14:48:15 #476] [P06] PASS norm.null_safe
[14:48:15 #477] [P06] PASS degen.null_body_empty
[14:48:15 #478] [P06] PASS degen.decode_empty
[14:48:15 #480] [P07] PASS A.ret
[14:48:15 #481] [P07] PASS A.loading_after_get
[14:48:15 #482] [P07] PASS A.conn_args
[14:48:15 #483] [P07] PASS A.timeouts_ms_and_bufsize
[14:48:15 #484] [P07] PASS A.request_bytes_exact
[14:48:15 #485] [P07] PASS A.loading_after_success
[14:48:15 #486] [P07] PASS A2.conn_ssl_8443
[14:48:15 #487] [P07] PASS A2.cookie_request_bytes
[14:48:15 #488] [P07] PASS A3.default_port_suppressed
[14:48:15 #489] [P07] PASS C.jar_count_2
[14:48:15 #490] [P07] PASS C.cookie_header_roundtrip
[14:48:15 #491] [P07] PASS D.ret
[14:48:15 #492] [P07] PASS D.status
[14:48:15 #493] [P07] PASS D.bodylen_beyond_cl
[14:48:15 #494] [P07] PASS D.slice_to_end
[14:48:15 #495] [P07] PASS D.url
[14:48:15 #496] [P07] PASS E.no_success_midstream
[14:48:15 #497] [P07] PASS E.status
[14:48:15 #498] [P07] PASS E.decoded_body
[14:48:15 #499] [P07] PASS F.first_hop_closed
[14:48:15 #500] [P07] PASS F.hop2_conn
[14:48:15 #501] [P07] PASS F.relative_resolution
[14:48:15 #502] [P07] PASS F.final_status
[14:48:15 #503] [P07] PASS F.final_url
[14:48:15 #504] [P07] PASS F.sock_count
[14:48:15 #505] [P07] PASS G.six_sockets
[14:48:15 #506] [P07] PASS G.silent_drop_no_callbacks
[14:48:15 #507] [P07] PASS G.not_loading_after
[14:48:15 #508] [P07] PASS H.partial_over_512_done
[14:48:15 #509] [P07] PASS H.bodylen_600
[14:48:15 #510] [P07] PASS I.timeout_error
[14:48:15 #511] [P07] PASS I.timeout_message
[14:48:15 #512] [P07] PASS J.closed_no_data_error
[14:48:15 #513] [P07] PASS J.closed_message
[14:48:15 #514] [P07] PASS P.closed_midbody_done
[14:48:15 #515] [P07] PASS P.partial_body
[14:48:15 #516] [P07] PASS K.stale_socket_closed
[14:48:15 #517] [P07] PASS K.silent
[14:48:15 #518] [P07] PASS K.idle
[14:48:15 #519] [P07] PASS L.get_about_loading
[14:48:15 #520] [P07] PASS L.still_pending
[14:48:15 #521] [P07] PASS L.progress_100
[14:48:15 #522] [P07] PASS L.home_status
[14:48:15 #523] [P07] PASS L.home_ct
[14:48:15 #524] [P07] PASS L.home_len_100
[14:48:15 #525] [P07] PASS L.home_url
[14:48:15 #526] [P07] PASS L.done_not_loading
[14:48:15 #527] [P07] PASS L.unknown_ret_true
[14:48:15 #528] [P07] PASS L.unknown_error
[14:48:15 #529] [P07] PASS L.unknown_message
[14:48:15 #530] [P07] PASS L.unknown_idle
[14:48:15 #531] [P07] PASS L.blank_len_26
[14:48:15 #532] [P07] PASS L.acid_len_2984
[14:48:15 #533] [P07] PASS L.acid_title_present
[14:48:15 #534] [P07] PASS M.ret_false
[14:48:15 #535] [P07] PASS M.sync_error
[14:48:15 #536] [P07] PASS M.message
[14:48:15 #537] [P07] PASS M.idle
[14:48:15 #538] [P07] PASS N.send_error
[14:48:15 #539] [P07] PASS N.send_failed_prefix
[14:48:15 #540] [P07] PASS N.idle
[14:48:15 #541] [P07] PASS O.three_progress_calls
[14:48:15 #542] [P07] PASS O.first_0_0
[14:48:15 #543] [P07] PASS O.second_body_bytes
[14:48:15 #544] [P07] PASS O.clamped_final
[14:48:15 #545] [P07] PASS O.delivered
[14:48:15 #546] [P07] PASS Q.delivered_as_normal
[14:48:15 #547] [P07] PASS Q.empty_body
[14:48:15 #548] [P07] PASS R.deny_ret_false
[14:48:15 #549] [P07] PASS R.deny_error
[14:48:15 #550] [P07] PASS R.deny_message
[14:48:15 #551] [P07] PASS R.purpose_string
[14:48:15 #552] [P07] PASS S.ask_ret_true
[14:48:15 #553] [P07] PASS S.waiting_no_socket_yet
[14:48:15 #554] [P07] PASS S.one_access_call
[14:48:15 #555] [P07] PASS S.callback_recorded
[14:48:15 #556] [P07] PASS S.socket_after_grant
[14:48:15 #557] [P07] PASS S.completed_after_grant
[14:48:15 #558] [P07] PASS S.grant_cached_same_host
[14:48:15 #559] [P07] PASS T.waiting
[14:48:15 #560] [P07] PASS T.async_deny_error
[14:48:15 #561] [P07] PASS T.async_deny_message
[14:48:15 #562] [P07] PASS T.idle_after_deny
[14:48:15 #563] [P07] PASS W.error_state_before_tick
[14:48:15 #564] [P07] PASS W.open_failed_delivered
[14:48:15 #565] [P07] PASS W.open_failed_message
[14:48:15 #566] [P07] PASS W.idle
[14:48:15 #567] [P07] PASS V.empty_parses_to_blank_host
[14:48:15 #568] [P07] PASS V.host_blank_port0
[14:48:15 #571] [P08] PASS A.nonnull
[14:48:15 #572] [P08] PASS A.title_default
[14:48:15 #573] [P08] PASS A.count_1
[14:48:15 #574] [P08] PASS A.text
[14:48:15 #575] [P08] PASS B.empty_count0
[14:48:15 #576] [P08] PASS B.empty_title
[14:48:15 #577] [P08] PASS C.entity_decode
[14:48:15 #578] [P08] PASS D.count_3
[14:48:15 #579] [P08] PASS D.tag_p_open
[14:48:15 #580] [P08] PASS D.text_hi
[14:48:15 #581] [P08] PASS D.tag_p_close_self
[14:48:15 #582] [P08] PASS E.count_4
[14:48:15 #583] [P08] PASS E.br_slash
[14:48:15 #584] [P08] PASS E.br_space_slash
[14:48:15 #585] [P08] PASS E.hr_plain
[14:48:15 #586] [P08] PASS E.close_p_self
[14:48:15 #587] [P08] PASS F.colon_names
[14:48:15 #588] [P08] PASS F.attr_datax
[14:48:15 #589] [P08] PASS G.lowered_names
[14:48:15 #590] [P08] PASS G.attr_val_case_kept
[14:48:15 #591] [P08] PASS G.text_Y
[14:48:15 #592] [P08] PASS H.interleave
[14:48:15 #593] [P08] PASS I.lt_space_gt_quirk
[14:48:15 #594] [P08] PASS J.junk_dropped
[14:48:15 #595] [P08] PASS K.doctype_vanishes
[14:48:15 #596] [P08] PASS L.broken_tail_dropped
[14:48:15 #597] [P08] PASS M.count_3
[14:48:15 #598] [P08] PASS M.tag_a
[14:48:15 #599] [P08] PASS M.href_decoded
[14:48:15 #600] [P08] PASS M.id_single_quoted
[14:48:15 #601] [P08] PASS M.unquoted
[14:48:15 #602] [P08] PASS M.boolean_disabled
[14:48:15 #603] [P08] PASS M.boolean_datax
[14:48:15 #604] [P08] PASS M.attr_count_5
[14:48:15 #605] [P08] PASS M.text_y
[14:48:15 #606] [P08] PASS M.close_a
[14:48:15 #607] [P08] PASS N.first_wins
[14:48:15 #608] [P08] PASS N.src_first
[14:48:15 #609] [P08] PASS N.alt_first_lowered_key
[14:48:15 #610] [P08] PASS N.attr_count_2
[14:48:15 #611] [P08] PASS O.key_dot_quirk
[14:48:15 #612] [P08] PASS O.a_bool
[14:48:15 #613] [P08] PASS O.b_c
[14:48:15 #614] [P08] PASS O.d_e_f_g
[14:48:15 #615] [P08] PASS O.attr_count_3
[14:48:15 #616] [P08] PASS P.space_before_eq_quirk
[14:48:15 #617] [P08] PASS P.href_empty
[14:48:15 #618] [P08] PASS P.v_bool_lost_value
[14:48:15 #619] [P08] PASS P.attr_count_2
[14:48:15 #620] [P08] PASS Q.unterminated_quote_all_dropped
[14:48:15 #621] [P08] PASS R.comment_full
[14:48:15 #622] [P08] PASS S.comment_unclosed_tail_after_gt
[14:48:15 #623] [P08] PASS T.script_skip
[14:48:15 #624] [P08] PASS U.script_case_insensitive
[14:48:15 #625] [P08] PASS V.script_unclosed_swallows_rest
[14:48:15 #626] [P08] PASS W.style_skip
[14:48:15 #627] [P08] PASS X.style_unclosed_swallows
[14:48:15 #628] [P08] PASS Y.title_decoded_collapsed
[14:48:15 #629] [P08] PASS Y.title_tags_not_emitted
[14:48:15 #630] [P08] PASS Z.title_unclosed_default
[14:48:15 #631] [P08] PASS AA.prefix_hijack_title
[14:48:15 #632] [P08] PASS AB.alloc_big
[14:48:15 #633] [P08] PASS AC.trunc_cut_at_gt_single
[14:48:15 #634] [P08] PASS AC.text_len_262202
[14:48:15 #635] [P08] PASS AD.alloc_flat
[14:48:15 #636] [P08] PASS AE.no_gt_exact_max
[14:48:15 #637] [P08] PASS AF.exact_max_untouched
[14:48:15 #638] [P08] PASS AG.progress_reported
[14:48:15 #641] [P09] PASS A.root
[14:48:15 #642] [P09] PASS A.diag
[14:48:15 #643] [P09] PASS A.child_text
[14:48:15 #644] [P09] PASS B.empty
[14:48:15 #645] [P09] PASS C.nested_counts
[14:48:15 #646] [P09] PASS C.structure
[14:48:15 #647] [P09] PASS D.format_survives
[14:48:15 #648] [P09] PASS D.b_nests_i
[14:48:15 #649] [P09] PASS E.p_implied_by_div
[14:48:15 #650] [P09] PASS F.stray_li_root_siblings
[14:48:15 #651] [P09] PASS G.list_counts
[14:48:15 #652] [P09] PASS G.list_shape
[14:48:15 #653] [P09] PASS G.inner_list
[14:48:15 #654] [P09] PASS H.dtdd
[14:48:15 #655] [P09] PASS I.table_counts
[14:48:15 #656] [P09] PASS I.table_shape
[14:48:15 #657] [P09] PASS I.rows_cells
[14:48:15 #658] [P09] PASS J.stray_tr_dropped
[14:48:15 #659] [P09] PASS K.stray_td_dropped
[14:48:15 #660] [P09] PASS L.option_outside_dropped
[14:48:15 #661] [P09] PASS M.anchor_reopen
[14:48:15 #662] [P09] PASS M.second_a_sibling
[14:48:15 #663] [P09] PASS N.voids_flat
[14:48:15 #664] [P09] PASS N.sequence
[14:48:15 #665] [P09] PASS N.close_br_ignored
[14:48:15 #666] [P09] PASS O.selfclose_not_pushed
[14:48:15 #667] [P09] PASS P.head_skipped
[14:48:15 #668] [P09] PASS P.body_p_vis
[14:48:15 #669] [P09] PASS P.diag_skipped1_proc10
[14:48:15 #670] [P09] PASS Q.template_hidden
[14:48:15 #671] [P09] PASS Q.skipped3
[14:48:15 #672] [P09] PASS R.close_through_counts
[14:48:15 #673] [P09] PASS R.popped_through_span
[14:48:15 #674] [P09] PASS R.deep_sibling_of_p
[14:48:15 #675] [P09] PASS S.unknown_close_noop
[14:48:15 #676] [P09] PASS S.b_inside_div
[14:48:15 #677] [P09] PASS T.attrs_kept
[14:48:15 #678] [P09] PASS T.attr_values
[14:48:15 #679] [P09] PASS T.text
[14:48:15 #680] [P09] PASS U.chain_depth_12
[14:48:15 #681] [P09] PASS V.blockquote_ps
[14:48:15 #682] [P09] PASS V.two_siblings
[14:48:15 #683] [P09] PASS W.alloc
[14:48:15 #684] [P09] PASS W.valve_diag
[14:48:15 #685] [P09] PASS W.valve_kids
[14:48:15 #686] [P09] PASS X.alloc
[14:48:15 #687] [P09] PASS X.capped_at_6000
[14:48:15 #688] [P09] PASS X.maxhit_dead_flag_false
[14:48:15 #689] [P09] PASS Y.progress_in_dom_range
[14:48:15 #691] [P11] PASS A.blank_title
[14:48:15 #692] [P11] PASS A.blank_base
[14:48:15 #693] [P11] PASS A.empty_no_blocks
[14:48:15 #694] [P11] PASS A.raw_html
[14:48:15 #695] [P11] PASS B.reader_doc
[14:48:15 #696] [P11] PASS C.h2_meta
[14:48:15 #697] [P11] PASS C.h6_align_attr
[14:48:15 #698] [P11] PASS C.h3_align_style
[14:48:15 #699] [P11] PASS D.div_para
[14:48:15 #700] [P11] PASS D.section_para
[14:48:15 #701] [P11] PASS D.margin_shorthand2
[14:48:15 #702] [P11] PASS D.padding_left
[14:48:15 #703] [P11] PASS D.invert_center
[14:48:15 #704] [P11] PASS E.nest_bi
[14:48:15 #705] [P11] PASS E.flags7
[14:48:15 #706] [P11] PASS E.code_family
[14:48:15 #707] [P11] PASS F.br_same_para
[14:48:15 #708] [P11] PASS F.br_flags
[14:48:15 #709] [P11] PASS F.wbr
[14:48:15 #710] [P11] PASS F.hr_flushes
[14:48:15 #711] [P11] PASS G.pre_raw
[14:48:15 #712] [P11] PASS G.pre_blank_line
[14:48:15 #713] [P11] PASS G.xmp
[14:48:15 #714] [P11] PASS H.span_styles
[14:48:15 #715] [P11] PASS H.font_size
[14:48:15 #716] [P11] PASS H.time_fallback
[14:48:15 #717] [P11] PASS H.data_children_win
[14:48:15 #718] [P11] PASS H.time_text_no_fallback
[14:48:15 #719] [P11] PASS I.quotes
[14:48:15 #720] [P11] PASS J.resolve_target
[14:48:15 #721] [P11] PASS J.inline_link
[14:48:15 #722] [P11] PASS J.invalid_skipped
[14:48:15 #723] [P11] PASS J.invalid_plain
[14:48:15 #724] [P11] PASS J.title_fallback
[14:48:15 #725] [P11] PASS J.href_fallback
[14:48:15 #726] [P11] PASS J.text_accum
[14:48:15 #727] [P11] PASS J.anchor_seq
[14:48:15 #728] [P11] PASS K.ul_defaults
[14:48:15 #729] [P11] PASS K.ol_start
[14:48:15 #730] [P11] PASS K.ol_reversed
[14:48:15 #731] [P11] PASS K.ol_typeA
[14:48:15 #732] [P11] PASS K.ol_type_invalid
[14:48:15 #733] [P11] PASS K.nested_depth
[14:48:15 #734] [P11] PASS K.stray_li
[14:48:15 #735] [P11] PASS K.value_renumber
[14:48:15 #736] [P11] PASS L.dt_dd_flags
[14:48:15 #737] [P11] PASS L.dl_nested_indent
[14:48:15 #738] [P11] PASS N.caption_attached
[14:48:15 #739] [P11] PASS N.no_image_no_block
[14:48:15 #740] [P11] PASS O.clamps
[14:48:15 #741] [P11] PASS O.defaults
[14:48:15 #742] [P11] PASS O.alt_title
[14:48:15 #743] [P11] PASS O.data_src
[14:48:15 #744] [P11] PASS O.srcset_first
[14:48:15 #745] [P11] PASS O.filters
[14:48:15 #746] [P11] PASS O.usemap_strip
[14:48:15 #747] [P11] PASS O.img_in_link
[14:48:15 #748] [P11] PASS P.hidden_skip
[14:48:15 #749] [P11] PASS P.display_none
[14:48:15 #750] [P11] PASS P.inert_attr
[14:48:15 #751] [P11] PASS Q.scan_pattern_a
[14:48:15 #752] [P11] PASS Q.scan_pattern_b
[14:48:15 #753] [P11] PASS Q.body_overrides
[14:48:15 #754] [P11] PASS Q.invalid_ignored
[14:48:15 #755] [P11] PASS R.base_override
[14:48:15 #756] [P11] PASS R.first_nonempty_wins
[14:48:15 #757] [P11] PASS R.https_base
[14:48:15 #758] [P11] PASS S.block_cap_notice
[14:48:15 #759] [P11] PASS S.inline_cap
[14:48:15 #760] [P11] PASS T.basic_rows
[14:48:15 #761] [P11] PASS T.implicit_tr_quirk
[14:48:15 #762] [P11] PASS T.th_spans
[14:48:15 #763] [P11] PASS T.caption_trim
[14:48:15 #764] [P11] PASS T.border_width_align
[14:48:15 #765] [P11] PASS T.border_zero_off
[14:48:15 #766] [P11] PASS T.tbody_wrapper
[14:48:15 #767] [P11] PASS T.nested_dropped
[14:48:15 #768] [P11] PASS T.empty_cell_space
[14:48:15 #769] [P11] PASS T.cell_flags_link
[14:48:15 #770] [P11] PASS T.cell_first_ws_strip
[14:48:15 #771] [P11] PASS T.stray_tr_text_leak
[14:48:15 #772] [P11] PASS T.stray_td_text_leak
[14:48:15 #773] [P11] PASS T.block_tags_plain_in_cell
[14:48:15 #774] [P11] PASS U.hidden_block
[14:48:15 #775] [P11] PASS U.text_defaults
[14:48:15 #776] [P11] PASS U.text_attrs
[14:48:15 #777] [P11] PASS U.checkbox_aria_fallback
[14:48:15 #778] [P11] PASS U.checkbox_title_fallback
[14:48:15 #779] [P11] PASS U.checkbox_label_attr
[14:48:15 #780] [P11] PASS U.checkbox_radio_flags
[14:48:15 #781] [P11] PASS U.submit_labels
[14:48:15 #782] [P11] PASS U.button_blocks
[14:48:15 #783] [P11] PASS U.form_context
[14:48:15 #784] [P11] PASS U.textarea_capture
[14:48:15 #785] [P11] PASS U.textarea_disabled
[14:48:15 #786] [P11] PASS U.select_basic
[14:48:15 #787] [P11] PASS U.select_optgroup
[14:48:15 #788] [P11] PASS U.select_empty_skip
[14:48:15 #789] [P11] PASS U.select_label_wins
[14:48:15 #790] [P11] PASS V.fieldset_legend
[14:48:15 #791] [P11] PASS V.fieldset_disables_inner
[14:48:15 #792] [P11] PASS V.details_open
[14:48:15 #793] [P11] PASS V.details_body_rendered
[14:48:15 #794] [P11] PASS V.details_closed_default
[14:48:15 #795] [P11] PASS V.details_counter_seq
[14:48:15 #796] [P11] PASS V.details_override_open_close
[14:48:15 #797] [P11] PASS V.dialog_closed_hidden
[14:48:15 #798] [P11] PASS V.dialog_open_pair
[14:48:15 #799] [P11] PASS V.fieldset_nests
[14:48:15 #800] [P11] PASS W.video_placeholder
[14:48:15 #801] [P11] PASS W.source_fallback
[14:48:15 #802] [P11] PASS W.canvas_no_src
[14:48:15 #803] [P11] PASS W.iframe_href_embed
[14:48:15 #804] [P11] PASS W.progress_clamp
[14:48:15 #805] [P11] PASS W.meter_fields
[14:48:15 #806] [P11] PASS W.datalist_meta
[14:48:15 #807] [P11] PASS W.map_areas
[14:48:15 #808] [P11] PASS W.fencedframe
[14:48:15 #809] [P11] PASS W.template_inert
[14:48:15 #810] [P11] PASS W.voids_silent
[14:48:15 #811] [P11] PASS X.svg_serialize
[14:48:15 #812] [P11] PASS X.svg_viewbox_quirk
[14:48:15 #813] [P11] PASS X.svg_defaults_clamp
[14:48:15 #814] [P11] PASS X.svg_alt_rules
[14:48:15 #815] [P11] PASS X.math_linearized
[14:48:15 #816] [P11] PASS X.mfenced_seps
[14:48:15 #817] [P11] PASS X.math_ws_collapse
[14:48:15 #818] [P11] PASS X.math_empty_skipped
[14:48:15 #819] [P11] PASS Y.address_hgroup_paragraphs
[14:48:15 #820] [P11] PASS Y.figure_caption_only_para
[14:48:15 #821] [P11] PASS Y.heading_css_spacing
[14:48:15 #822] [P11] PASS Y.inert_scope_restored
[14:48:15 #824] [P12] PASS A.mode_flag
[14:48:15 #825] [P12] PASS A.raw_html_kept
[14:48:15 #826] [P12] PASS A.base_kept
[14:48:15 #827] [P12] PASS A.block_count
[14:48:15 #828] [P12] PASS A.header_host
[14:48:15 #829] [P12] PASS A.header_title_fallback
[14:48:15 #830] [P12] PASS A.reading_time_math
[14:48:15 #831] [P12] PASS A.title_h1_bold
[14:48:15 #832] [P12] PASS A.hr_third
[14:48:15 #833] [P12] PASS A.paragraph_fourth
[14:48:15 #834] [P12] PASS A.paragraph_text
[14:48:15 #840] [P12] PASS A.empty_blank_doc
[14:48:15 #841] [P12] PASS A.fallback_title_host
[14:48:15 #847] [P12] PASS B.merged_count
[14:48:15 #848] [P12] PASS B.merged_text
[14:48:15 #849] [P12] PASS B.sentence_boundary
[14:48:15 #856] [P12] PASS C.bare_dropped_kept
[14:48:15 #862] [P12] PASS D.stripped_absent
[14:48:15 #863] [P12] PASS D.kept_present
[14:48:15 #869] [P12] PASS E.heading_level
[14:48:15 #870] [P12] PASS E.h3
[14:48:15 #871] [P12] PASS E.list_numbers
[14:48:15 #872] [P12] PASS E.pre_verbatim
[14:48:15 #873] [P12] PASS E.blockquote_type
[14:48:15 #884] [P12] PASS F.clamp_resolve_alt
[14:48:15 #885] [P12] PASS F.tracking_skipped
[14:48:15 #886] [P12] PASS F.srcset_first
[14:48:15 #887] [P12] PASS F.data_src_default_alt
[14:48:15 #888] [P12] PASS F.empty_alt_becomes_image
[14:48:15 #897] [P12] PASS G.input_field
[14:48:15 #898] [P12] PASS G.input_submit_value_label
[14:48:15 #899] [P12] PASS G.textarea
[14:48:15 #900] [P12] PASS G.button_label_trimmed
[14:48:15 #901] [P12] PASS G.checkbox_ignored
[14:48:15 #910] [P12] PASS H.sorted_order_walk
[14:48:15 #911] [P12] PASS H.reader_words
[14:48:15 #924] [P13] PASS H.heading_map
[14:48:15 #925] [P13] PASS H.body_plain_16
[14:48:15 #926] [P13] PASS H.body_bold_16
[14:48:15 #927] [P13] PASS H.body_code_15
[14:48:15 #928] [P13] PASS I.code_wins
[14:48:15 #929] [P13] PASS I.small_over_bold
[14:48:15 #930] [P13] PASS I.sub_14
[14:48:15 #931] [P13] PASS I.sup_14
[14:48:15 #932] [P13] PASS I.small_group_wins_over_big
[14:48:15 #933] [P13] PASS I.bold_16
[14:48:15 #934] [P13] PASS I.big_bold_slot_16
[14:48:15 #935] [P13] PASS I.plain_16
[14:48:15 #936] [P13] PASS W.empty_zero
[14:48:15 #937] [P13] PASS W.real_fonts_positive
[14:48:15 #939] [P13] PASS W.explicit_font_empty_zero
[14:48:15 #941] [P14] PASS A.reject_empty_href
[14:48:15 #942] [P14] PASS A.add_text_default
[14:48:15 #943] [P14] PASS A.text_defaults_to_href
[14:48:15 #944] [P14] PASS A.hover_default_w60_h14
[14:48:15 #945] [P14] PASS M.same_anchor_merges
[14:48:15 #946] [P14] PASS M.no_selection_yet
[14:48:15 #947] [P14] PASS M.diff_anchor_splits
[14:48:15 #948] [P14] PASS M.nil_anchor_merges_any
[14:48:15 #949] [P14] PASS M.text_or_href_split
[14:48:15 #950] [P14] PASS M.nil_text_never_merges
[14:48:15 #951] [P14] PASS M.rect_list_and_primary
[14:48:15 #952] [P14] PASS M.three_rects_stored
[14:48:15 #953] [P14] PASS M.index_is_1_based
[14:48:15 #954] [P14] PASS S.empty_page_none
[14:48:15 #955] [P14] PASS S.pass1_closest_center
[14:48:15 #956] [P14] PASS S.pass2_all_outside_tie_first
[14:48:15 #957] [P14] PASS S.pass2_tie_keeps_first
[14:48:15 #958] [P14] PASS S.selectNext_uses_viewport_rule
[14:48:15 #959] [P14] PASS N.prev_initial_select
[14:48:15 #960] [P14] PASS N.next_wraps_to_first
[14:48:15 #961] [P14] PASS N.prev_wraps_to_last
[14:48:15 #962] [P14] PASS N.clear_resets_selection
[14:48:15 #963] [P14] PASS H.selected_bounds_ok
[14:48:15 #964] [P14] PASS H.is_hit_on_selected_rect
[14:48:15 #965] [P14] PASS H.miss_other_xy_of_same_href
[14:48:15 #966] [P14] PASS H.other_href_false
[14:48:15 #967] [P14] PASS H.null_href_false
[14:48:15 #968] [P14] PASS H.addLink_wrapper
[14:48:15 #971] [P15] PASS G.black_white
[14:48:15 #972] [P15] PASS G.channels
[14:48:15 #973] [P15] PASS G.midpoint
[14:48:15 #974] [P15] PASS G.monotonic
[14:48:15 #975] [P15] PASS B.threshold_boundary_strict
[14:48:15 #976] [P15] PASS B.gray0_corner_white
[14:48:15 #977] [P15] PASS B.white_all_white
[14:48:15 #978] [P15] PASS S.half
[14:48:15 #979] [P15] PASS S.ceil_floors
[14:48:15 #980] [P15] PASS S.upscale_clamps_to_1x1_boxes
[14:48:15 #981] [P15] PASS S.max_zero_guard
[14:48:15 #982] [P15] PASS S.src_zero
[14:48:15 #983] [P15] PASS A.uniform_half
[14:48:15 #984] [P15] PASS A.fast_path_identity
[14:48:15 #985] [P15] PASS A.round_down_case
[14:48:15 #986] [P15] PASS A.round_exact
[14:48:15 #987] [P15] PASS A.round_half_up
[14:48:15 #988] [P15] PASS A.partial_block_extra_row_quirk
[14:48:15 #989] [P15] PASS A.null_row_ignored
[14:48:15 #992] [P15] PASS R.clamped_380x240
[14:48:15 #993] [P15] PASS R.bitmap_pixels_match_bayer
[14:48:15 #994] [P15] PASS R.degenerate_rejected
[14:48:15 #996] [P16] PASS O.A_dyn_roundtrip
[14:48:15 #997] [P16] PASS O.B_raw_roundtrip
[14:48:15 #998] [P16] PASS O.C_stored_roundtrip
[14:48:15 #999] [P16] PASS O.D_flush_roundtrip
[14:48:15 #1000] [P16] PASS O.short_input_rejected
[14:48:15 #1001] [P16] PASS O.empty_input_rejected
[14:48:15 #1002] [P16] PASS O.truncated_partial
[14:48:15 #1003] [P16] PASS O.handmade_stored
[14:48:15 #1004] [P16] PASS S.chunked_roundtrip
[14:48:15 #1005] [P16] PASS S.big_read_then_eof
[14:48:15 #1006] [P16] PASS S.raw_stream
[14:48:15 #1007] [P16] PASS S.guards
[14:48:15 #1010] [P17] PASS D.red_64x48
[14:48:15 #1011] [P17] PASS D.rgba_40x30
[14:48:15 #1012] [P17] PASS D.pal_32x16
[14:48:15 #1013] [P17] PASS D.gray8_100x10
[14:48:15 #1014] [P17] PASS D.gray1_32x8
[14:48:15 #1015] [P17] PASS D.ga_24x12
[14:48:15 #1016] [P17] PASS D.gray16_16x4
[14:48:15 #1017] [P17] PASS D.adam7_5x3
[14:48:15 #1018] [P17] PASS D.bench_266x200
[14:48:15 #1019] [P17] PASS D.down_50x40
[14:48:15 #1020] [P17] PASS G.short_input
[14:48:15 #1021] [P17] PASS G.bad_signature
[14:48:15 #1023] [P17] PASS B.bench_grid_alive
[14:48:15 #1025] [P18] PASS D.b24_64x48
[14:48:15 #1026] [P18] PASS D.b32_20x10
[14:48:15 #1027] [P18] PASS D.b8_16x16
[14:48:15 #1028] [P18] PASS D.b4_12x8
[14:48:15 #1029] [P18] PASS D.b1_24x6
[14:48:15 #1030] [P18] PASS D.wide_360x90
[14:48:15 #1031] [P18] PASS D.bench_300x200
[14:48:15 #1032] [P18] PASS G.short_input
[14:48:15 #1033] [P18] PASS G.bad_signature
[14:48:15 #1035] [P18] PASS B.bench_ran
[14:48:15 #1037] [P19] PASS D.basic_40x30
[14:48:15 #1038] [P19] PASS D.offset_30x8
[14:48:15 #1039] [P19] PASS D.trans_20x10
[14:48:15 #1040] [P19] PASS D.inter_16x16
[14:48:15 #1041] [P19] PASS D.multi_24x12
[14:48:15 #1042] [P19] PASS D.bench_300x200
[14:48:15 #1043] [P19] PASS G.short_input
[14:48:15 #1044] [P19] PASS G.bad_signature
[14:48:15 #1045] [P19] PASS G.trailer_no_image
[14:48:15 #1047] [P19] PASS B.bench_ran
[14:48:15 #1049] [P20] PASS D.flat_64x48
[14:48:15 #1050] [P20] PASS D.dcstripes_240x160
[14:48:15 #1051] [P20] PASS D.acblocks_32x24
[14:48:15 #1052] [P20] PASS D.restart_160x144
[14:48:15 #1053] [P20] PASS D.sub420_128x96
[14:48:15 #1054] [P20] PASS D.prog_dc_96x80
[14:48:15 #1055] [P20] PASS D.prog_multi_96x80
[14:48:15 #1056] [P20] PASS D.prog_refine_64x48
[14:48:15 #1057] [P20] PASS G.short_input
[14:48:15 #1058] [P20] PASS G.bad_signature
[14:48:15 #1059] [P20] PASS G.eoi_only
[14:48:15 #1060] [P20] PASS G.sof9_arithmetic
[14:48:15 #1061] [P20] PASS G.trunc_sof
[14:48:15 #1062] [P20] PASS D.pil_smoke_266x200
[14:48:15 #1064] [P20] PASS B.bench_ran
[14:48:15 #1066] [P21] PASS D.flat_dims
[14:48:15 #1067] [P21] PASS D.flat_cksum
[14:48:15 #1068] [P21] PASS D.flat_probes
[14:48:15 #1069] [P21] PASS D.gradient_dims
[14:48:15 #1070] [P21] PASS D.gradient_cksum
[14:48:15 #1071] [P21] PASS D.gradient_probes
[14:48:15 #1072] [P21] PASS D.palette_dims
[14:48:15 #1073] [P21] PASS D.palette_cksum
[14:48:15 #1074] [P21] PASS D.palette_probes
[14:48:15 #1075] [P21] PASS D.alpha_dims
[14:48:15 #1076] [P21] PASS D.alpha_cksum
[14:48:15 #1077] [P21] PASS D.alpha_probes
[14:48:15 #1078] [P21] PASS D.predictor_dims
[14:48:15 #1079] [P21] PASS D.predictor_cksum
[14:48:15 #1080] [P21] PASS D.predictor_probes
[14:48:15 #1081] [P21] PASS D.cache_dims
[14:48:15 #1082] [P21] PASS D.cache_cksum
[14:48:15 #1083] [P21] PASS D.cache_probes
[14:48:15 #1084] [P21] PASS D.meta_dims
[14:48:15 #1085] [P21] PASS D.meta_cksum
[14:48:15 #1086] [P21] PASS D.meta_probes
[14:48:15 #1087] [P21] PASS D.lossy_flat_dims
[14:48:15 #1088] [P21] PASS D.lossy_flat_cksum
[14:48:15 #1089] [P21] PASS D.lossy_flat_probes
[14:48:15 #1090] [P21] PASS D.lossy_grad_dims
[14:48:15 #1091] [P21] PASS D.lossy_grad_cksum
[14:48:15 #1092] [P21] PASS D.lossy_grad_probes
[14:48:15 #1093] [P21] PASS D.lossy_alpha_dims
[14:48:15 #1094] [P21] PASS D.lossy_alpha_cksum
[14:48:15 #1095] [P21] PASS D.lossy_alpha_probes
[14:48:15 #1096] [P21] PASS G.gradient_decode
[14:48:15 #1097] [P21] PASS G.gradient_dims
[14:48:15 #1098] [P21] PASS G.alpha_argb
[14:48:15 #1099] [P21] PASS G.flat_dims
[14:48:15 #1100] [P21] PASS X.badsig_reject
[14:48:15 #1101] [P21] PASS X.riff_short_reject
[14:48:15 #1102] [P21] PASS X.trunc_reject
[14:48:15 #1103] [P21] PASS X.lossy_trunc_reject
[14:48:15 #1104] [P21] PASS X.null_args_reject
[14:48:15 #1105] [P21] PASS A.anim_badsig_reject
[14:48:15 #1106] [P21] PASS A.decode
[14:48:15 #1107] [P21] PASS A.dims
[14:48:15 #1108] [P21] PASS A.meta
[14:48:15 #1109] [P21] PASS A.durations
[14:48:15 #1110] [P21] PASS A.f0_cksum
[14:48:15 #1111] [P21] PASS A.f1_cksum
[14:48:15 #1112] [P21] PASS A.f2_cksum
[14:48:15 #1113] [P21] PASS A.f3_cksum
[14:48:15 #1114] [P21] PASS A.probes
[14:48:15 #1115] [P21] PASS pil_smoke_266x200
[14:48:15 #1117] [P21] PASS B.bench_ran
[14:48:15 #1118] [P21] PASS B.lossy_smoke
[14:48:16 #1120] [P21] PASS B.lossy_bench_ran
[14:48:16 #1122] [P23] PASS D.i_32bpp_dims
[14:48:16 #1123] [P23] PASS D.i_32bpp_cksum
[14:48:16 #1124] [P23] PASS D.i_32bpp_probes
[14:48:16 #1125] [P23] PASS D.i_24bpp_masked_dims
[14:48:16 #1126] [P23] PASS D.i_24bpp_masked_cksum
[14:48:16 #1127] [P23] PASS D.i_24bpp_masked_probes
[14:48:16 #1128] [P23] PASS D.i_8bpp_nomask_dims
[14:48:16 #1129] [P23] PASS D.i_8bpp_nomask_cksum
[14:48:16 #1130] [P23] PASS D.i_8bpp_nomask_probes
[14:48:16 #1131] [P23] PASS D.i_4bpp_dims
[14:48:16 #1132] [P23] PASS D.i_4bpp_cksum
[14:48:16 #1133] [P23] PASS D.i_4bpp_probes
[14:48:16 #1134] [P23] PASS D.i_1bpp_dims
[14:48:16 #1135] [P23] PASS D.i_1bpp_cksum
[14:48:16 #1136] [P23] PASS D.i_1bpp_probes
[14:48:16 #1137] [P23] PASS D.i_topdown_dims
[14:48:16 #1138] [P23] PASS D.i_topdown_cksum
[14:48:16 #1139] [P23] PASS D.i_topdown_probes
[14:48:16 #1140] [P23] PASS D.i_scaled_dims
[14:48:16 #1141] [P23] PASS D.i_scaled_cksum
[14:48:16 #1142] [P23] PASS D.i_scaled_probes
[14:48:16 #1143] [P23] PASS D.i_png_entry_dims
[14:48:16 #1144] [P23] PASS D.i_png_entry_cksum
[14:48:16 #1145] [P23] PASS D.i_png_entry_probes
[14:48:16 #1146] [P23] PASS D.i_png_fallback_dims
[14:48:16 #1147] [P23] PASS D.i_png_fallback_cksum
[14:48:16 #1148] [P23] PASS D.i_png_fallback_probes
[14:48:16 #1149] [P23] PASS D.i_multi_dims
[14:48:16 #1150] [P23] PASS D.i_multi_cksum
[14:48:16 #1151] [P23] PASS D.i_multi_probes
[14:48:16 #1152] [P23] PASS D.i_cursor_dims
[14:48:16 #1153] [P23] PASS D.i_cursor_cksum
[14:48:16 #1154] [P23] PASS D.i_cursor_probes
[14:48:16 #1155] [P23] PASS G.bad_reserved
[14:48:16 #1156] [P23] PASS G.bad_type
[14:48:16 #1157] [P23] PASS G.count_zero
[14:48:16 #1158] [P23] PASS G.no_entries
[14:48:16 #1159] [P23] PASS G.all_fail_dib
[14:48:16 #1160] [P23] PASS G.null_args_reject
[14:48:16 #1161] [P23] PASS B.smoke_266x200
[14:48:16 #1163] [P23] PASS B.bench_ran
[14:48:16 #1165] [P24] PASS D.s_rects_dims
[14:48:16 #1166] [P24] PASS D.s_rects_cksum
[14:48:16 #1167] [P24] PASS D.s_rects_drawn
[14:48:16 #1168] [P24] PASS D.s_rects_probes
[14:48:16 #1169] [P24] PASS D.s_shapes_dims
[14:48:16 #1170] [P24] PASS D.s_shapes_cksum
[14:48:16 #1171] [P24] PASS D.s_shapes_drawn
[14:48:16 #1172] [P24] PASS D.s_shapes_probes
[14:48:16 #1173] [P24] PASS D.s_path_basic_dims
[14:48:16 #1174] [P24] PASS D.s_path_basic_cksum
[14:48:16 #1175] [P24] PASS D.s_path_basic_drawn
[14:48:16 #1176] [P24] PASS D.s_path_basic_probes
[14:48:16 #1177] [P24] PASS D.s_path_curves_dims
[14:48:16 #1178] [P24] PASS D.s_path_curves_cksum
[14:48:16 #1179] [P24] PASS D.s_path_curves_drawn
[14:48:16 #1180] [P24] PASS D.s_path_curves_probes
[14:48:16 #1181] [P24] PASS D.s_arc_dims
[14:48:16 #1182] [P24] PASS D.s_arc_cksum
[14:48:16 #1183] [P24] PASS D.s_arc_drawn
[14:48:16 #1184] [P24] PASS D.s_arc_probes
[14:48:16 #1185] [P24] PASS D.s_use_defs_dims
[14:48:16 #1186] [P24] PASS D.s_use_defs_cksum
[14:48:16 #1187] [P24] PASS D.s_use_defs_drawn
[14:48:16 #1188] [P24] PASS D.s_use_defs_probes
[14:48:16 #1189] [P24] PASS D.s_nested_skip_dims
[14:48:16 #1190] [P24] PASS D.s_nested_skip_cksum
[14:48:16 #1191] [P24] PASS D.s_nested_skip_drawn
[14:48:16 #1192] [P24] PASS D.s_nested_skip_probes
[14:48:16 #1193] [P24] PASS D.s_style_attr_dims
[14:48:16 #1194] [P24] PASS D.s_style_attr_cksum
[14:48:16 #1195] [P24] PASS D.s_style_attr_drawn
[14:48:16 #1196] [P24] PASS D.s_style_attr_probes
[14:48:16 #1197] [P24] PASS D.s_viewbox_offset_dims
[14:48:16 #1198] [P24] PASS D.s_viewbox_offset_cksum
[14:48:16 #1199] [P24] PASS D.s_viewbox_offset_drawn
[14:48:16 #1200] [P24] PASS D.s_viewbox_offset_probes
[14:48:16 #1201] [P24] PASS D.s_comments_dims
[14:48:16 #1202] [P24] PASS D.s_comments_cksum
[14:48:16 #1203] [P24] PASS D.s_comments_drawn
[14:48:16 #1204] [P24] PASS D.s_comments_probes
[14:48:16 #1205] [P24] PASS G.no_svg
[14:48:16 #1206] [P24] PASS G.zero_drawn
[14:48:16 #1207] [P24] PASS G.bad_dims
[14:48:16 #1208] [P24] PASS G.trunc_tag
[14:48:16 #1209] [P24] PASS G.null_args_reject
[14:48:16 #1210] [P24] PASS B.smoke_192x192
[14:48:16 #1212] [P24] PASS B.bench_ran
[14:48:16 #1214] [P25] PASS D.bmp_sync
[14:48:16 #1215] [P25] PASS D.ico_sync
[14:48:16 #1216] [P25] PASS D.svg_sniff
[14:48:16 #1217] [P25] PASS G.short_body
[14:48:16 #1218] [P25] PASS G.garbage_text
[14:48:16 #1220] [P25] PASS A.png_async_null
[14:48:16 #1222] [P25] PASS A.gif_async_null
[14:48:16 #1223] [P25] PASS A.unknown_state
[14:48:16 #1224] [P25] PASS A.guards_safe
[14:48:16 #1225] [P25] image decoder selftests done: 9 passed, 0 failed
[14:48:16 #1226] [P25] image decoder ready
[14:48:16 #1227] [P26] PASS P.parse_ok
[14:48:16 #1228] [P26] PASS P.title
[14:48:16 #1229] [P26] PASS P.elements_count
[14:48:16 #1230] [P26] PASS B.item_count
[14:48:16 #1231] [P26] PASS B.item_types_order
[14:48:16 #1232] [P26] PASS B.y_offset_content_y
[14:48:16 #1233] [P26] PASS B.text_copy
[14:48:16 #1234] [P26] PASS F.large_heading1
[14:48:16 #1235] [P26] PASS F.bold_bodyBold
[14:48:16 #1236] [P26] PASS F.mono_mono
[14:48:16 #1237] [P26] PASS F.default_body
[14:48:16 #1238] [P26] PASS I.src_alt_default
[14:48:16 #1239] [P26] PASS N.input_fields
[14:48:16 #1240] [P26] PASS N.submit_fields
[14:48:16 #1241] [P26] PASS S.total_height_kept
[14:48:16 #1242] [P26] PASS X.no_selected_input
[14:48:16 #1243] [P26] PASS B.negative_y_skipped
[14:48:16 #1244] [P26] PASS L.lm_count_3
[14:48:16 #1245] [P26] PASS L.form_links_2
[14:48:16 #1246] [P26] PASS L.input_blocks_wired
[14:48:16 #1247] [P26] CloudLayout.parse failed: expected object key at offset 19
[14:48:16 #1248] [P26] PASS E.doc_returned
[14:48:16 #1249] [P26] PASS E.title_parse_error
[14:48:16 #1250] [P26] PASS E.elements_empty
[14:48:16 #1251] [P26] PASS E.build_resets_to_content_h
[14:48:16 #1252] [P26] PASS D.doc_returned
[14:48:16 #1253] [P26] PASS D.title_default
[14:48:16 #1254] [P26] PASS D.height_default
[14:48:16 #1255] [P26] PASS D.elements_default_empty
[14:48:16 #1256] [P26] PASS D.build_empty_resets
[14:48:16 #1257] [P26] PASS G.null_doc_safe
[14:48:16 #1258] [P26] CloudLayout.parse failed: unexpected end of input at offset 0
[14:48:16 #1259] [P26] PASS G.null_json_is_parse_error
[14:48:16 #1260] [P26] PASS G.item_at_oob
[14:48:16 #1261] [P26] PASS R.rebuild_stable
[14:48:16 #1262] [P26] CloudLayout selftest complete: 33 passed, 0 failed
[14:48:16 #1263] [P26] cloud layout ready
[14:48:16 #1264] [P27] PASS H.null_default
[14:48:16 #1265] [P27] PASS H.empty_default
[14:48:16 #1266] [P27] PASS H.about_home
[14:48:16 #1267] [P27] PASS H.about_nohost
[14:48:16 #1268] [P27] PASS H.about_docs
[14:48:16 #1269] [P27] PASS H.web_emptyhost_default
[14:48:16 #1270] [P27] PASS H.simple
[14:48:16 #1271] [P27] PASS H.len28_kept
[14:48:16 #1272] [P27] PASS H.len29_clipped
[14:48:16 #1273] [P27] PASS A.comet_groups_12phase
[14:48:16 #1274] [P27] PASS P.known_half
[14:48:16 #1275] [P27] PASS P.known_clamp_over
[14:48:16 #1276] [P27] PASS P.indet_frame0
[14:48:16 #1277] [P27] PASS P.indet_frame33
[14:48:16 #1278] [P27] PASS P.indet_wrap34
[14:48:16 #1279] [P27] PASS S.no_bar_at_content_h
[14:48:16 #1280] [P27] PASS S.no_bar_short_page
[14:48:16 #1281] [P27] PASS S.double_height_mid
[14:48:16 #1282] [P27] PASS S.clamp_negative
[14:48:16 #1283] [P27] PASS S.clamp_over
[14:48:16 #1284] [P27] PASS S.min_thumb_h
[14:48:16 #1285] [P27] PASS C.link_prefix
[14:48:16 #1286] [P27] PASS C.link_null_href
[14:48:16 #1287] [P27] PASS C.link_len56_kept
[14:48:16 #1288] [P27] PASS C.link_len57_clipped
[14:48:16 #1289] [P27] PASS C.hover_len50_kept
[14:48:16 #1290] [P27] PASS C.hover_len51_clipped
[14:48:16 #1291] [P27] PASS C.hover_empty
[14:48:16 #1292] [P27] UI selftest complete: 28 passed, 0 failed
[14:48:16 #1293] [P27] chrome/hud ready
[14:48:16 #1294] [P28] PASS N.down_settings_to_first
[14:48:16 #1295] [P28] PASS N.down_settings_no_cards
[14:48:16 #1296] [P28] PASS N.down_plus2
[14:48:16 #1297] [P28] PASS N.down_plus1_odd_row
[14:48:16 #1298] [P28] PASS N.down_at_last_stays
[14:48:16 #1299] [P28] PASS N.up_first_row_settings
[14:48:16 #1300] [P28] PASS N.up_second_row_settings
[14:48:16 #1301] [P28] PASS N.up_minus2
[14:48:16 #1302] [P28] PASS N.up_at_top_stays
[14:48:16 #1303] [P28] PASS N.right_odd_moves
[14:48:16 #1304] [P28] PASS N.right_even_stays
[14:48:16 #1305] [P28] PASS N.right_last_stays
[14:48:16 #1306] [P28] PASS N.left_even_moves
[14:48:16 #1307] [P28] PASS N.left_odd_stays
[14:48:16 #1308] [P28] PASS S.settings_top
[14:48:16 #1309] [P28] PASS S.empty_untouched
[14:48:16 #1310] [P28] PASS S.row0_in_band
[14:48:16 #1311] [P28] PASS S.deep_row_pulls_up
[14:48:16 #1312] [P28] PASS S.too_far_clamps
[14:48:16 #1313] [P28] PASS M.fits_no_scroll
[14:48:16 #1314] [P28] PASS M.dwell_start
[14:48:16 #1315] [P28] PASS M.travel_out
[14:48:16 #1316] [P28] PASS M.dwell_end
[14:48:16 #1317] [P28] PASS M.travel_back
[14:48:16 #1318] [P28] PASS M.cycle_wrap
[14:48:16 #1319] [P28] PASS L.lerp_step30
[14:48:16 #1320] [P28] PASS L.snap_under_half
[14:48:16 #1321] [P28] PASS L.clamp_nonnegative
[14:48:16 #1322] [P28] PASS A.have_bookmarks
[14:48:16 #1323] [P28] PASS A.first_entry_readable
[14:48:16 #1324] [P28] PASS A.settings_action
[14:48:16 #1325] [P28] PASS A.settings_callback_fired
[14:48:16 #1326] [P28] PASS A.nav_after_down
[14:48:16 #1327] [P28] PASS A.card_open_action
[14:48:16 #1328] [P28] PASS A.card_url_matches_store
[14:48:16 #1329] [P28] PASS A.no_callback_ok
[14:48:16 #1330] [P28] HomePage selftest complete: 36 passed, 0 failed
[14:48:16 #1331] [P28] home page ready
[14:48:16 #1336] [P27] chrome clock renders 10:48
[14:48:21 #1340] [P25] e2e enqueue png/bmp/404
[14:48:22 #1341] [P26] fixture built: items=6 totalH=500
[14:48:24 #1349] [P25] e2e resolved in 3911 ms (png 266x200, bmp decoded=1, 404 cached-as-failed=1)
[14:48:25 #1350] [P28] input walk btn=1 -> sel=1
[14:48:26 #1352] [P28] input walk btn=1 -> sel=3
[14:48:28 #1353] [P28] input walk btn=0 -> sel=1
[14:48:29 #1354] [P28] input walk btn=1 -> sel=3
[14:48:31 #1355] [P28] input walk btn=3 -> sel=4
[14:48:32 #1356] [P28] input walk btn=1 -> sel=6
[14:48:34 #1357] [P28] input walk btn=1 -> sel=8
[14:48:35 #1358] [P28] input walk btn=0 -> sel=6
[14:48:37 #1360] [P28] input walk btn=1 -> sel=8
[14:48:38 #1361] [P28] input walk btn=3 -> sel=8
[14:48:40 #1362] [P28] input walk btn=1 -> sel=9
[14:48:41 #1363] [P28] input walk btn=1 -> sel=9
[14:48:43 #1364] [P28] input walk btn=0 -> sel=7
[14:48:44 #1365] [P28] input walk btn=1 -> sel=9
[14:48:46 #1366] [P28] input walk btn=3 -> sel=9
[14:48:47 #1368] [P28] input walk btn=1 -> sel=9
[14:48:49 #1369] [P28] input walk btn=1 -> sel=9
[14:48:50 #1370] [P28] input walk btn=0 -> sel=7
[14:48:52 #1371] [P28] input walk btn=1 -> sel=9
[14:48:53 #1372] [P28] input walk btn=3 -> sel=9
[14:48:55 #1373] [P28] input walk btn=1 -> sel=9
[14:48:56 #1375] [P28] input walk btn=1 -> sel=9
[14:48:58 #1376] [P28] input walk btn=0 -> sel=7
[14:48:59 #1377] [P28] input walk btn=1 -> sel=9
[14:49:01 #1378] [P28] input walk btn=3 -> sel=9
