Archive member included to satisfy reference by file (symbol)

/usr/local/playdate/gcc-arm-none-eabi-9-2019-q4-major/bin/../lib/gcc/arm-none-eabi/9.2.1/thumb/v7e-m+fp/hard/libgcc.a(_arm_muldf3.o)
                              build/src/core/cookie_jar.o (__aeabi_dmul)
/usr/local/playdate/gcc-arm-none-eabi-9-2019-q4-major/bin/../lib/gcc/arm-none-eabi/9.2.1/thumb/v7e-m+fp/hard/libgcc.a(_arm_addsubdf3.o)
                              build/src/core/cookie_jar.o (__aeabi_dadd)
/usr/local/playdate/gcc-arm-none-eabi-9-2019-q4-major/bin/../lib/gcc/arm-none-eabi/9.2.1/thumb/v7e-m+fp/hard/libgcc.a(_arm_muldivdf3.o)
                              build/src/html/tokenizer.o (__aeabi_ddiv)
/usr/local/playdate/gcc-arm-none-eabi-9-2019-q4-major/bin/../lib/gcc/arm-none-eabi/9.2.1/thumb/v7e-m+fp/hard/libgcc.a(_arm_cmpdf2.o)
                              build/src/core/url.o (__aeabi_dcmpeq)
/usr/local/playdate/gcc-arm-none-eabi-9-2019-q4-major/bin/../lib/gcc/arm-none-eabi/9.2.1/thumb/v7e-m+fp/hard/libgcc.a(_arm_fixdfsi.o)
                              build/src/core/url.o (__aeabi_d2iz)
/usr/local/playdate/gcc-arm-none-eabi-9-2019-q4-major/bin/../lib/gcc/arm-none-eabi/9.2.1/thumb/v7e-m+fp/hard/libgcc.a(_aeabi_ldivmod.o)
                              build/src/core/cookie_jar.o (__aeabi_ldivmod)
/usr/local/playdate/gcc-arm-none-eabi-9-2019-q4-major/bin/../lib/gcc/arm-none-eabi/9.2.1/thumb/v7e-m+fp/hard/libgcc.a(_fixdfdi.o)
                              build/src/core/cookie_jar.o (__aeabi_d2lz)
/usr/local/playdate/gcc-arm-none-eabi-9-2019-q4-major/bin/../lib/gcc/arm-none-eabi/9.2.1/thumb/v7e-m+fp/hard/libgcc.a(_fixunsdfdi.o)
                              /usr/local/playdate/gcc-arm-none-eabi-9-2019-q4-major/bin/../lib/gcc/arm-none-eabi/9.2.1/thumb/v7e-m+fp/hard/libgcc.a(_fixdfdi.o) (__aeabi_d2ulz)
/usr/local/playdate/gcc-arm-none-eabi-9-2019-q4-major/bin/../lib/gcc/arm-none-eabi/9.2.1/thumb/v7e-m+fp/hard/libgcc.a(_udivmoddi4.o)
                              /usr/local/playdate/gcc-arm-none-eabi-9-2019-q4-major/bin/../lib/gcc/arm-none-eabi/9.2.1/thumb/v7e-m+fp/hard/libgcc.a(_aeabi_ldivmod.o) (__udivmoddi4)
/usr/local/playdate/gcc-arm-none-eabi-9-2019-q4-major/bin/../lib/gcc/arm-none-eabi/9.2.1/thumb/v7e-m+fp/hard/libgcc.a(_dvmd_tls.o)
                              /usr/local/playdate/gcc-arm-none-eabi-9-2019-q4-major/bin/../lib/gcc/arm-none-eabi/9.2.1/thumb/v7e-m+fp/hard/libgcc.a(_aeabi_ldivmod.o) (__aeabi_ldiv0)
/usr/local/playdate/gcc-arm-none-eabi-9-2019-q4-major/bin/../lib/gcc/arm-none-eabi/9.2.1/thumb/v7e-m+fp/hard/libgcc.a(_arm_fixunsdfsi.o)
                              /usr/local/playdate/gcc-arm-none-eabi-9-2019-q4-major/bin/../lib/gcc/arm-none-eabi/9.2.1/thumb/v7e-m+fp/hard/libgcc.a(_fixunsdfdi.o) (__aeabi_d2uiz)
/usr/local/playdate/gcc-arm-none-eabi-9-2019-q4-major/bin/../lib/gcc/arm-none-eabi/9.2.1/../../../../arm-none-eabi/lib/thumb/v7e-m+fp/hard/libg.a(lib_a-ctype_.o)
                              build/src/core/encoding.o (_ctype_)
/usr/local/playdate/gcc-arm-none-eabi-9-2019-q4-major/bin/../lib/gcc/arm-none-eabi/9.2.1/../../../../arm-none-eabi/lib/thumb/v7e-m+fp/hard/libg.a(lib_a-malloc.o)
                              build/src/util/mem.o (malloc)
/usr/local/playdate/gcc-arm-none-eabi-9-2019-q4-major/bin/../lib/gcc/arm-none-eabi/9.2.1/../../../../arm-none-eabi/lib/thumb/v7e-m+fp/hard/libg.a(lib_a-memchr.o)
                              build/src/core/url.o (memchr)
/usr/local/playdate/gcc-arm-none-eabi-9-2019-q4-major/bin/../lib/gcc/arm-none-eabi/9.2.1/../../../../arm-none-eabi/lib/thumb/v7e-m+fp/hard/libg.a(lib_a-memcmp.o)
                              build/src/core/selftest_url.o (memcmp)
/usr/local/playdate/gcc-arm-none-eabi-9-2019-q4-major/bin/../lib/gcc/arm-none-eabi/9.2.1/../../../../arm-none-eabi/lib/thumb/v7e-m+fp/hard/libg.a(lib_a-memcpy.o)
                              build/src/core/url.o (memcpy)
/usr/local/playdate/gcc-arm-none-eabi-9-2019-q4-major/bin/../lib/gcc/arm-none-eabi/9.2.1/../../../../arm-none-eabi/lib/thumb/v7e-m+fp/hard/libg.a(lib_a-memmove.o)
                              build/src/core/url.o (memmove)
/usr/local/playdate/gcc-arm-none-eabi-9-2019-q4-major/bin/../lib/gcc/arm-none-eabi/9.2.1/../../../../arm-none-eabi/lib/thumb/v7e-m+fp/hard/libg.a(lib_a-memset.o)
                              build/src/core/url.o (memset)
/usr/local/playdate/gcc-arm-none-eabi-9-2019-q4-major/bin/../lib/gcc/arm-none-eabi/9.2.1/../../../../arm-none-eabi/lib/thumb/v7e-m+fp/hard/libg.a(lib_a-realloc.o)
                              build/src/util/mem.o (realloc)
/usr/local/playdate/gcc-arm-none-eabi-9-2019-q4-major/bin/../lib/gcc/arm-none-eabi/9.2.1/../../../../arm-none-eabi/lib/thumb/v7e-m+fp/hard/libg.a(lib_a-snprintf.o)
                              build/src/main.o (snprintf)
/usr/local/playdate/gcc-arm-none-eabi-9-2019-q4-major/bin/../lib/gcc/arm-none-eabi/9.2.1/../../../../arm-none-eabi/lib/thumb/v7e-m+fp/hard/libg.a(lib_a-strcasecmp.o)
[...]
Memory Configuration

Name             Origin             Length             Attributes
*default*        0x0000000000000000 0xffffffffffffffff

Linker script and memory map

LOAD build/src/main.o
LOAD build/src/core/constants.o
LOAD build/src/core/logger.o
LOAD build/src/core/url.o
LOAD build/src/core/selftest_url.o
LOAD build/src/core/storage.o
LOAD build/src/core/cookie_jar.o
LOAD build/src/core/selftest_storage.o
LOAD build/src/core/tasks.o
LOAD build/src/core/selftest_tasks.o
LOAD build/src/core/encoding.o
LOAD build/src/core/selftest_encoding.o
LOAD build/src/core/internal_pages.o
LOAD build/src/core/http_client.o
LOAD build/src/core/selftest_http.o
LOAD build/src/html/entities.o
LOAD build/src/html/tokenizer.o
LOAD build/src/html/dom.o
LOAD build/src/html/document.o
LOAD build/src/html/selftest_tokenizer.o
LOAD build/src/html/selftest_dom.o
LOAD build/src/html/selftest_document.o
LOAD build/src/util/mem.o
LOAD build/src/util/strbuf.o
LOAD build/src/util/dynarray.o
LOAD build/src/util/strmap.o
LOAD build/src/util/luapattern.o
LOAD build/src/util/json.o
LOAD build/src/util/luanum.o
LOAD build/src/util/selftest_util.o
LOAD build//Users/bwandrych/Developer/PlaydateSDK/C_API/buildsupport/setup.o
START GROUP
LOAD /usr/local/playdate/gcc-arm-none-eabi-9-2019-q4-major/bin/../lib/gcc/arm-none-eabi/9.2.1/thumb/v7e-m+fp/hard/libgcc.a
LOAD /usr/local/playdate/gcc-arm-none-eabi-9-2019-q4-major/bin/../lib/gcc/arm-none-eabi/9.2.1/../../../../arm-none-eabi/lib/thumb/v7e-m+fp/hard/libg.a
LOAD /usr/local/playdate/gcc-arm-none-eabi-9-2019-q4-major/bin/../lib/gcc/arm-none-eabi/9.2.1/../../../../arm-none-eabi/lib/thumb/v7e-m+fp/hard/libc.a
END GROUP
START GROUP
LOAD /usr/local/playdate/gcc-arm-none-eabi-9-2019-q4-major/bin/../lib/gcc/arm-none-eabi/9.2.1/thumb/v7e-m+fp/hard/libgcc.a
LOAD /usr/local/playdate/gcc-arm-none-eabi-9-2019-q4-major/bin/../lib/gcc/arm-none-eabi/9.2.1/../../../../arm-none-eabi/lib/thumb/v7e-m+fp/hard/libc.a
LOAD /usr/local/playdate/gcc-arm-none-eabi-9-2019-q4-major/bin/../lib/gcc/arm-none-eabi/9.2.1/../../../../arm-none-eabi/lib/thumb/v7e-m+fp/hard/libm.a
END GROUP

.text           0x0000000000000000    0x30424
 *(.text)
 .text          0x0000000000000000      0x378 /usr/local/playdate/gcc-arm-none-eabi-9-2019-q4-major/bin/../lib/gcc/arm-none-eabi/9.2.1/thumb/v7e-m+fp/hard/libgcc.a(_arm_addsubdf3.o)
                0x0000000000000000                __aeabi_drsub
                0x0000000000000008                __subdf3
                0x0000000000000008                __aeabi_dsub
                0x000000000000000c                __aeabi_dadd
                0x000000000000000c                __adddf3
                0x0000000000000284                __aeabi_ui2d
                0x0000000000000284                __floatunsidf
                0x00000000000002a4                __floatsidf
                0x00000000000002a4                __aeabi_i2d
                0x00000000000002c8                __extendsfdf2
                0x00000000000002c8                __aeabi_f2d
                0x000000000000030c                __aeabi_ul2d
                0x000000000000030c                __floatundidf
                0x000000000000031c                __aeabi_l2d
                0x000000000000031c                __floatdidf
 .text          0x0000000000000378      0x424 /usr/local/playdate/gcc-arm-none-eabi-9-2019-q4-major/bin/../lib/gcc/arm-none-eabi/9.2.1/thumb/v7e-m+fp/hard/libgcc.a(_arm_muldivdf3.o)
                0x0000000000000378                __aeabi_dmul
                0x0000000000000378                __muldf3
                0x00000000000005cc                __aeabi_ddiv
                0x00000000000005cc                __divdf3
 .text          0x000000000000079c      0x110 /usr/local/playdate/gcc-arm-none-eabi-9-2019-q4-major/bin/../lib/gcc/arm-none-eabi/9.2.1/thumb/v7e-m+fp/hard/libgcc.a(_arm_cmpdf2.o)
                0x000000000000079c                __gedf2
                0x000000000000079c                __gtdf2
                0x00000000000007a4                __ledf2
                0x00000000000007a4                __ltdf2
                0x00000000000007ac                __cmpdf2
                0x00000000000007ac                __eqdf2
                0x00000000000007ac                __nedf2
                0x0000000000000828                __aeabi_cdrcmple
                0x0000000000000838                __aeabi_cdcmple
                0x0000000000000838                __aeabi_cdcmpeq
                0x0000000000000848                __aeabi_dcmpeq
                0x000000000000085c                __aeabi_dcmplt
                0x0000000000000870                __aeabi_dcmple
                0x0000000000000884                __aeabi_dcmpge
                0x0000000000000898                __aeabi_dcmpgt
 .text          0x00000000000008ac       0x50 /usr/local/playdate/gcc-arm-none-eabi-9-2019-q4-major/bin/../lib/gcc/arm-none-eabi/9.2.1/thumb/v7e-m+fp/hard/libgcc.a(_arm_fixdfsi.o)
                0x00000000000008ac                __fixdfsi
                0x00000000000008ac                __aeabi_d2iz
 .text          0x00000000000008fc       0xa0 /usr/local/playdate/gcc-arm-none-eabi-9-2019-q4-major/bin/../lib/gcc/arm-none-eabi/9.2.1/thumb/v7e-m+fp/hard/libgcc.a(_aeabi_ldivmod.o)
                0x00000000000008fc                __aeabi_ldivmod
 .text          0x000000000000099c       0x30 /usr/local/playdate/gcc-arm-none-eabi-9-2019-q4-major/bin/../lib/gcc/arm-none-eabi/9.2.1/thumb/v7e-m+fp/hard/libgcc.a(_fixdfdi.o)
                0x000000000000099c                __aeabi_d2lz
                0x000000000000099c                __fixdfdi
 .text          0x00000000000009cc       0x3c /usr/local/playdate/gcc-arm-none-eabi-9-2019-q4-major/bin/../lib/gcc/arm-none-eabi/9.2.1/thumb/v7e-m+fp/hard/libgcc.a(_fixunsdfdi.o)
                0x00000000000009cc                __aeabi_d2ulz
                0x00000000000009cc                __fixunsdfdi
 .text          0x0000000000000a08      0x2c4 /usr/local/playdate/gcc-arm-none-eabi-9-2019-q4-major/bin/../lib/gcc/arm-none-eabi/9.2.1/thumb/v7e-m+fp/hard/libgcc.a(_udivmoddi4.o)
                0x0000000000000a08                __udivmoddi4
 .text          0x0000000000000ccc        0x4 /usr/local/playdate/gcc-arm-none-eabi-9-2019-q4-major/bin/../lib/gcc/arm-none-eabi/9.2.1/thumb/v7e-m+fp/hard/libgcc.a(_dvmd_tls.o)
                0x0000000000000ccc                __aeabi_ldiv0
                0x0000000000000ccc                __aeabi_idiv0
 .text          0x0000000000000cd0       0x40 /usr/local/playdate/gcc-arm-none-eabi-9-2019-q4-major/bin/../lib/gcc/arm-none-eabi/9.2.1/thumb/v7e-m+fp/hard/libgcc.a(_arm_fixunsdfsi.o)
                0x0000000000000cd0                __fixunsdfsi
                0x0000000000000cd0                __aeabi_d2uiz
 .text          0x0000000000000d10       0xa0 /usr/local/playdate/gcc-arm-none-eabi-9-2019-q4-major/bin/../lib/gcc/arm-none-eabi/9.2.1/../../../../arm-none-eabi/lib/thumb/v7e-m+fp/hard/libg.a(lib_a-memchr.o)
                0x0000000000000d10                memchr
 .text          0x0000000000000db0      0x134 /usr/local/playdate/gcc-arm-none-eabi-9-2019-q4-major/bin/../lib/gcc/arm-none-eabi/9.2.1/../../../../arm-none-eabi/lib/thumb/v7e-m+fp/hard/libg.a(lib_a-memcpy.o)
                0x0000000000000db0                memcpy
 *fill*         0x0000000000000ee4       0x1c 
 .text          0x0000000000000f00      0x2dc /usr/local/playdate/gcc-arm-none-eabi-9-2019-q4-major/bin/../lib/gcc/arm-none-eabi/9.2.1/../../../../arm-none-eabi/lib/thumb/v7e-m+fp/hard/libg.a(lib_a-strcmp.o)
                0x0000000000000f08                strcmp
 *fill*         0x00000000000011dc       0x24 
 .text          0x0000000000001200       0xdc /usr/local/playdate/gcc-arm-none-eabi-9-2019-q4-major/bin/../lib/gcc/arm-none-eabi/9.2.1/../../../../arm-none-eabi/lib/thumb/v7e-m+fp/hard/libg.a(lib_a-strlen.o)
                0x0000000000001200                strlen
 .text          0x00000000000012dc       0x2c /usr/local/playdate/gcc-arm-none-eabi-9-2019-q4-major/bin/../lib/gcc/arm-none-eabi/9.2.1/thumb/v7e-m+fp/hard/libgcc.a(_arm_unorddf2.o)
                0x00000000000012dc                __aeabi_dcmpun
                0x00000000000012dc                __unorddf2
 .text          0x0000000000001308       0x30 /usr/local/playdate/gcc-arm-none-eabi-9-2019-q4-major/bin/../lib/gcc/arm-none-eabi/9.2.1/thumb/v7e-m+fp/hard/libgcc.a(_aeabi_uldivmod.o)
                0x0000000000001308                __aeabi_uldivmod
 *(.text.*)
 *fill*         0x0000000000001338        0x8 
 .text.bench_start_current
                0x0000000000001340       0x84 build/src/main.o
 *fill*         0x00000000000013c4        0xc 
 .text.bench_on_error
                0x00000000000013d0       0x38 build/src/main.o
 *fill*         0x0000000000001408        0x8 
 .text.bench_on_success
                0x0000000000001410       0x64 build/src/main.o
 *fill*         0x0000000000001474        0xc 
 .text.update   0x0000000000001480      0x20c build/src/main.o
 *fill*         0x000000000000168c        0x4 
 .text.eventHandler
                0x0000000000001690      0x280 build/src/main.o
                0x0000000000001690                eventHandler
 .text.logger_init
                0x0000000000001910       0x70 build/src/core/logger.o
                0x0000000000001910                logger_init
 .text.logger_log
                0x0000000000001980       0xf8 build/src/core/logger.o
                0x0000000000001980                logger_log
 *fill*         0x0000000000001a78        0x8 
 .text.logger_error_loc
                0x0000000000001a80       0x54 build/src/core/logger.o
                0x0000000000001a80                logger_error_loc
 *fill*         0x0000000000001ad4        0xc 
 .text.copy_bounded
                0x0000000000001ae0       0x40 build/src/core/url.o
 .text.append_origin
                0x0000000000001b20       0x48 build/src/core/url.o
 *fill*         0x0000000000001b68        0x8 
 .text.url_encode.part.0
                0x0000000000001b70       0x90 build/src/core/url.o
 .text.url_decode.part.0
                0x0000000000001c00       0x98 build/src/core/url.o
 *fill*         0x0000000000001c98        0x8 
 .text.trim_in_place
                0x0000000000001ca0       0x74 build/src/core/url.o
 *fill*         0x0000000000001d14        0xc 
 .text.url_encode
                0x0000000000001d20        0xc build/src/core/url.o
                0x0000000000001d20                url_encode
 *fill*         0x0000000000001d2c        0x4 
 .text.url_decode
                0x0000000000001d30        0xc build/src/core/url.o
                0x0000000000001d30                url_decode
 *fill*         0x0000000000001d3c        0x4 
 .text.url_is_search_query
                0x0000000000001d40      0x15c build/src/core/url.o
                0x0000000000001d40                url_is_search_query
 *fill*         0x0000000000001e9c        0x4 
 .text.url_parse
                0x0000000000001ea0      0x694 build/src/core/url.o
                0x0000000000001ea0                url_parse
 *fill*         0x0000000000002534        0xc 
 .text.url_unwrap_redirect
                0x0000000000002540       0x94 build/src/core/url.o
                0x0000000000002540                url_unwrap_redirect
 *fill*         0x00000000000025d4        0xc 
 .text.url_resolve
                0x00000000000025e0      0x348 build/src/core/url.o
                0x00000000000025e0                url_resolve
 *fill*         0x0000000000002928        0x8 
 .text.url_build_search_url
                0x0000000000002930       0x24 build/src/core/url.o
                0x0000000000002930                url_build_search_url
 *fill*         0x0000000000002954        0xc 
 .text.st_check
                0x0000000000002960       0x3c build/src/core/selftest_url.o
 *fill*         0x000000000000299c        0x4 
 .text.test_parse
                0x00000000000029a0      0x440 build/src/core/selftest_url.o
 .text.check_resolve
                0x0000000000002de0       0x74 build/src/core/selftest_url.o
 *fill*         0x0000000000002e54        0xc 
 .text.selftest_url_run
                0x0000000000002e60      0x57c build/src/core/selftest_url.o
                0x0000000000002e60                selftest_url_run
 *fill*         0x00000000000033dc        0x4 
 .text.copy_field
                0x00000000000033e0       0x30 build/src/core/storage.o
 .text.install_default_bookmarks
                0x0000000000003410       0x64 build/src/core/storage.o
 *fill*         0x0000000000003474        0xc 
 .text.storage_save.part.0
                0x0000000000003480      0x3f8 build/src/core/storage.o
 *fill*         0x0000000000003878        0x8 
 .text.storage_reset_defaults
                0x0000000000003880       0x3c build/src/core/storage.o
                0x0000000000003880                storage_reset_defaults
 *fill*         0x00000000000038bc        0x4 
 .text.storage_save
                0x00000000000038c0       0x10 build/src/core/storage.o
                0x00000000000038c0                storage_save
 .text.storage_load
                0x00000000000038d0      0x690 build/src/core/storage.o
                0x00000000000038d0                storage_load
 .text.storage_format_now
                0x0000000000003f60       0x5c build/src/core/storage.o
                0x0000000000003f60                storage_format_now
 *fill*         0x0000000000003fbc        0x4 
 .text.storage_add_history
                0x0000000000003fc0      0x104 build/src/core/storage.o
                0x0000000000003fc0                storage_add_history
 *fill*         0x00000000000040c4        0xc 
 .text.storage_add_bookmark
                0x00000000000040d0       0xd4 build/src/core/storage.o
                0x00000000000040d0                storage_add_bookmark
 *fill*         0x00000000000041a4        0xc 
 .text.storage_remove_bookmark
                0x00000000000041b0       0x34 build/src/core/storage.o
                0x00000000000041b0                storage_remove_bookmark
 *fill*         0x00000000000041e4        0xc 
 .text.storage_is_bookmarked
                0x00000000000041f0       0x3c build/src/core/storage.o
                0x00000000000041f0                storage_is_bookmarked
 *fill*         0x000000000000422c        0x4 
 .text.storage_bookmarks
                0x0000000000004230        0x8 build/src/core/storage.o
                0x0000000000004230                storage_bookmarks
 *fill*         0x0000000000004238        0x8 
 .text.storage_history
                0x0000000000004240        0x8 build/src/core/storage.o
                0x0000000000004240                storage_history
 *fill*         0x0000000000004248        0x8 
 .text.storage_cookies
                0x0000000000004250        0x8 build/src/core/storage.o
                0x0000000000004250                storage_cookies
 *fill*         0x0000000000004258        0x8 
 .text.storage_settings
                0x0000000000004260        0x8 build/src/core/storage.o
                0x0000000000004260                storage_settings
 *fill*         0x0000000000004268        0x8 
 .text.storage_init
                0x0000000000004270       0x60 build/src/core/storage.o
                0x0000000000004270                storage_init
 .text.copy_field
                0x00000000000042d0       0x28 build/src/core/cookie_jar.o
 *fill*         0x00000000000042f8        0x8 
 .text.cj_remove_at
                0x0000000000004300       0x38 build/src/core/cookie_jar.o
 *fill*         0x0000000000004338        0x8 
 .text.cap_copy
                0x0000000000004340       0x38 build/src/core/cookie_jar.o
 *fill*         0x0000000000004378        0x8 
 .text.cap_num  0x0000000000004380       0x20 build/src/core/cookie_jar.o
 .text.prune_pass
                0x00000000000043a0       0x60 build/src/core/cookie_jar.o
 .text.build_key
                0x0000000000004400       0x64 build/src/core/cookie_jar.o
 *fill*         0x0000000000004464        0xc 
 .text.ascii_isspace_ch.part.0
                0x0000000000004470        0xc build/src/core/cookie_jar.o
 *fill*         0x000000000000447c        0x4 
 .text.trim_span_buf
                0x0000000000004480       0x7c build/src/core/cookie_jar.o
 *fill*         0x00000000000044fc        0x4 
 .text.month_from_name.part.0
                0x0000000000004500       0x44 build/src/core/cookie_jar.o
 *fill*         0x0000000000004544        0xc 
 .text.cj_init  0x0000000000004550        0xc build/src/core/cookie_jar.o
                0x0000000000004550                cj_init
 *fill*         0x000000000000455c        0x4 
 .text.cj_set_now_fn
                0x0000000000004560        0xc build/src/core/cookie_jar.o
                0x0000000000004560                cj_set_now_fn
 *fill*         0x000000000000456c        0x4 
 .text.cj_now   0x0000000000004570       0x50 build/src/core/cookie_jar.o
                0x0000000000004570                cj_now
 .text.cj_make_timestamp
                0x00000000000045c0      0x48c build/src/core/cookie_jar.o
                0x00000000000045c0                cj_make_timestamp
 *fill*         0x0000000000004a4c        0x4 
 .text.cj_parse_date.part.0
                0x0000000000004a50      0x3fc build/src/core/cookie_jar.o
 *fill*         0x0000000000004e4c        0x4 
 .text.cj_parse_set_cookie.part.0
                0x0000000000004e50      0x770 build/src/core/cookie_jar.o
 .text.cj_parse_date
                0x00000000000055c0       0x10 build/src/core/cookie_jar.o
                0x00000000000055c0                cj_parse_date
 .text.cj_parse_set_cookie
                0x00000000000055d0       0x2c build/src/core/cookie_jar.o
                0x00000000000055d0                cj_parse_set_cookie
 *fill*         0x00000000000055fc        0x4 
 .text.cj_store
                0x0000000000005600       0xf8 build/src/core/cookie_jar.o
                0x0000000000005600                cj_store
 *fill*         0x00000000000056f8        0x8 
 .text.cj_process_set_cookies
                0x0000000000005700       0x28 build/src/core/cookie_jar.o
                0x0000000000005700                cj_process_set_cookies
 *fill*         0x0000000000005728        0x8 
 .text.cj_get_header
                0x0000000000005730      0x154 build/src/core/cookie_jar.o
                0x0000000000005730                cj_get_header
 *fill*         0x0000000000005884        0xc 
 .text.cj_clear
                0x0000000000005890       0x14 build/src/core/cookie_jar.o
                0x0000000000005890                cj_clear
 *fill*         0x00000000000058a4        0xc 
 .text.cj_count
                0x00000000000058b0        0xc build/src/core/cookie_jar.o
                0x00000000000058b0                cj_count
 *fill*         0x00000000000058bc        0x4 
 .text.test_now
                0x00000000000058c0        0xc build/src/core/selftest_storage.o
 *fill*         0x00000000000058cc        0x4 
 .text.st_check.part.0
                0x00000000000058d0       0x24 build/src/core/selftest_storage.o
 *fill*         0x00000000000058f4        0xc 
 .text.st_check
                0x0000000000005900       0x20 build/src/core/selftest_storage.o
 .text.check_ts
                0x0000000000005920       0xc4 build/src/core/selftest_storage.o
 *fill*         0x00000000000059e4        0xc 
 .text.check_date
                0x00000000000059f0       0xb4 build/src/core/selftest_storage.o
 *fill*         0x0000000000005aa4        0xc 
 .text.check_hdr
                0x0000000000005ab0       0x74 build/src/core/selftest_storage.o
 *fill*         0x0000000000005b24        0xc 
 .text.check_sc
                0x0000000000005b30      0x3f8 build/src/core/selftest_storage.o
 *fill*         0x0000000000005f28        0x8 
 .text.test_parse_set_cookie
                0x0000000000005f30      0x5cc build/src/core/selftest_storage.o
 *fill*         0x00000000000064fc        0x4 
 .text.selftest_storage_run
                0x0000000000006500      0xe78 build/src/core/selftest_storage.o
                0x0000000000006500                selftest_storage_run
 *fill*         0x0000000000007378        0x8 
 .text.now_ms.part.0
                0x0000000000007380       0x14 build/src/core/tasks.o
 *fill*         0x0000000000007394        0xc 
 .text.tasks_set_clock_fn
                0x00000000000073a0        0xc build/src/core/tasks.o
                0x00000000000073a0                tasks_set_clock_fn
 *fill*         0x00000000000073ac        0x4 
 .text.tasks_init
                0x00000000000073b0       0x4c build/src/core/tasks.o
                0x00000000000073b0                tasks_init
 *fill*         0x00000000000073fc        0x4 
 .text.tasks_run
                0x0000000000007400       0x58 build/src/core/tasks.o
                0x0000000000007400                tasks_run
 *fill*         0x0000000000007458        0x8 
 .text.tasks_is_running
                0x0000000000007460       0x10 build/src/core/tasks.o
                0x0000000000007460                tasks_is_running
 .text.tasks_cancel_all
                0x0000000000007470       0x58 build/src/core/tasks.o
                0x0000000000007470                tasks_cancel_all
 *fill*         0x00000000000074c8        0x8 
 .text.tasks_schedule_gc
                0x00000000000074d0        0xc build/src/core/tasks.o
                0x00000000000074d0                tasks_schedule_gc
 *fill*         0x00000000000074dc        0x4 
 .text.tasks_update
                0x00000000000074e0      0x104 build/src/core/tasks.o
                0x00000000000074e0                tasks_update
 *fill*         0x00000000000075e4        0xc 
 .text.tasks_yield_check
                0x00000000000075f0       0x50 build/src/core/tasks.o
                0x00000000000075f0                tasks_yield_check
 .text.tasks_set_error
                0x0000000000007640       0x24 build/src/core/tasks.o
                0x0000000000007640                tasks_set_error
 *fill*         0x0000000000007664        0xc 
 .text.tasks_report_progress
                0x0000000000007670       0x50 build/src/core/tasks.o
                0x0000000000007670                tasks_report_progress
 .text.tasks_get_progress
                0x00000000000076c0        0xc build/src/core/tasks.o
                0x00000000000076c0                tasks_get_progress
 *fill*         0x00000000000076cc        0x4 
 .text.fake_clock
                0x00000000000076d0        0xc build/src/core/selftest_tasks.o
 *fill*         0x00000000000076dc        0x4 
 .text.on_done_mark
                0x00000000000076e0        0x8 build/src/core/selftest_tasks.o
 *fill*         0x00000000000076e8        0x8 
 .text.ctx_free_mark
                0x00000000000076f0        0x8 build/src/core/selftest_tasks.o
 *fill*         0x00000000000076f8        0x8 
 .text.step_instant
                0x0000000000007700        0xc build/src/core/selftest_tasks.o
 *fill*         0x000000000000770c        0x4 
 .text.step_yield_n
                0x0000000000007710       0x1c build/src/core/selftest_tasks.o
 *fill*         0x000000000000772c        0x4 
 .text.step_err_default
                0x0000000000007730        0xc build/src/core/selftest_tasks.o
 *fill*         0x000000000000773c        0x4 
 .text.step_mark_a
                0x0000000000007740       0x30 build/src/core/selftest_tasks.o
 .text.step_mark_b
                0x0000000000007770       0x30 build/src/core/selftest_tasks.o
 .text.done_mark_a
                0x00000000000077a0       0x2c build/src/core/selftest_tasks.o
 *fill*         0x00000000000077cc        0x4 
 .text.done_mark_b
                0x00000000000077d0       0x2c build/src/core/selftest_tasks.o
 *fill*         0x00000000000077fc        0x4 
 .text.run_to_completion
                0x0000000000007800       0x1c build/src/core/selftest_tasks.o
 *fill*         0x000000000000781c        0x4 
 .text.step_endless
                0x0000000000007820       0x1c build/src/core/selftest_tasks.o
 *fill*         0x000000000000783c        0x4 
 .text.step_frozen_loop
                0x0000000000007840       0x2c build/src/core/selftest_tasks.o
 *fill*         0x000000000000786c        0x4 
 .text.on_err_capture
                0x0000000000007870       0x20 build/src/core/selftest_tasks.o
 .text.step_err_msg
                0x0000000000007890       0x2c build/src/core/selftest_tasks.o
 *fill*         0x00000000000078bc        0x4 
 .text.step_budget_loop
                0x00000000000078c0       0x48 build/src/core/selftest_tasks.o
 *fill*         0x0000000000007908        0x8 
 .text.st_check
                0x0000000000007910       0x3c build/src/core/selftest_tasks.o
 *fill*         0x000000000000794c        0x4 
 .text.selftest_tasks_run
                0x0000000000007950      0x7b8 build/src/core/selftest_tasks.o
                0x0000000000007950                selftest_tasks_run
 *fill*         0x0000000000008108        0x8 
 .text.copy_bytes
                0x0000000000008110       0x30 build/src/core/encoding.o
 .text.utf8_encode_cp
                0x0000000000008140       0x78 build/src/core/encoding.o
 *fill*         0x00000000000081b8        0x8 
 .text.from_single_byte
                0x00000000000081c0       0x30 build/src/core/encoding.o
 .text.from_utf16
                0x00000000000081f0       0xb0 build/src/core/encoding.o
 .text.take_charset_value
                0x00000000000082a0       0xfc build/src/core/encoding.o
 *fill*         0x000000000000839c        0x4 
 .text.encoding_init
                0x00000000000083a0        0x4 build/src/core/encoding.o
                0x00000000000083a0                encoding_init
 *fill*         0x00000000000083a4        0xc 
 .text.encoding_normalize_charset
                0x00000000000083b0      0x144 build/src/core/encoding.o
                0x00000000000083b0                encoding_normalize_charset
 *fill*         0x00000000000084f4        0xc 
 .text.encoding_charset_from_header
                0x0000000000008500       0xc4 build/src/core/encoding.o
                0x0000000000008500                encoding_charset_from_header
 *fill*         0x00000000000085c4        0xc 
 .text.encoding_scan_meta_charset
                0x00000000000085d0       0xe8 build/src/core/encoding.o
                0x00000000000085d0                encoding_scan_meta_charset
 *fill*         0x00000000000086b8        0x8 
 .text.encoding_to_utf8
                0x00000000000086c0      0x1a8 build/src/core/encoding.o
                0x00000000000086c0                encoding_to_utf8
 *fill*         0x0000000000008868        0x8 
 .text.fake_clock
                0x0000000000008870        0xc build/src/core/selftest_encoding.o
 *fill*         0x000000000000887c        0x4 
 .text.step_entity_job
                0x0000000000008880       0x60 build/src/core/selftest_encoding.o
 .text.st_check
                0x00000000000088e0       0x3c build/src/core/selftest_encoding.o
 *fill*         0x000000000000891c        0x4 
 .text.check_mem
                0x0000000000008920       0x74 build/src/core/selftest_encoding.o
 *fill*         0x0000000000008994        0xc 
 .text.selftest_encoding_run
                0x00000000000089a0      0xe4c build/src/core/selftest_encoding.o
                0x00000000000089a0                selftest_encoding_run
 *fill*         0x00000000000097ec        0x4 
 .text.hc_internal_page
                0x00000000000097f0       0x50 build/src/core/internal_pages.o
                0x00000000000097f0                hc_internal_page
 .text.connect_now
                0x0000000000009840       0x8c build/src/core/http_client.o
 *fill*         0x00000000000098cc        0x4 
 .text.clear_headers
                0x00000000000098d0       0x5c build/src/core/http_client.o
 *fill*         0x000000000000992c        0x4 
 .text.reset    0x0000000000009930       0xd0 build/src/core/http_client.o
 .text.connect_failed
                0x0000000000009a00       0x34 build/src/core/http_client.o
 *fill*         0x0000000000009a34        0xc 
 .text.set_error
                0x0000000000009a40       0x28 build/src/core/http_client.o
 *fill*         0x0000000000009a68        0x8 
 .text.hc_now.part.0
                0x0000000000009a70       0x10 build/src/core/http_client.o
 .text.do_get   0x0000000000009a80      0x278 build/src/core/http_client.o
 *fill*         0x0000000000009cf8        0x8 
 .text.hc_closed_cb
                0x0000000000009d00       0x38 build/src/core/http_client.o
 *fill*         0x0000000000009d38        0x8 
 .text.access_cb.part.0
                0x0000000000009d40       0x34 build/src/core/http_client.o
 *fill*         0x0000000000009d74        0xc 
 .text.access_cb
                0x0000000000009d80       0x5c build/src/core/http_client.o
 *fill*         0x0000000000009ddc        0x4 
 .text.memfind.part.0
                0x0000000000009de0       0x48 build/src/core/http_client.o
 *fill*         0x0000000000009e28        0x8 
 .text.hc_open_cb
                0x0000000000009e30       0x80 build/src/core/http_client.o
 .text.decode_chunked
                0x0000000000009eb0      0x148 build/src/core/http_client.o
 *fill*         0x0000000000009ff8        0x8 
 .text.hc_update
                0x000000000000a000      0xad0 build/src/core/http_client.o
                0x000000000000a000                hc_update
 .text.hc_init  0x000000000000aad0       0x4c build/src/core/http_client.o
                0x000000000000aad0                hc_init
 *fill*         0x000000000000ab1c        0x4 
 .text.hc_get   0x000000000000ab20       0x3c build/src/core/http_client.o
                0x000000000000ab20                hc_get
 *fill*         0x000000000000ab5c        0x4 
 .text.hc_is_loading
                0x000000000000ab60       0x14 build/src/core/http_client.o
                0x000000000000ab60                hc_is_loading
 *fill*         0x000000000000ab74        0xc 
 .text.hc_cancel
                0x000000000000ab80        0x4 build/src/core/http_client.o
                0x000000000000ab80                hc_cancel
 *fill*         0x000000000000ab84        0xc 
 .text.hc_set_tcp_for_tests
                0x000000000000ab90       0x28 build/src/core/http_client.o
                0x000000000000ab90                hc_set_tcp_for_tests
 *fill*         0x000000000000abb8        0x8 
 .text.hc_set_clock_fn
                0x000000000000abc0        0xc build/src/core/http_client.o
                0x000000000000abc0                hc_set_clock_fn
 *fill*         0x000000000000abcc        0x4 
 .text.fake_clock
                0x000000000000abd0        0xc build/src/core/selftest_http.o
 *fill*         0x000000000000abdc        0x4 
 .text.f_retain
                0x000000000000abe0        0x4 build/src/core/selftest_http.o
 *fill*         0x000000000000abe4        0xc 
 .text.f_release
                0x000000000000abf0        0x4 build/src/core/selftest_http.o
 *fill*         0x000000000000abf4        0xc 
 .text.f_getError
                0x000000000000ac00        0x4 build/src/core/selftest_http.o
 *fill*         0x000000000000ac04        0xc 
 .text.f_setConnectTimeout
                0x000000000000ac10        0xc build/src/core/selftest_http.o
 *fill*         0x000000000000ac1c        0x4 
 .text.f_setReadTimeout
                0x000000000000ac20        0xc build/src/core/selftest_http.o
 *fill*         0x000000000000ac2c        0x4 
 .text.f_setReadBufferSize
                0x000000000000ac30        0xc build/src/core/selftest_http.o
 *fill*         0x000000000000ac3c        0x4 
 .text.f_setUserdata
                0x000000000000ac40        0x8 build/src/core/selftest_http.o
 *fill*         0x000000000000ac48        0x8 
 .text.f_getUserdata
                0x000000000000ac50        0x8 build/src/core/selftest_http.o
 *fill*         0x000000000000ac58        0x8 
 .text.f_open   0x000000000000ac60        0xc build/src/core/selftest_http.o
 *fill*         0x000000000000ac6c        0x4 
 .text.f_close  0x000000000000ac70       0x10 build/src/core/selftest_http.o
 .text.f_setClosedCb
                0x000000000000ac80        0x8 build/src/core/selftest_http.o
 *fill*         0x000000000000ac88        0x8 
 .text.f_getBytesAvailable
                0x000000000000ac90        0x8 build/src/core/selftest_http.o
 *fill*         0x000000000000ac98        0x8 
 .text.f_getSentPending
                0x000000000000aca0        0x4 build/src/core/selftest_http.o
 *fill*         0x000000000000aca4        0xc 
 .text.on_prog  0x000000000000acb0       0x20 build/src/core/selftest_http.o
 .text.f_write  0x000000000000acd0       0x18 build/src/core/selftest_http.o
 *fill*         0x000000000000ace8        0x8 
 .text.f_read   0x000000000000acf0       0x3c build/src/core/selftest_http.o
 *fill*         0x000000000000ad2c        0x4 
 .text.f_requestAccess
                0x000000000000ad30       0x5c build/src/core/selftest_http.o
 *fill*         0x000000000000ad8c        0x4 
 .text.on_err   0x000000000000ad90       0x30 build/src/core/selftest_http.o
 .text.f_newConnection
                0x000000000000adc0       0x74 build/src/core/selftest_http.o
 *fill*         0x000000000000ae34        0xc 
 .text.reset_fixture
                0x000000000000ae40       0x78 build/src/core/selftest_http.o
 *fill*         0x000000000000aeb8        0x8 
 .text.on_succ  0x000000000000aec0       0xe8 build/src/core/selftest_http.o
 *fill*         0x000000000000afa8        0x8 
 .text.st_check
                0x000000000000afb0       0x3c build/src/core/selftest_http.o
 *fill*         0x000000000000afec        0x4 
 .text.check_str
                0x000000000000aff0       0x1c build/src/core/selftest_http.o
 *fill*         0x000000000000b00c        0x4 
 .text.selftest_http_run
                0x000000000000b010     0x1288 build/src/core/selftest_http.o
                0x000000000000b010                selftest_http_run
 *fill*         0x000000000000c298        0x8 
 .text.dec_special
                0x000000000000c2a0       0x7c build/src/html/entities.o
 *fill*         0x000000000000c31c        0x4 
 .text.hex_special
                0x000000000000c320       0x7c build/src/html/entities.o
 *fill*         0x000000000000c39c        0x4 
 .text.replace_numeric
                0x000000000000c3a0      0x514 build/src/html/entities.o
 *fill*         0x000000000000c8b4        0xc 
 .text.entities_init
                0x000000000000c8c0        0x4 build/src/html/entities.o
                0x000000000000c8c0                entities_init
 *fill*         0x000000000000c8c4        0xc 
 .text.entities_decode
                0x000000000000c8d0      0x388 build/src/html/entities.o
                0x000000000000c8d0                entities_decode
 *fill*         0x000000000000cc58        0x8 
 .text.entities_encode
                0x000000000000cc60       0xc4 build/src/html/entities.o
                0x000000000000cc60                entities_encode
 *fill*         0x000000000000cd24        0xc 
 .text.htt_trim
                0x000000000000cd30       0x5c build/src/html/tokenizer.o
 *fill*         0x000000000000cd8c        0x4 
 .text.htt_push_token
                0x000000000000cd90       0x6c build/src/html/tokenizer.o
 *fill*         0x000000000000cdfc        0x4 
 .text.htt_put_attr.part.0
                0x000000000000ce00       0x28 build/src/html/tokenizer.o
 *fill*         0x000000000000ce28        0x8 
 .text.htt_push_text.part.0
                0x000000000000ce30       0x60 build/src/html/tokenizer.o
 .text.htt_free.part.0
                0x000000000000ce90       0x58 build/src/html/tokenizer.o
 *fill*         0x000000000000cee8        0x8 
 .text.htt_tokenize
                0x000000000000cef0      0x74c build/src/html/tokenizer.o
                0x000000000000cef0                htt_tokenize
 *fill*         0x000000000000d63c        0x4 
 .text.htt_free
                0x000000000000d640        0x8 build/src/html/tokenizer.o
                0x000000000000d640                htt_free
 *fill*         0x000000000000d648        0x8 
 .text.htt_init
                0x000000000000d650        0x4 build/src/html/tokenizer.o
                0x000000000000d650                htt_init
 *fill*         0x000000000000d654        0xc 
 .text.dom_pop_to_tag
                0x000000000000d660       0x2c build/src/html/dom.o
 *fill*         0x000000000000d68c        0x4 
 .text.dom_new_elem
                0x000000000000d690       0x40 build/src/html/dom.o
 .text.ds_push  0x000000000000d6d0       0x40 build/src/html/dom.o
 .text.dom_is_skip
                0x000000000000d710       0x38 build/src/html/dom.o
 *fill*         0x000000000000d748        0x8 
 .text.dom_is_table_ctx
                0x000000000000d750       0x48 build/src/html/dom.o
 *fill*         0x000000000000d798        0x8 
 .text.dom_append
                0x000000000000d7a0       0x7c build/src/html/dom.o
 *fill*         0x000000000000d81c        0x4 
 .text.dom_init
                0x000000000000d820        0x4 build/src/html/dom.o
                0x000000000000d820                dom_init
 *fill*         0x000000000000d824        0xc 
 .text.dom_free
                0x000000000000d830        0x8 build/src/html/dom.o
                0x000000000000d830                dom_free
 *fill*         0x000000000000d838        0x8 
 .text.dom_free.part.0
                0x000000000000d840       0x40 build/src/html/dom.o
 .text.dom_build
                0x000000000000d880      0x71c build/src/html/dom.o
                0x000000000000d880                dom_build
 *fill*         0x000000000000df9c        0x4 
 .text.d_new_block
                0x000000000000dfa0       0x20 build/src/html/document.o
 .text.d_lower_dup
                0x000000000000dfc0       0x38 build/src/html/document.o
 *fill*         0x000000000000dff8        0x8 
 .text.dtr_free
                0x000000000000e000       0x68 build/src/html/document.o
 *fill*         0x000000000000e068        0x8 
 .text.db_free_fields
                0x000000000000e070      0x1e4 build/src/html/document.o
 *fill*         0x000000000000e254        0xc 
 .text.d_map_free
                0x000000000000e260       0x44 build/src/html/document.o
 *fill*         0x000000000000e2a4        0xc 
 .text.d_datalist_free
                0x000000000000e2b0       0x38 build/src/html/document.o
 *fill*         0x000000000000e2e8        0x8 
 .text.d_starts_ci
                0x000000000000e2f0       0x24 build/src/html/document.o
 *fill*         0x000000000000e314        0xc 
 .text.d_concat_into
                0x000000000000e320       0x44 build/src/html/document.o
 *fill*         0x000000000000e364        0xc 
 .text.db_push_inline
                0x000000000000e370       0x5c build/src/html/document.o
 *fill*         0x000000000000e3cc        0x4 
 .text.d_concat_node_text
                0x000000000000e3d0       0x20 build/src/html/document.o
 .text.d_attr_iter_cb
                0x000000000000e3f0       0x74 build/src/html/document.o
 *fill*         0x000000000000e464        0xc 
 .text.d_serialize_svg_into
                0x000000000000e470       0xc0 build/src/html/document.o
 .text.d_mfenced_attr
                0x000000000000e530       0x44 build/src/html/document.o
 *fill*         0x000000000000e574        0xc 
 .text.d_collapse_trim.part.0
                0x000000000000e580       0x50 build/src/html/document.o
 .text.d_block_set_common.isra.0
                0x000000000000e5d0       0x54 build/src/html/document.o
 *fill*         0x000000000000e624        0xc 
 .text.db_free.part.0
                0x000000000000e630       0x14 build/src/html/document.o
 *fill*         0x000000000000e644        0xc 
 .text.da_has.part.0
                0x000000000000e650       0x10 build/src/html/document.o
 .text.d_valid_href
                0x000000000000e660       0x3c build/src/html/document.o
 *fill*         0x000000000000e69c        0x4 
 .text.d_tonum.part.0
                0x000000000000e6a0       0x5c build/src/html/document.o
 *fill*         0x000000000000e6fc        0x4 
 .text.d_css_half
                0x000000000000e700       0x70 build/src/html/document.o
 .text.d_input_common.isra.0
                0x000000000000e770      0x114 build/src/html/document.o
 *fill*         0x000000000000e884        0xc 
 .text.d_parse_meta_content.part.0
                0x000000000000e890      0x120 build/src/html/document.o
 .text.d_cell_push_inline.isra.0
                0x000000000000e9b0       0x5c build/src/html/document.o
 *fill*         0x000000000000ea0c        0x4 
 .text.doc_add_inline
                0x000000000000ea10       0x70 build/src/html/document.o
 .text.doc_add_inline_text
                0x000000000000ea80      0x150 build/src/html/document.o
 .text.d_break_inline
                0x000000000000ebd0       0x68 build/src/html/document.o
 *fill*         0x000000000000ec38        0x8 
 .text.d_quote_char
                0x000000000000ec40       0x3c build/src/html/document.o
 *fill*         0x000000000000ec7c        0x4 
 .text.d_handle_text_node.isra.0
                0x000000000000ec80      0x184 build/src/html/document.o
 *fill*         0x000000000000ee04        0xc 
 .text.doc_add_block.isra.0
                0x000000000000ee10       0x5c build/src/html/document.o
 *fill*         0x000000000000ee6c        0x4 
 .text.doc_flush_block
                0x000000000000ee70       0x24 build/src/html/document.o
 *fill*         0x000000000000ee94        0xc 
 .text.d_push_notice.isra.0
                0x000000000000eea0       0xa4 build/src/html/document.o
 *fill*         0x000000000000ef44        0xc 
 .text.d_parse_style
                0x000000000000ef50      0x22c build/src/html/document.o
 *fill*         0x000000000000f17c        0x4 
 .text.d_is_display_none
                0x000000000000f180       0xec build/src/html/document.o
 *fill*         0x000000000000f26c        0x4 
 .text.d_parse_align
                0x000000000000f270       0xd4 build/src/html/document.o
 *fill*         0x000000000000f344        0xc 
 .text.d_is_inverted_style.part.0
                0x000000000000f350      0x148 build/src/html/document.o
 *fill*         0x000000000000f498        0x8 
 .text.d_collect_select_options.isra.0
                0x000000000000f4a0      0x268 build/src/html/document.o
 *fill*         0x000000000000f708        0x8 
 .text.d_form_overrides.isra.0
                0x000000000000f710       0x90 build/src/html/document.o
 .text.doc_free.part.0
                0x000000000000f7a0       0xb8 build/src/html/document.o
 *fill*         0x000000000000f858        0x8 
 .text.d_split_ws_comma.constprop.0
                0x000000000000f860       0x90 build/src/html/document.o
 .text.d_parse_box_spacing.part.0
                0x000000000000f8f0      0x2c4 build/src/html/document.o
 *fill*         0x000000000000fbb4        0xc 
 .text.d_handle_element
                0x000000000000fbc0     0x38f4 build/src/html/document.o
 *fill*         0x00000000000134b4        0xc 
 .text.d_walk   0x00000000000134c0       0x64 build/src/html/document.o
 *fill*         0x0000000000013524        0xc 
 .text.d_walk_children.isra.0
                0x0000000000013530       0x24 build/src/html/document.o
 *fill*         0x0000000000013554        0xc 
 .text.d_handle_row.isra.0
                0x0000000000013560      0x2a8 build/src/html/document.o
 *fill*         0x0000000000013808        0x8 
 .text.doc_parse_opts
                0x0000000000013810      0x548 build/src/html/document.o
                0x0000000000013810                doc_parse_opts
 *fill*         0x0000000000013d58        0x8 
 .text.doc_init
                0x0000000000013d60        0x4 build/src/html/document.o
                0x0000000000013d60                doc_init
 *fill*         0x0000000000013d64        0xc 
 .text.doc_free
                0x0000000000013d70        0x8 build/src/html/document.o
                0x0000000000013d70                doc_free
 *fill*         0x0000000000013d78        0x8 
 .text.tok_is_tag
                0x0000000000013d80       0x34 build/src/html/selftest_tokenizer.o
 *fill*         0x0000000000013db4        0xc 
 .text.tok_is_text
                0x0000000000013dc0       0x34 build/src/html/selftest_tokenizer.o
 *fill*         0x0000000000013df4        0xc 
 .text.ck       0x0000000000013e00       0x40 build/src/html/selftest_tokenizer.o
 .text.cks      0x0000000000013e40       0x20 build/src/html/selftest_tokenizer.o
 .text.selftest_tokenizer_run
                0x0000000000013e60      0xf78 build/src/html/selftest_tokenizer.o
                0x0000000000013e60                selftest_tokenizer_run
 *fill*         0x0000000000014dd8        0x8 
 .text.elem     0x0000000000014de0       0x20 build/src/html/selftest_dom.o
 .text.run      0x0000000000014e00       0x50 build/src/html/selftest_dom.o
 .text.txt      0x0000000000014e50       0x38 build/src/html/selftest_dom.o
 *fill*         0x0000000000014e88        0x8 
 .text.ck       0x0000000000014e90       0x40 build/src/html/selftest_dom.o
 .text.pipe_free.isra.0
                0x0000000000014ed0       0x1c build/src/html/selftest_dom.o
 *fill*         0x0000000000014eec        0x4 
 .text.selftest_dom_run
                0x0000000000014ef0     0x1354 build/src/html/selftest_dom.o
                0x0000000000014ef0                selftest_dom_run
 *fill*         0x0000000000016244        0xc 
 .text.txt_is   0x0000000000016250       0x20 build/src/html/selftest_document.o
 .text.find_type.part.0
                0x0000000000016270       0x2c build/src/html/selftest_document.o
 *fill*         0x000000000001629c        0x4 
 .text.ck       0x00000000000162a0       0x40 build/src/html/selftest_document.o
 .text.case_links
                0x00000000000162e0      0x27c build/src/html/selftest_document.o
 *fill*         0x000000000001655c        0x4 
 .text.case_lists
                0x0000000000016560      0x268 build/src/html/selftest_document.o
 *fill*         0x00000000000167c8        0x8 
 .text.case_tables
                0x00000000000167d0      0x504 build/src/html/selftest_document.o
 *fill*         0x0000000000016cd4        0xc 
 .text.case_forms
                0x0000000000016ce0      0x748 build/src/html/selftest_document.o
 *fill*         0x0000000000017428        0x8 
 .text.case_boxes
                0x0000000000017430      0x4a8 build/src/html/selftest_document.o
 *fill*         0x00000000000178d8        0x8 
 .text.selftest_document_run
                0x00000000000178e0     0x1db8 build/src/html/selftest_document.o
                0x00000000000178e0                selftest_document_run
 *fill*         0x0000000000019698        0x8 
 .text.mem_init
                0x00000000000196a0        0xc build/src/util/mem.o
                0x00000000000196a0                mem_init
 *fill*         0x00000000000196ac        0x4 
 .text.pluto_malloc
                0x00000000000196b0       0x1c build/src/util/mem.o
                0x00000000000196b0                pluto_malloc
 *fill*         0x00000000000196cc        0x4 
 .text.pluto_realloc
                0x00000000000196d0       0x2c build/src/util/mem.o
                0x00000000000196d0                pluto_realloc
 *fill*         0x00000000000196fc        0x4 
 .text.pluto_free
                0x0000000000019700       0x24 build/src/util/mem.o
                0x0000000000019700                pluto_free
 *fill*         0x0000000000019724        0xc 
 .text.pluto_strndup
                0x0000000000019730       0x40 build/src/util/mem.o
                0x0000000000019730                pluto_strndup
 .text.pluto_strdup
                0x0000000000019770       0x18 build/src/util/mem.o
                0x0000000000019770                pluto_strdup
 *fill*         0x0000000000019788        0x8 
 .text.sb_reserve.part.0
                0x0000000000019790       0x38 build/src/util/strbuf.o
 *fill*         0x00000000000197c8        0x8 
 .text.sb_init  0x00000000000197d0        0xc build/src/util/strbuf.o
                0x00000000000197d0                sb_init
 *fill*         0x00000000000197dc        0x4 
 .text.sb_free  0x00000000000197e0       0x18 build/src/util/strbuf.o
                0x00000000000197e0                sb_free
 *fill*         0x00000000000197f8        0x8 
 .text.sb_clear
                0x0000000000019800        0x8 build/src/util/strbuf.o
                0x0000000000019800                sb_clear
 *fill*         0x0000000000019808        0x8 
 .text.sb_reserve
                0x0000000000019810        0xc build/src/util/strbuf.o
                0x0000000000019810                sb_reserve
 *fill*         0x000000000001981c        0x4 
 .text.sb_append
                0x0000000000019820       0x30 build/src/util/strbuf.o
                0x0000000000019820                sb_append
 .text.sb_append_str
                0x0000000000019850       0x20 build/src/util/strbuf.o
                0x0000000000019850                sb_append_str
 .text.sb_append_char
                0x0000000000019870       0x1c build/src/util/strbuf.o
                0x0000000000019870                sb_append_char
 *fill*         0x000000000001988c        0x4 
 .text.sb_append_buf
                0x0000000000019890       0x1c build/src/util/strbuf.o
                0x0000000000019890                sb_append_buf
 *fill*         0x00000000000198ac        0x4 
 .text.sb_printf
                0x00000000000198b0       0x74 build/src/util/strbuf.o
                0x00000000000198b0                sb_printf
 *fill*         0x0000000000019924        0xc 
 .text.sb_detach
                0x0000000000019930       0x20 build/src/util/strbuf.o
                0x0000000000019930                sb_detach
 .text.da_init  0x0000000000019950        0xc build/src/util/dynarray.o
                0x0000000000019950                da_init
 *fill*         0x000000000001995c        0x4 
 .text.da_free  0x0000000000019960       0x18 build/src/util/dynarray.o
                0x0000000000019960                da_free
 *fill*         0x0000000000019978        0x8 
 .text.da_reserve
                0x0000000000019980       0x3c build/src/util/dynarray.o
                0x0000000000019980                da_reserve
 *fill*         0x00000000000199bc        0x4 
 .text.da_push_new
                0x00000000000199c0       0x1c build/src/util/dynarray.o
                0x00000000000199c0                da_push_new
 *fill*         0x00000000000199dc        0x4 
 .text.da_push  0x00000000000199e0       0x1c build/src/util/dynarray.o
                0x00000000000199e0                da_push
 *fill*         0x00000000000199fc        0x4 
 .text.da_get   0x0000000000019a00       0x14 build/src/util/dynarray.o
                0x0000000000019a00                da_get
 *fill*         0x0000000000019a14        0xc 
 .text.da_last  0x0000000000019a20       0x14 build/src/util/dynarray.o
                0x0000000000019a20                da_last
 *fill*         0x0000000000019a34        0xc 
 .text.da_pop   0x0000000000019a40        0xc build/src/util/dynarray.o
                0x0000000000019a40                da_pop
 *fill*         0x0000000000019a4c        0x4 
 .text.da_remove_at
                0x0000000000019a50       0x3c build/src/util/dynarray.o
                0x0000000000019a50                da_remove_at
 *fill*         0x0000000000019a8c        0x4 
 .text.sm_get.part.0
                0x0000000000019a90       0x54 build/src/util/strmap.o
 *fill*         0x0000000000019ae4        0xc 
 .text.sm_create
                0x0000000000019af0       0x44 build/src/util/strmap.o
                0x0000000000019af0                sm_create
 *fill*         0x0000000000019b34        0xc 
 .text.sm_put   0x0000000000019b40      0x154 build/src/util/strmap.o
                0x0000000000019b40                sm_put
 *fill*         0x0000000000019c94        0xc 
 .text.sm_get   0x0000000000019ca0        0xc build/src/util/strmap.o
                0x0000000000019ca0                sm_get
 *fill*         0x0000000000019cac        0x4 
 .text.sm_has   0x0000000000019cb0       0x1c build/src/util/strmap.o
                0x0000000000019cb0                sm_has
 *fill*         0x0000000000019ccc        0x4 
 .text.sm_remove
                0x0000000000019cd0       0x88 build/src/util/strmap.o
                0x0000000000019cd0                sm_remove
 *fill*         0x0000000000019d58        0x8 
 .text.sm_count
                0x0000000000019d60        0x8 build/src/util/strmap.o
                0x0000000000019d60                sm_count
 *fill*         0x0000000000019d68        0x8 
 .text.sm_foreach
                0x0000000000019d70       0x3c build/src/util/strmap.o
                0x0000000000019d70                sm_foreach
 *fill*         0x0000000000019dac        0x4 
 .text.sm_destroy
                0x0000000000019db0       0x44 build/src/util/strmap.o
                0x0000000000019db0                sm_destroy
 *fill*         0x0000000000019df4        0xc 
 .text.match_class
                0x0000000000019e00       0xf8 build/src/util/luapattern.o
 *fill*         0x0000000000019ef8        0x8 
 .text.match_bracket_class
                0x0000000000019f00       0x64 build/src/util/luapattern.o
 *fill*         0x0000000000019f64        0xc 
 .text.class_end
                0x0000000000019f70       0xb4 build/src/util/luapattern.o
 *fill*         0x000000000001a024        0xc 
 .text.single_match.isra.0.part.0
                0x000000000001a030       0x30 build/src/util/luapattern.o
 .text.do_match
                0x000000000001a060      0x39c build/src/util/luapattern.o
 *fill*         0x000000000001a3fc        0x4 
 .text.max_expand
                0x000000000001a400       0x50 build/src/util/luapattern.o
 .text.lp_find  0x000000000001a450       0x78 build/src/util/luapattern.o
                0x000000000001a450                lp_find
 *fill*         0x000000000001a4c8        0x8 
 .text.lp_find_plain
                0x000000000001a4d0       0x70 build/src/util/luapattern.o
                0x000000000001a4d0                lp_find_plain
 .text.lp_match
                0x000000000001a540       0xc8 build/src/util/luapattern.o
                0x000000000001a540                lp_match
 *fill*         0x000000000001a608        0x8 
 .text.lp_gmatch_init
                0x000000000001a610       0x18 build/src/util/luapattern.o
                0x000000000001a610                lp_gmatch_init
 *fill*         0x000000000001a628        0x8 
 .text.lp_gmatch_next
                0x000000000001a630       0xd0 build/src/util/luapattern.o
                0x000000000001a630                lp_gmatch_next
 .text.lp_cap_span
                0x000000000001a700       0x30 build/src/util/luapattern.o
                0x000000000001a700                lp_cap_span
 .text.lp_gsub  0x000000000001a730      0x270 build/src/util/luapattern.o
                0x000000000001a730                lp_gsub
 .text.j_grow   0x000000000001a9a0       0x50 build/src/util/json.o
 .text.j_write_escaped
                0x000000000001a9f0      0x104 build/src/util/json.o
 *fill*         0x000000000001aaf4        0xc 
 .text.j_write_inner
                0x000000000001ab00      0x1d0 build/src/util/json.o
 .text.j_alloc  0x000000000001acd0       0x1c build/src/util/json.o
 *fill*         0x000000000001acec        0x4 
 .text.jerr.part.0
                0x000000000001acf0       0x20 build/src/util/json.o
 .text.j_hex4   0x000000000001ad10       0x7c build/src/util/json.o
 *fill*         0x000000000001ad8c        0x4 
 .text.j_parse_string_raw
                0x000000000001ad90      0x280 build/src/util/json.o
 .text.j_lit.isra.0
                0x000000000001b010       0x3c build/src/util/json.o
 *fill*         0x000000000001b04c        0x4 
 .text.json_free
                0x000000000001b050       0x68 build/src/util/json.o
                0x000000000001b050                json_free
 *fill*         0x000000000001b0b8        0x8 
 .text.j_parse_value
                0x000000000001b0c0      0x5c8 build/src/util/json.o
 *fill*         0x000000000001b688        0x8 
 .text.json_obj_get
                0x000000000001b690       0x50 build/src/util/json.o
                0x000000000001b690                json_obj_get
 .text.json_arr_get
                0x000000000001b6e0       0x1c build/src/util/json.o
                0x000000000001b6e0                json_arr_get
 *fill*         0x000000000001b6fc        0x4 
 .text.json_arr_count
                0x000000000001b700       0x14 build/src/util/json.o
                0x000000000001b700                json_arr_count
 *fill*         0x000000000001b714        0xc 
 .text.json_is_null
                0x000000000001b720       0x10 build/src/util/json.o
                0x000000000001b720                json_is_null
 .text.json_num
                0x000000000001b730       0x10 build/src/util/json.o
                0x000000000001b730                json_num
 .text.json_bool_val
                0x000000000001b740       0x10 build/src/util/json.o
                0x000000000001b740                json_bool_val
 .text.json_str
                0x000000000001b750       0x20 build/src/util/json.o
                0x000000000001b750                json_str
 .text.json_parse
                0x000000000001b770       0xc0 build/src/util/json.o
                0x000000000001b770                json_parse
 .text.json_write
                0x000000000001b830       0x14 build/src/util/json.o
                0x000000000001b830                json_write
 *fill*         0x000000000001b844        0xc 
 .text.json_new_bool
                0x000000000001b850       0x18 build/src/util/json.o
                0x000000000001b850                json_new_bool
 *fill*         0x000000000001b868        0x8 
 .text.json_new_number
                0x000000000001b870       0x20 build/src/util/json.o
                0x000000000001b870                json_new_number
 .text.json_new_string_len
                0x000000000001b890       0x3c build/src/util/json.o
                0x000000000001b890                json_new_string_len
 *fill*         0x000000000001b8cc        0x4 
 .text.json_new_string
                0x000000000001b8d0       0x14 build/src/util/json.o
                0x000000000001b8d0                json_new_string
 *fill*         0x000000000001b8e4        0xc 
 .text.json_new_array
                0x000000000001b8f0        0x8 build/src/util/json.o
                0x000000000001b8f0                json_new_array
 *fill*         0x000000000001b8f8        0x8 
 .text.json_new_object
                0x000000000001b900        0x8 build/src/util/json.o
                0x000000000001b900                json_new_object
 *fill*         0x000000000001b908        0x8 
 .text.json_obj_set
                0x000000000001b910       0x98 build/src/util/json.o
                0x000000000001b910                json_obj_set
 *fill*         0x000000000001b9a8        0x8 
 .text.json_arr_append
                0x000000000001b9b0       0x30 build/src/util/json.o
                0x000000000001b9b0                json_arr_append
 .text.pluto_str_tonumber_strict
                0x000000000001b9e0       0x48 build/src/util/luanum.o
                0x000000000001b9e0                pluto_str_tonumber_strict
 *fill*         0x000000000001ba28        0x8 
 .text.gsub_pct_encode
                0x000000000001ba30       0x3c build/src/util/selftest_util.o
 *fill*         0x000000000001ba6c        0x4 
 .text.gsub_hex_decode
                0x000000000001ba70       0x8c build/src/util/selftest_util.o
 *fill*         0x000000000001bafc        0x4 
 .text.st_check
                0x000000000001bb00       0x3c build/src/util/selftest_util.o
 *fill*         0x000000000001bb3c        0x4 
 .text.cap_str.constprop.0
                0x000000000001bb40       0x38 build/src/util/selftest_util.o
 *fill*         0x000000000001bb78        0x8 
 .text.test_luapattern
                0x000000000001bb80     0x181c build/src/util/selftest_util.o
 *fill*         0x000000000001d39c        0x4 
 .text.selftest_util_run
                0x000000000001d3a0      0xb18 build/src/util/selftest_util.o
                0x000000000001d3a0                selftest_util_run
 *fill*         0x000000000001deb8        0x8 
 .text.eventHandlerShim
                0x000000000001dec0       0x1c build//Users/bwandrych/Developer/PlaydateSDK/C_API/buildsupport/setup.o
                0x000000000001dec0                eventHandlerShim
 *fill*         0x000000000001dedc        0x4 
 .text._malloc_r
                0x000000000001dee0        0xc build//Users/bwandrych/Developer/PlaydateSDK/C_API/buildsupport/setup.o
                0x000000000001dee0                _malloc_r
 *fill*         0x000000000001deec        0x4 
 .text._realloc_r
                0x000000000001def0       0x10 build//Users/bwandrych/Developer/PlaydateSDK/C_API/buildsupport/setup.o
                0x000000000001def0                _realloc_r
 .text._free_r  0x000000000001df00       0x14 build//Users/bwandrych/Developer/PlaydateSDK/C_API/buildsupport/setup.o
                0x000000000001df00                _free_r
 .text.malloc   0x000000000001df14       0x10 /usr/local/playdate/gcc-arm-none-eabi-9-2019-q4-major/bin/../lib/gcc/arm-none-eabi/9.2.1/../../../../arm-none-eabi/lib/thumb/v7e-m+fp/hard/libg.a(lib_a-malloc.o)
                0x000000000001df14                malloc
 .text.free     0x000000000001df24       0x10 /usr/local/playdate/gcc-arm-none-eabi-9-2019-q4-major/bin/../lib/gcc/arm-none-eabi/9.2.1/../../../../arm-none-eabi/lib/thumb/v7e-m+fp/hard/libg.a(lib_a-malloc.o)
                0x000000000001df24                free
 .text.memcmp   0x000000000001df34       0x60 /usr/local/playdate/gcc-arm-none-eabi-9-2019-q4-major/bin/../lib/gcc/arm-none-eabi/9.2.1/../../../../arm-none-eabi/lib/thumb/v7e-m+fp/hard/libg.a(lib_a-memcmp.o)
                0x000000000001df34                memcmp
 .text.memmove  0x000000000001df94       0xd8 /usr/local/playdate/gcc-arm-none-eabi-9-2019-q4-major/bin/../lib/gcc/arm-none-eabi/9.2.1/../../../../arm-none-eabi/lib/thumb/v7e-m+fp/hard/libg.a(lib_a-memmove.o)
                0x000000000001df94                memmove
 .text.memset   0x000000000001e06c       0xa0 /usr/local/playdate/gcc-arm-none-eabi-9-2019-q4-major/bin/../lib/gcc/arm-none-eabi/9.2.1/../../../../arm-none-eabi/lib/thumb/v7e-m+fp/hard/libg.a(lib_a-memset.o)
                0x000000000001e06c                memset
 .text.realloc  0x000000000001e10c       0x10 /usr/local/playdate/gcc-arm-none-eabi-9-2019-q4-major/bin/../lib/gcc/arm-none-eabi/9.2.1/../../../../arm-none-eabi/lib/thumb/v7e-m+fp/hard/libg.a(lib_a-realloc.o)
                0x000000000001e10c                realloc
 .text.snprintf
                0x000000000001e11c       0x88 /usr/local/playdate/gcc-arm-none-eabi-9-2019-q4-major/bin/../lib/gcc/arm-none-eabi/9.2.1/../../../../arm-none-eabi/lib/thumb/v7e-m+fp/hard/libg.a(lib_a-snprintf.o)
                0x000000000001e11c                snprintf
 .text.strcasecmp
                0x000000000001e1a4       0x48 /usr/local/playdate/gcc-arm-none-eabi-9-2019-q4-major/bin/../lib/gcc/arm-none-eabi/9.2.1/../../../../arm-none-eabi/lib/thumb/v7e-m+fp/hard/libg.a(lib_a-strcasecmp.o)
                0x000000000001e1a4                strcasecmp
 .text.strchr   0x000000000001e1ec       0xd0 /usr/local/playdate/gcc-arm-none-eabi-9-2019-q4-major/bin/../lib/gcc/arm-none-eabi/9.2.1/../../../../arm-none-eabi/lib/thumb/v7e-m+fp/hard/libg.a(lib_a-strchr.o)
                0x000000000001e1ec                strchr
 .text.strcpy   0x000000000001e2bc       0xbc /usr/local/playdate/gcc-arm-none-eabi-9-2019-q4-major/bin/../lib/gcc/arm-none-eabi/9.2.1/../../../../arm-none-eabi/lib/thumb/v7e-m+fp/hard/libg.a(lib_a-strcpy.o)
                0x000000000001e2bc                strcpy
 .text.strncasecmp
                0x000000000001e378       0x54 /usr/local/playdate/gcc-arm-none-eabi-9-2019-q4-major/bin/../lib/gcc/arm-none-eabi/9.2.1/../../../../arm-none-eabi/lib/thumb/v7e-m+fp/hard/libg.a(lib_a-strncasecmp.o)
                0x000000000001e378                strncasecmp
 .text.strncmp  0x000000000001e3cc       0x7c /usr/local/playdate/gcc-arm-none-eabi-9-2019-q4-major/bin/../lib/gcc/arm-none-eabi/9.2.1/../../../../arm-none-eabi/lib/thumb/v7e-m+fp/hard/libg.a(lib_a-strncmp.o)
                0x000000000001e3cc                strncmp
 .text.strncpy  0x000000000001e448       0x68 /usr/local/playdate/gcc-arm-none-eabi-9-2019-q4-major/bin/../lib/gcc/arm-none-eabi/9.2.1/../../../../arm-none-eabi/lib/thumb/v7e-m+fp/hard/libg.a(lib_a-strncpy.o)
                0x000000000001e448                strncpy
 .text.two_way_long_needle
                0x000000000001e4b0      0x2b4 /usr/local/playdate/gcc-arm-none-eabi-9-2019-q4-major/bin/../lib/gcc/arm-none-eabi/9.2.1/../../../../arm-none-eabi/lib/thumb/v7e-m+fp/hard/libg.a(lib_a-strstr.o)
 .text.strstr   0x000000000001e764      0x164 /usr/local/playdate/gcc-arm-none-eabi-9-2019-q4-major/bin/../lib/gcc/arm-none-eabi/9.2.1/../../../../arm-none-eabi/lib/thumb/v7e-m+fp/hard/libg.a(lib_a-strstr.o)
                0x000000000001e764                strstr
 .text.sulp     0x000000000001e8c8       0x38 /usr/local/playdate/gcc-arm-none-eabi-9-2019-q4-major/bin/../lib/gcc/arm-none-eabi/9.2.1/../../../../arm-none-eabi/lib/thumb/v7e-m+fp/hard/libg.a(lib_a-strtod.o)
 .text._strtod_l
                0x000000000001e900      0xf98 /usr/local/playdate/gcc-arm-none-eabi-9-2019-q4-major/bin/../lib/gcc/arm-none-eabi/9.2.1/../../../../arm-none-eabi/lib/thumb/v7e-m+fp/hard/libg.a(lib_a-strtod.o)
                0x000000000001e900                _strtod_l
 .text.strtod   0x000000000001f898       0x1c /usr/local/playdate/gcc-arm-none-eabi-9-2019-q4-major/bin/../lib/gcc/arm-none-eabi/9.2.1/../../../../arm-none-eabi/lib/thumb/v7e-m+fp/hard/libg.a(lib_a-strtod.o)
                0x000000000001f898                strtod
 .text._strtol_l.isra.0
                0x000000000001f8b4      0x10c /usr/local/playdate/gcc-arm-none-eabi-9-2019-q4-major/bin/../lib/gcc/arm-none-eabi/9.2.1/../../../../arm-none-eabi/lib/thumb/v7e-m+fp/hard/libg.a(lib_a-strtol.o)
 .text.strtol   0x000000000001f9c0       0x18 /usr/local/playdate/gcc-arm-none-eabi-9-2019-q4-major/bin/../lib/gcc/arm-none-eabi/9.2.1/../../../../arm-none-eabi/lib/thumb/v7e-m+fp/hard/libg.a(lib_a-strtol.o)
                0x000000000001f9c0                strtol
 .text._svfprintf_r
                0x000000000001f9d8     0x1b38 /usr/local/playdate/gcc-arm-none-eabi-9-2019-q4-major/bin/../lib/gcc/arm-none-eabi/9.2.1/../../../../arm-none-eabi/lib/thumb/v7e-m+fp/hard/libg.a(lib_a-svfprintf.o)
                0x000000000001f9d8                _svfprintf_r
 .text._vsnprintf_r
                0x0000000000021510       0x70 /usr/local/playdate/gcc-arm-none-eabi-9-2019-q4-major/bin/../lib/gcc/arm-none-eabi/9.2.1/../../../../arm-none-eabi/lib/thumb/v7e-m+fp/hard/libg.a(lib_a-vsnprintf.o)
                0x0000000000021510                _vsnprintf_r
 .text.vsnprintf
                0x0000000000021580       0x20 /usr/local/playdate/gcc-arm-none-eabi-9-2019-q4-major/bin/../lib/gcc/arm-none-eabi/9.2.1/../../../../arm-none-eabi/lib/thumb/v7e-m+fp/hard/libg.a(lib_a-vsnprintf.o)
                0x0000000000021580                vsnprintf
 .text.quorem   0x00000000000215a0      0x11c /usr/local/playdate/gcc-arm-none-eabi-9-2019-q4-major/bin/../lib/gcc/arm-none-eabi/9.2.1/../../../../arm-none-eabi/lib/thumb/v7e-m+fp/hard/libg.a(lib_a-dtoa.o)
 *fill*         0x00000000000216bc        0x4 
 .text._dtoa_r  0x00000000000216c0      0xeec /usr/local/playdate/gcc-arm-none-eabi-9-2019-q4-major/bin/../lib/gcc/arm-none-eabi/9.2.1/../../../../arm-none-eabi/lib/thumb/v7e-m+fp/hard/libg.a(lib_a-dtoa.o)
                0x00000000000216c0                _dtoa_r
 .text.rshift   0x00000000000225ac       0xa4 /usr/local/playdate/gcc-arm-none-eabi-9-2019-q4-major/bin/../lib/gcc/arm-none-eabi/9.2.1/../../../../arm-none-eabi/lib/thumb/v7e-m+fp/hard/libg.a(lib_a-gdtoa-gethex.o)
 .text.__gethex
                0x0000000000022650      0x53c /usr/local/playdate/gcc-arm-none-eabi-9-2019-q4-major/bin/../lib/gcc/arm-none-eabi/9.2.1/../../../../arm-none-eabi/lib/thumb/v7e-m+fp/hard/libg.a(lib_a-gdtoa-gethex.o)
                0x0000000000022650                __gethex
 .text.__match  0x0000000000022b8c       0x30 /usr/local/playdate/gcc-arm-none-eabi-9-2019-q4-major/bin/../lib/gcc/arm-none-eabi/9.2.1/../../../../arm-none-eabi/lib/thumb/v7e-m+fp/hard/libg.a(lib_a-gdtoa-hexnan.o)
                0x0000000000022b8c                __match
 .text.__hexnan
                0x0000000000022bbc      0x1a4 /usr/local/playdate/gcc-arm-none-eabi-9-2019-q4-major/bin/../lib/gcc/arm-none-eabi/9.2.1/../../../../arm-none-eabi/lib/thumb/v7e-m+fp/hard/libg.a(lib_a-gdtoa-hexnan.o)
                0x0000000000022bbc                __hexnan
 .text._localeconv_r
                0x0000000000022d60        0x8 /usr/local/playdate/gcc-arm-none-eabi-9-2019-q4-major/bin/../lib/gcc/arm-none-eabi/9.2.1/../../../../arm-none-eabi/lib/thumb/v7e-m+fp/hard/libg.a(lib_a-localeconv.o)
                0x0000000000022d60                _localeconv_r
 .text.__ascii_mbtowc
                0x0000000000022d68       0x2c /usr/local/playdate/gcc-arm-none-eabi-9-2019-q4-major/bin/../lib/gcc/arm-none-eabi/9.2.1/../../../../arm-none-eabi/lib/thumb/v7e-m+fp/hard/libg.a(lib_a-mbtowc_r.o)
                0x0000000000022d68                __ascii_mbtowc
 .text._Balloc  0x0000000000022d94       0x4c /usr/local/playdate/gcc-arm-none-eabi-9-2019-q4-major/bin/../lib/gcc/arm-none-eabi/9.2.1/../../../../arm-none-eabi/lib/thumb/v7e-m+fp/hard/libg.a(lib_a-mprec.o)
                0x0000000000022d94                _Balloc
 .text._Bfree   0x0000000000022de0       0x14 /usr/local/playdate/gcc-arm-none-eabi-9-2019-q4-major/bin/../lib/gcc/arm-none-eabi/9.2.1/../../../../arm-none-eabi/lib/thumb/v7e-m+fp/hard/libg.a(lib_a-mprec.o)
                0x0000000000022de0                _Bfree
 .text.__multadd
                0x0000000000022df4       0x8c /usr/local/playdate/gcc-arm-none-eabi-9-2019-q4-major/bin/../lib/gcc/arm-none-eabi/9.2.1/../../../../arm-none-eabi/lib/thumb/v7e-m+fp/hard/libg.a(lib_a-mprec.o)
                0x0000000000022df4                __multadd
 .text.__s2b    0x0000000000022e80       0xa0 /usr/local/playdate/gcc-arm-none-eabi-9-2019-q4-major/bin/../lib/gcc/arm-none-eabi/9.2.1/../../../../arm-none-eabi/lib/thumb/v7e-m+fp/hard/libg.a(lib_a-mprec.o)
                0x0000000000022e80                __s2b
 .text.__hi0bits
                0x0000000000022f20       0x40 /usr/local/playdate/gcc-arm-none-eabi-9-2019-q4-major/bin/../lib/gcc/arm-none-eabi/9.2.1/../../../../arm-none-eabi/lib/thumb/v7e-m+fp/hard/libg.a(lib_a-mprec.o)
                0x0000000000022f20                __hi0bits
 .text.__lo0bits
                0x0000000000022f60       0x60 /usr/local/playdate/gcc-arm-none-eabi-9-2019-q4-major/bin/../lib/gcc/arm-none-eabi/9.2.1/../../../../arm-none-eabi/lib/thumb/v7e-m+fp/hard/libg.a(lib_a-mprec.o)
                0x0000000000022f60                __lo0bits
 .text.__i2b    0x0000000000022fc0       0x14 /usr/local/playdate/gcc-arm-none-eabi-9-2019-q4-major/bin/../lib/gcc/arm-none-eabi/9.2.1/../../../../arm-none-eabi/lib/thumb/v7e-m+fp/hard/libg.a(lib_a-mprec.o)
                0x0000000000022fc0                __i2b
 .text.__multiply
                0x0000000000022fd4      0x144 /usr/local/playdate/gcc-arm-none-eabi-9-2019-q4-major/bin/../lib/gcc/arm-none-eabi/9.2.1/../../../../arm-none-eabi/lib/thumb/v7e-m+fp/hard/libg.a(lib_a-mprec.o)
                0x0000000000022fd4                __multiply
 .text.__pow5mult
                0x0000000000023118       0xa0 /usr/local/playdate/gcc-arm-none-eabi-9-2019-q4-major/bin/../lib/gcc/arm-none-eabi/9.2.1/../../../../arm-none-eabi/lib/thumb/v7e-m+fp/hard/libg.a(lib_a-mprec.o)
                0x0000000000023118                __pow5mult
 .text.__lshift
                0x00000000000231b8       0xd4 /usr/local/playdate/gcc-arm-none-eabi-9-2019-q4-major/bin/../lib/gcc/arm-none-eabi/9.2.1/../../../../arm-none-eabi/lib/thumb/v7e-m+fp/hard/libg.a(lib_a-mprec.o)
                0x00000000000231b8                __lshift
 .text.__mcmp   0x000000000002328c       0x3c /usr/local/playdate/gcc-arm-none-eabi-9-2019-q4-major/bin/../lib/gcc/arm-none-eabi/9.2.1/../../../../arm-none-eabi/lib/thumb/v7e-m+fp/hard/libg.a(lib_a-mprec.o)
                0x000000000002328c                __mcmp
 .text.__mdiff  0x00000000000232c8      0x138 /usr/local/playdate/gcc-arm-none-eabi-9-2019-q4-major/bin/../lib/gcc/arm-none-eabi/9.2.1/../../../../arm-none-eabi/lib/thumb/v7e-m+fp/hard/libg.a(lib_a-mprec.o)
                0x00000000000232c8                __mdiff
 .text.__ulp    0x0000000000023400       0x60 /usr/local/playdate/gcc-arm-none-eabi-9-2019-q4-major/bin/../lib/gcc/arm-none-eabi/9.2.1/../../../../arm-none-eabi/lib/thumb/v7e-m+fp/hard/libg.a(lib_a-mprec.o)
                0x0000000000023400                __ulp
 .text.__b2d    0x0000000000023460       0xc4 /usr/local/playdate/gcc-arm-none-eabi-9-2019-q4-major/bin/../lib/gcc/arm-none-eabi/9.2.1/../../../../arm-none-eabi/lib/thumb/v7e-m+fp/hard/libg.a(lib_a-mprec.o)
                0x0000000000023460                __b2d
 .text.__d2b    0x0000000000023524       0xbc /usr/local/playdate/gcc-arm-none-eabi-9-2019-q4-major/bin/../lib/gcc/arm-none-eabi/9.2.1/../../../../arm-none-eabi/lib/thumb/v7e-m+fp/hard/libg.a(lib_a-mprec.o)
                0x0000000000023524                __d2b
 .text.__ratio  0x00000000000235e0       0x5c /usr/local/playdate/gcc-arm-none-eabi-9-2019-q4-major/bin/../lib/gcc/arm-none-eabi/9.2.1/../../../../arm-none-eabi/lib/thumb/v7e-m+fp/hard/libg.a(lib_a-mprec.o)
                0x00000000000235e0                __ratio
 .text.__copybits
                0x000000000002363c       0x48 /usr/local/playdate/gcc-arm-none-eabi-9-2019-q4-major/bin/../lib/gcc/arm-none-eabi/9.2.1/../../../../arm-none-eabi/lib/thumb/v7e-m+fp/hard/libg.a(lib_a-mprec.o)
                0x000000000002363c                __copybits
 .text.__any_on
                0x0000000000023684       0x64 /usr/local/playdate/gcc-arm-none-eabi-9-2019-q4-major/bin/../lib/gcc/arm-none-eabi/9.2.1/../../../../arm-none-eabi/lib/thumb/v7e-m+fp/hard/libg.a(lib_a-mprec.o)
                0x0000000000023684                __any_on
 .text.frexp    0x00000000000236e8       0x6c /usr/local/playdate/gcc-arm-none-eabi-9-2019-q4-major/bin/../lib/gcc/arm-none-eabi/9.2.1/../../../../arm-none-eabi/lib/thumb/v7e-m+fp/hard/libg.a(lib_a-s_frexp.o)
                0x00000000000236e8                frexp
 *fill*         0x0000000000023754        0x4 
 .text.nan      0x0000000000023758       0x10 /usr/local/playdate/gcc-arm-none-eabi-9-2019-q4-major/bin/../lib/gcc/arm-none-eabi/9.2.1/../../../../arm-none-eabi/lib/thumb/v7e-m+fp/hard/libg.a(lib_a-s_nan.o)
                0x0000000000023758                nan
 .text.strnlen  0x0000000000023768       0x2c /usr/local/playdate/gcc-arm-none-eabi-9-2019-q4-major/bin/../lib/gcc/arm-none-eabi/9.2.1/../../../../arm-none-eabi/lib/thumb/v7e-m+fp/hard/libg.a(lib_a-strnlen.o)
                0x0000000000023768                strnlen
 .text.__ssprint_r
                0x0000000000023794       0xf8 /usr/local/playdate/gcc-arm-none-eabi-9-2019-q4-major/bin/../lib/gcc/arm-none-eabi/9.2.1/../../../../arm-none-eabi/lib/thumb/v7e-m+fp/hard/libg.a(lib_a-svfiprintf.o)
                0x0000000000023794                __ssprint_r
 .text.__ascii_wctomb
                0x000000000002388c       0x1c /usr/local/playdate/gcc-arm-none-eabi-9-2019-q4-major/bin/../lib/gcc/arm-none-eabi/9.2.1/../../../../arm-none-eabi/lib/thumb/v7e-m+fp/hard/libg.a(lib_a-wctomb_r.o)
                0x000000000002388c                __ascii_wctomb
 .text._calloc_r
                0x00000000000238a8       0x60 /usr/local/playdate/gcc-arm-none-eabi-9-2019-q4-major/bin/../lib/gcc/arm-none-eabi/9.2.1/../../../../arm-none-eabi/lib/thumb/v7e-m+fp/hard/libg.a(lib_a-callocr.o)
                0x00000000000238a8                _calloc_r
 .text.floor    0x0000000000023908      0x108 /usr/local/playdate/gcc-arm-none-eabi-9-2019-q4-major/bin/../lib/gcc/arm-none-eabi/9.2.1/../../../../arm-none-eabi/lib/thumb/v7e-m+fp/hard/libm.a(lib_a-s_floor.o)
                0x0000000000023908                floor
 *(.init)
 *(.fini)
 *crtbegin.o(.ctors)
 *crtbegin?.o(.ctors)
 *(EXCLUDE_FILE(*crtend.o *crtend?.o) .ctors)
 *(SORT_BY_NAME(.ctors.*))
 *(.ctors)
 *crtbegin.o(.dtors)
 *crtbegin?.o(.dtors)
 *(EXCLUDE_FILE(*crtend.o *crtend?.o) .dtors)
 *(SORT_BY_NAME(.dtors.*))
 *(.dtors)
 *(.rodata*)
 .rodata.bench_start_current.str1.4
                0x0000000000023a10       0x2d build/src/main.o
 *fill*         0x0000000000023a3d        0x3 
 .rodata.bench_on_error.str1.4
                0x0000000000023a40       0x1d build/src/main.o
 *fill*         0x0000000000023a5d        0x3 
 .rodata.bench_on_success.str1.4
                0x0000000000023a60       0x33 build/src/main.o
 *fill*         0x0000000000023a93        0x1 
 .rodata.update.str1.4
                0x0000000000023a94      0x13a build/src/main.o
 *fill*         0x0000000000023bce        0x2 
 .rodata.eventHandler.str1.4
                0x0000000000023bd0      0x217 build/src/main.o
 *fill*         0x0000000000023de7        0x1 
 .rodata.str1.4
                0x0000000000023de8       0x6e build/src/main.o
 *fill*         0x0000000000023e56        0x2 
 .rodata.BENCH_URLS
                0x0000000000023e58        0x8 build/src/main.o
 .rodata.str1.4
                0x0000000000023e60      0x395 build/src/core/constants.o
                                        0x3ad (size before relaxing)
 *fill*         0x00000000000241f5        0x3 
 .rodata.PLUTO_DEFAULT_BOOKMARKS
                0x00000000000241f8       0x6c build/src/core/constants.o
                0x00000000000241f8                PLUTO_DEFAULT_BOOKMARKS
 .rodata.logger_init.str1.4
                0x0000000000024264       0x3a build/src/core/logger.o
                                         0x42 (size before relaxing)
 *fill*         0x000000000002429e        0x2 
 .rodata.logger_log.str1.4
                0x00000000000242a0       0x1f build/src/core/logger.o
 *fill*         0x00000000000242bf        0x1 
 .rodata.logger_error_loc.str1.4
                0x00000000000242c0       0x1e build/src/core/logger.o
 *fill*         0x00000000000242de        0x2 
 .rodata.copy_bounded.str1.4
                0x00000000000242e0       0x2f build/src/core/url.o
 *fill*         0x000000000002430f        0x1 
 .rodata.append_origin.str1.4
                0x0000000000024310        0x4 build/src/core/url.o
                                          0x8 (size before relaxing)
 .rodata.url_encode.part.0.str1.4
                0x0000000000024314        0x7 build/src/core/url.o
 *fill*         0x000000000002431b        0x1 
 .rodata.url_is_search_query.str1.4
                0x000000000002431c       0x4c build/src/core/url.o
                                         0x50 (size before relaxing)
 .rodata.url_parse.str1.4
                0x0000000000024368       0xbb build/src/core/url.o
                                         0xdf (size before relaxing)
 *fill*         0x0000000000024423        0x1 
 .rodata.url_unwrap_redirect.str1.4
                0x0000000000024424       0x25 build/src/core/url.o
 *fill*         0x0000000000024449        0x3 
 .rodata.url_resolve.str1.4
                0x000000000002444c       0x8a build/src/core/url.o
 *fill*         0x00000000000244d6        0x2 
 .rodata.SEG_PAT.6742
                0x00000000000244d8        0x6 build/src/core/url.o
 *fill*         0x00000000000244de        0x2 
 .rodata.hex.6665
                0x00000000000244e0       0x11 build/src/core/url.o
 *fill*         0x00000000000244f1        0x3 
 .rodata.str1.4
                0x00000000000244f4      0x6f3 build/src/core/selftest_url.o
                                        0x763 (size before relaxing)
 *fill*         0x0000000000024be7        0x1 
 .rodata.st_check.str1.4
                0x0000000000024be8       0x38 build/src/core/selftest_url.o
 .rodata.test_parse.str1.4
                0x0000000000024c20      0x128 build/src/core/selftest_url.o
                                        0x13c (size before relaxing)
 .rodata.check_resolve.str1.4
                0x0000000000024d48       0x27 build/src/core/selftest_url.o
 *fill*         0x0000000000024d6f        0x1 
 .rodata.selftest_url_run.str1.4
                0x0000000000024d70      0x7b3 build/src/core/selftest_url.o
                                        0x7cb (size before relaxing)
 *fill*         0x0000000000025523        0x1 
 .rodata        0x0000000000025524      0x168 build/src/core/selftest_url.o
 .rodata.cases.6875
                0x000000000002568c      0x268 build/src/core/selftest_url.o
 .rodata.storage_save.part.0.str1.4
                0x00000000000258f4       0xea build/src/core/storage.o
                                        0x15a (size before relaxing)
 *fill*         0x00000000000259de        0x2 
 .rodata.storage_reset_defaults.str1.4
                0x00000000000259e0        0x7 build/src/core/storage.o
 *fill*         0x00000000000259e7        0x1 
 .rodata.storage_load.str1.4
                0x00000000000259e8       0x28 build/src/core/storage.o
                                         0x49 (size before relaxing)
 .rodata.storage_format_now.str1.4
                0x0000000000025a10       0x13 build/src/core/storage.o
 .rodata.storage_add_history.str1.4
                0x0000000000025a23        0x8 build/src/core/storage.o
 .rodata.storage_add_bookmark.str1.4
                0x0000000000025a23        0x1 build/src/core/storage.o
 .rodata.str1.4
                0x0000000000025a23       0x13 build/src/core/storage.o
                                          0x3 (size before relaxing)
 *fill*         0x0000000000025a23        0x1 
 .rodata.CSWTCH.20
                0x0000000000025a24        0xc build/src/core/storage.o
 .rodata.CSWTCH.22
                0x0000000000025a30       0x14 build/src/core/storage.o
 .rodata.build_key.str1.4
                0x0000000000025a44        0x7 build/src/core/cookie_jar.o
                                          0xa (size before relaxing)
 *fill*         0x0000000000025a4b        0x1 
 .rodata.month_from_name.part.0.str1.4
                0x0000000000025a4c        0x4 build/src/core/cookie_jar.o
 .rodata.cj_parse_date.part.0.str1.4
                0x0000000000025a50       0x81 build/src/core/cookie_jar.o
 *fill*         0x0000000000025ad1        0x3 
 .rodata.cj_parse_set_cookie.part.0.str1.4
                0x0000000000025ad4       0x6c build/src/core/cookie_jar.o
                                         0xa4 (size before relaxing)
 .rodata.cj_get_header.str1.4
                0x0000000000025b40        0x3 build/src/core/cookie_jar.o
 *fill*         0x0000000000025b43        0x1 
 .rodata.str1.4
                0x0000000000025b44       0x2c build/src/core/cookie_jar.o
 .rodata.kMonths.10551
                0x0000000000025b70       0x30 build/src/core/cookie_jar.o
 .rodata.str1.4
                0x0000000000025ba0       0xa6 build/src/core/selftest_storage.o
 *fill*         0x0000000000025c46        0x2 
 .rodata.st_check.part.0.str1.4
                0x0000000000025c48       0x2c build/src/core/selftest_storage.o
 .rodata.st_check.str1.4
                0x0000000000025c74        0xe build/src/core/selftest_storage.o
 *fill*         0x0000000000025c82        0x2 
 .rodata.check_ts.str1.4
                0x0000000000025c84       0x29 build/src/core/selftest_storage.o
 *fill*         0x0000000000025cad        0x3 
 .rodata.check_date.str1.4
                0x0000000000025cb0       0x33 build/src/core/selftest_storage.o
 *fill*         0x0000000000025ce3        0x1 
 .rodata.check_hdr.str1.4
                0x0000000000025ce4       0x25 build/src/core/selftest_storage.o
                                         0x29 (size before relaxing)
 *fill*         0x0000000000025d09        0x3 
 .rodata.check_sc.str1.4
                0x0000000000025d0c       0xd8 build/src/core/selftest_storage.o
 .rodata.test_parse_set_cookie.str1.4
                0x0000000000025de4      0x4b8 build/src/core/selftest_storage.o
                                        0x4fc (size before relaxing)
 .rodata.selftest_storage_run.str1.4
                0x000000000002629c      0xb21 build/src/core/selftest_storage.o
                                        0xba9 (size before relaxing)
 *fill*         0x0000000000026dbd        0x3 
 .rodata        0x0000000000026dc0       0x30 build/src/core/selftest_storage.o
 .rodata.tasks_run.str1.4
                0x0000000000026df0       0x1d build/src/core/tasks.o
 *fill*         0x0000000000026e0d        0x3 
 .rodata.tasks_cancel_all.str1.4
                0x0000000000026e10       0x22 build/src/core/tasks.o
 *fill*         0x0000000000026e32        0x2 
 .rodata.tasks_update.str1.4
                0x0000000000026e34       0x50 build/src/core/tasks.o
 .rodata.step_mark_a.str1.4
                0x0000000000026e84        0x7 build/src/core/selftest_tasks.o
 *fill*         0x0000000000026e8b        0x1 
 .rodata.step_mark_b.str1.4
                0x0000000000026e8c        0x7 build/src/core/selftest_tasks.o
 *fill*         0x0000000000026e93        0x1 
 .rodata.done_mark_a.str1.4
                0x0000000000026e94        0x7 build/src/core/selftest_tasks.o
 *fill*         0x0000000000026e9b        0x1 
 .rodata.done_mark_b.str1.4
                0x0000000000026e9c        0x7 build/src/core/selftest_tasks.o
 .rodata.on_err_capture.str1.4
                0x0000000000026ea3        0x3 build/src/core/selftest_tasks.o
 *fill*         0x0000000000026ea3        0x1 
 .rodata.step_err_msg.str1.4
                0x0000000000026ea4       0x12 build/src/core/selftest_tasks.o
 *fill*         0x0000000000026eb6        0x2 
 .rodata.st_check.str1.4
                0x0000000000026eb8       0x3a build/src/core/selftest_tasks.o
 *fill*         0x0000000000026ef2        0x2 
 .rodata.selftest_tasks_run.str1.4
                0x0000000000026ef4      0x3b5 build/src/core/selftest_tasks.o
                                        0x3c1 (size before relaxing)
 *fill*         0x00000000000272a9        0x3 
 .rodata.encoding_normalize_charset.str1.4
                0x00000000000272ac       0x3e build/src/core/encoding.o
                                         0x76 (size before relaxing)
 *fill*         0x00000000000272ea        0x2 
 .rodata.encoding_charset_from_header.str1.4
                0x00000000000272ec        0x8 build/src/core/encoding.o
 .rodata.encoding_scan_meta_charset.str1.4
                0x00000000000272f4        0x6 build/src/core/encoding.o
 *fill*         0x00000000000272fa        0x2 
 .rodata.encoding_to_utf8.str1.4
                0x00000000000272fc       0x21 build/src/core/encoding.o
                                         0x25 (size before relaxing)
 *fill*         0x000000000002731d        0x3 
 .rodata.CSWTCH.10
                0x0000000000027320       0x40 build/src/core/encoding.o
 .rodata.step_entity_job.str1.4
                0x0000000000027360        0xd build/src/core/selftest_encoding.o
                                         0x11 (size before relaxing)
 *fill*         0x000000000002736d        0x3 
 .rodata.st_check.str1.4
                0x0000000000027370       0x3d build/src/core/selftest_encoding.o
 *fill*         0x00000000000273ad        0x3 
 .rodata.check_mem.str1.4
                0x00000000000273b0       0x22 build/src/core/selftest_encoding.o
 *fill*         0x00000000000273d2        0x2 
 .rodata.selftest_encoding_run.str1.4
                0x00000000000273d4      0xca4 build/src/core/selftest_encoding.o
                                        0xce0 (size before relaxing)
 .rodata.abc.6941
                0x0000000000028078        0x3 build/src/core/selftest_encoding.o
 *fill*         0x000000000002807b        0x1 
 .rodata.b41.6925
                0x000000000002807c        0x1 build/src/core/selftest_encoding.o
 *fill*         0x000000000002807d        0x3 
 .rodata.b7f.6926
                0x0000000000028080        0x1 build/src/core/selftest_encoding.o
 *fill*         0x0000000000028081        0x3 
 .rodata.b80.6927
                0x0000000000028084        0x1 build/src/core/selftest_encoding.o
 *fill*         0x0000000000028085        0x3 
 .rodata.b81.6928
                0x0000000000028088        0x1 build/src/core/selftest_encoding.o
 *fill*         0x0000000000028089        0x3 
 .rodata.b92.6929
                0x000000000002808c        0x1 build/src/core/selftest_encoding.o
 *fill*         0x000000000002808d        0x3 
 .rodata.b9c.6930
                0x0000000000028090        0x1 build/src/core/selftest_encoding.o
 *fill*         0x0000000000028091        0x3 
 .rodata.b9f.6931
                0x0000000000028094        0x1 build/src/core/selftest_encoding.o
 *fill*         0x0000000000028095        0x3 
 .rodata.ba0.6932
                0x0000000000028098        0x1 build/src/core/selftest_encoding.o
 *fill*         0x0000000000028099        0x3 
 .rodata.be9.6933
                0x000000000002809c        0x1 build/src/core/selftest_encoding.o
 *fill*         0x000000000002809d        0x3 
 .rodata.be9.6940
                0x00000000000280a0        0x1 build/src/core/selftest_encoding.o
 *fill*         0x00000000000280a1        0x3 
 .rodata.beMix.6938
                0x00000000000280a4        0x8 build/src/core/selftest_encoding.o
 .rodata.bff.6934
                0x00000000000280ac        0x1 build/src/core/selftest_encoding.o
 *fill*         0x00000000000280ad        0x3 
 .rodata.bomHello.6939
                0x00000000000280b0        0x8 build/src/core/selftest_encoding.o
 .rodata.ctrl.6945
                0x00000000000280b8        0x4 build/src/core/selftest_encoding.o
 .rodata.leA.6935
                0x00000000000280bc        0x4 build/src/core/selftest_encoding.o
 .rodata.leLone.6937
                0x00000000000280c0        0x6 build/src/core/selftest_encoding.o
 *fill*         0x00000000000280c6        0x2 
 .rodata.lePair.6936
                0x00000000000280c8        0x6 build/src/core/selftest_encoding.o
 *fill*         0x00000000000280ce        0x2 
 .rodata.oneA.6942
                0x00000000000280d0        0x1 build/src/core/selftest_encoding.o
 *fill*         0x00000000000280d1        0x3 
 .rodata.hc_internal_page.str1.4
                0x00000000000280d4        0xf build/src/core/internal_pages.o
                                         0x27 (size before relaxing)
 *fill*         0x00000000000280e3        0x1 
 .rodata.HC_PAGES
                0x00000000000280e4       0x30 build/src/core/internal_pages.o
 .rodata.hc_page_acid_html
                0x0000000000028114      0xba9 build/src/core/internal_pages.o
 *fill*         0x0000000000028cbd        0x3 
 .rodata.hc_page_acid_title
                0x0000000000028cc0        0xf build/src/core/internal_pages.o
 *fill*         0x0000000000028ccf        0x1 
 .rodata.hc_page_blank_html
                0x0000000000028cd0       0x1b build/src/core/internal_pages.o
 *fill*         0x0000000000028ceb        0x1 
 .rodata.hc_page_blank_title
                0x0000000000028cec        0x6 build/src/core/internal_pages.o
 *fill*         0x0000000000028cf2        0x2 
 .rodata.hc_page_home_html
                0x0000000000028cf4       0x65 build/src/core/internal_pages.o
 *fill*         0x0000000000028d59        0x3 
 .rodata.hc_page_home_title
                0x0000000000028d5c        0xd build/src/core/internal_pages.o
 *fill*         0x0000000000028d69        0x3 
 .rodata.connect_failed.str1.4
                0x0000000000028d6c       0x24 build/src/core/http_client.o
 .rodata.do_get.str1.4
                0x0000000000028d90       0x82 build/src/core/http_client.o
                                         0x8a (size before relaxing)
 *fill*         0x0000000000028e12        0x2 
 .rodata.hc_open_cb.str1.4
                0x0000000000028e14       0x22 build/src/core/http_client.o
 .rodata.decode_chunked.str1.4
                0x0000000000028e36       0x22 build/src/core/http_client.o
                                          0x3 (size before relaxing)
 *fill*         0x0000000000028e36        0x2 
 .rodata.hc_update.str1.4
                0x0000000000028e38      0x1d8 build/src/core/http_client.o
                                        0x1e0 (size before relaxing)
 .rodata.str1.4
                0x0000000000029010      0x156 build/src/core/http_client.o
                                        0x15b (size before relaxing)
 *fill*         0x0000000000029166        0x2 
 .rodata.CSWTCH.132
                0x0000000000029168       0x4c build/src/core/http_client.o
 .rodata.HC_NO_CBS
                0x00000000000291b4       0x10 build/src/core/http_client.o
 .rodata.f_requestAccess.str1.4
                0x00000000000291c4        0x7 build/src/core/selftest_http.o
 .rodata.on_succ.str1.4
                0x00000000000291c4        0xd build/src/core/selftest_http.o
                                         0x35 (size before relaxing)
 *fill*         0x00000000000291d1        0x3 
 .rodata.st_check.str1.4
                0x00000000000291d4       0x39 build/src/core/selftest_http.o
 *fill*         0x000000000002920d        0x3 
 .rodata.selftest_http_run.str1.4
                0x0000000000029210      0xcdc build/src/core/selftest_http.o
                                        0xdec (size before relaxing)
 .rodata.NC     0x0000000000029eec       0x10 build/src/core/selftest_http.o
 .rodata.REQ.10644
                0x0000000000029efc       0xac build/src/core/selftest_http.o
 .rodata.REQ.10649
                0x0000000000029fa8       0xc6 build/src/core/selftest_http.o
 *fill*         0x000000000002a06e        0x2 
 .rodata.dec_special.str1.4
                0x000000000002a070       0x18 build/src/html/entities.o
                                         0x20 (size before relaxing)
 .rodata.replace_numeric.str1.4
                0x000000000002a088       0x5c build/src/html/entities.o
                                         0x6e (size before relaxing)
 .rodata.entities_decode.str1.4
                0x000000000002a0e4        0x5 build/src/html/entities.o
 *fill*         0x000000000002a0e9        0x3 
 .rodata.entities_encode.str1.4
                0x000000000002a0ec       0x1f build/src/html/entities.o
 *fill*         0x000000000002a10b        0x1 
 .rodata.str1.4
                0x000000000002a10c      0x478 build/src/html/entities.o
                                        0x524 (size before relaxing)
 .rodata.CSWTCH.21