Archive member included to satisfy reference by file (symbol)

/usr/local/playdate/gcc-arm-none-eabi-9-2019-q4-major/bin/../lib/gcc/arm-none-eabi/9.2.1/thumb/v7e-m+fp/hard/libgcc.a(_arm_muldf3.o)
                              build/src/core/cookie_jar.o (__aeabi_dmul)
/usr/local/playdate/gcc-arm-none-eabi-9-2019-q4-major/bin/../lib/gcc/arm-none-eabi/9.2.1/thumb/v7e-m+fp/hard/libgcc.a(_arm_addsubdf3.o)
                              build/src/core/cookie_jar.o (__aeabi_dadd)
/usr/local/playdate/gcc-arm-none-eabi-9-2019-q4-major/bin/../lib/gcc/arm-none-eabi/9.2.1/thumb/v7e-m+fp/hard/libgcc.a(_arm_muldivdf3.o)
                              build/src/html/tokenizer.o (__aeabi_ddiv)
/usr/local/playdate/gcc-arm-none-eabi-9-2019-q4-major/bin/../lib/gcc/arm-none-eabi/9.2.1/thumb/v7e-m+fp/hard/libgcc.a(_arm_cmpdf2.o)
                              build/src/core/url.o (__aeabi_dcmpeq)
/usr/local/playdate/gcc-arm-none-eabi-9-2019-q4-major/bin/../lib/gcc/arm-none-eabi/9.2.1/thumb/v7e-m+fp/hard/libgcc.a(_arm_fixdfsi.o)
                              build/src/core/url.o (__aeabi_d2iz)
/usr/local/playdate/gcc-arm-none-eabi-9-2019-q4-major/bin/../lib/gcc/arm-none-eabi/9.2.1/thumb/v7e-m+fp/hard/libgcc.a(_aeabi_ldivmod.o)
                              build/src/core/cookie_jar.o (__aeabi_ldivmod)
/usr/local/playdate/gcc-arm-none-eabi-9-2019-q4-major/bin/../lib/gcc/arm-none-eabi/9.2.1/thumb/v7e-m+fp/hard/libgcc.a(_fixdfdi.o)
                              build/src/core/cookie_jar.o (__aeabi_d2lz)
/usr/local/playdate/gcc-arm-none-eabi-9-2019-q4-major/bin/../lib/gcc/arm-none-eabi/9.2.1/thumb/v7e-m+fp/hard/libgcc.a(_fixunsdfdi.o)
                              /usr/local/playdate/gcc-arm-none-eabi-9-2019-q4-major/bin/../lib/gcc/arm-none-eabi/9.2.1/thumb/v7e-m+fp/hard/libgcc.a(_fixdfdi.o) (__aeabi_d2ulz)
/usr/local/playdate/gcc-arm-none-eabi-9-2019-q4-major/bin/../lib/gcc/arm-none-eabi/9.2.1/thumb/v7e-m+fp/hard/libgcc.a(_udivmoddi4.o)
                              /usr/local/playdate/gcc-arm-none-eabi-9-2019-q4-major/bin/../lib/gcc/arm-none-eabi/9.2.1/thumb/v7e-m+fp/hard/libgcc.a(_aeabi_ldivmod.o) (__udivmoddi4)
/usr/local/playdate/gcc-arm-none-eabi-9-2019-q4-major/bin/../lib/gcc/arm-none-eabi/9.2.1/thumb/v7e-m+fp/hard/libgcc.a(_dvmd_tls.o)
                              /usr/local/playdate/gcc-arm-none-eabi-9-2019-q4-major/bin/../lib/gcc/arm-none-eabi/9.2.1/thumb/v7e-m+fp/hard/libgcc.a(_aeabi_ldivmod.o) (__aeabi_ldiv0)
/usr/local/playdate/gcc-arm-none-eabi-9-2019-q4-major/bin/../lib/gcc/arm-none-eabi/9.2.1/thumb/v7e-m+fp/hard/libgcc.a(_arm_fixunsdfsi.o)
                              /usr/local/playdate/gcc-arm-none-eabi-9-2019-q4-major/bin/../lib/gcc/arm-none-eabi/9.2.1/thumb/v7e-m+fp/hard/libgcc.a(_fixunsdfdi.o) (__aeabi_d2uiz)
/usr/local/playdate/gcc-arm-none-eabi-9-2019-q4-major/bin/../lib/gcc/arm-none-eabi/9.2.1/../../../../arm-none-eabi/lib/thumb/v7e-m+fp/hard/libg.a(lib_a-ctype_.o)
                              build/src/core/encoding.o (_ctype_)
/usr/local/playdate/gcc-arm-none-eabi-9-2019-q4-major/bin/../lib/gcc/arm-none-eabi/9.2.1/../../../../arm-none-eabi/lib/thumb/v7e-m+fp/hard/libg.a(lib_a-malloc.o)
                              build/src/util/mem.o (malloc)
/usr/local/playdate/gcc-arm-none-eabi-9-2019-q4-major/bin/../lib/gcc/arm-none-eabi/9.2.1/../../../../arm-none-eabi/lib/thumb/v7e-m+fp/hard/libg.a(lib_a-memchr.o)
                              build/src/core/url.o (memchr)
/usr/local/playdate/gcc-arm-none-eabi-9-2019-q4-major/bin/../lib/gcc/arm-none-eabi/9.2.1/../../../../arm-none-eabi/lib/thumb/v7e-m+fp/hard/libg.a(lib_a-memcmp.o)
                              build/src/core/selftest_url.o (memcmp)
/usr/local/playdate/gcc-arm-none-eabi-9-2019-q4-major/bin/../lib/gcc/arm-none-eabi/9.2.1/../../../../arm-none-eabi/lib/thumb/v7e-m+fp/hard/libg.a(lib_a-memcpy.o)
                              build/src/core/url.o (memcpy)
/usr/local/playdate/gcc-arm-none-eabi-9-2019-q4-major/bin/../lib/gcc/arm-none-eabi/9.2.1/../../../../arm-none-eabi/lib/thumb/v7e-m+fp/hard/libg.a(lib_a-memmove.o)
                              build/src/core/url.o (memmove)
/usr/local/playdate/gcc-arm-none-eabi-9-2019-q4-major/bin/../lib/gcc/arm-none-eabi/9.2.1/../../../../arm-none-eabi/lib/thumb/v7e-m+fp/hard/libg.a(lib_a-memset.o)
                              build/src/core/url.o (memset)
/usr/local/playdate/gcc-arm-none-eabi-9-2019-q4-major/bin/../lib/gcc/arm-none-eabi/9.2.1/../../../../arm-none-eabi/lib/thumb/v7e-m+fp/hard/libg.a(lib_a-realloc.o)
                              build/src/util/mem.o (realloc)
/usr/local/playdate/gcc-arm-none-eabi-9-2019-q4-major/bin/../lib/gcc/arm-none-eabi/9.2.1/../../../../arm-none-eabi/lib/thumb/v7e-m+fp/hard/libg.a(lib_a-snprintf.o)
                              build/src/main.o (snprintf)
/usr/local/playdate/gcc-arm-none-eabi-9-2019-q4-major/bin/../lib/gcc/arm-none-eabi/9.2.1/../../../../arm-none-eabi/lib/thumb/v7e-m+fp/hard/libg.a(lib_a-strchr.o)
                              build/src/core/cookie_jar.o (strchr)
[...]
Memory Configuration

Name             Origin             Length             Attributes
*default*        0x0000000000000000 0xffffffffffffffff

Linker script and memory map

LOAD build/src/main.o
LOAD build/src/core/constants.o
LOAD build/src/core/logger.o
LOAD build/src/core/url.o
LOAD build/src/core/selftest_url.o
LOAD build/src/core/storage.o
LOAD build/src/core/cookie_jar.o
LOAD build/src/core/selftest_storage.o
LOAD build/src/core/tasks.o
LOAD build/src/core/selftest_tasks.o
LOAD build/src/core/encoding.o
LOAD build/src/core/selftest_encoding.o
LOAD build/src/core/internal_pages.o
LOAD build/src/core/http_client.o
LOAD build/src/core/selftest_http.o
LOAD build/src/html/entities.o
LOAD build/src/html/tokenizer.o
LOAD build/src/html/selftest_tokenizer.o
LOAD build/src/util/mem.o
LOAD build/src/util/strbuf.o
LOAD build/src/util/dynarray.o
LOAD build/src/util/strmap.o
LOAD build/src/util/luapattern.o
LOAD build/src/util/json.o
LOAD build/src/util/luanum.o
LOAD build/src/util/selftest_util.o
LOAD build//Users/bwandrych/Developer/PlaydateSDK/C_API/buildsupport/setup.o
START GROUP
LOAD /usr/local/playdate/gcc-arm-none-eabi-9-2019-q4-major/bin/../lib/gcc/arm-none-eabi/9.2.1/thumb/v7e-m+fp/hard/libgcc.a
LOAD /usr/local/playdate/gcc-arm-none-eabi-9-2019-q4-major/bin/../lib/gcc/arm-none-eabi/9.2.1/../../../../arm-none-eabi/lib/thumb/v7e-m+fp/hard/libg.a
LOAD /usr/local/playdate/gcc-arm-none-eabi-9-2019-q4-major/bin/../lib/gcc/arm-none-eabi/9.2.1/../../../../arm-none-eabi/lib/thumb/v7e-m+fp/hard/libc.a
END GROUP
START GROUP
LOAD /usr/local/playdate/gcc-arm-none-eabi-9-2019-q4-major/bin/../lib/gcc/arm-none-eabi/9.2.1/thumb/v7e-m+fp/hard/libgcc.a
LOAD /usr/local/playdate/gcc-arm-none-eabi-9-2019-q4-major/bin/../lib/gcc/arm-none-eabi/9.2.1/../../../../arm-none-eabi/lib/thumb/v7e-m+fp/hard/libc.a
LOAD /usr/local/playdate/gcc-arm-none-eabi-9-2019-q4-major/bin/../lib/gcc/arm-none-eabi/9.2.1/../../../../arm-none-eabi/lib/thumb/v7e-m+fp/hard/libm.a
END GROUP

.text           0x0000000000000000    0x21ddc
 *(.text)
 .text          0x0000000000000000      0x378 /usr/local/playdate/gcc-arm-none-eabi-9-2019-q4-major/bin/../lib/gcc/arm-none-eabi/9.2.1/thumb/v7e-m+fp/hard/libgcc.a(_arm_addsubdf3.o)
                0x0000000000000000                __aeabi_drsub
                0x0000000000000008                __subdf3
                0x0000000000000008                __aeabi_dsub
                0x000000000000000c                __aeabi_dadd
                0x000000000000000c                __adddf3
                0x0000000000000284                __aeabi_ui2d
                0x0000000000000284                __floatunsidf
                0x00000000000002a4                __floatsidf
                0x00000000000002a4                __aeabi_i2d
                0x00000000000002c8                __extendsfdf2
                0x00000000000002c8                __aeabi_f2d
                0x000000000000030c                __aeabi_ul2d
                0x000000000000030c                __floatundidf
                0x000000000000031c                __aeabi_l2d
                0x000000000000031c                __floatdidf
 .text          0x0000000000000378      0x424 /usr/local/playdate/gcc-arm-none-eabi-9-2019-q4-major/bin/../lib/gcc/arm-none-eabi/9.2.1/thumb/v7e-m+fp/hard/libgcc.a(_arm_muldivdf3.o)
                0x0000000000000378                __aeabi_dmul
                0x0000000000000378                __muldf3
                0x00000000000005cc                __aeabi_ddiv
                0x00000000000005cc                __divdf3
 .text          0x000000000000079c      0x110 /usr/local/playdate/gcc-arm-none-eabi-9-2019-q4-major/bin/../lib/gcc/arm-none-eabi/9.2.1/thumb/v7e-m+fp/hard/libgcc.a(_arm_cmpdf2.o)
                0x000000000000079c                __gedf2
                0x000000000000079c                __gtdf2
                0x00000000000007a4                __ledf2
                0x00000000000007a4                __ltdf2
                0x00000000000007ac                __cmpdf2
                0x00000000000007ac                __eqdf2
                0x00000000000007ac                __nedf2
                0x0000000000000828                __aeabi_cdrcmple
                0x0000000000000838                __aeabi_cdcmple
                0x0000000000000838                __aeabi_cdcmpeq
                0x0000000000000848                __aeabi_dcmpeq
                0x000000000000085c                __aeabi_dcmplt
                0x0000000000000870                __aeabi_dcmple
                0x0000000000000884                __aeabi_dcmpge
                0x0000000000000898                __aeabi_dcmpgt
 .text          0x00000000000008ac       0x50 /usr/local/playdate/gcc-arm-none-eabi-9-2019-q4-major/bin/../lib/gcc/arm-none-eabi/9.2.1/thumb/v7e-m+fp/hard/libgcc.a(_arm_fixdfsi.o)
                0x00000000000008ac                __fixdfsi
                0x00000000000008ac                __aeabi_d2iz
 .text          0x00000000000008fc       0xa0 /usr/local/playdate/gcc-arm-none-eabi-9-2019-q4-major/bin/../lib/gcc/arm-none-eabi/9.2.1/thumb/v7e-m+fp/hard/libgcc.a(_aeabi_ldivmod.o)
                0x00000000000008fc                __aeabi_ldivmod
 .text          0x000000000000099c       0x30 /usr/local/playdate/gcc-arm-none-eabi-9-2019-q4-major/bin/../lib/gcc/arm-none-eabi/9.2.1/thumb/v7e-m+fp/hard/libgcc.a(_fixdfdi.o)
                0x000000000000099c                __aeabi_d2lz
                0x000000000000099c                __fixdfdi
 .text          0x00000000000009cc       0x3c /usr/local/playdate/gcc-arm-none-eabi-9-2019-q4-major/bin/../lib/gcc/arm-none-eabi/9.2.1/thumb/v7e-m+fp/hard/libgcc.a(_fixunsdfdi.o)
                0x00000000000009cc                __aeabi_d2ulz
                0x00000000000009cc                __fixunsdfdi
 .text          0x0000000000000a08      0x2c4 /usr/local/playdate/gcc-arm-none-eabi-9-2019-q4-major/bin/../lib/gcc/arm-none-eabi/9.2.1/thumb/v7e-m+fp/hard/libgcc.a(_udivmoddi4.o)
                0x0000000000000a08                __udivmoddi4
 .text          0x0000000000000ccc        0x4 /usr/local/playdate/gcc-arm-none-eabi-9-2019-q4-major/bin/../lib/gcc/arm-none-eabi/9.2.1/thumb/v7e-m+fp/hard/libgcc.a(_dvmd_tls.o)
                0x0000000000000ccc                __aeabi_ldiv0
                0x0000000000000ccc                __aeabi_idiv0
 .text          0x0000000000000cd0       0x40 /usr/local/playdate/gcc-arm-none-eabi-9-2019-q4-major/bin/../lib/gcc/arm-none-eabi/9.2.1/thumb/v7e-m+fp/hard/libgcc.a(_arm_fixunsdfsi.o)
                0x0000000000000cd0                __fixunsdfsi
                0x0000000000000cd0                __aeabi_d2uiz
 .text          0x0000000000000d10       0xa0 /usr/local/playdate/gcc-arm-none-eabi-9-2019-q4-major/bin/../lib/gcc/arm-none-eabi/9.2.1/../../../../arm-none-eabi/lib/thumb/v7e-m+fp/hard/libg.a(lib_a-memchr.o)
                0x0000000000000d10                memchr
 .text          0x0000000000000db0      0x134 /usr/local/playdate/gcc-arm-none-eabi-9-2019-q4-major/bin/../lib/gcc/arm-none-eabi/9.2.1/../../../../arm-none-eabi/lib/thumb/v7e-m+fp/hard/libg.a(lib_a-memcpy.o)
                0x0000000000000db0                memcpy
 *fill*         0x0000000000000ee4       0x1c 
 .text          0x0000000000000f00      0x2dc /usr/local/playdate/gcc-arm-none-eabi-9-2019-q4-major/bin/../lib/gcc/arm-none-eabi/9.2.1/../../../../arm-none-eabi/lib/thumb/v7e-m+fp/hard/libg.a(lib_a-strcmp.o)
                0x0000000000000f08                strcmp
 *fill*         0x00000000000011dc       0x24 
 .text          0x0000000000001200       0xdc /usr/local/playdate/gcc-arm-none-eabi-9-2019-q4-major/bin/../lib/gcc/arm-none-eabi/9.2.1/../../../../arm-none-eabi/lib/thumb/v7e-m+fp/hard/libg.a(lib_a-strlen.o)
                0x0000000000001200                strlen
 .text          0x00000000000012dc       0x2c /usr/local/playdate/gcc-arm-none-eabi-9-2019-q4-major/bin/../lib/gcc/arm-none-eabi/9.2.1/thumb/v7e-m+fp/hard/libgcc.a(_arm_unorddf2.o)
                0x00000000000012dc                __aeabi_dcmpun
                0x00000000000012dc                __unorddf2
 .text          0x0000000000001308       0x30 /usr/local/playdate/gcc-arm-none-eabi-9-2019-q4-major/bin/../lib/gcc/arm-none-eabi/9.2.1/thumb/v7e-m+fp/hard/libgcc.a(_aeabi_uldivmod.o)
                0x0000000000001308                __aeabi_uldivmod
 *(.text.*)
 *fill*         0x0000000000001338        0x8 
 .text.bench_start_current
                0x0000000000001340       0x84 build/src/main.o
 *fill*         0x00000000000013c4        0xc 
 .text.bench_on_error
                0x00000000000013d0       0x38 build/src/main.o
 *fill*         0x0000000000001408        0x8 
 .text.bench_on_success
                0x0000000000001410       0x64 build/src/main.o
 *fill*         0x0000000000001474        0xc 
 .text.update   0x0000000000001480      0x1d4 build/src/main.o
 *fill*         0x0000000000001654        0xc 
 .text.eventHandler
                0x0000000000001660      0x214 build/src/main.o
                0x0000000000001660                eventHandler
 *fill*         0x0000000000001874        0xc 
 .text.logger_init
                0x0000000000001880       0x70 build/src/core/logger.o
                0x0000000000001880                logger_init
 .text.logger_log
                0x00000000000018f0       0xf8 build/src/core/logger.o
                0x00000000000018f0                logger_log
 *fill*         0x00000000000019e8        0x8 
 .text.logger_error_loc
                0x00000000000019f0       0x54 build/src/core/logger.o
                0x00000000000019f0                logger_error_loc
 *fill*         0x0000000000001a44        0xc 
 .text.copy_bounded
                0x0000000000001a50       0x40 build/src/core/url.o
 .text.append_origin
                0x0000000000001a90       0x48 build/src/core/url.o
 *fill*         0x0000000000001ad8        0x8 
 .text.url_encode.part.0
                0x0000000000001ae0       0x90 build/src/core/url.o
 .text.url_decode.part.0
                0x0000000000001b70       0x98 build/src/core/url.o
 *fill*         0x0000000000001c08        0x8 
 .text.trim_in_place
                0x0000000000001c10       0x74 build/src/core/url.o
 *fill*         0x0000000000001c84        0xc 
 .text.url_encode
                0x0000000000001c90        0xc build/src/core/url.o
                0x0000000000001c90                url_encode
 *fill*         0x0000000000001c9c        0x4 
 .text.url_decode
                0x0000000000001ca0        0xc build/src/core/url.o
                0x0000000000001ca0                url_decode
 *fill*         0x0000000000001cac        0x4 
 .text.url_is_search_query
                0x0000000000001cb0      0x15c build/src/core/url.o
                0x0000000000001cb0                url_is_search_query
 *fill*         0x0000000000001e0c        0x4 
 .text.url_parse
                0x0000000000001e10      0x694 build/src/core/url.o
                0x0000000000001e10                url_parse
 *fill*         0x00000000000024a4        0xc 
 .text.url_unwrap_redirect
                0x00000000000024b0       0x94 build/src/core/url.o
                0x00000000000024b0                url_unwrap_redirect
 *fill*         0x0000000000002544        0xc 
 .text.url_resolve
                0x0000000000002550      0x348 build/src/core/url.o
                0x0000000000002550                url_resolve
 *fill*         0x0000000000002898        0x8 
 .text.url_build_search_url
                0x00000000000028a0       0x24 build/src/core/url.o
                0x00000000000028a0                url_build_search_url
 *fill*         0x00000000000028c4        0xc 
 .text.st_check
                0x00000000000028d0       0x3c build/src/core/selftest_url.o
 *fill*         0x000000000000290c        0x4 
 .text.test_parse
                0x0000000000002910      0x440 build/src/core/selftest_url.o
 .text.check_resolve
                0x0000000000002d50       0x74 build/src/core/selftest_url.o
 *fill*         0x0000000000002dc4        0xc 
 .text.selftest_url_run
                0x0000000000002dd0      0x57c build/src/core/selftest_url.o
                0x0000000000002dd0                selftest_url_run
 *fill*         0x000000000000334c        0x4 
 .text.copy_field
                0x0000000000003350       0x30 build/src/core/storage.o
 .text.install_default_bookmarks
                0x0000000000003380       0x64 build/src/core/storage.o
 *fill*         0x00000000000033e4        0xc 
 .text.storage_save.part.0
                0x00000000000033f0      0x3f8 build/src/core/storage.o
 *fill*         0x00000000000037e8        0x8 
 .text.storage_reset_defaults
                0x00000000000037f0       0x3c build/src/core/storage.o
                0x00000000000037f0                storage_reset_defaults
 *fill*         0x000000000000382c        0x4 
 .text.storage_save
                0x0000000000003830       0x10 build/src/core/storage.o
                0x0000000000003830                storage_save
 .text.storage_load
                0x0000000000003840      0x690 build/src/core/storage.o
                0x0000000000003840                storage_load
 .text.storage_format_now
                0x0000000000003ed0       0x5c build/src/core/storage.o
                0x0000000000003ed0                storage_format_now
 *fill*         0x0000000000003f2c        0x4 
 .text.storage_add_history
                0x0000000000003f30      0x104 build/src/core/storage.o
                0x0000000000003f30                storage_add_history
 *fill*         0x0000000000004034        0xc 
 .text.storage_add_bookmark
                0x0000000000004040       0xd4 build/src/core/storage.o
                0x0000000000004040                storage_add_bookmark
 *fill*         0x0000000000004114        0xc 
 .text.storage_remove_bookmark
                0x0000000000004120       0x34 build/src/core/storage.o
                0x0000000000004120                storage_remove_bookmark
 *fill*         0x0000000000004154        0xc 
 .text.storage_is_bookmarked
                0x0000000000004160       0x3c build/src/core/storage.o
                0x0000000000004160                storage_is_bookmarked
 *fill*         0x000000000000419c        0x4 
 .text.storage_bookmarks
                0x00000000000041a0        0x8 build/src/core/storage.o
                0x00000000000041a0                storage_bookmarks
 *fill*         0x00000000000041a8        0x8 
 .text.storage_history
                0x00000000000041b0        0x8 build/src/core/storage.o
                0x00000000000041b0                storage_history
 *fill*         0x00000000000041b8        0x8 
 .text.storage_cookies
                0x00000000000041c0        0x8 build/src/core/storage.o
                0x00000000000041c0                storage_cookies
 *fill*         0x00000000000041c8        0x8 
 .text.storage_settings
                0x00000000000041d0        0x8 build/src/core/storage.o
                0x00000000000041d0                storage_settings
 *fill*         0x00000000000041d8        0x8 
 .text.storage_init
                0x00000000000041e0       0x60 build/src/core/storage.o
                0x00000000000041e0                storage_init
 .text.copy_field
                0x0000000000004240       0x28 build/src/core/cookie_jar.o
 *fill*         0x0000000000004268        0x8 
 .text.cj_remove_at
                0x0000000000004270       0x38 build/src/core/cookie_jar.o
 *fill*         0x00000000000042a8        0x8 
 .text.cap_copy
                0x00000000000042b0       0x38 build/src/core/cookie_jar.o
 *fill*         0x00000000000042e8        0x8 
 .text.cap_num  0x00000000000042f0       0x20 build/src/core/cookie_jar.o
 .text.prune_pass
                0x0000000000004310       0x60 build/src/core/cookie_jar.o
 .text.build_key
                0x0000000000004370       0x64 build/src/core/cookie_jar.o
 *fill*         0x00000000000043d4        0xc 
 .text.ascii_isspace_ch.part.0
                0x00000000000043e0        0xc build/src/core/cookie_jar.o
 *fill*         0x00000000000043ec        0x4 
 .text.trim_span_buf
                0x00000000000043f0       0x7c build/src/core/cookie_jar.o
 *fill*         0x000000000000446c        0x4 
 .text.month_from_name.part.0
                0x0000000000004470       0x44 build/src/core/cookie_jar.o
 *fill*         0x00000000000044b4        0xc 
 .text.cj_init  0x00000000000044c0        0xc build/src/core/cookie_jar.o
                0x00000000000044c0                cj_init
 *fill*         0x00000000000044cc        0x4 
 .text.cj_set_now_fn
                0x00000000000044d0        0xc build/src/core/cookie_jar.o
                0x00000000000044d0                cj_set_now_fn
 *fill*         0x00000000000044dc        0x4 
 .text.cj_now   0x00000000000044e0       0x50 build/src/core/cookie_jar.o
                0x00000000000044e0                cj_now
 .text.cj_make_timestamp
                0x0000000000004530      0x48c build/src/core/cookie_jar.o
                0x0000000000004530                cj_make_timestamp
 *fill*         0x00000000000049bc        0x4 
 .text.cj_parse_date.part.0
                0x00000000000049c0      0x3fc build/src/core/cookie_jar.o
 *fill*         0x0000000000004dbc        0x4 
 .text.cj_parse_set_cookie.part.0
                0x0000000000004dc0      0x770 build/src/core/cookie_jar.o
 .text.cj_parse_date
                0x0000000000005530       0x10 build/src/core/cookie_jar.o
                0x0000000000005530                cj_parse_date
 .text.cj_parse_set_cookie
                0x0000000000005540       0x2c build/src/core/cookie_jar.o
                0x0000000000005540                cj_parse_set_cookie
 *fill*         0x000000000000556c        0x4 
 .text.cj_store
                0x0000000000005570       0xf8 build/src/core/cookie_jar.o
                0x0000000000005570                cj_store
 *fill*         0x0000000000005668        0x8 
 .text.cj_process_set_cookies
                0x0000000000005670       0x28 build/src/core/cookie_jar.o
                0x0000000000005670                cj_process_set_cookies
 *fill*         0x0000000000005698        0x8 
 .text.cj_get_header
                0x00000000000056a0      0x154 build/src/core/cookie_jar.o
                0x00000000000056a0                cj_get_header
 *fill*         0x00000000000057f4        0xc 
 .text.cj_clear
                0x0000000000005800       0x14 build/src/core/cookie_jar.o
                0x0000000000005800                cj_clear
 *fill*         0x0000000000005814        0xc 
 .text.cj_count
                0x0000000000005820        0xc build/src/core/cookie_jar.o
                0x0000000000005820                cj_count
 *fill*         0x000000000000582c        0x4 
 .text.test_now
                0x0000000000005830        0xc build/src/core/selftest_storage.o
 *fill*         0x000000000000583c        0x4 
 .text.st_check.part.0
                0x0000000000005840       0x24 build/src/core/selftest_storage.o
 *fill*         0x0000000000005864        0xc 
 .text.st_check
                0x0000000000005870       0x20 build/src/core/selftest_storage.o
 .text.check_ts
                0x0000000000005890       0xc4 build/src/core/selftest_storage.o
 *fill*         0x0000000000005954        0xc 
 .text.check_date
                0x0000000000005960       0xb4 build/src/core/selftest_storage.o
 *fill*         0x0000000000005a14        0xc 
 .text.check_hdr
                0x0000000000005a20       0x74 build/src/core/selftest_storage.o
 *fill*         0x0000000000005a94        0xc 
 .text.check_sc
                0x0000000000005aa0      0x3f8 build/src/core/selftest_storage.o
 *fill*         0x0000000000005e98        0x8 
 .text.test_parse_set_cookie
                0x0000000000005ea0      0x5cc build/src/core/selftest_storage.o
 *fill*         0x000000000000646c        0x4 
 .text.selftest_storage_run
                0x0000000000006470      0xe78 build/src/core/selftest_storage.o
                0x0000000000006470                selftest_storage_run
 *fill*         0x00000000000072e8        0x8 
 .text.now_ms.part.0
                0x00000000000072f0       0x14 build/src/core/tasks.o
 *fill*         0x0000000000007304        0xc 
 .text.tasks_set_clock_fn
                0x0000000000007310        0xc build/src/core/tasks.o
                0x0000000000007310                tasks_set_clock_fn
 *fill*         0x000000000000731c        0x4 
 .text.tasks_init
                0x0000000000007320       0x4c build/src/core/tasks.o
                0x0000000000007320                tasks_init
 *fill*         0x000000000000736c        0x4 
 .text.tasks_run
                0x0000000000007370       0x58 build/src/core/tasks.o
                0x0000000000007370                tasks_run
 *fill*         0x00000000000073c8        0x8 
 .text.tasks_is_running
                0x00000000000073d0       0x10 build/src/core/tasks.o
                0x00000000000073d0                tasks_is_running
 .text.tasks_cancel_all
                0x00000000000073e0       0x58 build/src/core/tasks.o
                0x00000000000073e0                tasks_cancel_all
 *fill*         0x0000000000007438        0x8 
 .text.tasks_schedule_gc
                0x0000000000007440        0xc build/src/core/tasks.o
                0x0000000000007440                tasks_schedule_gc
 *fill*         0x000000000000744c        0x4 
 .text.tasks_update
                0x0000000000007450      0x104 build/src/core/tasks.o
                0x0000000000007450                tasks_update
 *fill*         0x0000000000007554        0xc 
 .text.tasks_yield_check
                0x0000000000007560       0x50 build/src/core/tasks.o
                0x0000000000007560                tasks_yield_check
 .text.tasks_set_error
                0x00000000000075b0       0x24 build/src/core/tasks.o
                0x00000000000075b0                tasks_set_error
 *fill*         0x00000000000075d4        0xc 
 .text.tasks_report_progress
                0x00000000000075e0       0x50 build/src/core/tasks.o
                0x00000000000075e0                tasks_report_progress
 .text.tasks_get_progress
                0x0000000000007630        0xc build/src/core/tasks.o
                0x0000000000007630                tasks_get_progress
 *fill*         0x000000000000763c        0x4 
 .text.fake_clock
                0x0000000000007640        0xc build/src/core/selftest_tasks.o
 *fill*         0x000000000000764c        0x4 
 .text.on_done_mark
                0x0000000000007650        0x8 build/src/core/selftest_tasks.o
 *fill*         0x0000000000007658        0x8 
 .text.ctx_free_mark
                0x0000000000007660        0x8 build/src/core/selftest_tasks.o
 *fill*         0x0000000000007668        0x8 
 .text.step_instant
                0x0000000000007670        0xc build/src/core/selftest_tasks.o
 *fill*         0x000000000000767c        0x4 
 .text.step_yield_n
                0x0000000000007680       0x1c build/src/core/selftest_tasks.o
 *fill*         0x000000000000769c        0x4 
 .text.step_err_default
                0x00000000000076a0        0xc build/src/core/selftest_tasks.o
 *fill*         0x00000000000076ac        0x4 
 .text.step_mark_a
                0x00000000000076b0       0x30 build/src/core/selftest_tasks.o
 .text.step_mark_b
                0x00000000000076e0       0x30 build/src/core/selftest_tasks.o
 .text.done_mark_a
                0x0000000000007710       0x2c build/src/core/selftest_tasks.o
 *fill*         0x000000000000773c        0x4 
 .text.done_mark_b
                0x0000000000007740       0x2c build/src/core/selftest_tasks.o
 *fill*         0x000000000000776c        0x4 
 .text.run_to_completion
                0x0000000000007770       0x1c build/src/core/selftest_tasks.o
 *fill*         0x000000000000778c        0x4 
 .text.step_endless
                0x0000000000007790       0x1c build/src/core/selftest_tasks.o
 *fill*         0x00000000000077ac        0x4 
 .text.step_frozen_loop
                0x00000000000077b0       0x2c build/src/core/selftest_tasks.o
 *fill*         0x00000000000077dc        0x4 
 .text.on_err_capture
                0x00000000000077e0       0x20 build/src/core/selftest_tasks.o
 .text.step_err_msg
                0x0000000000007800       0x2c build/src/core/selftest_tasks.o
 *fill*         0x000000000000782c        0x4 
 .text.step_budget_loop
                0x0000000000007830       0x48 build/src/core/selftest_tasks.o
 *fill*         0x0000000000007878        0x8 
 .text.st_check
                0x0000000000007880       0x3c build/src/core/selftest_tasks.o
 *fill*         0x00000000000078bc        0x4 
 .text.selftest_tasks_run
                0x00000000000078c0      0x7b8 build/src/core/selftest_tasks.o
                0x00000000000078c0                selftest_tasks_run
 *fill*         0x0000000000008078        0x8 
 .text.copy_bytes
                0x0000000000008080       0x30 build/src/core/encoding.o
 .text.utf8_encode_cp
                0x00000000000080b0       0x78 build/src/core/encoding.o
 *fill*         0x0000000000008128        0x8 
 .text.from_single_byte
                0x0000000000008130       0x30 build/src/core/encoding.o
 .text.from_utf16
                0x0000000000008160       0xb0 build/src/core/encoding.o
 .text.take_charset_value
                0x0000000000008210       0xfc build/src/core/encoding.o
 *fill*         0x000000000000830c        0x4 
 .text.encoding_init
                0x0000000000008310        0x4 build/src/core/encoding.o
                0x0000000000008310                encoding_init
 *fill*         0x0000000000008314        0xc 
 .text.encoding_normalize_charset
                0x0000000000008320      0x144 build/src/core/encoding.o
                0x0000000000008320                encoding_normalize_charset
 *fill*         0x0000000000008464        0xc 
 .text.encoding_charset_from_header
                0x0000000000008470       0xc4 build/src/core/encoding.o
                0x0000000000008470                encoding_charset_from_header
 *fill*         0x0000000000008534        0xc 
 .text.encoding_scan_meta_charset
                0x0000000000008540       0xe8 build/src/core/encoding.o
                0x0000000000008540                encoding_scan_meta_charset
 *fill*         0x0000000000008628        0x8 
 .text.encoding_to_utf8
                0x0000000000008630      0x1a8 build/src/core/encoding.o
                0x0000000000008630                encoding_to_utf8
 *fill*         0x00000000000087d8        0x8 
 .text.fake_clock
                0x00000000000087e0        0xc build/src/core/selftest_encoding.o
 *fill*         0x00000000000087ec        0x4 
 .text.step_entity_job
                0x00000000000087f0       0x60 build/src/core/selftest_encoding.o
 .text.st_check
                0x0000000000008850       0x3c build/src/core/selftest_encoding.o
 *fill*         0x000000000000888c        0x4 
 .text.check_mem
                0x0000000000008890       0x74 build/src/core/selftest_encoding.o
 *fill*         0x0000000000008904        0xc 
 .text.selftest_encoding_run
                0x0000000000008910      0xe4c build/src/core/selftest_encoding.o
                0x0000000000008910                selftest_encoding_run
 *fill*         0x000000000000975c        0x4 
 .text.hc_internal_page
                0x0000000000009760       0x50 build/src/core/internal_pages.o
                0x0000000000009760                hc_internal_page
 .text.connect_now
                0x00000000000097b0       0x8c build/src/core/http_client.o
 *fill*         0x000000000000983c        0x4 
 .text.clear_headers
                0x0000000000009840       0x5c build/src/core/http_client.o
 *fill*         0x000000000000989c        0x4 
 .text.reset    0x00000000000098a0       0xd0 build/src/core/http_client.o
 .text.connect_failed
                0x0000000000009970       0x34 build/src/core/http_client.o
 *fill*         0x00000000000099a4        0xc 
 .text.set_error
                0x00000000000099b0       0x28 build/src/core/http_client.o
 *fill*         0x00000000000099d8        0x8 
 .text.hc_now.part.0
                0x00000000000099e0       0x10 build/src/core/http_client.o
 .text.do_get   0x00000000000099f0      0x278 build/src/core/http_client.o
 *fill*         0x0000000000009c68        0x8 
 .text.hc_closed_cb
                0x0000000000009c70       0x38 build/src/core/http_client.o
 *fill*         0x0000000000009ca8        0x8 
 .text.access_cb.part.0
                0x0000000000009cb0       0x34 build/src/core/http_client.o
 *fill*         0x0000000000009ce4        0xc 
 .text.access_cb
                0x0000000000009cf0       0x5c build/src/core/http_client.o
 *fill*         0x0000000000009d4c        0x4 
 .text.memfind.part.0
                0x0000000000009d50       0x48 build/src/core/http_client.o
 *fill*         0x0000000000009d98        0x8 
 .text.hc_open_cb
                0x0000000000009da0       0x80 build/src/core/http_client.o
 .text.decode_chunked
                0x0000000000009e20      0x148 build/src/core/http_client.o
 *fill*         0x0000000000009f68        0x8 
 .text.hc_update
                0x0000000000009f70      0xad0 build/src/core/http_client.o
                0x0000000000009f70                hc_update
 .text.hc_init  0x000000000000aa40       0x4c build/src/core/http_client.o
                0x000000000000aa40                hc_init
 *fill*         0x000000000000aa8c        0x4 
 .text.hc_get   0x000000000000aa90       0x3c build/src/core/http_client.o
                0x000000000000aa90                hc_get
 *fill*         0x000000000000aacc        0x4 
 .text.hc_is_loading
                0x000000000000aad0       0x14 build/src/core/http_client.o
                0x000000000000aad0                hc_is_loading
 *fill*         0x000000000000aae4        0xc 
 .text.hc_cancel
                0x000000000000aaf0        0x4 build/src/core/http_client.o
                0x000000000000aaf0                hc_cancel
 *fill*         0x000000000000aaf4        0xc 
 .text.hc_set_tcp_for_tests
                0x000000000000ab00       0x28 build/src/core/http_client.o
                0x000000000000ab00                hc_set_tcp_for_tests
 *fill*         0x000000000000ab28        0x8 
 .text.hc_set_clock_fn
                0x000000000000ab30        0xc build/src/core/http_client.o
                0x000000000000ab30                hc_set_clock_fn
 *fill*         0x000000000000ab3c        0x4 
 .text.fake_clock
                0x000000000000ab40        0xc build/src/core/selftest_http.o
 *fill*         0x000000000000ab4c        0x4 
 .text.f_retain
                0x000000000000ab50        0x4 build/src/core/selftest_http.o
 *fill*         0x000000000000ab54        0xc 
 .text.f_release
                0x000000000000ab60        0x4 build/src/core/selftest_http.o
 *fill*         0x000000000000ab64        0xc 
 .text.f_getError
                0x000000000000ab70        0x4 build/src/core/selftest_http.o
 *fill*         0x000000000000ab74        0xc 
 .text.f_setConnectTimeout
                0x000000000000ab80        0xc build/src/core/selftest_http.o
 *fill*         0x000000000000ab8c        0x4 
 .text.f_setReadTimeout
                0x000000000000ab90        0xc build/src/core/selftest_http.o
 *fill*         0x000000000000ab9c        0x4 
 .text.f_setReadBufferSize
                0x000000000000aba0        0xc build/src/core/selftest_http.o
 *fill*         0x000000000000abac        0x4 
 .text.f_setUserdata
                0x000000000000abb0        0x8 build/src/core/selftest_http.o
 *fill*         0x000000000000abb8        0x8 
 .text.f_getUserdata
                0x000000000000abc0        0x8 build/src/core/selftest_http.o
 *fill*         0x000000000000abc8        0x8 
 .text.f_open   0x000000000000abd0        0xc build/src/core/selftest_http.o
 *fill*         0x000000000000abdc        0x4 
 .text.f_close  0x000000000000abe0       0x10 build/src/core/selftest_http.o
 .text.f_setClosedCb
                0x000000000000abf0        0x8 build/src/core/selftest_http.o
 *fill*         0x000000000000abf8        0x8 
 .text.f_getBytesAvailable
                0x000000000000ac00        0x8 build/src/core/selftest_http.o
 *fill*         0x000000000000ac08        0x8 
 .text.f_getSentPending
                0x000000000000ac10        0x4 build/src/core/selftest_http.o
 *fill*         0x000000000000ac14        0xc 
 .text.on_prog  0x000000000000ac20       0x20 build/src/core/selftest_http.o
 .text.f_write  0x000000000000ac40       0x18 build/src/core/selftest_http.o
 *fill*         0x000000000000ac58        0x8 
 .text.f_read   0x000000000000ac60       0x3c build/src/core/selftest_http.o
 *fill*         0x000000000000ac9c        0x4 
 .text.f_requestAccess
                0x000000000000aca0       0x5c build/src/core/selftest_http.o
 *fill*         0x000000000000acfc        0x4 
 .text.on_err   0x000000000000ad00       0x30 build/src/core/selftest_http.o
 .text.f_newConnection
                0x000000000000ad30       0x74 build/src/core/selftest_http.o
 *fill*         0x000000000000ada4        0xc 
 .text.reset_fixture
                0x000000000000adb0       0x78 build/src/core/selftest_http.o
 *fill*         0x000000000000ae28        0x8 
 .text.on_succ  0x000000000000ae30       0xe8 build/src/core/selftest_http.o
 *fill*         0x000000000000af18        0x8 
 .text.st_check
                0x000000000000af20       0x3c build/src/core/selftest_http.o
 *fill*         0x000000000000af5c        0x4 
 .text.check_str
                0x000000000000af60       0x1c build/src/core/selftest_http.o
 *fill*         0x000000000000af7c        0x4 
 .text.selftest_http_run
                0x000000000000af80     0x1288 build/src/core/selftest_http.o
                0x000000000000af80                selftest_http_run
 *fill*         0x000000000000c208        0x8 
 .text.dec_special
                0x000000000000c210       0x7c build/src/html/entities.o
 *fill*         0x000000000000c28c        0x4 
 .text.hex_special
                0x000000000000c290       0x7c build/src/html/entities.o
 *fill*         0x000000000000c30c        0x4 
 .text.replace_numeric
                0x000000000000c310      0x514 build/src/html/entities.o
 *fill*         0x000000000000c824        0xc 
 .text.entities_init
                0x000000000000c830        0x4 build/src/html/entities.o
                0x000000000000c830                entities_init
 *fill*         0x000000000000c834        0xc 
 .text.entities_decode
                0x000000000000c840      0x388 build/src/html/entities.o
                0x000000000000c840                entities_decode
 *fill*         0x000000000000cbc8        0x8 
 .text.entities_encode
                0x000000000000cbd0       0xc4 build/src/html/entities.o
                0x000000000000cbd0                entities_encode
 *fill*         0x000000000000cc94        0xc 
 .text.htt_trim
                0x000000000000cca0       0x5c build/src/html/tokenizer.o
 *fill*         0x000000000000ccfc        0x4 
 .text.htt_push_token
                0x000000000000cd00       0x6c build/src/html/tokenizer.o
 *fill*         0x000000000000cd6c        0x4 
 .text.htt_put_attr.part.0
                0x000000000000cd70       0x28 build/src/html/tokenizer.o
 *fill*         0x000000000000cd98        0x8 
 .text.htt_push_text.part.0
                0x000000000000cda0       0x60 build/src/html/tokenizer.o
 .text.htt_free.part.0
                0x000000000000ce00       0x58 build/src/html/tokenizer.o
 *fill*         0x000000000000ce58        0x8 
 .text.htt_tokenize
                0x000000000000ce60      0x74c build/src/html/tokenizer.o
                0x000000000000ce60                htt_tokenize
 *fill*         0x000000000000d5ac        0x4 
 .text.htt_free
                0x000000000000d5b0        0x8 build/src/html/tokenizer.o
                0x000000000000d5b0                htt_free
 *fill*         0x000000000000d5b8        0x8 
 .text.htt_init
                0x000000000000d5c0        0x4 build/src/html/tokenizer.o
                0x000000000000d5c0                htt_init
 *fill*         0x000000000000d5c4        0xc 
 .text.tok_is_tag
                0x000000000000d5d0       0x34 build/src/html/selftest_tokenizer.o
 *fill*         0x000000000000d604        0xc 
 .text.tok_is_text
                0x000000000000d610       0x34 build/src/html/selftest_tokenizer.o
 *fill*         0x000000000000d644        0xc 
 .text.ck       0x000000000000d650       0x40 build/src/html/selftest_tokenizer.o
 .text.cks      0x000000000000d690       0x20 build/src/html/selftest_tokenizer.o
 .text.selftest_tokenizer_run
                0x000000000000d6b0      0xf78 build/src/html/selftest_tokenizer.o
                0x000000000000d6b0                selftest_tokenizer_run
 *fill*         0x000000000000e628        0x8 
 .text.mem_init
                0x000000000000e630        0xc build/src/util/mem.o
                0x000000000000e630                mem_init
 *fill*         0x000000000000e63c        0x4 
 .text.pluto_malloc
                0x000000000000e640       0x1c build/src/util/mem.o
                0x000000000000e640                pluto_malloc
 *fill*         0x000000000000e65c        0x4 
 .text.pluto_realloc
                0x000000000000e660       0x2c build/src/util/mem.o
                0x000000000000e660                pluto_realloc
 *fill*         0x000000000000e68c        0x4 
 .text.pluto_free
                0x000000000000e690       0x24 build/src/util/mem.o
                0x000000000000e690                pluto_free
 *fill*         0x000000000000e6b4        0xc 
 .text.pluto_strndup
                0x000000000000e6c0       0x40 build/src/util/mem.o
                0x000000000000e6c0                pluto_strndup
 .text.pluto_strdup
                0x000000000000e700       0x18 build/src/util/mem.o
                0x000000000000e700                pluto_strdup
 *fill*         0x000000000000e718        0x8 
 .text.sb_reserve.part.0
                0x000000000000e720       0x38 build/src/util/strbuf.o
 *fill*         0x000000000000e758        0x8 
 .text.sb_init  0x000000000000e760        0xc build/src/util/strbuf.o
                0x000000000000e760                sb_init
 *fill*         0x000000000000e76c        0x4 
 .text.sb_free  0x000000000000e770       0x18 build/src/util/strbuf.o
                0x000000000000e770                sb_free
 *fill*         0x000000000000e788        0x8 
 .text.sb_clear
                0x000000000000e790        0x8 build/src/util/strbuf.o
                0x000000000000e790                sb_clear
 *fill*         0x000000000000e798        0x8 
 .text.sb_append
                0x000000000000e7a0       0x30 build/src/util/strbuf.o
                0x000000000000e7a0                sb_append
 .text.sb_append_str
                0x000000000000e7d0       0x20 build/src/util/strbuf.o
                0x000000000000e7d0                sb_append_str
 .text.sb_append_char
                0x000000000000e7f0       0x1c build/src/util/strbuf.o
                0x000000000000e7f0                sb_append_char
 *fill*         0x000000000000e80c        0x4 
 .text.sb_append_buf
                0x000000000000e810       0x1c build/src/util/strbuf.o
                0x000000000000e810                sb_append_buf
 *fill*         0x000000000000e82c        0x4 
 .text.sb_printf
                0x000000000000e830       0x74 build/src/util/strbuf.o
                0x000000000000e830                sb_printf
 *fill*         0x000000000000e8a4        0xc 
 .text.sb_detach
                0x000000000000e8b0       0x20 build/src/util/strbuf.o
                0x000000000000e8b0                sb_detach
 .text.da_init  0x000000000000e8d0        0xc build/src/util/dynarray.o
                0x000000000000e8d0                da_init
 *fill*         0x000000000000e8dc        0x4 
 .text.da_free  0x000000000000e8e0       0x18 build/src/util/dynarray.o
                0x000000000000e8e0                da_free
 *fill*         0x000000000000e8f8        0x8 
 .text.da_reserve
                0x000000000000e900       0x3c build/src/util/dynarray.o
                0x000000000000e900                da_reserve
 *fill*         0x000000000000e93c        0x4 
 .text.da_push_new
                0x000000000000e940       0x1c build/src/util/dynarray.o
                0x000000000000e940                da_push_new
 *fill*         0x000000000000e95c        0x4 
 .text.da_push  0x000000000000e960       0x1c build/src/util/dynarray.o
                0x000000000000e960                da_push
 *fill*         0x000000000000e97c        0x4 
 .text.da_get   0x000000000000e980       0x14 build/src/util/dynarray.o
                0x000000000000e980                da_get
 *fill*         0x000000000000e994        0xc 
 .text.da_last  0x000000000000e9a0       0x14 build/src/util/dynarray.o
                0x000000000000e9a0                da_last
 *fill*         0x000000000000e9b4        0xc 
 .text.da_pop   0x000000000000e9c0        0xc build/src/util/dynarray.o
                0x000000000000e9c0                da_pop
 *fill*         0x000000000000e9cc        0x4 
 .text.da_remove_at
                0x000000000000e9d0       0x3c build/src/util/dynarray.o
                0x000000000000e9d0                da_remove_at
 *fill*         0x000000000000ea0c        0x4 
 .text.sm_get.part.0
                0x000000000000ea10       0x54 build/src/util/strmap.o
 *fill*         0x000000000000ea64        0xc 
 .text.sm_create
                0x000000000000ea70       0x44 build/src/util/strmap.o
                0x000000000000ea70                sm_create
 *fill*         0x000000000000eab4        0xc 
 .text.sm_put   0x000000000000eac0      0x154 build/src/util/strmap.o
                0x000000000000eac0                sm_put
 *fill*         0x000000000000ec14        0xc 
 .text.sm_get   0x000000000000ec20        0xc build/src/util/strmap.o
                0x000000000000ec20                sm_get
 *fill*         0x000000000000ec2c        0x4 
 .text.sm_has   0x000000000000ec30       0x1c build/src/util/strmap.o
                0x000000000000ec30                sm_has
 *fill*         0x000000000000ec4c        0x4 
 .text.sm_remove
                0x000000000000ec50       0x88 build/src/util/strmap.o
                0x000000000000ec50                sm_remove
 *fill*         0x000000000000ecd8        0x8 
 .text.sm_count
                0x000000000000ece0        0x8 build/src/util/strmap.o
                0x000000000000ece0                sm_count
 *fill*         0x000000000000ece8        0x8 
 .text.sm_foreach
                0x000000000000ecf0       0x3c build/src/util/strmap.o
                0x000000000000ecf0                sm_foreach
 *fill*         0x000000000000ed2c        0x4 
 .text.sm_destroy
                0x000000000000ed30       0x44 build/src/util/strmap.o
                0x000000000000ed30                sm_destroy
 *fill*         0x000000000000ed74        0xc 
 .text.match_class
                0x000000000000ed80       0xf8 build/src/util/luapattern.o
 *fill*         0x000000000000ee78        0x8 
 .text.match_bracket_class
                0x000000000000ee80       0x64 build/src/util/luapattern.o
 *fill*         0x000000000000eee4        0xc 
 .text.class_end
                0x000000000000eef0       0xb4 build/src/util/luapattern.o
 *fill*         0x000000000000efa4        0xc 
 .text.single_match.isra.0.part.0
                0x000000000000efb0       0x30 build/src/util/luapattern.o
 .text.do_match
                0x000000000000efe0      0x39c build/src/util/luapattern.o
 *fill*         0x000000000000f37c        0x4 
 .text.max_expand
                0x000000000000f380       0x50 build/src/util/luapattern.o
 .text.lp_find  0x000000000000f3d0       0x78 build/src/util/luapattern.o
                0x000000000000f3d0                lp_find
 *fill*         0x000000000000f448        0x8 
 .text.lp_find_plain
                0x000000000000f450       0x70 build/src/util/luapattern.o
                0x000000000000f450                lp_find_plain
 .text.lp_match
                0x000000000000f4c0       0xc8 build/src/util/luapattern.o
                0x000000000000f4c0                lp_match
 *fill*         0x000000000000f588        0x8 
 .text.lp_gmatch_init
                0x000000000000f590       0x18 build/src/util/luapattern.o
                0x000000000000f590                lp_gmatch_init
 *fill*         0x000000000000f5a8        0x8 
 .text.lp_gmatch_next
                0x000000000000f5b0       0xd0 build/src/util/luapattern.o
                0x000000000000f5b0                lp_gmatch_next
 .text.lp_cap_span
                0x000000000000f680       0x30 build/src/util/luapattern.o
                0x000000000000f680                lp_cap_span
 .text.lp_gsub  0x000000000000f6b0      0x270 build/src/util/luapattern.o
                0x000000000000f6b0                lp_gsub
 .text.j_grow   0x000000000000f920       0x50 build/src/util/json.o
 .text.j_write_escaped
                0x000000000000f970      0x104 build/src/util/json.o
 *fill*         0x000000000000fa74        0xc 
 .text.j_write_inner
                0x000000000000fa80      0x1d0 build/src/util/json.o
 .text.j_alloc  0x000000000000fc50       0x1c build/src/util/json.o
 *fill*         0x000000000000fc6c        0x4 
 .text.jerr.part.0
                0x000000000000fc70       0x20 build/src/util/json.o
 .text.j_hex4   0x000000000000fc90       0x7c build/src/util/json.o
 *fill*         0x000000000000fd0c        0x4 
 .text.j_parse_string_raw
                0x000000000000fd10      0x280 build/src/util/json.o
 .text.j_lit.isra.0
                0x000000000000ff90       0x3c build/src/util/json.o
 *fill*         0x000000000000ffcc        0x4 
 .text.json_free
                0x000000000000ffd0       0x68 build/src/util/json.o
                0x000000000000ffd0                json_free
 *fill*         0x0000000000010038        0x8 
 .text.j_parse_value
                0x0000000000010040      0x5c8 build/src/util/json.o
 *fill*         0x0000000000010608        0x8 
 .text.json_obj_get
                0x0000000000010610       0x50 build/src/util/json.o
                0x0000000000010610                json_obj_get
 .text.json_arr_get
                0x0000000000010660       0x1c build/src/util/json.o
                0x0000000000010660                json_arr_get
 *fill*         0x000000000001067c        0x4 
 .text.json_arr_count
                0x0000000000010680       0x14 build/src/util/json.o
                0x0000000000010680                json_arr_count
 *fill*         0x0000000000010694        0xc 
 .text.json_is_null
                0x00000000000106a0       0x10 build/src/util/json.o
                0x00000000000106a0                json_is_null
 .text.json_num
                0x00000000000106b0       0x10 build/src/util/json.o
                0x00000000000106b0                json_num
 .text.json_bool_val
                0x00000000000106c0       0x10 build/src/util/json.o
                0x00000000000106c0                json_bool_val
 .text.json_str
                0x00000000000106d0       0x20 build/src/util/json.o
                0x00000000000106d0                json_str
 .text.json_parse
                0x00000000000106f0       0xc0 build/src/util/json.o
                0x00000000000106f0                json_parse
 .text.json_write
                0x00000000000107b0       0x14 build/src/util/json.o
                0x00000000000107b0                json_write
 *fill*         0x00000000000107c4        0xc 
 .text.json_new_bool
                0x00000000000107d0       0x18 build/src/util/json.o
                0x00000000000107d0                json_new_bool
 *fill*         0x00000000000107e8        0x8 
 .text.json_new_number
                0x00000000000107f0       0x20 build/src/util/json.o
                0x00000000000107f0                json_new_number
 .text.json_new_string_len
                0x0000000000010810       0x3c build/src/util/json.o
                0x0000000000010810                json_new_string_len
 *fill*         0x000000000001084c        0x4 
 .text.json_new_string
                0x0000000000010850       0x14 build/src/util/json.o
                0x0000000000010850                json_new_string
 *fill*         0x0000000000010864        0xc 
 .text.json_new_array
                0x0000000000010870        0x8 build/src/util/json.o
                0x0000000000010870                json_new_array
 *fill*         0x0000000000010878        0x8 
 .text.json_new_object
                0x0000000000010880        0x8 build/src/util/json.o
                0x0000000000010880                json_new_object
 *fill*         0x0000000000010888        0x8 
 .text.json_obj_set
                0x0000000000010890       0x98 build/src/util/json.o
                0x0000000000010890                json_obj_set
 *fill*         0x0000000000010928        0x8 
 .text.json_arr_append
                0x0000000000010930       0x30 build/src/util/json.o
                0x0000000000010930                json_arr_append
 .text.pluto_str_tonumber_strict
                0x0000000000010960       0x48 build/src/util/luanum.o
                0x0000000000010960                pluto_str_tonumber_strict
 *fill*         0x00000000000109a8        0x8 
 .text.gsub_pct_encode
                0x00000000000109b0       0x3c build/src/util/selftest_util.o
 *fill*         0x00000000000109ec        0x4 
 .text.gsub_hex_decode
                0x00000000000109f0       0x8c build/src/util/selftest_util.o
 *fill*         0x0000000000010a7c        0x4 
 .text.st_check
                0x0000000000010a80       0x3c build/src/util/selftest_util.o
 *fill*         0x0000000000010abc        0x4 
 .text.cap_str.constprop.0
                0x0000000000010ac0       0x38 build/src/util/selftest_util.o
 *fill*         0x0000000000010af8        0x8 
 .text.test_luapattern
                0x0000000000010b00     0x181c build/src/util/selftest_util.o
 *fill*         0x000000000001231c        0x4 
 .text.selftest_util_run
                0x0000000000012320      0xb18 build/src/util/selftest_util.o
                0x0000000000012320                selftest_util_run
 *fill*         0x0000000000012e38        0x8 
 .text.eventHandlerShim
                0x0000000000012e40       0x1c build//Users/bwandrych/Developer/PlaydateSDK/C_API/buildsupport/setup.o
                0x0000000000012e40                eventHandlerShim
 *fill*         0x0000000000012e5c        0x4 
 .text._malloc_r
                0x0000000000012e60        0xc build//Users/bwandrych/Developer/PlaydateSDK/C_API/buildsupport/setup.o
                0x0000000000012e60                _malloc_r
 *fill*         0x0000000000012e6c        0x4 
 .text._realloc_r
                0x0000000000012e70       0x10 build//Users/bwandrych/Developer/PlaydateSDK/C_API/buildsupport/setup.o
                0x0000000000012e70                _realloc_r
 .text._free_r  0x0000000000012e80       0x14 build//Users/bwandrych/Developer/PlaydateSDK/C_API/buildsupport/setup.o
                0x0000000000012e80                _free_r
 .text.malloc   0x0000000000012e94       0x10 /usr/local/playdate/gcc-arm-none-eabi-9-2019-q4-major/bin/../lib/gcc/arm-none-eabi/9.2.1/../../../../arm-none-eabi/lib/thumb/v7e-m+fp/hard/libg.a(lib_a-malloc.o)
                0x0000000000012e94                malloc
 .text.free     0x0000000000012ea4       0x10 /usr/local/playdate/gcc-arm-none-eabi-9-2019-q4-major/bin/../lib/gcc/arm-none-eabi/9.2.1/../../../../arm-none-eabi/lib/thumb/v7e-m+fp/hard/libg.a(lib_a-malloc.o)
                0x0000000000012ea4                free
 .text.memcmp   0x0000000000012eb4       0x60 /usr/local/playdate/gcc-arm-none-eabi-9-2019-q4-major/bin/../lib/gcc/arm-none-eabi/9.2.1/../../../../arm-none-eabi/lib/thumb/v7e-m+fp/hard/libg.a(lib_a-memcmp.o)
                0x0000000000012eb4                memcmp
 .text.memmove  0x0000000000012f14       0xd8 /usr/local/playdate/gcc-arm-none-eabi-9-2019-q4-major/bin/../lib/gcc/arm-none-eabi/9.2.1/../../../../arm-none-eabi/lib/thumb/v7e-m+fp/hard/libg.a(lib_a-memmove.o)
                0x0000000000012f14                memmove
 .text.memset   0x0000000000012fec       0xa0 /usr/local/playdate/gcc-arm-none-eabi-9-2019-q4-major/bin/../lib/gcc/arm-none-eabi/9.2.1/../../../../arm-none-eabi/lib/thumb/v7e-m+fp/hard/libg.a(lib_a-memset.o)
                0x0000000000012fec                memset
 .text.realloc  0x000000000001308c       0x10 /usr/local/playdate/gcc-arm-none-eabi-9-2019-q4-major/bin/../lib/gcc/arm-none-eabi/9.2.1/../../../../arm-none-eabi/lib/thumb/v7e-m+fp/hard/libg.a(lib_a-realloc.o)
                0x000000000001308c                realloc
 .text.snprintf
                0x000000000001309c       0x88 /usr/local/playdate/gcc-arm-none-eabi-9-2019-q4-major/bin/../lib/gcc/arm-none-eabi/9.2.1/../../../../arm-none-eabi/lib/thumb/v7e-m+fp/hard/libg.a(lib_a-snprintf.o)
                0x000000000001309c                snprintf
 .text.strchr   0x0000000000013124       0xd0 /usr/local/playdate/gcc-arm-none-eabi-9-2019-q4-major/bin/../lib/gcc/arm-none-eabi/9.2.1/../../../../arm-none-eabi/lib/thumb/v7e-m+fp/hard/libg.a(lib_a-strchr.o)
                0x0000000000013124                strchr
 .text.strcpy   0x00000000000131f4       0xbc /usr/local/playdate/gcc-arm-none-eabi-9-2019-q4-major/bin/../lib/gcc/arm-none-eabi/9.2.1/../../../../arm-none-eabi/lib/thumb/v7e-m+fp/hard/libg.a(lib_a-strcpy.o)
                0x00000000000131f4                strcpy
 .text.strncasecmp
                0x00000000000132b0       0x54 /usr/local/playdate/gcc-arm-none-eabi-9-2019-q4-major/bin/../lib/gcc/arm-none-eabi/9.2.1/../../../../arm-none-eabi/lib/thumb/v7e-m+fp/hard/libg.a(lib_a-strncasecmp.o)
                0x00000000000132b0                strncasecmp
 .text.strncmp  0x0000000000013304       0x7c /usr/local/playdate/gcc-arm-none-eabi-9-2019-q4-major/bin/../lib/gcc/arm-none-eabi/9.2.1/../../../../arm-none-eabi/lib/thumb/v7e-m+fp/hard/libg.a(lib_a-strncmp.o)
                0x0000000000013304                strncmp
 .text.strncpy  0x0000000000013380       0x68 /usr/local/playdate/gcc-arm-none-eabi-9-2019-q4-major/bin/../lib/gcc/arm-none-eabi/9.2.1/../../../../arm-none-eabi/lib/thumb/v7e-m+fp/hard/libg.a(lib_a-strncpy.o)
                0x0000000000013380                strncpy
 .text.two_way_long_needle
                0x00000000000133e8      0x2b4 /usr/local/playdate/gcc-arm-none-eabi-9-2019-q4-major/bin/../lib/gcc/arm-none-eabi/9.2.1/../../../../arm-none-eabi/lib/thumb/v7e-m+fp/hard/libg.a(lib_a-strstr.o)
 .text.strstr   0x000000000001369c      0x164 /usr/local/playdate/gcc-arm-none-eabi-9-2019-q4-major/bin/../lib/gcc/arm-none-eabi/9.2.1/../../../../arm-none-eabi/lib/thumb/v7e-m+fp/hard/libg.a(lib_a-strstr.o)
                0x000000000001369c                strstr
 .text.sulp     0x0000000000013800       0x38 /usr/local/playdate/gcc-arm-none-eabi-9-2019-q4-major/bin/../lib/gcc/arm-none-eabi/9.2.1/../../../../arm-none-eabi/lib/thumb/v7e-m+fp/hard/libg.a(lib_a-strtod.o)
 .text._strtod_l
                0x0000000000013838      0xf98 /usr/local/playdate/gcc-arm-none-eabi-9-2019-q4-major/bin/../lib/gcc/arm-none-eabi/9.2.1/../../../../arm-none-eabi/lib/thumb/v7e-m+fp/hard/libg.a(lib_a-strtod.o)
                0x0000000000013838                _strtod_l
 .text.strtod   0x00000000000147d0       0x1c /usr/local/playdate/gcc-arm-none-eabi-9-2019-q4-major/bin/../lib/gcc/arm-none-eabi/9.2.1/../../../../arm-none-eabi/lib/thumb/v7e-m+fp/hard/libg.a(lib_a-strtod.o)
                0x00000000000147d0                strtod
 .text._strtol_l.isra.0
                0x00000000000147ec      0x10c /usr/local/playdate/gcc-arm-none-eabi-9-2019-q4-major/bin/../lib/gcc/arm-none-eabi/9.2.1/../../../../arm-none-eabi/lib/thumb/v7e-m+fp/hard/libg.a(lib_a-strtol.o)
 .text.strtol   0x00000000000148f8       0x18 /usr/local/playdate/gcc-arm-none-eabi-9-2019-q4-major/bin/../lib/gcc/arm-none-eabi/9.2.1/../../../../arm-none-eabi/lib/thumb/v7e-m+fp/hard/libg.a(lib_a-strtol.o)
                0x00000000000148f8                strtol
 .text._svfprintf_r
                0x0000000000014910     0x1b38 /usr/local/playdate/gcc-arm-none-eabi-9-2019-q4-major/bin/../lib/gcc/arm-none-eabi/9.2.1/../../../../arm-none-eabi/lib/thumb/v7e-m+fp/hard/libg.a(lib_a-svfprintf.o)
                0x0000000000014910                _svfprintf_r
 .text._vsnprintf_r
                0x0000000000016448       0x70 /usr/local/playdate/gcc-arm-none-eabi-9-2019-q4-major/bin/../lib/gcc/arm-none-eabi/9.2.1/../../../../arm-none-eabi/lib/thumb/v7e-m+fp/hard/libg.a(lib_a-vsnprintf.o)
                0x0000000000016448                _vsnprintf_r
 .text.vsnprintf
                0x00000000000164b8       0x20 /usr/local/playdate/gcc-arm-none-eabi-9-2019-q4-major/bin/../lib/gcc/arm-none-eabi/9.2.1/../../../../arm-none-eabi/lib/thumb/v7e-m+fp/hard/libg.a(lib_a-vsnprintf.o)
                0x00000000000164b8                vsnprintf
 .text.quorem   0x00000000000164d8      0x11c /usr/local/playdate/gcc-arm-none-eabi-9-2019-q4-major/bin/../lib/gcc/arm-none-eabi/9.2.1/../../../../arm-none-eabi/lib/thumb/v7e-m+fp/hard/libg.a(lib_a-dtoa.o)
 *fill*         0x00000000000165f4        0x4 
 .text._dtoa_r  0x00000000000165f8      0xeec /usr/local/playdate/gcc-arm-none-eabi-9-2019-q4-major/bin/../lib/gcc/arm-none-eabi/9.2.1/../../../../arm-none-eabi/lib/thumb/v7e-m+fp/hard/libg.a(lib_a-dtoa.o)
                0x00000000000165f8                _dtoa_r
 .text.rshift   0x00000000000174e4       0xa4 /usr/local/playdate/gcc-arm-none-eabi-9-2019-q4-major/bin/../lib/gcc/arm-none-eabi/9.2.1/../../../../arm-none-eabi/lib/thumb/v7e-m+fp/hard/libg.a(lib_a-gdtoa-gethex.o)
 .text.__gethex
                0x0000000000017588      0x53c /usr/local/playdate/gcc-arm-none-eabi-9-2019-q4-major/bin/../lib/gcc/arm-none-eabi/9.2.1/../../../../arm-none-eabi/lib/thumb/v7e-m+fp/hard/libg.a(lib_a-gdtoa-gethex.o)
                0x0000000000017588                __gethex
 .text.__match  0x0000000000017ac4       0x30 /usr/local/playdate/gcc-arm-none-eabi-9-2019-q4-major/bin/../lib/gcc/arm-none-eabi/9.2.1/../../../../arm-none-eabi/lib/thumb/v7e-m+fp/hard/libg.a(lib_a-gdtoa-hexnan.o)
                0x0000000000017ac4                __match
 .text.__hexnan
                0x0000000000017af4      0x1a4 /usr/local/playdate/gcc-arm-none-eabi-9-2019-q4-major/bin/../lib/gcc/arm-none-eabi/9.2.1/../../../../arm-none-eabi/lib/thumb/v7e-m+fp/hard/libg.a(lib_a-gdtoa-hexnan.o)
                0x0000000000017af4                __hexnan
 .text._localeconv_r
                0x0000000000017c98        0x8 /usr/local/playdate/gcc-arm-none-eabi-9-2019-q4-major/bin/../lib/gcc/arm-none-eabi/9.2.1/../../../../arm-none-eabi/lib/thumb/v7e-m+fp/hard/libg.a(lib_a-localeconv.o)
                0x0000000000017c98                _localeconv_r
 .text.__ascii_mbtowc
                0x0000000000017ca0       0x2c /usr/local/playdate/gcc-arm-none-eabi-9-2019-q4-major/bin/../lib/gcc/arm-none-eabi/9.2.1/../../../../arm-none-eabi/lib/thumb/v7e-m+fp/hard/libg.a(lib_a-mbtowc_r.o)
                0x0000000000017ca0                __ascii_mbtowc
 .text._Balloc  0x0000000000017ccc       0x4c /usr/local/playdate/gcc-arm-none-eabi-9-2019-q4-major/bin/../lib/gcc/arm-none-eabi/9.2.1/../../../../arm-none-eabi/lib/thumb/v7e-m+fp/hard/libg.a(lib_a-mprec.o)
                0x0000000000017ccc                _Balloc
 .text._Bfree   0x0000000000017d18       0x14 /usr/local/playdate/gcc-arm-none-eabi-9-2019-q4-major/bin/../lib/gcc/arm-none-eabi/9.2.1/../../../../arm-none-eabi/lib/thumb/v7e-m+fp/hard/libg.a(lib_a-mprec.o)
                0x0000000000017d18                _Bfree
 .text.__multadd
                0x0000000000017d2c       0x8c /usr/local/playdate/gcc-arm-none-eabi-9-2019-q4-major/bin/../lib/gcc/arm-none-eabi/9.2.1/../../../../arm-none-eabi/lib/thumb/v7e-m+fp/hard/libg.a(lib_a-mprec.o)
                0x0000000000017d2c                __multadd
 .text.__s2b    0x0000000000017db8       0xa0 /usr/local/playdate/gcc-arm-none-eabi-9-2019-q4-major/bin/../lib/gcc/arm-none-eabi/9.2.1/../../../../arm-none-eabi/lib/thumb/v7e-m+fp/hard/libg.a(lib_a-mprec.o)
                0x0000000000017db8                __s2b
 .text.__hi0bits
                0x0000000000017e58       0x40 /usr/local/playdate/gcc-arm-none-eabi-9-2019-q4-major/bin/../lib/gcc/arm-none-eabi/9.2.1/../../../../arm-none-eabi/lib/thumb/v7e-m+fp/hard/libg.a(lib_a-mprec.o)
                0x0000000000017e58                __hi0bits
 .text.__lo0bits
                0x0000000000017e98       0x60 /usr/local/playdate/gcc-arm-none-eabi-9-2019-q4-major/bin/../lib/gcc/arm-none-eabi/9.2.1/../../../../arm-none-eabi/lib/thumb/v7e-m+fp/hard/libg.a(lib_a-mprec.o)
                0x0000000000017e98                __lo0bits
 .text.__i2b    0x0000000000017ef8       0x14 /usr/local/playdate/gcc-arm-none-eabi-9-2019-q4-major/bin/../lib/gcc/arm-none-eabi/9.2.1/../../../../arm-none-eabi/lib/thumb/v7e-m+fp/hard/libg.a(lib_a-mprec.o)
                0x0000000000017ef8                __i2b
 .text.__multiply
                0x0000000000017f0c      0x144 /usr/local/playdate/gcc-arm-none-eabi-9-2019-q4-major/bin/../lib/gcc/arm-none-eabi/9.2.1/../../../../arm-none-eabi/lib/thumb/v7e-m+fp/hard/libg.a(lib_a-mprec.o)
                0x0000000000017f0c                __multiply
 .text.__pow5mult
                0x0000000000018050       0xa0 /usr/local/playdate/gcc-arm-none-eabi-9-2019-q4-major/bin/../lib/gcc/arm-none-eabi/9.2.1/../../../../arm-none-eabi/lib/thumb/v7e-m+fp/hard/libg.a(lib_a-mprec.o)
                0x0000000000018050                __pow5mult
 .text.__lshift
                0x00000000000180f0       0xd4 /usr/local/playdate/gcc-arm-none-eabi-9-2019-q4-major/bin/../lib/gcc/arm-none-eabi/9.2.1/../../../../arm-none-eabi/lib/thumb/v7e-m+fp/hard/libg.a(lib_a-mprec.o)
                0x00000000000180f0                __lshift
 .text.__mcmp   0x00000000000181c4       0x3c /usr/local/playdate/gcc-arm-none-eabi-9-2019-q4-major/bin/../lib/gcc/arm-none-eabi/9.2.1/../../../../arm-none-eabi/lib/thumb/v7e-m+fp/hard/libg.a(lib_a-mprec.o)
                0x00000000000181c4                __mcmp
 .text.__mdiff  0x0000000000018200      0x138 /usr/local/playdate/gcc-arm-none-eabi-9-2019-q4-major/bin/../lib/gcc/arm-none-eabi/9.2.1/../../../../arm-none-eabi/lib/thumb/v7e-m+fp/hard/libg.a(lib_a-mprec.o)
                0x0000000000018200                __mdiff
 .text.__ulp    0x0000000000018338       0x60 /usr/local/playdate/gcc-arm-none-eabi-9-2019-q4-major/bin/../lib/gcc/arm-none-eabi/9.2.1/../../../../arm-none-eabi/lib/thumb/v7e-m+fp/hard/libg.a(lib_a-mprec.o)
                0x0000000000018338                __ulp
 .text.__b2d    0x0000000000018398       0xc4 /usr/local/playdate/gcc-arm-none-eabi-9-2019-q4-major/bin/../lib/gcc/arm-none-eabi/9.2.1/../../../../arm-none-eabi/lib/thumb/v7e-m+fp/hard/libg.a(lib_a-mprec.o)
                0x0000000000018398                __b2d
 .text.__d2b    0x000000000001845c       0xbc /usr/local/playdate/gcc-arm-none-eabi-9-2019-q4-major/bin/../lib/gcc/arm-none-eabi/9.2.1/../../../../arm-none-eabi/lib/thumb/v7e-m+fp/hard/libg.a(lib_a-mprec.o)
                0x000000000001845c                __d2b
 .text.__ratio  0x0000000000018518       0x5c /usr/local/playdate/gcc-arm-none-eabi-9-2019-q4-major/bin/../lib/gcc/arm-none-eabi/9.2.1/../../../../arm-none-eabi/lib/thumb/v7e-m+fp/hard/libg.a(lib_a-mprec.o)
                0x0000000000018518                __ratio
 .text.__copybits
                0x0000000000018574       0x48 /usr/local/playdate/gcc-arm-none-eabi-9-2019-q4-major/bin/../lib/gcc/arm-none-eabi/9.2.1/../../../../arm-none-eabi/lib/thumb/v7e-m+fp/hard/libg.a(lib_a-mprec.o)
                0x0000000000018574                __copybits
 .text.__any_on
                0x00000000000185bc       0x64 /usr/local/playdate/gcc-arm-none-eabi-9-2019-q4-major/bin/../lib/gcc/arm-none-eabi/9.2.1/../../../../arm-none-eabi/lib/thumb/v7e-m+fp/hard/libg.a(lib_a-mprec.o)
                0x00000000000185bc                __any_on
 .text.frexp    0x0000000000018620       0x6c /usr/local/playdate/gcc-arm-none-eabi-9-2019-q4-major/bin/../lib/gcc/arm-none-eabi/9.2.1/../../../../arm-none-eabi/lib/thumb/v7e-m+fp/hard/libg.a(lib_a-s_frexp.o)
                0x0000000000018620                frexp
 *fill*         0x000000000001868c        0x4 
 .text.nan      0x0000000000018690       0x10 /usr/local/playdate/gcc-arm-none-eabi-9-2019-q4-major/bin/../lib/gcc/arm-none-eabi/9.2.1/../../../../arm-none-eabi/lib/thumb/v7e-m+fp/hard/libg.a(lib_a-s_nan.o)
                0x0000000000018690                nan
 .text.strnlen  0x00000000000186a0       0x2c /usr/local/playdate/gcc-arm-none-eabi-9-2019-q4-major/bin/../lib/gcc/arm-none-eabi/9.2.1/../../../../arm-none-eabi/lib/thumb/v7e-m+fp/hard/libg.a(lib_a-strnlen.o)
                0x00000000000186a0                strnlen
 .text.__ssprint_r
                0x00000000000186cc       0xf8 /usr/local/playdate/gcc-arm-none-eabi-9-2019-q4-major/bin/../lib/gcc/arm-none-eabi/9.2.1/../../../../arm-none-eabi/lib/thumb/v7e-m+fp/hard/libg.a(lib_a-svfiprintf.o)
                0x00000000000186cc                __ssprint_r
 .text.__ascii_wctomb
                0x00000000000187c4       0x1c /usr/local/playdate/gcc-arm-none-eabi-9-2019-q4-major/bin/../lib/gcc/arm-none-eabi/9.2.1/../../../../arm-none-eabi/lib/thumb/v7e-m+fp/hard/libg.a(lib_a-wctomb_r.o)
                0x00000000000187c4                __ascii_wctomb
 .text._calloc_r
                0x00000000000187e0       0x60 /usr/local/playdate/gcc-arm-none-eabi-9-2019-q4-major/bin/../lib/gcc/arm-none-eabi/9.2.1/../../../../arm-none-eabi/lib/thumb/v7e-m+fp/hard/libg.a(lib_a-callocr.o)
                0x00000000000187e0                _calloc_r
 *(.init)
 *(.fini)
 *crtbegin.o(.ctors)
 *crtbegin?.o(.ctors)
 *(EXCLUDE_FILE(*crtend.o *crtend?.o) .ctors)
 *(SORT_BY_NAME(.ctors.*))
 *(.ctors)
 *crtbegin.o(.dtors)
 *crtbegin?.o(.dtors)
 *(EXCLUDE_FILE(*crtend.o *crtend?.o) .dtors)
 *(SORT_BY_NAME(.dtors.*))
 *(.dtors)
 *(.rodata*)
 .rodata.bench_start_current.str1.4
                0x0000000000018840       0x2d build/src/main.o
 *fill*         0x000000000001886d        0x3 
 .rodata.bench_on_error.str1.4
                0x0000000000018870       0x1d build/src/main.o
 *fill*         0x000000000001888d        0x3 
 .rodata.bench_on_success.str1.4
                0x0000000000018890       0x33 build/src/main.o
 *fill*         0x00000000000188c3        0x1 
 .rodata.update.str1.4
                0x00000000000188c4      0x116 build/src/main.o
 *fill*         0x00000000000189da        0x2 
 .rodata.eventHandler.str1.4
                0x00000000000189dc      0x1df build/src/main.o
 *fill*         0x0000000000018bbb        0x1 
 .rodata.str1.4
                0x0000000000018bbc       0x6e build/src/main.o
 *fill*         0x0000000000018c2a        0x2 
 .rodata.BENCH_URLS
                0x0000000000018c2c        0x8 build/src/main.o
 .rodata.str1.4
                0x0000000000018c34      0x395 build/src/core/constants.o
                                        0x3ad (size before relaxing)
 *fill*         0x0000000000018fc9        0x3 
 .rodata.PLUTO_DEFAULT_BOOKMARKS
                0x0000000000018fcc       0x6c build/src/core/constants.o
                0x0000000000018fcc                PLUTO_DEFAULT_BOOKMARKS
 .rodata.logger_init.str1.4
                0x0000000000019038       0x3a build/src/core/logger.o
                                         0x42 (size before relaxing)
 *fill*         0x0000000000019072        0x2 
 .rodata.logger_log.str1.4
                0x0000000000019074       0x1f build/src/core/logger.o
 *fill*         0x0000000000019093        0x1 
 .rodata.logger_error_loc.str1.4
                0x0000000000019094       0x1e build/src/core/logger.o
 *fill*         0x00000000000190b2        0x2 
 .rodata.copy_bounded.str1.4
                0x00000000000190b4       0x2f build/src/core/url.o
 *fill*         0x00000000000190e3        0x1 
 .rodata.append_origin.str1.4
                0x00000000000190e4        0x4 build/src/core/url.o
                                          0x8 (size before relaxing)
 .rodata.url_encode.part.0.str1.4
                0x00000000000190e8        0x7 build/src/core/url.o
 *fill*         0x00000000000190ef        0x1 
 .rodata.url_is_search_query.str1.4
                0x00000000000190f0       0x4c build/src/core/url.o
                                         0x50 (size before relaxing)
 .rodata.url_parse.str1.4
                0x000000000001913c       0xbb build/src/core/url.o
                                         0xdf (size before relaxing)
 *fill*         0x00000000000191f7        0x1 
 .rodata.url_unwrap_redirect.str1.4
                0x00000000000191f8       0x25 build/src/core/url.o
 *fill*         0x000000000001921d        0x3 
 .rodata.url_resolve.str1.4
                0x0000000000019220       0x8a build/src/core/url.o
 *fill*         0x00000000000192aa        0x2 
 .rodata.SEG_PAT.6742
                0x00000000000192ac        0x6 build/src/core/url.o
 *fill*         0x00000000000192b2        0x2 
 .rodata.hex.6665
                0x00000000000192b4       0x11 build/src/core/url.o
 *fill*         0x00000000000192c5        0x3 
 .rodata.str1.4
                0x00000000000192c8      0x6f3 build/src/core/selftest_url.o
                                        0x763 (size before relaxing)
 *fill*         0x00000000000199bb        0x1 
 .rodata.st_check.str1.4
                0x00000000000199bc       0x38 build/src/core/selftest_url.o
 .rodata.test_parse.str1.4
                0x00000000000199f4      0x128 build/src/core/selftest_url.o
                                        0x13c (size before relaxing)
 .rodata.check_resolve.str1.4
                0x0000000000019b1c       0x27 build/src/core/selftest_url.o
 *fill*         0x0000000000019b43        0x1 
 .rodata.selftest_url_run.str1.4
                0x0000000000019b44      0x7b3 build/src/core/selftest_url.o
                                        0x7cb (size before relaxing)
 *fill*         0x000000000001a2f7        0x1 
 .rodata        0x000000000001a2f8      0x168 build/src/core/selftest_url.o
 .rodata.cases.6875
                0x000000000001a460      0x268 build/src/core/selftest_url.o
 .rodata.storage_save.part.0.str1.4
                0x000000000001a6c8       0xf2 build/src/core/storage.o
                                        0x15a (size before relaxing)
 *fill*         0x000000000001a7ba        0x2 
 .rodata.storage_reset_defaults.str1.4
                0x000000000001a7bc        0x7 build/src/core/storage.o
 *fill*         0x000000000001a7c3        0x1 
 .rodata.storage_load.str1.4
                0x000000000001a7c4       0x28 build/src/core/storage.o
                                         0x49 (size before relaxing)
 .rodata.storage_format_now.str1.4
                0x000000000001a7ec       0x13 build/src/core/storage.o
 .rodata.storage_add_history.str1.4
                0x000000000001a7ff        0x8 build/src/core/storage.o
 .rodata.storage_add_bookmark.str1.4
                0x000000000001a7ff        0x1 build/src/core/storage.o
 *fill*         0x000000000001a7ff        0x1 
 .rodata.str1.4
                0x000000000001a800        0x3 build/src/core/storage.o
 *fill*         0x000000000001a803        0x1 
 .rodata.CSWTCH.20
                0x000000000001a804        0xc build/src/core/storage.o
 .rodata.CSWTCH.22
                0x000000000001a810       0x14 build/src/core/storage.o
 .rodata.build_key.str1.4
                0x000000000001a824        0x7 build/src/core/cookie_jar.o
                                          0xa (size before relaxing)
 *fill*         0x000000000001a82b        0x1 
 .rodata.month_from_name.part.0.str1.4
                0x000000000001a82c        0x4 build/src/core/cookie_jar.o
 .rodata.cj_parse_date.part.0.str1.4
                0x000000000001a830       0x81 build/src/core/cookie_jar.o
 *fill*         0x000000000001a8b1        0x3 
 .rodata.cj_parse_set_cookie.part.0.str1.4
                0x000000000001a8b4       0x6c build/src/core/cookie_jar.o
                                         0xa4 (size before relaxing)
 .rodata.cj_get_header.str1.4
                0x000000000001a920        0x3 build/src/core/cookie_jar.o
 *fill*         0x000000000001a923        0x1 
 .rodata.str1.4
                0x000000000001a924       0x2c build/src/core/cookie_jar.o
 .rodata.kMonths.10551
                0x000000000001a950       0x30 build/src/core/cookie_jar.o
 .rodata.str1.4
                0x000000000001a980       0xa6 build/src/core/selftest_storage.o
 *fill*         0x000000000001aa26        0x2 
 .rodata.st_check.part.0.str1.4
                0x000000000001aa28       0x2c build/src/core/selftest_storage.o
 .rodata.st_check.str1.4
                0x000000000001aa54        0xe build/src/core/selftest_storage.o
 *fill*         0x000000000001aa62        0x2 
 .rodata.check_ts.str1.4
                0x000000000001aa64       0x29 build/src/core/selftest_storage.o
 *fill*         0x000000000001aa8d        0x3 
 .rodata.check_date.str1.4
                0x000000000001aa90       0x33 build/src/core/selftest_storage.o
 *fill*         0x000000000001aac3        0x1 
 .rodata.check_hdr.str1.4
                0x000000000001aac4       0x25 build/src/core/selftest_storage.o
                                         0x29 (size before relaxing)
 *fill*         0x000000000001aae9        0x3 
 .rodata.check_sc.str1.4
                0x000000000001aaec       0xd8 build/src/core/selftest_storage.o
 .rodata.test_parse_set_cookie.str1.4
                0x000000000001abc4      0x4b8 build/src/core/selftest_storage.o
                                        0x4fc (size before relaxing)
 .rodata.selftest_storage_run.str1.4
                0x000000000001b07c      0xb21 build/src/core/selftest_storage.o
                                        0xba9 (size before relaxing)
 *fill*         0x000000000001bb9d        0x3 
 .rodata        0x000000000001bba0       0x30 build/src/core/selftest_storage.o
 .rodata.tasks_run.str1.4
                0x000000000001bbd0       0x1d build/src/core/tasks.o
 *fill*         0x000000000001bbed        0x3 
 .rodata.tasks_cancel_all.str1.4
                0x000000000001bbf0       0x22 build/src/core/tasks.o
 *fill*         0x000000000001bc12        0x2 
 .rodata.tasks_update.str1.4
                0x000000000001bc14       0x50 build/src/core/tasks.o
 .rodata.step_mark_a.str1.4
                0x000000000001bc64        0x7 build/src/core/selftest_tasks.o
 *fill*         0x000000000001bc6b        0x1 
 .rodata.step_mark_b.str1.4
                0x000000000001bc6c        0x7 build/src/core/selftest_tasks.o
 *fill*         0x000000000001bc73        0x1 
 .rodata.done_mark_a.str1.4
                0x000000000001bc74        0x7 build/src/core/selftest_tasks.o
 *fill*         0x000000000001bc7b        0x1 
 .rodata.done_mark_b.str1.4
                0x000000000001bc7c        0x7 build/src/core/selftest_tasks.o
 .rodata.on_err_capture.str1.4
                0x000000000001bc83        0x3 build/src/core/selftest_tasks.o
 *fill*         0x000000000001bc83        0x1 
 .rodata.step_err_msg.str1.4
                0x000000000001bc84       0x12 build/src/core/selftest_tasks.o
 *fill*         0x000000000001bc96        0x2 
 .rodata.st_check.str1.4
                0x000000000001bc98       0x3a build/src/core/selftest_tasks.o
 *fill*         0x000000000001bcd2        0x2 
 .rodata.selftest_tasks_run.str1.4
                0x000000000001bcd4      0x3b5 build/src/core/selftest_tasks.o
                                        0x3c1 (size before relaxing)
 *fill*         0x000000000001c089        0x3 
 .rodata.encoding_normalize_charset.str1.4
                0x000000000001c08c       0x3e build/src/core/encoding.o
                                         0x76 (size before relaxing)
 *fill*         0x000000000001c0ca        0x2 
 .rodata.encoding_charset_from_header.str1.4
                0x000000000001c0cc        0x8 build/src/core/encoding.o
 .rodata.encoding_scan_meta_charset.str1.4
                0x000000000001c0d4        0x6 build/src/core/encoding.o
 *fill*         0x000000000001c0da        0x2 
 .rodata.encoding_to_utf8.str1.4
                0x000000000001c0dc       0x21 build/src/core/encoding.o
                                         0x25 (size before relaxing)
 *fill*         0x000000000001c0fd        0x3 
 .rodata.CSWTCH.10
                0x000000000001c100       0x40 build/src/core/encoding.o
 .rodata.step_entity_job.str1.4
                0x000000000001c140        0xd build/src/core/selftest_encoding.o
                                         0x11 (size before relaxing)
 *fill*         0x000000000001c14d        0x3 
 .rodata.st_check.str1.4
                0x000000000001c150       0x3d build/src/core/selftest_encoding.o
 *fill*         0x000000000001c18d        0x3 
 .rodata.check_mem.str1.4
                0x000000000001c190       0x22 build/src/core/selftest_encoding.o
 *fill*         0x000000000001c1b2        0x2 
 .rodata.selftest_encoding_run.str1.4
                0x000000000001c1b4      0xca4 build/src/core/selftest_encoding.o
                                        0xce0 (size before relaxing)
 .rodata.abc.6941
                0x000000000001ce58        0x3 build/src/core/selftest_encoding.o
 *fill*         0x000000000001ce5b        0x1 
 .rodata.b41.6925
                0x000000000001ce5c        0x1 build/src/core/selftest_encoding.o
 *fill*         0x000000000001ce5d        0x3 
 .rodata.b7f.6926
                0x000000000001ce60        0x1 build/src/core/selftest_encoding.o
 *fill*         0x000000000001ce61        0x3 
 .rodata.b80.6927
                0x000000000001ce64        0x1 build/src/core/selftest_encoding.o
 *fill*         0x000000000001ce65        0x3 
 .rodata.b81.6928
                0x000000000001ce68        0x1 build/src/core/selftest_encoding.o
 *fill*         0x000000000001ce69        0x3 
 .rodata.b92.6929
                0x000000000001ce6c        0x1 build/src/core/selftest_encoding.o
 *fill*         0x000000000001ce6d        0x3 
 .rodata.b9c.6930
                0x000000000001ce70        0x1 build/src/core/selftest_encoding.o
 *fill*         0x000000000001ce71        0x3 
 .rodata.b9f.6931
                0x000000000001ce74        0x1 build/src/core/selftest_encoding.o
 *fill*         0x000000000001ce75        0x3 
 .rodata.ba0.6932
                0x000000000001ce78        0x1 build/src/core/selftest_encoding.o
 *fill*         0x000000000001ce79        0x3 
 .rodata.be9.6933
                0x000000000001ce7c        0x1 build/src/core/selftest_encoding.o
 *fill*         0x000000000001ce7d        0x3 
 .rodata.be9.6940
                0x000000000001ce80        0x1 build/src/core/selftest_encoding.o
 *fill*         0x000000000001ce81        0x3 
 .rodata.beMix.6938
                0x000000000001ce84        0x8 build/src/core/selftest_encoding.o
 .rodata.bff.6934
                0x000000000001ce8c        0x1 build/src/core/selftest_encoding.o
 *fill*         0x000000000001ce8d        0x3 
 .rodata.bomHello.6939
                0x000000000001ce90        0x8 build/src/core/selftest_encoding.o
 .rodata.ctrl.6945
                0x000000000001ce98        0x4 build/src/core/selftest_encoding.o
 .rodata.leA.6935
                0x000000000001ce9c        0x4 build/src/core/selftest_encoding.o
 .rodata.leLone.6937
                0x000000000001cea0        0x6 build/src/core/selftest_encoding.o
 *fill*         0x000000000001cea6        0x2 
 .rodata.lePair.6936
                0x000000000001cea8        0x6 build/src/core/selftest_encoding.o
 *fill*         0x000000000001ceae        0x2 
 .rodata.oneA.6942
                0x000000000001ceb0        0x1 build/src/core/selftest_encoding.o
 *fill*         0x000000000001ceb1        0x3 
 .rodata.hc_internal_page.str1.4
                0x000000000001ceb4        0xf build/src/core/internal_pages.o
                                         0x27 (size before relaxing)
 *fill*         0x000000000001cec3        0x1 
 .rodata.HC_PAGES
                0x000000000001cec4       0x30 build/src/core/internal_pages.o
 .rodata.hc_page_acid_html
                0x000000000001cef4      0xba9 build/src/core/internal_pages.o
 *fill*         0x000000000001da9d        0x3 
 .rodata.hc_page_acid_title
                0x000000000001daa0        0xf build/src/core/internal_pages.o
 *fill*         0x000000000001daaf        0x1 
 .rodata.hc_page_blank_html
                0x000000000001dab0       0x1b build/src/core/internal_pages.o
 *fill*         0x000000000001dacb        0x1 
 .rodata.hc_page_blank_title
                0x000000000001dacc        0x6 build/src/core/internal_pages.o
 *fill*         0x000000000001dad2        0x2 
 .rodata.hc_page_home_html
                0x000000000001dad4       0x65 build/src/core/internal_pages.o
 *fill*         0x000000000001db39        0x3 
 .rodata.hc_page_home_title
                0x000000000001db3c        0xd build/src/core/internal_pages.o
 *fill*         0x000000000001db49        0x3 
 .rodata.connect_failed.str1.4
                0x000000000001db4c       0x24 build/src/core/http_client.o
 .rodata.do_get.str1.4
                0x000000000001db70       0x82 build/src/core/http_client.o
                                         0x8a (size before relaxing)
 *fill*         0x000000000001dbf2        0x2 
 .rodata.hc_open_cb.str1.4
                0x000000000001dbf4       0x22 build/src/core/http_client.o
 .rodata.decode_chunked.str1.4
                0x000000000001dc16       0x22 build/src/core/http_client.o
                                          0x3 (size before relaxing)
 *fill*         0x000000000001dc16        0x2 
 .rodata.hc_update.str1.4
                0x000000000001dc18      0x1d8 build/src/core/http_client.o
                                        0x1e0 (size before relaxing)
 .rodata.str1.4
                0x000000000001ddf0      0x156 build/src/core/http_client.o
                                        0x15b (size before relaxing)
 *fill*         0x000000000001df46        0x2 
 .rodata.CSWTCH.132
                0x000000000001df48       0x4c build/src/core/http_client.o
 .rodata.HC_NO_CBS
                0x000000000001df94       0x10 build/src/core/http_client.o
 .rodata.f_requestAccess.str1.4
                0x000000000001dfa4        0x7 build/src/core/selftest_http.o
 .rodata.on_succ.str1.4
                0x000000000001dfa4        0xd build/src/core/selftest_http.o
                                         0x35 (size before relaxing)
 *fill*         0x000000000001dfb1        0x3 
 .rodata.st_check.str1.4
                0x000000000001dfb4       0x39 build/src/core/selftest_http.o
 *fill*         0x000000000001dfed        0x3 
 .rodata.selftest_http_run.str1.4
                0x000000000001dff0      0xcdc build/src/core/selftest_http.o
                                        0xdec (size before relaxing)
 .rodata.NC     0x000000000001eccc       0x10 build/src/core/selftest_http.o
 .rodata.REQ.10644
                0x000000000001ecdc       0xac build/src/core/selftest_http.o
 .rodata.REQ.10649
                0x000000000001ed88       0xc6 build/src/core/selftest_http.o
 *fill*         0x000000000001ee4e        0x2 
 .rodata.dec_special.str1.4
                0x000000000001ee50       0x18 build/src/html/entities.o
                                         0x20 (size before relaxing)
 .rodata.replace_numeric.str1.4
                0x000000000001ee68       0x5c build/src/html/entities.o
                                         0x6e (size before relaxing)
 .rodata.entities_decode.str1.4
                0x000000000001eec4        0x5 build/src/html/entities.o
 *fill*         0x000000000001eec9        0x3 
 .rodata.entities_encode.str1.4
                0x000000000001eecc       0x1f build/src/html/entities.o
 *fill*         0x000000000001eeeb        0x1 
 .rodata.str1.4
                0x000000000001eeec      0x478 build/src/html/entities.o
                                        0x524 (size before relaxing)
 .rodata.CSWTCH.21
                0x000000000001f364      0x2fc build/src/html/entities.o
 .rodata.FIXED_SEQS
                0x000000000001f660      0x144 build/src/html/entities.o
 .rodata.NAMED  0x000000000001f7a4      0x438 build/src/html/entities.o
 .rodata.__compound_literal.0
                0x000000000001fbdc        0x3 build/src/html/entities.o
 *fill*         0x000000000001fbdf        0x1 
 .rodata.__compound_literal.1
                0x000000000001fbe0        0x2 build/src/html/entities.o
 *fill*         0x000000000001fbe2        0x2 
 .rodata.__compound_literal.10
                0x000000000001fbe4        0x2 build/src/html/entities.o
 *fill*         0x000000000001fbe6        0x2 
 .rodata.__compound_literal.11
                0x000000000001fbe8        0x3 build/src/html/entities.o
 *fill*         0x000000000001fbeb        0x1 
 .rodata.__compound_literal.12
                0x000000000001fbec        0x2 build/src/html/entities.o
 *fill*         0x000000000001fbee        0x2 
 .rodata.__compound_literal.13
                0x000000000001fbf0        0x3 build/src/html/entities.o
 *fill*         0x000000000001fbf3        0x1 
 .rodata.__compound_literal.14
                0x000000000001fbf4        0x3 build/src/html/entities.o
 *fill*         0x000000000001fbf7        0x1 
 .rodata.__compound_literal.15
                0x000000000001fbf8        0x3 build/src/html/entities.o
 *fill*         0x000000000001fbfb        0x1 
 .rodata.__compound_literal.16
                0x000000000001fbfc        0x3 build/src/html/entities.o
 *fill*         0x000000000001fbff        0x1 
 .rodata.__compound_literal.17
                0x000000000001fc00        0x3 build/src/html/entities.o
 *fill*         0x000000000001fc03        0x1 
 .rodata.__compound_literal.18
                0x000000000001fc04        0x3 build/src/html/entities.o
 *fill*         0x000000000001fc07        0x1 
 .rodata.__compound_literal.19
                0x000000000001fc08        0x3 build/src/html/entities.o
 *fill*         0x000000000001fc0b        0x1 
 .rodata.__compound_literal.2
                0x000000000001fc0c        0x3 build/src/html/entities.o
 *fill*         0x000000000001fc0f        0x1 
 .rodata.__compound_literal.20
                0x000000000001fc10        0x3 build/src/html/entities.o
 *fill*         0x000000000001fc13        0x1 
 .rodata.__compound_literal.21
                0x000000000001fc14        0x3 build/src/html/entities.o
 *fill*         0x000000000001fc17        0x1 
 .rodata.__compound_literal.22
                0x000000000001fc18        0x3 build/src/html/entities.o
 *fill*         0x000000000001fc1b        0x1 
 .rodata.__compound_literal.23
                0x000000000001fc1c        0x3 build/src/html/entities.o
 *fill*         0x000000000001fc1f        0x1 
 .rodata.__compound_literal.24
                0x000000000001fc20        0x3 build/src/html/entities.o
 *fill*         0x000000000001fc23        0x1 
 .rodata.__compound_literal.25
                0x000000000001fc24        0x3 build/src/html/entities.o
 *fill*         0x000000000001fc27        0x1 
 .rodata.__compound_literal.26
                0x000000000001fc28        0x3 build/src/html/entities.o
 *fill*         0x000000000001fc2b        0x1 
 .rodata.__compound_literal.3
                0x000000000001fc2c        0x3 build/src/html/entities.o
 *fill*         0x000000000001fc2f        0x1 
 .rodata.__compound_literal.4
                0x000000000001fc30        0x3 build/src/html/entities.o
 *fill*         0x000000000001fc33        0x1 
 .rodata.__compound_literal.5
                0x000000000001fc34        0x3 build/src/html/entities.o
 *fill*         0x000000000001fc37        0x1 
 .rodata.__compound_literal.6
                0x000000000001fc38        0x3 build/src/html/entities.o
 *fill*         0x000000000001fc3b        0x1 
 .rodata.__compound_literal.7
                0x000000000001fc3c        0x3 build/src/html/entities.o
 *fill*         0x000000000001fc3f        0x1 
 .rodata.__compound_literal.8
                0x000000000001fc40        0x3 build/src/html/entities.o
 *fill*         0x000000000001fc43        0x1 
 .rodata.__compound_literal.9
                0x000000000001fc44        0x3 build/src/html/entities.o
 *fill*         0x000000000001fc47        0x1 
 .rodata.htt_tokenize.str1.4
                0x000000000001fc48       0x41 build/src/html/tokenizer.o
                                         0x4d (size before relaxing)
 *fill*         0x000000000001fc89        0x3 
 .rodata.ck.str1.4
                0x000000000001fc8c       0x3e build/src/html/selftest_tokenizer.o
 *fill*         0x000000000001fcca        0x2 
 .rodata.selftest_tokenizer_run.str1.4
                0x000000000001fccc      0x887 build/src/html/selftest_tokenizer.o
                                        0x8ff (size before relaxing)
 *fill*         0x0000000000020553        0x1 
 .rodata.pluto_strndup.str1.4
                0x0000000000020554       0x1f build/src/util/mem.o
 *fill*         0x0000000000020573        0x1 
 .rodata.class_end.str1.4
                0x0000000000020574       0x86 build/src/util/luapattern.o
 *fill*         0x00000000000205fa        0x2 
 .rodata.do_match.str1.4
                0x00000000000205fc       0x82 build/src/util/luapattern.o
 .rodata.lp_gsub.str1.4
                0x000000000002067e       0x82 build/src/util/luapattern.o
                                          0x3 (size before relaxing)
 *fill*         0x000000000002067e        0x2 
 .rodata.j_write_escaped.str1.4
                0x0000000000020680       0x23 build/src/util/json.o
 *fill*         0x00000000000206a3        0x1 
 .rodata.j_write_inner.str1.4
                0x00000000000206a4       0x23 build/src/util/json.o
                                         0x2b (size before relaxing)
 *fill*         0x00000000000206c7        0x1 
 .rodata.jerr.part.0.str1.4
                0x00000000000206c8       0x10 build/src/util/json.o
 .rodata.j_hex4.str1.4
                0x00000000000206d8       0x2f build/src/util/json.o
 *fill*         0x0000000000020707        0x1 
 .rodata.j_parse_string_raw.str1.4
                0x0000000000020708       0x6a build/src/util/json.o
 *fill*         0x0000000000020772        0x2 
 .rodata.j_parse_value.str1.4
                0x0000000000020774       0xdd build/src/util/json.o
 *fill*         0x0000000000020851        0x3 
 .rodata.json_parse.str1.4
                0x0000000000020854       0x26 build/src/util/json.o
                                         0x2b (size before relaxing)
 *fill*         0x000000000002087a        0x2 
 .rodata.gsub_pct_encode.str1.4
                0x000000000002087c        0x7 build/src/util/selftest_util.o
 *fill*         0x0000000000020883        0x1 
 .rodata.st_check.str1.4
                0x0000000000020884       0x39 build/src/util/selftest_util.o
 *fill*         0x00000000000208bd        0x3 
 .rodata.test_luapattern.str1.4
                0x00000000000208c0      0xb9b build/src/util/selftest_util.o
                                        0xc8f (size before relaxing)
 *fill*         0x000000000002145b        0x1 
 .rodata.selftest_util_run.str1.4
                0x000000000002145c      0x514 build/src/util/selftest_util.o
                                        0x54c (size before relaxing)
 .rodata        0x0000000000021970        0x8 build/src/util/selftest_util.o
 .rodata.doc.7151
                0x0000000000021978       0x8a build/src/util/selftest_util.o
 *fill*         0x0000000000021a02        0x2 
 .rodata._ctype_
                0x0000000000021a04      0x101 /usr/local/playdate/gcc-arm-none-eabi-9-2019-q4-major/bin/../lib/gcc/arm-none-eabi/9.2.1/../../../../arm-none-eabi/lib/thumb/v7e-m+fp/hard/libg.a(lib_a-ctype_.o)
                0x0000000000021a04                _ctype_
 *fill*         0x0000000000021b05        0x3 
 .rodata._strtod_l.str1.4
                0x0000000000021b08        0xf /usr/local/playdate/gcc-arm-none-eabi-9-2019-q4-major/bin/../lib/gcc/arm-none-eabi/9.2.1/../../../../arm-none-eabi/lib/thumb/v7e-m+fp/hard/libg.a(lib_a-strtod.o)
                                         0x11 (size before relaxing)
 *fill*         0x0000000000021b17        0x1 
 .rodata.fpi.7558
                0x0000000000021b18       0x14 /usr/local/playdate/gcc-arm-none-eabi-9-2019-q4-major/bin/../lib/gcc/arm-none-eabi/9.2.1/../../../../arm-none-eabi/lib/thumb/v7e-m+fp/hard/libg.a(lib_a-strtod.o)
 .rodata.fpinan.7594
                0x0000000000021b2c       0x14 /usr/local/playdate/gcc-arm-none-eabi-9-2019-q4-major/bin/../lib/gcc/arm-none-eabi/9.2.1/../../../../arm-none-eabi/lib/thumb/v7e-m+fp/hard/libg.a(lib_a-strtod.o)
 .rodata.tinytens
                0x0000000000021b40       0x28 /usr/local/playdate/gcc-arm-none-eabi-9-2019-q4-major/bin/../lib/gcc/arm-none-eabi/9.2.1/../../../../arm-none-eabi/lib/thumb/v7e-m+fp/hard/libg.a(lib_a-strtod.o)
 .rodata._svfprintf_r.str1.4
                0x0000000000021b68       0x31 /usr/local/playdate/gcc-arm-none-eabi-9-2019-q4-major/bin/../lib/gcc/arm-none-eabi/9.2.1/../../../../arm-none-eabi/lib/thumb/v7e-m+fp/hard/libg.a(lib_a-svfprintf.o)
                                         0x42 (size before relaxing)
 *fill*         0x0000000000021b99        0x3 
 .rodata.blanks.8708
                0x0000000000021b9c       0x10 /usr/local/playdate/gcc-arm-none-eabi-9-2019-q4-major/bin/../lib/gcc/arm-none-eabi/9.2.1/../../../../arm-none-eabi/lib/thumb/v7e-m+fp/hard/libg.a(lib_a-svfprintf.o)
 .rodata.zeroes.8709
                0x0000000000021bac       0x10 /usr/local/playdate/gcc-arm-none-eabi-9-2019-q4-major/bin/../lib/gcc/arm-none-eabi/9.2.1/../../../../arm-none-eabi/lib/thumb/v7e-m+fp/hard/libg.a(lib_a-svfprintf.o)
 .rodata._dtoa_r.str1.4
                0x0000000000021bbc        0xd /usr/local/playdate/gcc-arm-none-eabi-9-2019-q4-major/bin/../lib/gcc/arm-none-eabi/9.2.1/../../../../arm-none-eabi/lib/thumb/v7e-m+fp/hard/libg.a(lib_a-dtoa.o)
                                         0x12 (size before relaxing)
 *fill*         0x0000000000021bc9        0x3 
 .rodata.__hexdig
                0x0000000000021bcc      0x100 /usr/local/playdate/gcc-arm-none-eabi-9-2019-q4-major/bin/../lib/gcc/arm-none-eabi/9.2.1/../../../../arm-none-eabi/lib/thumb/v7e-m+fp/hard/libg.a(lib_a-gdtoa-gethex.o)
                0x0000000000021bcc                __hexdig
 .rodata.str1.4
                0x0000000000021ccc        0xd /usr/local/playdate/gcc-arm-none-eabi-9-2019-q4-major/bin/../lib/gcc/arm-none-eabi/9.2.1/../../../../arm-none-eabi/lib/thumb/v7e-m+fp/hard/libg.a(lib_a-lnumeric.o)