webp_vp8.c:235:13:vp8_load_new	12	static
webp_vp8.c:278:12:vp8_get_bit	16	static
webp_vp8.c:325:12:vp8_get_signed_value	16	static
webp_vp8.c:517:13:vp8_transform_one	104	static
webp_vp8.c:569:13:vp8_transform_dc	4	static
webp_vp8.c:660:13:vp8_true_motion	20	static
webp_vp8.c:729:13:vp8_tm8	0	static
webp_vp8.c:730:13:vp8_tm16	0	static
webp_vp8.c:802:13:vp8_ve4	24	static
webp_vp8.c:839:13:vp8_rd4	32	static
webp_vp8.c:873:13:vp8_ld4	36	static
webp_vp8.c:906:13:vp8_vr4	48	static
webp_vp8.c:941:13:vp8_vl4	56	static
webp_vp8.c:974:13:vp8_hu4	20	static
webp_vp8.c:1003:13:vp8_hd4	48	static
webp_vp8.c:1031:13:vp8_tm4	0	static
webp_vp8.c:1057:13:vp8_do_filter2	16	static
webp_vp8.c:1106:12:vp8_hev	16	static
webp_vp8.c:1115:12:vp8_needs_filter	16	static
webp_vp8.c:1124:12:vp8_needs_filter2	28	static
webp_vp8.c:1139:13:vp8_filter_loop26	72	static
webp_vp8.c:1156:13:vp8_filter_loop24	64	static
webp_vp8.c:1229:13:vp8_simple_v_filter16	24	static
webp_vp8.c:1239:13:vp8_simple_h_filter16	24	static
webp_vp8.c:1408:12:vp8_get_coeffs	48	static
webp_vp8.c:1830:13:vp8_write_rgb_pixel	16	static
webp_vp8.c:1837:13:vp8_upsample_line_pair	136	static
webp_vp8.c:765:13:vp8_dc8uv_no_top_left	0	static
webp_vp8.c:756:13:vp8_dc8uv_no_left	16	static
webp_vp8.c:747:13:vp8_dc8uv_no_top	16	static
webp_vp8.c:778:13:vp8_he8uv	16	static
webp_vp8.c:737:13:vp8_dc8uv	16	static
webp_vp8.c:701:13:vp8_dc16_no_top_left	4	static
webp_vp8.c:692:13:vp8_dc16_no_left	16	static
webp_vp8.c:683:13:vp8_dc16_no_top	16	static
webp_vp8.c:714:13:vp8_he16	16	static
webp_vp8.c:673:13:vp8_dc16	24	static
webp_vp8.c:816:13:vp8_he4	48	static
webp_vp8.c:792:13:vp8_dc4	16	static
webp_vp8.c:771:13:vp8_ve8uv	4	static
webp_vp8.c:707:13:vp8_ve16	12	static
webp_vp8.c:590:13:vp8_transform_dcuv.constprop	24	static
webp_vp8.c:582:13:vp8_transform_uv.constprop	16	static
webp_vp8.c:629:13:vp8_do_transform.constprop	28	static
webp_vp8.c:135:10:alpha_decode_plane	192	static
webp_vp8.c:1987:6:vp8_dec_free	8	static
webp_vp8.c:2005:10:vp8_decode_payload	200	static
