jsarray.c:363:13:Ap_sort_swap	40	static
jsarray.c:277:12:Ap_sort_cmp	32	static
jsarray.c:406:13:Ap_sort_sift	32	static
jsarray.c:534:13:Ap_toString	8	static
jsarray.c:827:13:A_isArray	8	static
jsarray.c:22:13:jsB_new_Array	16	static
jsarray.c:7:5:js_getlength	8	static
jsarray.c:786:13:Ap_reduceRight	24	static
jsarray.c:745:13:Ap_reduce	16	static
jsarray.c:712:13:Ap_filter	32	static
jsarray.c:656:13:Ap_forEach	24	static
jsarray.c:627:13:Ap_some	24	static
jsarray.c:598:13:Ap_every	24	static
jsarray.c:575:13:Ap_lastIndexOf	16	static
jsarray.c:552:13:Ap_indexOf	16	static
jsarray.c:429:13:Ap_sort	16	static
jsarray.c:255:13:Ap_slice	40	static
jsarray.c:202:13:Ap_reverse	32	static
jsarray.c:98:13:Ap_join	72	static
jsarray.c:44:13:Ap_concat	32	static
jsarray.c:16:6:js_setlength	16	static
jsarray.c:683:13:Ap_map	24	static
jsarray.c:508:13:Ap_unshift	24	static
jsarray.c:450:13:Ap_splice	40	static
jsarray.c:230:13:Ap_shift	24	static
jsarray.c:185:13:Ap_push	24	static
jsarray.c:169:13:Ap_pop	16	static
jsarray.c:837:6:jsB_initarray	24	static
