jsbuiltin.c:97:13:Encode	40	static
jsbuiltin.c:188:13:jsB_encodeURIComponent	8	static
jsbuiltin.c:183:13:jsB_encodeURI	8	static
jsbuiltin.c:127:13:Decode	40	static
jsbuiltin.c:178:13:jsB_decodeURIComponent	8	static
jsbuiltin.c:173:13:jsB_decodeURI	8	static
jsbuiltin.c:91:13:jsB_isFinite	32	static
jsbuiltin.c:85:13:jsB_isNaN	8	static
jsbuiltin.c:63:13:jsB_parseFloat	24	static
jsbuiltin.c:30:13:jsB_parseInt	40	static
jsbuiltin.c:10:6:jsB_propf	32	static
jsbuiltin.c:18:6:jsB_propn	16	static
jsbuiltin.c:24:6:jsB_props	16	static
jsbuiltin.c:193:6:jsB_init	32	static
