jsdate.c:401:13:D_now	8	static
jsdate.c:84:12:DayFromYear	32	static
jsdate.c:97:12:YearFromTime	24	static
jsdate.c:108:12:InLeapYear	8	static
jsdate.c:113:12:DayWithinYear	24	static
jsdate.c:118:12:MonthFromTime	16	static
jsdate.c:136:12:DateFromTime	24	static
jsdate.c:196:15:MakeDay	32	static
jsdate.c:181:12:SecFromTime	16	static
jsdate.c:171:12:HourFromTime	16	static
jsdate.c:176:12:MinFromTime	16	static
jsdate.c:156:12:WeekDay	16	static
jsdate.c:28:15:LocalTZA	24	static
jsdate.c:250:15:parseDateTime	80	static
jsdate.c:379:13:D_parse	8	static
jsdate.c:319:14:fmtdate	40	static
jsdate.c:330:14:fmttime	72	static
jsdate.c:781:13:Dp_toJSON	16	static
jsdate.c:228:15:TimeClip	24	static
jsdate.c:385:13:D_UTC	72	static
jsdate.c:412:13:jsB_new_Date	72	static
jsdate.c:349:14:fmtdatetime.part.0	72	static
jsdate.c:406:13:jsB_Date	104	static
jsdate.c:633:13:Dp_getTimezoneOffset.part.0	0	static
jsdate.c:370:13:js_setdate.constprop	24	static
jsdate.c:642:13:Dp_setTime	8	static
jsdate.c:362:15:js_todate.constprop	8	static
jsdate.c:647:13:Dp_setMilliseconds	40	static
jsdate.c:714:13:Dp_setUTCMilliseconds	40	static
jsdate.c:657:13:Dp_setSeconds	48	static
jsdate.c:724:13:Dp_setUTCSeconds	48	static
jsdate.c:667:13:Dp_setMinutes	48	static
jsdate.c:734:13:Dp_setUTCMinutes	48	static
jsdate.c:677:13:Dp_setHours	48	static
jsdate.c:744:13:Dp_setUTCHours	48	static
jsdate.c:687:13:Dp_setDate	56	static
jsdate.c:754:13:Dp_setUTCDate	56	static
jsdate.c:696:13:Dp_setMonth	48	static
jsdate.c:763:13:Dp_setUTCMonth	40	static
jsdate.c:705:13:Dp_setFullYear	48	static
jsdate.c:772:13:Dp_setUTCFullYear	40	static
jsdate.c:446:13:Dp_valueOf	8	static
jsdate.c:452:13:Dp_toString	104	static
jsdate.c:459:13:Dp_toDateString	80	static
jsdate.c:466:13:Dp_toTimeString	104	static
jsdate.c:473:13:Dp_toUTCString	96	static
jsdate.c:489:13:Dp_getFullYear	16	static
jsdate.c:561:13:Dp_getUTCFullYear	16	static
jsdate.c:498:13:Dp_getMonth	16	static
jsdate.c:570:13:Dp_getUTCMonth	16	static
jsdate.c:507:13:Dp_getDate	16	static
jsdate.c:579:13:Dp_getUTCDate	16	static
jsdate.c:516:13:Dp_getDay	16	static
jsdate.c:588:13:Dp_getUTCDay	16	static
jsdate.c:525:13:Dp_getHours	16	static
jsdate.c:597:13:Dp_getUTCHours	16	static
jsdate.c:534:13:Dp_getMinutes	16	static
jsdate.c:606:13:Dp_getUTCMinutes	16	static
jsdate.c:543:13:Dp_getSeconds	16	static
jsdate.c:615:13:Dp_getUTCSeconds	16	static
jsdate.c:552:13:Dp_getMilliseconds	16	static
jsdate.c:624:13:Dp_getUTCMilliseconds	16	static
jsdate.c:633:13:Dp_getTimezoneOffset	16	static
jsdate.c:480:13:Dp_toISOString	96	static
jsdate.c:798:6:jsB_initdate	40	static
