jserror.c:6:12:jsB_stacktrace	304	static
jserror.c:75:13:js_newerrorx	16	static
jserror.c:63:12:jsB_ErrorX	8	static
jserror.c:107:1:jsB_URIError	0	static
jserror.c:106:1:jsB_TypeError	0	static
jserror.c:105:1:jsB_SyntaxError	0	static
jserror.c:104:1:jsB_ReferenceError	0	static
jserror.c:103:1:jsB_RangeError	0	static
jserror.c:102:1:jsB_EvalError	0	static
jserror.c:101:1:jsB_Error	0	static
jserror.c:101:1:js_newerror	0	static
jserror.c:101:1:js_error	268	static
jserror.c:102:1:js_newevalerror	0	static
jserror.c:102:1:js_evalerror	268	static
jserror.c:103:1:js_newrangeerror	0	static
jserror.c:103:1:js_rangeerror	268	static
jserror.c:104:1:js_newreferenceerror	0	static
jserror.c:104:1:js_referenceerror	268	static
jserror.c:105:1:js_newsyntaxerror	0	static
jserror.c:105:1:js_syntaxerror	268	static
jserror.c:106:1:js_newtypeerror	0	static
jserror.c:106:1:js_typeerror	268	static
jserror.c:30:13:Ep_toString	16	static
jserror.c:56:13:Ep_get_stack	8	static
jserror.c:107:1:js_newurierror	0	static
jserror.c:107:1:js_urierror	268	static
jserror.c:111:6:jsB_initerror	32	static
