jslex.c:157:13:jsY_next	16	static
jslex.c:6:13:jsY_error	788	static
jslex.c:134:12:jsY_isidentifierpart	8	static
jslex.c:205:13:textpush	24	static
jslex.c:179:13:jsY_unescape.part.0	24	static
jslex.c:129:12:jsY_isidentifierstart	8	static
jslex.c:341:12:lexnumber	40	static
jslex.c:66:13:jsY_tokenstring	0	static
jslex.c:81:5:jsY_findword	24	static
jslex.c:109:5:jsY_iswhite	0	static
jslex.c:114:5:jsY_isnewline	0	static
jslex.c:144:5:jsY_ishex	0	static
jslex.c:149:5:jsY_tohex	0	static
jslex.c:733:6:jsY_initlex	8	static
jslex.c:742:5:jsY_lex	32	static
jslex.c:838:5:jsY_lexjson	32	static
