jsmath.c:119:13:Math_tan	8	static
jsmath.c:84:13:Math_random	8	static
jsmath.c:22:13:Math_abs	16	static
jsmath.c:114:13:Math_sqrt	8	static
jsmath.c:109:13:Math_sin	8	static
jsmath.c:103:13:Math_round	32	static
jsmath.c:64:13:Math_floor	8	static
jsmath.c:142:13:Math_min	32	static
jsmath.c:124:13:Math_max	32	static
jsmath.c:69:13:Math_log	8	static
jsmath.c:59:13:Math_exp	8	static
jsmath.c:54:13:Math_cos	8	static
jsmath.c:49:13:Math_ceil	8	static
jsmath.c:42:13:Math_atan2	16	static
jsmath.c:37:13:Math_atan	8	static
jsmath.c:32:13:Math_asin	8	static
jsmath.c:27:13:Math_acos	8	static
jsmath.c:74:13:Math_pow	32	static
jsmath.c:160:6:jsB_initmath	16	static
