jsobject.c:417:13:O_seal_walk	16	static
jsobject.c:443:12:O_isSealed_walk	16	static
jsobject.c:475:13:O_freeze_walk	16	static
jsobject.c:501:12:O_isFrozen_walk	16	static
jsobject.c:352:12:O_keys_walk	24	static
jsobject.c:365:13:O_keys	56	static
jsobject.c:283:12:O_defineProperties_walk	24	static
jsobject.c:157:12:O_getOwnPropertyNames_walk	16	static
jsobject.c:410:13:O_isExtensible	8	static
jsobject.c:516:13:O_isFrozen	8	static
jsobject.c:456:13:O_isSealed	8	static
jsobject.c:84:13:Op_isPrototypeOf	16	static
jsobject.c:399:13:O_preventExtensions	16	static
jsobject.c:484:13:O_freeze	16	static
jsobject.c:426:13:O_seal	16	static
jsobject.c:54:13:Op_valueOf	0	static
jsobject.c:222:13:ToPropertyDescriptor	32	static
jsobject.c:298:13:O_defineProperties_imp	24	static
jsobject.c:323:13:O_defineProperties	8	static
jsobject.c:275:13:O_defineProperty	24	static
jsobject.c:332:13:O_create	16	static
jsobject.c:168:13:O_getOwnPropertyNames	56	static
jsobject.c:120:13:O_getOwnPropertyDescriptor	24	static
jsobject.c:108:13:O_getPrototypeOf	8	static
jsobject.c:100:13:Op_propertyIsEnumerable	16	static
jsobject.c:59:13:Op_hasOwnProperty	24	static
jsobject.c:3:13:jsB_new_Object	8	static
jsobject.c:19:13:Op_toString	16	static
jsobject.c:11:13:jsB_Object	8	static
jsobject.c:535:6:jsB_initobject	24	static
