jsparse.c:29:13:jsP_error	788	static
jsparse.c:60:16:jsP_newnode	32	static
jsparse.c:99:16:jsP_newstrnode	32	static
jsparse.c:158:16:identifier	16	static
jsparse.c:176:16:identifiername	16	static
jsparse.c:268:16:parameters	40	static
jsparse.c:145:13:semicolon	8	static
jsparse.c:207:16:propname	40	static
jsparse.c:957:12:toint32.part.0	24	static
jsparse.c:986:12:jsP_foldconst	40	static
jsparse.c:46:13:jsP_warning.constprop	796	static
jsparse.c:773:16:statement	56	static
jsparse.c:927:16:scriptelement	48	static
jsparse.c:935:16:script	40	static
jsparse.c:946:16:funbody	24	static
jsparse.c:222:16:propassign	48	static
jsparse.c:378:16:newexp	48	static
jsparse.c:437:16:unary	48	static
jsparse.c:456:16:multiplicative	48	static
jsparse.c:471:16:additive	40	static
jsparse.c:485:16:shift	48	static
jsparse.c:500:16:relational	48	static
jsparse.c:518:16:equality	56	static
jsparse.c:534:16:bitand	48	static
jsparse.c:548:16:bitxor	48	static
jsparse.c:576:16:logand	48	static
jsparse.c:588:16:logor	40	static
jsparse.c:616:16:assignment	48	static
jsparse.c:637:16:expression	48	static
jsparse.c:724:16:forexpression	24	static
jsparse.c:653:16:vardec	40	static
jsparse.c:662:16:vardeclist	40	static
jsparse.c:186:16:arrayelement	24	static
jsparse.c:366:16:arguments	40	static
jsparse.c:671:16:statementlist	48	static
jsparse.c:714:16:block	40	static
jsparse.c:682:16:caseclause	40	static
jsparse.c:122:6:jsP_freeparse	24	static
jsparse.c:1040:9:jsP_parse	8	static
jsparse.c:1054:9:jsP_parsefunction	40	static
