jsrun.c:1566:12:jsR_isindex	24	static
jsrun.c:385:19:jsR_tofunction	8	static
jsrun.c:1529:13:js_stacktrace	32	static
jsrun.c:1547:13:js_dumpstack	56	static
jsrun.c:509:5:js_isarrayindex.part.0	8	static
jsrun.c:46:6:js_setlimit	0	static
jsrun.c:88:6:js_free	0	static
jsrun.c:211:7:js_currentfunctiondata	0	static
jsrun.c:229:11:js_tovalue	0	static
jsrun.c:234:5:js_isdefined	0	static
jsrun.c:235:5:js_isundefined	0	static
jsrun.c:236:5:js_isnull	0	static
jsrun.c:237:5:js_isboolean	0	static
jsrun.c:238:5:js_isnumber	0	static
jsrun.c:239:5:js_isstring	0	static
jsrun.c:240:5:js_isprimitive	0	static
jsrun.c:241:5:js_isobject	0	static
jsrun.c:242:5:js_iscoercible	0	static
jsrun.c:244:5:js_iscallable	0	static
jsrun.c:254:5:js_isarray	0	static
jsrun.c:260:5:js_isregexp	0	static
jsrun.c:266:5:js_isuserdata	8	static
jsrun.c:274:5:js_iserror	0	static
jsrun.c:280:13:js_typeof	0	static
jsrun.c:299:5:js_type	0	static
jsrun.c:318:5:js_toboolean	0	static
jsrun.c:323:8:js_tonumber	0	static
jsrun.c:328:5:js_tointeger	8	static
jsrun.c:333:5:js_toint32	8	static
jsrun.c:338:14:js_touint32	8	static
jsrun.c:343:7:js_toint16	8	static
jsrun.c:348:16:js_touint16	8	static
jsrun.c:353:13:js_tostring	0	static
jsrun.c:358:12:js_toobject	0	static
jsrun.c:363:6:js_toprimitive	0	static
jsrun.c:368:12:js_toregexp	8	static
jsrun.c:376:7:js_touserdata	16	static
jsrun.c:398:5:js_gettop	0	static
jsrun.c:403:6:js_pop	8	static
jsrun.c:412:6:js_remove	24	static
jsrun.c:422:6:js_insert	8	static
jsrun.c:427:6:js_replace	8	static
jsrun.c:457:6:js_rot2	32	static
jsrun.c:465:6:js_rot3	32	static
jsrun.c:474:6:js_rot4	32	static
jsrun.c:484:6:js_rot2pop1	12	static
jsrun.c:491:6:js_rot3pop2	12	static
jsrun.c:498:6:js_rot	40	static
jsrun.c:509:5:js_isarrayindex	0	static
jsrun.c:1066:13:js_nextiterator	8	static
jsrun.c:1459:6:js_endtry	8	static
jsrun.c:1466:6:js_throw	32	static
jsrun.c:52:7:js_malloc.part.0	8	static
jsrun.c:52:7:js_malloc	16	static
jsrun.c:80:7:js_strdup	24	static
jsrun.c:94:12:jsV_newmemstring	16	static
jsrun.c:1073:17:jsR_newenvironment	24	static
jsrun.c:66:7:js_realloc	16	static
jsrun.c:670:13:jsR_setarrayindex	24	static
jsrun.c:108:6:js_pushvalue	24	static
jsrun.c:115:6:js_pushundefined	24	static
jsrun.c:1267:13:jsR_callcfunction	48	static
jsrun.c:122:6:js_pushnull	24	static
jsrun.c:129:6:js_pushboolean	24	static
jsrun.c:137:6:js_pushnumber	24	static
jsrun.c:145:6:js_pushstring	24	static
jsrun.c:163:6:js_pushlstring	24	static
jsrun.c:180:6:js_pushliteral	24	static
jsrun.c:188:6:js_pushobject	24	static
jsrun.c:196:6:js_pushglobal	0	static
jsrun.c:1061:6:js_pushiterator	16	static
jsrun.c:201:6:js_currentfunction	24	static
jsrun.c:435:6:js_copy	24	static
jsrun.c:442:6:js_dup	24	static
jsrun.c:449:6:js_dup2	24	static
jsrun.c:1159:13:jsR_savescope.part.0	8	static
jsrun.c:1431:7:js_savetrypc.part.0	8	static
jsrun.c:1445:7:js_savetry	24	static
jsrun.c:1431:7:js_savetrypc	24	static
jsrun.c:545:6:jsR_unflattenarray	64	static
jsrun.c:879:12:jsR_delproperty	24	static
jsrun.c:962:6:js_unref	0	static
jsrun.c:978:6:js_delregistry	0	static
jsrun.c:1000:6:js_delglobal	0	static
jsrun.c:1022:6:js_delproperty	16	static
jsrun.c:1054:6:js_delindex	48	static
jsrun.c:1138:12:js_delvar	16	static
jsrun.c:814:13:jsR_defproperty	32	static
jsrun.c:994:6:js_defglobal	32	static
jsrun.c:1016:6:js_defproperty	40	static
jsrun.c:1027:6:js_defaccessor	48	static
jsrun.c:1086:13:js_initvar	24	static
jsrun.c:1578:13:jsR_run	136	static
jsrun.c:1299:6:js_call	80	static
jsrun.c:568:12:jsR_hasproperty	48	static
jsrun.c:645:13:jsR_getproperty	8	static
jsrun.c:967:6:js_getregistry	0	static
jsrun.c:983:6:js_getglobal	0	static
jsrun.c:1005:6:js_getproperty	16	static
jsrun.c:1033:5:js_hasproperty	16	static
jsrun.c:651:12:jsR_hasindex	56	static
jsrun.c:1043:5:js_hasindex	16	static
jsrun.c:1038:6:js_getindex	16	static
jsrun.c:696:13:jsR_setproperty	48	static
jsrun.c:972:6:js_setregistry	8	static
jsrun.c:938:13:js_ref	48	static
jsrun.c:988:6:js_setglobal	8	static
jsrun.c:1010:6:js_setproperty	24	static
jsrun.c:804:13:jsR_setindex	48	static
jsrun.c:1048:6:js_setindex	24	static
jsrun.c:1091:12:js_hasvar	32	static
jsrun.c:1111:13:js_setvar	16	static
jsrun.c:1335:6:js_construct	48	static
jsrun.c:1401:5:js_pconstruct	40	static
jsrun.c:1391:6:js_eval	8	static
jsrun.c:1415:5:js_pcall	40	static
jsrun.c:1560:6:js_trap	8	static
