jsstate.c:35:13:js_defaultpanic	0	static
jsstate.c:129:13:js_loadstringx	32	static
jsstate.c:29:13:js_defaultreport	8	static
jsstate.c:20:14:js_defaultalloc	8	static
jsstate.c:10:12:js_ptry.part.0	16	static
jsstate.c:41:5:js_ploadstring	32	static
jsstate.c:65:13:js_trystring	32	static
jsstate.c:81:8:js_trynumber	32	static
jsstate.c:97:5:js_tryinteger	32	static
jsstate.c:113:5:js_tryboolean	32	static
jsstate.c:147:6:js_loadeval	0	static
jsstate.c:152:6:js_loadstring	0	static
jsstate.c:157:6:js_loadfile	40	static
jsstate.c:53:5:js_ploadfile	24	static
jsstate.c:221:5:js_dostring	24	static
jsstate.c:242:5:js_dofile	24	static
jsstate.c:263:10:js_atpanic	0	static
jsstate.c:270:6:js_report	0	static
jsstate.c:276:6:js_setreport	0	static
jsstate.c:281:6:js_setcontext	0	static
jsstate.c:286:7:js_getcontext	0	static
jsstate.c:291:11:js_newstate	40	static
