jsstring.c:446:13:S_fromCharCode	32	static
jsstring.c:103:13:jsB_String	8	static
jsstring.c:98:13:jsB_new_String	8	static
jsstring.c:227:13:Sp_substring_imp	56	static
jsstring.c:5:12:js_doregexec	16	static
jsstring.c:108:13:Sp_toString	8	static
jsstring.c:115:13:Sp_valueOf	0	static
jsstring.c:428:12:istrim	0	static
jsstring.c:16:20:checkstring.constprop	8	static
jsstring.c:147:13:Sp_concat	40	static
jsstring.c:184:13:Sp_indexOf	40	static
jsstring.c:203:13:Sp_lastIndexOf	40	static
jsstring.c:220:13:Sp_localeCompare	16	static
jsstring.c:471:13:Sp_match	192	static
jsstring.c:649:13:Sp_replace_string	64	static
jsstring.c:546:13:Sp_replace_regexp	216	static
jsstring.c:711:13:Sp_replace	8	static
jsstring.c:821:13:Sp_split	200	static
jsstring.c:323:13:Sp_toLowerCase	40	static
jsstring.c:373:13:Sp_toUpperCase	40	static
jsstring.c:434:13:Sp_trim	16	static
jsstring.c:23:5:js_runeat	24	static
jsstring.c:136:13:Sp_charCodeAt	16	static
jsstring.c:122:13:Sp_charAt	32	static
jsstring.c:52:5:js_utflen	24	static
jsstring.c:305:13:Sp_substring	24	static
jsstring.c:284:13:Sp_slice	24	static
jsstring.c:76:5:js_utfptrtoidx	24	static
jsstring.c:523:13:Sp_search	168	static
jsstring.c:834:6:jsB_initstring	32	static
