jsvalue.c:381:19:jsV_newstring	16	static
jsvalue.c:100:12:jsV_valueOf.part.0	16	static
jsvalue.c:100:12:jsV_valueOf	16	static
jsvalue.c:83:12:jsV_toString	16	static
jsvalue.c:41:5:jsV_numbertointeger.part.0	24	static
jsvalue.c:51:5:jsV_numbertoint32.part.0	24	static
jsvalue.c:117:6:jsV_toprimitive.part.0	24	static
jsvalue.c:7:8:js_strtol	40	static
jsvalue.c:41:5:jsV_numbertointeger	16	static
jsvalue.c:51:5:jsV_numbertoint32	24	static
jsvalue.c:67:14:jsV_numbertouint32	24	static
jsvalue.c:72:7:jsV_numbertoint16	24	static
jsvalue.c:77:16:jsV_numbertouint16	24	static
jsvalue.c:117:6:jsV_toprimitive	0	static
jsvalue.c:152:5:jsV_toboolean	16	static
jsvalue.c:167:13:js_itoa	56	static
jsvalue.c:190:8:js_stringtofloat	48	static
jsvalue.c:226:8:jsV_stringtonumber	56	static
jsvalue.c:247:8:jsV_tonumber	16	static
jsvalue.c:264:8:jsV_tointeger	16	static
jsvalue.c:270:13:jsV_numbertostring	72	static
jsvalue.c:330:13:jsV_tostring	56	static
jsvalue.c:396:12:jsV_toobject	24	static
jsvalue.c:415:6:js_newobjectx	16	static
jsvalue.c:424:6:js_newobject	8	static
jsvalue.c:429:6:js_newarguments	8	static
jsvalue.c:434:6:js_newarray	8	static
jsvalue.c:441:6:js_newboolean	16	static
jsvalue.c:446:6:js_newnumber	16	static
jsvalue.c:451:6:js_newstring	8	static
jsvalue.c:456:6:js_newfunction	16	static
jsvalue.c:474:6:js_newscript	16	static
jsvalue.c:482:6:js_newcfunctionx	32	static
jsvalue.c:515:6:js_newcfunction	16	static
jsvalue.c:521:6:js_newcconstructor	32	static
jsvalue.c:539:6:js_newuserdatax	40	static
jsvalue.c:567:6:js_newuserdata	24	static
jsvalue.c:574:5:js_instanceof	16	static
jsvalue.c:600:6:js_concat	48	static
jsvalue.c:629:5:js_compare	24	static
jsvalue.c:646:5:js_equal	40	static
jsvalue.c:693:5:js_strictequal	16	static
