regexp.c:480:12:empty	8	static
regexp.c:72:13:die	8	static
regexp.c:101:12:hex	8	static
regexp.c:124:12:nextrune	24	static
regexp.c:223:13:addrange	24	static
regexp.c:274:13:addranges_s	8	static
regexp.c:293:13:addranges_w	8	static
regexp.c:215:13:newcclass	8	static
regexp.c:392:12:lex	32	static
regexp.c:494:16:newrep	24	static
regexp.c:662:12:count	32	static
regexp.c:696:13:compile	32	static
regexp.c:1046:12:incclasscanon	24	static
regexp.c:1003:14:default_alloc	8	static
regexp.c:1072:12:match	224	static
regexp.c:511:12:regaccept.part.0	8	static
regexp.c:612:16:parsecat	32	static
regexp.c:631:16:parsealt	32	static
regexp.c:589:16:parserep	32	static
regexp.c:897:9:js_regcompx	33536	static
regexp.c:993:6:js_regfreex	16	static
regexp.c:1012:9:js_regcomp	16	static
regexp.c:1017:6:js_regfree	0	static
regexp.c:1235:5:js_regexec	176	static
