document.c:72:12:ci_prefix	12	static
document.c:783:20:attr_val	32	static
document.c:410:12:split_parts	32	static
document.c:536:15:concat_rec	32	static
document.c:1076:12:frame_push	32	static
document.c:1094:12:push_enter	32	static
document.c:1156:12:push_children_except	56	static
document.c:1139:12:push_children	48	static
document.c:1127:12:push_sep	32	static
document.c:749:12:doc_ptrarr_push	32	static
document.c:1210:12:add_block	8	static
document.c:1229:13:flush_current_block	8	static
document.c:3983:13:doc_free_walk_output	32	static
document.c:626:12:svg_serialize	40	static
document.c:4074:12:refresh_from_content	568	static
document.c:109:12:is_lspace.part.0	0	static
document.c:92:20:map_get.part.0	24	static
document.c:1957:23:first_child_tag.part.0	24	static
document.c:816:15:strict_num.part.0	32	static
document.c:1875:15:tonum_or.part.0	32	static
document.c:384:12:box_num.part.0	88	static
document.c:715:14:doc_arena_alloc.isra.0	16	static
document.c:985:14:doc_arena_strn	24	static
document.c:968:14:doc_arena_str	24	static
document.c:1901:14:resolve_href	16	static
document.c:1181:18:new_block	16	static
document.c:1917:18:box_open_block	16	static
document.c:1250:12:add_inline	16	static
document.c:1197:19:new_inline	16	static
document.c:1291:13:add_inline_text	544	static
document.c:1928:13:q_quote	16	static
document.c:1105:17:push_exit	40	static
document.c:1040:14:doc_arena_collapse.part.0	24	static
document.c:3623:13:run_exit	48	static
document.c:737:13:doc_arena_free_all.isra.0	16	static
document.c:1442:22:walk_box_spacing.part.0	184	static
document.c:4270:12:doc_get_attr.isra.0.constprop	24	static
document.c:123:6:doc_parse_style	216	static
document.c:1442:22:walk_box_spacing	24	static
document.c:1412:12:walk_inverted	48	static
document.c:1361:20:walk_align	48	static
document.c:284:13:doc_parse_align	32	static
document.c:315:5:doc_is_display_none	40	static
document.c:347:5:doc_is_inverted_style	40	static
document.c:439:15:doc_parse_box_spacing	184	static
document.c:564:8:doc_concat_node_text	16	static
document.c:577:5:doc_valid_href	8	static
document.c:685:7:doc_serialize_svg_node	32	static
document.c:1976:13:handle_element	688	static
document.c:3888:12:walk_children	88	static
document.c:4182:13:handle_row.isra.0	72	static
document.c:4284:5:document_parse	912	static
document.c:4490:6:document_free	8	static
