jsenv.c:33:14:js_alloc	16	static
jsenv.c:148:13:js_noop	0	static
jsenv.c:52:13:js_report_cb	8	static
jsenv.c:118:13:js_console_log	232	static
jsenv.c:62:13:dw_append.isra.0	24	static
jsenv.c:99:13:js_document_writeln	32	static
jsenv.c:85:13:js_document_write	32	static
jsenv.c:154:13:js_location_replace	0	static
jsenv.c:432:8:jsenv_run	560	static
jsenv.c:551:6:jsenv_free	8	static
jsenv.c:575:6:_exit	0	static
stdlib.h:69:6:abort	0	static
jsenv.c:588:5:_write	0	static
jsenv.c:594:5:_close	0	static
jsenv.c:599:5:_fstat	0	static
jsenv.c:605:5:_isatty	0	static
jsenv.c:610:5:_lseek	0	static
jsenv.c:617:5:_read	0	static
jsenv.c:623:5:_kill	0	static
jsenv.c:629:5:_getpid	0	static
jsenv.c:633:5:_gettimeofday	0	static
