readability.c:812:12:rd_cmp_container	0	static
readability.c:132:13:rd_trim	24	static
readability.c:671:13:rd_bv_push	16	static
readability.c:97:12:rd_ptrarr_push	24	static
readability.c:157:12:rd_word_count.part.0	8	static
readability.c:115:12:rd_get_attr.isra.0	24	static
readability.c:46:14:rd_arena_alloc.isra.0	16	static
readability.c:357:19:rd_new_inline	16	static
readability.c:341:18:rd_new_block	16	static
readability.c:82:14:rd_arena_str	16	static
readability.c:370:12:rd_add_block.isra.0	8	static
readability.c:403:13:rd_flush_block	40	static
readability.c:609:13:rd_push_container	24	static
readability.c:633:13:rd_pop_container	8	static
readability.c:386:12:rd_add_inline.isra.0	8	static
readability.c:826:6:readability_free_result	16	static
readability.c:854:5:readability_distill	3400	static
