cookie_jar.c:87:18:make_timestamp	80	static
cookie_jar.c:368:14:dup_str	16	static
cookie_jar.c:58:12:is_space.part.0	0	static
cookie_jar.c:64:13:trim	24	static
cookie_jar.c:116:12:month_from_name.part.0	12	static
cookie_jar.c:379:6:cookie_jar_free_cookie.part.0	8	static
cookie_jar.c:742:13:list_remove	16	static
cookie_jar.c:404:9:cookie_jar_parse_set_cookie.part.0	1360	static
cookie_jar.c:357:13:cookie_key.constprop	32	static
cookie_jar.c:25:6:cookie_jar_set_save_hook	0	static
cookie_jar.c:42:5:cookie_jar_count	0	static
cookie_jar.c:47:15:cookie_jar_get	0	static
cookie_jar.c:379:6:cookie_jar_free_cookie	0	static
cookie_jar.c:404:9:cookie_jar_parse_set_cookie	16	static
cookie_jar.c:753:6:cookie_jar_store	1048	static
cookie_jar.c:810:6:cookie_jar_process_set_cookies	24	static
cookie_jar.c:829:7:cookie_jar_get_header	88	static
cookie_jar.c:879:6:cookie_jar_prune	32	static
cookie_jar.c:897:6:cookie_jar_clear	8	static
