storage.c:135:13:escape_to	32	static
storage.c:269:13:free_lists	24	static
storage.c:58:14:dup_str	16	static
storage.c:178:12:hexval	0	static
storage.c:195:13:unescape_to	48	static
storage.c:557:12:save_append.constprop	20	static
storage.c:69:23:storage_bookmark_at	0	static
storage.c:74:5:storage_bookmark_count	0	static
storage.c:79:26:storage_history_at	0	static
storage.c:84:5:storage_history_count	0	static
storage.c:103:5:storage_setting_int	16	static
storage.c:109:6:storage_set_setting_int	24	static
storage.c:118:13:storage_setting_str	16	static
storage.c:124:6:storage_set_setting_str	24	static
storage.c:579:6:storage_save	296	static
storage.c:322:6:storage_load	2240	static
storage.c:662:6:storage_init	8	static
storage.c:676:5:storage_add_bookmark	40	static
storage.c:719:5:storage_remove_bookmark	16	static
storage.c:738:5:storage_is_bookmarked	24	static
storage.c:756:6:storage_add_history	72	static
storage.c:828:6:storage_clear_cookies_for_test	0	static
storage.c:833:5:storage_test_corrupt_recovery	16	static
