storage.c:134:13:escape_to	32	static
storage.c:268:13:free_lists	24	static
storage.c:57:14:dup_str	16	static
storage.c:177:12:hexval	0	static
storage.c:194:13:unescape_to	48	static
storage.c:555:12:save_append.constprop	20	static
storage.c:68:23:storage_bookmark_at	0	static
storage.c:73:5:storage_bookmark_count	0	static
storage.c:78:26:storage_history_at	0	static
storage.c:83:5:storage_history_count	0	static
storage.c:102:5:storage_setting_int	16	static
storage.c:108:6:storage_set_setting_int	24	static
storage.c:117:13:storage_setting_str	16	static
storage.c:123:6:storage_set_setting_str	24	static
storage.c:577:6:storage_save	296	static
storage.c:321:6:storage_load	2240	static
storage.c:660:6:storage_init	8	static
storage.c:673:5:storage_add_bookmark	40	static
storage.c:716:5:storage_remove_bookmark	16	static
storage.c:735:5:storage_is_bookmarked	24	static
storage.c:753:6:storage_add_history	72	static
storage.c:825:6:storage_clear_cookies_for_test	0	static
storage.c:830:5:storage_test_corrupt_recovery	16	static
