=== PlutoBrowser crash log ===
gamePath: com.bryanwandrych.plutobrowser
[04:21:04 #1] P1 grow: len=2890 cap=4096 head=|chunk0||chunk1| tail=nk298||chunk299|
[04:21:04 #2] P1 fmt: [str][X][%][-42]
[04:21:04 #3] ERROR: P2 error-path test: injected diagnostic error  ||  at Source/main.c:1022
[04:21:04 #4] P3 engine[0]=DuckDuckGo Lite url=https://html.duckduckgo.com/html/?q=
[04:21:04 #5] P3 engine[1]=FrogFind (Fast Text) url=http://frogfind.com/?q=
[04:21:04 #6] P3 engine[2]=Wiby (Classic Web) url=https://wiby.me/?q=
[04:21:04 #7] P3 engine[3]=Wikipedia Search url=https://en.wikipedia.org/wiki/Special:Search?search=
[04:21:04 #8] P3 bookmarks=9 first=Google last=Dan Luu's Blog
[04:21:04 #9] P3 imgmodes: all=all viewport-label=In-View Only fromname(viewport)=1
[04:21:04 #10] === PlutoBrowser boot (Phase 0 scaffold) ===
[04:21:04 #11] eventHandler: kEventInit, osversion=30101
[04:21:04 #12] P5 parse: scheme=https host=example.com port=8080 path=/a/b q=q=1 h=frag
[04:21:04 #13] P5 norm1=https://example.com:8080/a/b?q=1#frag
[04:21:04 #14] P5 about: host=home norm=about:home
[04:21:04 #15] P5 noscheme: norm=https://example.com/path ssl=1
[04:21:04 #16] P5 defport: norm=http://x.com/
[04:21:04 #17] P5 unwrap=https://example.org/page
[04:21:04 #18] P5 resolve1=https://x.com/a/b/c.png
[04:21:04 #19] P5 resolve2=https://x.com/root.png
[04:21:04 #20] P5 resolve3=https://cdn.y.com/i.png
[04:21:04 #21] P5 resolve4=https://x.com/a/page.html#top
[04:21:04 #22] P5 search: hw=1 dotcom=0 ip=0 about=0
[04:21:04 #23] P5 encode=%s val=a+b%26clank
[04:21:04 #24] P5 decode=a b&clank
[04:21:04 #25] P5 searchurl=https://html.duckduckgo.com/html/?q=playdate+consolepage.html
[04:21:04 #26] P7 utf16le=Aé😀
[04:21:04 #27] P7 cp1252 len=10(first=E2:want) first=E2
[04:21:04 #28] P7 meta=<html><head><meta charset="iso-8859-1"><title>t</title></head><body>café</body></html>
[04:21:04 #29] P7 hdr-passthrough=identical
[04:21:04 #30] P7 utf8 passthrough=café
[04:21:04 #31] P8 tc1a=sid=abc123; plain=1 (want sid=abc123; plain=1)
[04:21:04 #32] P8 tc1b=plain=1 (want plain=1)
[04:21:04 #33] P8 tc1c=[] (want empty)
[04:21:04 #34] P8 tc4-http=plain=1 (want plain=1)
[04:21:04 #35] P8 tc4-https=plain=1; sec=9 (want plain=1; sec=9)
[04:21:04 #36] P8 tc2=sec=9 (want sec=9) count=2 (want 2)
[04:21:04 #37] P8 tc5 count=5 (want 5)
[04:21:04 #38] P8 tc5 d1.expires>1824103680 (want >0 name=a)
[04:21:06 #39] P8 tc3 after-expiry count=5 (want 5, tmp pruned)
[04:21:08 #40] P8 tc7 count=300 lo=cap10 hi=cap309 (want 300 cap10 cap309)
[04:21:08 #41] P8 cleared count=0 (want 0)
[04:21:08 #42] P9 init bookmarks=9 (want 9 defaults) history=0
[04:21:08 #43] P9 tc2 top=First Again url=https://a.example/1 time=04:21 (want top First Again a.example)
[04:21:08 #44] P9 tc3 second=Second Page count=2 (want Second Page, 2)
[04:21:09 #45] P9 tc4 count=50 (want 50) top=https://cap.example/54 (want cap.example/54)
[04:21:09 #46] P9 tc5 9->10->10 (want +1 then same) title=New Title (want New Title)
[04:21:09 #47] P9 tc6 10->11 removed=1 (want +1, 1) now=10
[04:21:09 #48] P9 tc7 reload bookmarks=10 (want 10) history=50 (want 50)
[04:21:09 #49] P9 tc8 corrupt-recovery bookmarks=9 (want 9)
[04:21:09 #50] P9 tc1b jar-after-reload=0 (cookie section persists; jar restore in P30)
[04:21:09 #51] P9 about-filter 0==0 (want equal)
[04:21:09 #52] P10 tc1 fonts-ready=7 (want 7)
[04:21:09 #53] P10 tc2 body(Hello)=41 h1(Hello)=62 empty=0 (want >0, >w_body? no: h1 wider, 0)
[04:21:09 #54] P10 tc3 h1 lh=24 mt=6 (want 24, 6) ptr=1
[04:21:09 #55] P10 tc3 h2 lh=18 mt=5 (want 18, 5)
[04:21:09 #56] P10 tc3 h3 lh=16 mt=4 (want 16, 4)
[04:21:09 #57] P10 tc3 body-bold lh=16 (want 16) ptr=1
[04:21:09 #58] P10 tc3 mono lh=15 (want 15)
[04:21:09 #59] P10 tc3 small lh=14 (want 14) ptr=1
[04:21:09 #60] P10 tc3 sub lh=14 (want 14)
[04:21:09 #61] P15 tc1=[&<AB (c) -- A] (want [&<AB (c) -- A])
[04:21:09 #62] P15 tc2=[cafe  --   x...] (want [cafe  --   x...])
[04:21:09 #63] P15 tc3=[a&lt;b&gt;&amp;&quot;c] (want [a&lt;b&gt;&amp;&quot;c])
[04:21:09 #64] P15 tc4=[x foobar y] (want [x foobar y])
[04:21:09 #65] P15 tc5=[plain ascii 123!] (want identical)
[04:21:09 #66] P15 tc6=[ --  ...pi ] (want [ --  ...pi ])
[04:21:09 #67] P15 tc7=[ --  piA - ] (want [ --  piA - ])
[04:21:09 #68] P15 tc8=[&] (want [&])
[04:21:09 #69] P15 tc9=[AT&T] (want [AT&T])
[04:21:09 #70] P15 tc10 empty ok=1
[04:21:09 #71] P15 tc11 null ok=1
[04:21:09 #72] P15 tc12=[not  not in   deg] (want [not  not in   deg])
[04:21:09 #73] P15 tc13=[a&b&c&;a&#38Ab] (want [a&b&c&;a&#38Ab])
[04:21:09 #74] P15 tc14=[CAFE a$c<>  &] (want [CAFE a$c<>  &])
[04:21:09 #75] P15 init battery complete
[04:21:09 #76] P16 tc1 tokens=18 (want 18) title=[Home & More] (want [Home & More])
[04:21:09 #77] P16 tc1 p-attrs=3 (want 3) class=[intro] data-x=[7] checked=true
[04:21:09 #78] P16 tc1 img self=1 (want 1) src=[a.png]; br self=0 (want 0)
[04:21:09 #79] P16 tc1 a href=[/next?page=1&x=2] (want [/next?page=1&x=2])
[04:21:09 #80] P16 tc1 /a closing=1 self=1 (want 1 1)
[04:21:09 #81] P16 tc2 tokens=3 (want 3) href=[a>b] (want [a>b]) data-x=[1]
[04:21:09 #82] P16 tc3 tokens=1 (want 1) t0=[text ] (want [text ])
[04:21:09 #83] P16 tc4 tokens=3 (want 3) title=[Hi & Bye] (want [Hi & Bye]) t0.name=p
[04:21:09 #84] P16 tc5 tokens=1 (want 1) t0=[a ] (want [a ])
[04:21:09 #85] P16 tc6 href=[a&b] (want [a&b]) title=[xA] (want [xA]) text=[e degt] (want [e degt])
[04:21:09 #86] P16 tc7 nattrs=1 (want 1) href=[1] (want [1])
[04:21:09 #87] P16 tc8 nattrs=3 (want 3) z=[] (want []) b=true (want true) w=[1] (want [1])
[04:21:09 #88] P16 tc9 tokens=0 (want 0) title=[Web Page] (want [Web Page])
[04:21:13 #89] P16 tc10 inlen=320000 (want 320000) tokens=98256 (want 98256) tags=65504 (want 65504) title=[Web Page]
[04:21:13 #90] P16 init battery complete
[04:21:13 #91] P4 scheduled: pending=2
[04:21:13 #92] KB new: entering
[04:21:13 #93] KB new: allocated
[04:21:13 #94] KB load: font...
[04:21:13 #95] KB load: font ok h=36
[04:21:13 #96] KB load: menu-space ok
[04:21:13 #97] KB load: menu-ok ok
[04:21:13 #98] KB load: menu-del ok
[04:21:13 #99] KB load: menu-cancel ok
[04:21:13 #100] KB new: font+images loaded
[04:21:13 #101] P13 newKeyboard returned
[04:21:13 #102] P13 update-callback set
[04:21:13 #103] updateFrame: first frame executed
[04:21:13 #104] P4 chain complete (5 iterations)
[04:21:13 #105] P6 cancel_all after t1 done + t2 error (cancelledFired must stay 0)
[04:21:13 #106] P6 RESULT: done=1 (want 1) error=1 (want 1) cancelledCompleted=0 (want 0) progress=0.00 running=0 maxTicksPerFrame=1
[04:21:14 #107] P4 oneshot fired (count=1)
[04:21:14 #108] P4 RESULT: oneshot=1 (want 1) chain=5 (want 5) cancelledFired=0 (want 0) pending=0
[04:21:17 #109] P12 tc2 home selection after D,D,R (want 4) = 4
[04:21:17 #110] P12 tc2a card4 url clean (want no pipe) = YES
[04:21:18 #111] navigate_to: https://en.wikipedia.org/wiki/Main_Page
[04:21:18 #112] P12 state -> 3 (frame 140)
[04:21:20 #113] P12 tc3 error selection after R,R (want 3) = 3
[04:21:20 #114] navigate_to: about:home
[04:21:20 #115] P12 state -> 0 (frame 220)
[04:21:22 #116] P12 state -> 4 (frame 260)
[04:21:22 #117] navigate_to: about:home
[04:21:22 #118] P12 state -> 0 (frame 270)
[04:21:22 #119] P12 state -> 5 (frame 280)
[04:21:23 #120] navigate_to: about:home
[04:21:23 #121] P12 state -> 0 (frame 290)
[04:21:23 #122] P12 state -> 6 (frame 300)
[04:21:23 #123] updateFrame: heartbeat frame=300
[04:21:24 #124] navigate_to: about:home
[04:21:24 #125] P12 state -> 0 (frame 320)
[04:21:24 #126] P12 tc6 after-cancel searchEngine=1 (want 1, staged discarded)
[04:21:24 #127] P12 state -> 6 (frame 330)
[04:21:25 #128] navigate_to: about:home
[04:21:25 #129] P12 state -> 0 (frame 350)
[04:21:25 #130] P12 tc6 after-save searchEngine=2 (want 2, persisted)
[04:21:26 #131] P12 RESULT state=0 (want 0=HOME) scripted sequence complete
[04:21:26 #132] P13 session1: show
[04:21:26 #133] KB frame 0: enter
[04:21:26 #134] KB frame 0: letters ok
[04:21:26 #135] KB frame 0: anim ok
[04:21:26 #136] KB frame 0: input ok
[04:21:26 #137] KB frame 0: app update ok
[04:21:26 #138] KB frame 0: draw ok
[04:21:26 #139] KB frame 1: enter
[04:21:26 #140] KB frame 1: letters ok
[04:21:26 #141] KB frame 1: anim ok
[04:21:26 #142] KB frame 1: input ok
[04:21:26 #143] KB frame 1: app update ok
[04:21:26 #144] KB frame 1: draw ok
[04:21:26 #145] KB frame 2: enter
[04:21:26 #146] KB frame 2: letters ok
[04:21:26 #147] KB frame 2: anim ok
[04:21:26 #148] KB frame 2: input ok
[04:21:26 #149] KB frame 2: app update ok
[04:21:26 #150] KB frame 2: draw ok
[04:21:26 #151] KB frame 3: enter
[04:21:26 #152] KB frame 3: letters ok
[04:21:26 #153] KB frame 3: anim ok
[04:21:26 #154] KB frame 3: input ok
[04:21:26 #155] KB frame 3: app update ok
[04:21:26 #156] KB frame 3: draw ok
[04:21:26 #157] KB frame 4: enter
[04:21:26 #158] KB frame 4: letters ok
[04:21:26 #159] KB frame 4: anim ok
[04:21:26 #160] KB frame 4: input ok
[04:21:26 #161] KB frame 4: app update ok
[04:21:26 #162] KB frame 4: draw ok
[04:21:26 #163] KB frame 5: enter
[04:21:26 #164] KB frame 5: letters ok
[04:21:26 #165] P13 didShow (count=1)
[04:21:26 #166] KB frame 5: anim ok
[04:21:26 #167] KB frame 5: input ok
[04:21:26 #168] KB frame 5: app update ok
[04:21:26 #169] KB frame 5: draw ok
[04:21:26 #170] KB frame 6: enter
[04:21:26 #171] KB frame 6: letters ok
[04:21:26 #172] KB frame 6: anim ok
[04:21:26 #173] KB frame 6: input ok
[04:21:27 #174] KB frame 6: app update ok
[04:21:27 #175] KB frame 6: draw ok
[04:21:27 #176] KB frame 7: enter
[04:21:27 #177] KB frame 7: letters ok
[04:21:27 #178] KB frame 7: anim ok
[04:21:27 #179] KB frame 7: input ok
[04:21:27 #180] KB frame 7: app update ok
[04:21:27 #181] KB frame 7: draw ok
[04:21:27 #182] KB frame 8: enter
[04:21:27 #183] KB frame 8: letters ok
[04:21:27 #184] KB frame 8: anim ok
[04:21:27 #185] KB frame 8: input ok
[04:21:27 #186] KB frame 8: app update ok
[04:21:27 #187] KB frame 8: draw ok
[04:21:27 #188] KB frame 9: enter
[04:21:27 #189] KB frame 9: letters ok
[04:21:27 #190] KB frame 9: anim ok
[04:21:27 #191] KB frame 9: input ok
[04:21:27 #192] KB frame 9: app update ok
[04:21:27 #193] KB frame 9: draw ok
[04:21:27 #194] KB frame 10: enter
[04:21:27 #195] KB frame 10: letters ok
[04:21:27 #196] KB frame 10: anim ok
[04:21:27 #197] KB frame 10: input ok
[04:21:27 #198] KB frame 10: app update ok
[04:21:27 #199] KB frame 10: draw ok
[04:21:27 #200] KB frame 11: enter
[04:21:27 #201] KB frame 11: letters ok
[04:21:27 #202] KB frame 11: anim ok
[04:21:27 #203] KB frame 11: input ok
[04:21:27 #204] KB frame 11: app update ok
[04:21:27 #205] KB frame 11: draw ok
[04:21:27 #206] KB frame 12: enter
[04:21:27 #207] KB frame 12: letters ok
[04:21:27 #208] KB frame 12: anim ok
[04:21:27 #209] KB frame 12: input ok
[04:21:27 #210] KB frame 12: app update ok
[04:21:27 #211] KB frame 12: draw ok
[04:21:27 #212] KB frame 13: enter
[04:21:27 #213] KB frame 13: letters ok
[04:21:27 #214] KB frame 13: anim ok
[04:21:27 #215] KB frame 13: input ok
[04:21:27 #216] KB frame 13: app update ok
[04:21:27 #217] KB frame 13: draw ok
[04:21:27 #218] KB frame 14: enter
[04:21:27 #219] KB frame 14: letters ok
[04:21:27 #220] KB frame 14: anim ok
[04:21:27 #221] KB frame 14: input ok
[04:21:27 #222] KB frame 14: app update ok
[04:21:27 #223] KB frame 14: draw ok
[04:21:27 #224] KB frame 15: enter
[04:21:27 #225] KB frame 15: letters ok
[04:21:27 #226] KB frame 15: anim ok
[04:21:27 #227] KB frame 15: input ok
[04:21:27 #228] KB frame 15: app update ok
[04:21:27 #229] KB frame 15: draw ok
[04:21:27 #230] KB frame 16: enter
[04:21:27 #231] KB frame 16: letters ok
[04:21:27 #232] KB frame 16: anim ok
[04:21:27 #233] KB frame 16: input ok
[04:21:27 #234] KB frame 16: app update ok
[04:21:27 #235] KB frame 16: draw ok
[04:21:27 #236] KB frame 17: enter
[04:21:27 #237] KB frame 17: letters ok
[04:21:27 #238] KB frame 17: anim ok
[04:21:27 #239] KB frame 17: input ok
[04:21:27 #240] KB frame 17: app update ok
[04:21:27 #241] KB frame 17: draw ok
[04:21:27 #242] KB frame 18: enter
[04:21:27 #243] KB frame 18: letters ok
[04:21:27 #244] KB frame 18: anim ok
[04:21:27 #245] KB frame 18: input ok
[04:21:27 #246] KB frame 18: app update ok
[04:21:27 #247] KB frame 18: draw ok
[04:21:27 #248] KB frame 19: enter
[04:21:27 #249] KB frame 19: letters ok
[04:21:27 #250] KB frame 19: anim ok
[04:21:27 #251] KB frame 19: input ok
[04:21:27 #252] P13 visible=1 width=182 left=222 (animating)
[04:21:27 #253] KB frame 19: app update ok
[04:21:27 #254] KB frame 19: draw ok
[04:21:27 #255] KB frame 20: enter
[04:21:27 #256] KB frame 20: letters ok
[04:21:27 #257] KB frame 20: anim ok
[04:21:27 #258] KB frame 20: input ok
[04:21:27 #259] KB frame 20: app update ok
[04:21:27 #260] KB frame 20: draw ok
[04:21:27 #261] KB frame 21: enter
[04:21:27 #262] KB frame 21: letters ok
[04:21:27 #263] KB frame 21: anim ok
[04:21:27 #264] KB frame 21: input ok
[04:21:27 #265] KB frame 21: app update ok
[04:21:27 #266] KB frame 21: draw ok
[04:21:27 #267] KB frame 22: enter
[04:21:27 #268] KB frame 22: letters ok
[04:21:27 #269] KB frame 22: anim ok
[04:21:27 #270] KB frame 22: input ok
[04:21:27 #271] KB frame 22: app update ok
[04:21:27 #272] KB frame 22: draw ok
[04:21:27 #273] KB frame 23: enter
[04:21:27 #274] KB frame 23: letters ok
[04:21:27 #275] KB frame 23: anim ok
[04:21:27 #276] KB frame 23: input ok
[04:21:27 #277] KB frame 23: app update ok
[04:21:27 #278] KB frame 23: draw ok
[04:21:27 #279] KB frame 24: enter
[04:21:27 #280] KB frame 24: letters ok
[04:21:27 #281] KB frame 24: anim ok
[04:21:27 #282] KB frame 24: input ok
[04:21:27 #283] KB frame 24: app update ok
[04:21:27 #284] KB frame 24: draw ok
[04:21:27 #285] P13 capBehavior=0 (0 normal)
[04:21:32 #286] P13 willHide ok=0 text=[]
[04:21:33 #287] P13 didHide (count=1)
[04:21:33 #288] P13 tc5 textChanges=4 (want 4: a, A, delete, cancel-restore)
[04:21:33 #289] P13 tc4 willHideOk=0 (want 0 cancel) text=[] (want empty)
[04:21:33 #290] P13 tc1 didShow=1 didHide=1 visible=0 (want 1 1 0)
[04:21:33 #291] updateFrame: heartbeat frame=600
[04:21:33 #292] P13 session2: show with initial 'x'
[04:21:33 #293] P13 didShow (count=2)
[04:21:36 #294] P13 willHide ok=1 text=[x1]
[04:21:36 #295] P13 didHide (count=2)
[04:21:37 #296] P13 tc4b willHideOk=1 (want 1 OK) text=[x1] (want x1)
[04:21:37 #297] P13 tc1b didShow=2 didHide=2 visible=0 (want 2 2 0)
[04:21:37 #298] P13 tc6 update-callback restored: heartbeat next frames
[04:21:38 #299] P14 tc1 open: prefill=[https://example.com/page] (want https://example.com/page) shown=0 (want 0)
[04:21:39 #300] P13 didShow (count=3)
[04:21:39 #301] P14 tc1b launch: shown=1 visible=1 (want 1 1)
[04:21:40 #302] P14 tc2 preview=[https://example.com/page2] (want https://example.com/page2)
[04:21:42 #303] P13 didHide (count=3)
[04:21:42 #304] P14 tc5 after cancel: open=0 (want 0) submits=0 (want 0)
[04:21:42 #305] AddressBar submit: https://html.duckduckgo.com/html/?q=hello+world
[04:21:42 #306] P14 submit fired: https://html.duckduckgo.com/html/?q=hello+world
[04:21:42 #307] P14 tc3 submits=1 (want 1) got=[https://html.duckduckgo.com/html/?q=hello+world] open=0 (want 0)
[04:21:42 #308] AddressBar submit: https://example.com/
[04:21:42 #309] P14 submit fired: https://example.com/
[04:21:42 #310] P14 tc4 submits=2 (want 2) got=[https://example.com/] (want https://example.com/)
[04:21:42 #311] main: B-release opened address bar (keyboard)
[04:21:42 #312] P14 tc6 B-release: open=1 (want 1) shown=1 (want 1) visible=1 (want 1)
[04:21:42 #313] main: system menu close detected, address bar cancelled
[04:21:43 #314] P14 tc7 menu-gap: open=0 (want 0) visible=1 (hide anim in flight ok) skip=0 (want 0, armed 2 then consumed)
[04:21:43 #315] P14 RESULT scripted address-bar sequence complete state=0 (want 0=HOME)
[04:21:43 #316] P13 didShow (count=4)
[04:21:43 #317] updateFrame: heartbeat frame=900
[04:21:53 #318] updateFrame: heartbeat frame=1200
[04:22:03 #319] updateFrame: heartbeat frame=1500
[04:22:13 #320] updateFrame: heartbeat frame=1800
[04:22:22 #321] updateFrame: heartbeat frame=2100
[04:22:24 #322] eventHandler: kEventTerminate, frames=2133
