=== PlutoBrowser crash log ===
gamePath: com.bryanwandrych.plutobrowser
[16:44:44 #1] P1 grow: len=2890 cap=4096 head=|chunk0||chunk1| tail=nk298||chunk299|
[16:44:44 #2] P1 fmt: [str][X][%][-42]
[16:44:45 #3] ERROR: P2 error-path test: injected diagnostic error  ||  at Source/main.c:239
[16:44:45 #4] P3 engine[0]=DuckDuckGo Lite url=https://html.duckduckgo.com/html/?q=
[16:44:45 #5] P3 engine[1]=FrogFind (Fast Text) url=http://frogfind.com/?q=
[16:44:45 #6] P3 engine[2]=Wiby (Classic Web) url=https://wiby.me/?q=
[16:44:45 #7] P3 engine[3]=Wikipedia Search url=https://en.wikipedia.org/wiki/Special:Search?search=
[16:44:45 #8] P3 bookmarks=9 first=Google last=Dan Luu's Blog
[16:44:45 #9] P3 imgmodes: all=all viewport-label=In-View Only fromname(viewport)=1
[16:44:45 #10] === PlutoBrowser boot (Phase 0 scaffold) ===
[16:44:45 #11] eventHandler: kEventInit, osversion=30101
[16:44:45 #12] P5 parse: scheme=https host=example.com port=8080 path=/a/b q=q=1 h=frag
[16:44:45 #13] P5 norm1=https://example.com:8080/a/b?q=1#frag
[16:44:45 #14] P5 about: host=home norm=about:home
[16:44:45 #15] P5 noscheme: norm=https://example.com/path ssl=1
[16:44:45 #16] P5 defport: norm=http://x.com/
[16:44:45 #17] P5 unwrap=https://example.org/page
[16:44:45 #18] P5 resolve1=https://x.com/a/b/c.png
[16:44:45 #19] P5 resolve2=https://x.com/root.png
[16:44:45 #20] P5 resolve3=https://cdn.y.com/i.png
[16:44:45 #21] P5 resolve4=https://x.com/a/page.html#top
[16:44:45 #22] P5 search: hw=1 dotcom=0 ip=0 about=0
[16:44:45 #23] P5 encode=%s val=a+b%26clank
[16:44:45 #24] P5 decode=a b&clank
[16:44:45 #25] P5 searchurl=https://html.duckduckgo.com/html/?q=playdate+consolepage.html
[16:44:45 #26] P7 utf16le=Aé😀
[16:44:45 #27] P7 cp1252 len=10(first=E2:want) first=E2
[16:44:45 #28] P7 meta=<html><head><meta charset="iso-8859-1"><title>t</title></head><body>café</body></html>
[16:44:45 #29] P7 hdr-passthrough=identical
[16:44:45 #30] P7 utf8 passthrough=café
[16:44:45 #31] P8 tc1a=sid=abc123; plain=1 (want sid=abc123; plain=1)
[16:44:45 #32] P8 tc1b=plain=1 (want plain=1)
[16:44:45 #33] P8 tc1c=[] (want empty)
[16:44:45 #34] P8 tc4-http=plain=1 (want plain=1)
[16:44:45 #35] P8 tc4-https=plain=1; sec=9 (want plain=1; sec=9)
[16:44:45 #36] P8 tc2=sec=9 (want sec=9) count=2 (want 2)
[16:44:45 #37] P8 tc5 count=5 (want 5)
[16:44:45 #38] P8 tc5 d1.expires>1824103680 (want >0 name=a)
[16:44:47 #39] P8 tc3 after-expiry count=5 (want 5, tmp pruned)
[16:44:48 #40] P8 tc7 count=300 lo=cap10 hi=cap309 (want 300 cap10 cap309)
[16:44:48 #41] P8 cleared count=0 (want 0)
[16:44:48 #42] P9 init bookmarks=9 (want 9 defaults) history=0
[16:44:48 #43] P9 tc2 top=First Again url=https://a.example/1 time=16:44 (want top First Again a.example)
[16:44:48 #44] P9 tc3 second=Second Page count=2 (want Second Page, 2)
[16:44:49 #45] P9 tc4 count=50 (want 50) top=https://cap.example/54 (want cap.example/54)
[16:44:49 #46] P9 tc5 9->10->10 (want +1 then same) title=New Title (want New Title)
[16:44:49 #47] P9 tc6 10->11 removed=1 (want +1, 1) now=10
[16:44:49 #48] P9 tc7 reload bookmarks=10 (want 10) history=50 (want 50)
[16:44:49 #49] P9 tc8 corrupt-recovery bookmarks=9 (want 9)
[16:44:49 #50] P9 tc1b jar-after-reload=0 (cookie section persists; jar restore in P30)
[16:44:49 #51] P9 about-filter 0==0 (want equal)
[16:44:49 #52] P4 scheduled: pending=2
[16:44:49 #53] updateFrame: first frame executed
[16:44:49 #54] P4 chain complete (5 iterations)
[16:44:49 #55] P6 cancel_all after t1 done + t2 error (cancelledFired must stay 0)
[16:44:49 #56] P6 RESULT: done=1 (want 1) error=1 (want 1) cancelledCompleted=0 (want 0) progress=0.00 running=0 maxTicksPerFrame=1
[16:44:50 #57] P4 oneshot fired (count=1)
[16:44:50 #58] P4 RESULT: oneshot=1 (want 1) chain=5 (want 5) cancelledFired=0 (want 0) pending=0
[16:44:59 #59] updateFrame: heartbeat frame=300
[16:45:09 #60] updateFrame: heartbeat frame=600
[16:45:19 #61] updateFrame: heartbeat frame=900
[16:45:29 #62] updateFrame: heartbeat frame=1200
[16:45:39 #63] updateFrame: heartbeat frame=1500
[16:45:49 #64] updateFrame: heartbeat frame=1800
[16:45:58 #65] updateFrame: heartbeat frame=2100
[16:46:08 #66] updateFrame: heartbeat frame=2400
[16:46:18 #67] updateFrame: heartbeat frame=2700
[16:46:20 #68] eventHandler: kEventTerminate, frames=2742
