=== PlutoBrowser crash log ===
gamePath: com.bryanwandrych.plutobrowser
[03:33:05 #1] P1 grow: len=2890 cap=4096 head=|chunk0||chunk1| tail=nk298||chunk299|
[03:33:05 #2] P1 fmt: [str][X][%][-42]
[03:33:05 #3] ERROR: P2 error-path test: injected diagnostic error  ||  at Source/main.c:1021
[03:33:05 #4] P3 engine[0]=DuckDuckGo Lite url=https://html.duckduckgo.com/html/?q=
[03:33:05 #5] P3 engine[1]=FrogFind (Fast Text) url=http://frogfind.com/?q=
[03:33:05 #6] P3 engine[2]=Wiby (Classic Web) url=https://wiby.me/?q=
[03:33:05 #7] P3 engine[3]=Wikipedia Search url=https://en.wikipedia.org/wiki/Special:Search?search=
[03:33:05 #8] P3 bookmarks=9 first=Google last=Dan Luu's Blog
[03:33:05 #9] P3 imgmodes: all=all viewport-label=In-View Only fromname(viewport)=1
[03:33:05 #10] === PlutoBrowser boot (Phase 0 scaffold) ===
[03:33:05 #11] eventHandler: kEventInit, osversion=30101
[03:33:05 #12] P5 parse: scheme=https host=example.com port=8080 path=/a/b q=q=1 h=frag
[03:33:05 #13] P5 norm1=https://example.com:8080/a/b?q=1#frag
[03:33:05 #14] P5 about: host=home norm=about:home
[03:33:05 #15] P5 noscheme: norm=https://example.com/path ssl=1
[03:33:05 #16] P5 defport: norm=http://x.com/
[03:33:05 #17] P5 unwrap=https://example.org/page
[03:33:05 #18] P5 resolve1=https://x.com/a/b/c.png
[03:33:06 #19] P5 resolve2=https://x.com/root.png
[03:33:06 #20] P5 resolve3=https://cdn.y.com/i.png
[03:33:06 #21] P5 resolve4=https://x.com/a/page.html#top
[03:33:06 #22] P5 search: hw=1 dotcom=0 ip=0 about=0
[03:33:06 #23] P5 encode=%s val=a+b%26clank
[03:33:06 #24] P5 decode=a b&clank
[03:33:06 #25] P5 searchurl=https://html.duckduckgo.com/html/?q=playdate+consolepage.html
[03:33:06 #26] P7 utf16le=Aé😀
[03:33:06 #27] P7 cp1252 len=10(first=E2:want) first=E2
[03:33:06 #28] P7 meta=<html><head><meta charset="iso-8859-1"><title>t</title></head><body>café</body></html>
[03:33:06 #29] P7 hdr-passthrough=identical
[03:33:06 #30] P7 utf8 passthrough=café
[03:33:06 #31] P8 tc1a=sid=abc123; plain=1 (want sid=abc123; plain=1)
[03:33:06 #32] P8 tc1b=plain=1 (want plain=1)
[03:33:06 #33] P8 tc1c=[] (want empty)
[03:33:06 #34] P8 tc4-http=plain=1 (want plain=1)
[03:33:06 #35] P8 tc4-https=plain=1; sec=9 (want plain=1; sec=9)
[03:33:06 #36] P8 tc2=sec=9 (want sec=9) count=2 (want 2)
[03:33:06 #37] P8 tc5 count=5 (want 5)
[03:33:06 #38] P8 tc5 d1.expires>1824103680 (want >0 name=a)
[03:33:08 #39] P8 tc3 after-expiry count=5 (want 5, tmp pruned)
[03:33:09 #40] P8 tc7 count=300 lo=cap10 hi=cap309 (want 300 cap10 cap309)
[03:33:09 #41] P8 cleared count=0 (want 0)
[03:33:09 #42] P9 init bookmarks=9 (want 9 defaults) history=0
[03:33:09 #43] P9 tc2 top=First Again url=https://a.example/1 time=03:33 (want top First Again a.example)
[03:33:09 #44] P9 tc3 second=Second Page count=2 (want Second Page, 2)
[03:33:10 #45] P9 tc4 count=50 (want 50) top=https://cap.example/54 (want cap.example/54)
[03:33:10 #46] P9 tc5 9->10->10 (want +1 then same) title=New Title (want New Title)
[03:33:10 #47] P9 tc6 10->11 removed=1 (want +1, 1) now=10
[03:33:10 #48] P9 tc7 reload bookmarks=10 (want 10) history=50 (want 50)
[03:33:10 #49] P9 tc8 corrupt-recovery bookmarks=9 (want 9)
[03:33:10 #50] P9 tc1b jar-after-reload=0 (cookie section persists; jar restore in P30)
[03:33:10 #51] P9 about-filter 0==0 (want equal)
[03:33:10 #52] P10 tc1 fonts-ready=7 (want 7)
[03:33:10 #53] P10 tc2 body(Hello)=41 h1(Hello)=62 empty=0 (want >0, >w_body? no: h1 wider, 0)
[03:33:10 #54] P10 tc3 h1 lh=24 mt=6 (want 24, 6) ptr=1
[03:33:10 #55] P10 tc3 h2 lh=18 mt=5 (want 18, 5)
[03:33:10 #56] P10 tc3 h3 lh=16 mt=4 (want 16, 4)
[03:33:10 #57] P10 tc3 body-bold lh=16 (want 16) ptr=1
[03:33:10 #58] P10 tc3 mono lh=15 (want 15)
[03:33:10 #59] P10 tc3 small lh=14 (want 14) ptr=1
[03:33:10 #60] P10 tc3 sub lh=14 (want 14)
[03:33:10 #61] P15 tc1=[&<AB (c) -- A] (want [&<AB (c) -- A])
[03:33:10 #62] P15 tc2=[cafe  --   x...] (want [cafe  --   x...])
[03:33:10 #63] P15 tc3=[a&lt;b&gt;&amp;&quot;c] (want [a&lt;b&gt;&amp;&quot;c])
[03:33:10 #64] P15 tc4=[x foobar y] (want [x foobar y])
[03:33:10 #65] P15 tc5=[plain ascii 123!] (want identical)
[03:33:10 #66] P15 tc6=[ --  ...pi ] (want [ --  ...pi ])
[03:33:10 #67] P15 tc7=[ --  piA - ] (want [ --  piA - ])
[03:33:10 #68] P15 tc8=[&] (want [&])
[03:33:10 #69] P15 tc9=[AT&T] (want [AT&T])
[03:33:10 #70] P15 tc10 empty ok=1
[03:33:10 #71] P15 tc11 null ok=1
[03:33:10 #72] P15 tc12=[not  not in   deg] (want [not  not in   deg])
[03:33:10 #73] P15 tc13=[a&b&c&;a&#38Ab] (want [a&b&c&;a&#38Ab])
[03:33:10 #74] P15 tc14=[CAFE a$c<>  &] (want [CAFE a$c<>  &])
[03:33:10 #75] P15 init battery complete
[03:33:10 #76] P4 scheduled: pending=2
[03:33:10 #77] KB new: entering
[03:33:10 #78] KB new: allocated
[03:33:10 #79] KB load: font...
[03:33:10 #80] KB load: font ok h=36
[03:33:10 #81] KB load: menu-space ok
[03:33:10 #82] KB load: menu-ok ok
[03:33:10 #83] KB load: menu-del ok
[03:33:10 #84] KB load: menu-cancel ok
[03:33:10 #85] KB new: font+images loaded
[03:33:10 #86] P13 newKeyboard returned
[03:33:10 #87] P13 update-callback set
[03:33:10 #88] updateFrame: first frame executed
[03:33:11 #89] P4 chain complete (5 iterations)
[03:33:11 #90] P6 cancel_all after t1 done + t2 error (cancelledFired must stay 0)
[03:33:11 #91] P6 RESULT: done=1 (want 1) error=1 (want 1) cancelledCompleted=0 (want 0) progress=0.00 running=0 maxTicksPerFrame=1
[03:33:11 #92] P4 oneshot fired (count=1)
[03:33:11 #93] P4 RESULT: oneshot=1 (want 1) chain=5 (want 5) cancelledFired=0 (want 0) pending=0
[03:33:15 #94] P12 tc2 home selection after D,D,R (want 4) = 4
[03:33:15 #95] P12 tc2a card4 url clean (want no pipe) = YES
[03:33:15 #96] navigate_to: https://en.wikipedia.org/wiki/Main_Page
[03:33:15 #97] P12 state -> 3 (frame 140)
[03:33:17 #98] P12 tc3 error selection after R,R (want 3) = 3
[03:33:18 #99] navigate_to: about:home
[03:33:18 #100] P12 state -> 0 (frame 220)
[03:33:19 #101] P12 state -> 4 (frame 260)
[03:33:19 #102] navigate_to: about:home
[03:33:19 #103] P12 state -> 0 (frame 270)
[03:33:20 #104] P12 state -> 5 (frame 280)
[03:33:20 #105] navigate_to: about:home
[03:33:20 #106] P12 state -> 0 (frame 290)
[03:33:20 #107] P12 state -> 6 (frame 300)
[03:33:20 #108] updateFrame: heartbeat frame=300
[03:33:21 #109] navigate_to: about:home
[03:33:21 #110] P12 state -> 0 (frame 320)
[03:33:21 #111] P12 tc6 after-cancel searchEngine=1 (want 1, staged discarded)
[03:33:21 #112] P12 state -> 6 (frame 330)
[03:33:22 #113] navigate_to: about:home
[03:33:22 #114] P12 state -> 0 (frame 350)
[03:33:22 #115] P12 tc6 after-save searchEngine=2 (want 2, persisted)
[03:33:24 #116] P12 RESULT state=0 (want 0=HOME) scripted sequence complete
[03:33:24 #117] P13 session1: show
[03:33:24 #118] KB frame 0: enter
[03:33:24 #119] KB frame 0: letters ok
[03:33:24 #120] KB frame 0: anim ok
[03:33:24 #121] KB frame 0: input ok
[03:33:24 #122] KB frame 0: app update ok
[03:33:24 #123] KB frame 0: draw ok
[03:33:24 #124] KB frame 1: enter
[03:33:24 #125] KB frame 1: letters ok
[03:33:24 #126] KB frame 1: anim ok
[03:33:24 #127] KB frame 1: input ok
[03:33:24 #128] KB frame 1: app update ok
[03:33:24 #129] KB frame 1: draw ok
[03:33:24 #130] KB frame 2: enter
[03:33:24 #131] KB frame 2: letters ok
[03:33:24 #132] KB frame 2: anim ok
[03:33:24 #133] KB frame 2: input ok
[03:33:24 #134] KB frame 2: app update ok
[03:33:24 #135] KB frame 2: draw ok
[03:33:24 #136] KB frame 3: enter
[03:33:24 #137] KB frame 3: letters ok
[03:33:24 #138] KB frame 3: anim ok
[03:33:24 #139] KB frame 3: input ok
[03:33:24 #140] KB frame 3: app update ok
[03:33:24 #141] KB frame 3: draw ok
[03:33:24 #142] KB frame 4: enter
[03:33:24 #143] KB frame 4: letters ok
[03:33:24 #144] KB frame 4: anim ok
[03:33:24 #145] KB frame 4: input ok
[03:33:24 #146] KB frame 4: app update ok
[03:33:24 #147] KB frame 4: draw ok
[03:33:24 #148] KB frame 5: enter
[03:33:24 #149] KB frame 5: letters ok
[03:33:24 #150] KB frame 5: anim ok
[03:33:24 #151] KB frame 5: input ok
[03:33:24 #152] KB frame 5: app update ok
[03:33:24 #153] KB frame 5: draw ok
[03:33:24 #154] KB frame 6: enter
[03:33:24 #155] KB frame 6: letters ok
[03:33:24 #156] P13 didShow (count=1)
[03:33:24 #157] KB frame 6: anim ok
[03:33:24 #158] KB frame 6: input ok
[03:33:24 #159] KB frame 6: app update ok
[03:33:24 #160] KB frame 6: draw ok
[03:33:24 #161] KB frame 7: enter
[03:33:24 #162] KB frame 7: letters ok
[03:33:24 #163] KB frame 7: anim ok
[03:33:24 #164] KB frame 7: input ok
[03:33:24 #165] KB frame 7: app update ok
[03:33:24 #166] KB frame 7: draw ok
[03:33:24 #167] KB frame 8: enter
[03:33:24 #168] KB frame 8: letters ok
[03:33:24 #169] KB frame 8: anim ok
[03:33:24 #170] KB frame 8: input ok
[03:33:24 #171] KB frame 8: app update ok
[03:33:24 #172] KB frame 8: draw ok
[03:33:24 #173] KB frame 9: enter
[03:33:24 #174] KB frame 9: letters ok
[03:33:24 #175] KB frame 9: anim ok
[03:33:24 #176] KB frame 9: input ok
[03:33:24 #177] KB frame 9: app update ok
[03:33:24 #178] KB frame 9: draw ok
[03:33:24 #179] KB frame 10: enter
[03:33:24 #180] KB frame 10: letters ok
[03:33:24 #181] KB frame 10: anim ok
[03:33:24 #182] KB frame 10: input ok
[03:33:24 #183] KB frame 10: app update ok
[03:33:24 #184] KB frame 10: draw ok
[03:33:24 #185] KB frame 11: enter
[03:33:24 #186] KB frame 11: letters ok
[03:33:24 #187] KB frame 11: anim ok
[03:33:24 #188] KB frame 11: input ok
[03:33:24 #189] KB frame 11: app update ok
[03:33:24 #190] KB frame 11: draw ok
[03:33:24 #191] KB frame 12: enter
[03:33:24 #192] KB frame 12: letters ok
[03:33:24 #193] KB frame 12: anim ok
[03:33:24 #194] KB frame 12: input ok
[03:33:24 #195] KB frame 12: app update ok
[03:33:24 #196] KB frame 12: draw ok
[03:33:24 #197] KB frame 13: enter
[03:33:24 #198] KB frame 13: letters ok
[03:33:24 #199] KB frame 13: anim ok
[03:33:24 #200] KB frame 13: input ok
[03:33:24 #201] KB frame 13: app update ok
[03:33:24 #202] KB frame 13: draw ok
[03:33:24 #203] KB frame 14: enter
[03:33:24 #204] KB frame 14: letters ok
[03:33:24 #205] KB frame 14: anim ok
[03:33:24 #206] KB frame 14: input ok
[03:33:24 #207] KB frame 14: app update ok
[03:33:24 #208] KB frame 14: draw ok
[03:33:24 #209] KB frame 15: enter
[03:33:24 #210] KB frame 15: letters ok
[03:33:24 #211] KB frame 15: anim ok
[03:33:24 #212] KB frame 15: input ok
[03:33:24 #213] KB frame 15: app update ok
[03:33:24 #214] KB frame 15: draw ok
[03:33:24 #215] KB frame 16: enter
[03:33:24 #216] KB frame 16: letters ok
[03:33:24 #217] KB frame 16: anim ok
[03:33:24 #218] KB frame 16: input ok
[03:33:24 #219] KB frame 16: app update ok
[03:33:24 #220] KB frame 16: draw ok
[03:33:24 #221] KB frame 17: enter
[03:33:24 #222] KB frame 17: letters ok
[03:33:24 #223] KB frame 17: anim ok
[03:33:24 #224] KB frame 17: input ok
[03:33:24 #225] KB frame 17: app update ok
[03:33:24 #226] KB frame 17: draw ok
[03:33:24 #227] KB frame 18: enter
[03:33:24 #228] KB frame 18: letters ok
[03:33:24 #229] KB frame 18: anim ok
[03:33:24 #230] KB frame 18: input ok
[03:33:24 #231] KB frame 18: app update ok
[03:33:24 #232] KB frame 18: draw ok
[03:33:24 #233] KB frame 19: enter
[03:33:24 #234] KB frame 19: letters ok
[03:33:24 #235] KB frame 19: anim ok
[03:33:24 #236] KB frame 19: input ok
[03:33:24 #237] P13 visible=1 width=179 left=222 (animating)
[03:33:24 #238] KB frame 19: app update ok
[03:33:24 #239] KB frame 19: draw ok
[03:33:24 #240] KB frame 20: enter
[03:33:24 #241] KB frame 20: letters ok
[03:33:24 #242] KB frame 20: anim ok
[03:33:24 #243] KB frame 20: input ok
[03:33:24 #244] KB frame 20: app update ok
[03:33:24 #245] KB frame 20: draw ok
[03:33:24 #246] KB frame 21: enter
[03:33:24 #247] KB frame 21: letters ok
[03:33:24 #248] KB frame 21: anim ok
[03:33:24 #249] KB frame 21: input ok
[03:33:24 #250] KB frame 21: app update ok
[03:33:24 #251] KB frame 21: draw ok
[03:33:24 #252] KB frame 22: enter
[03:33:24 #253] KB frame 22: letters ok
[03:33:24 #254] KB frame 22: anim ok
[03:33:24 #255] KB frame 22: input ok
[03:33:24 #256] KB frame 22: app update ok
[03:33:24 #257] KB frame 22: draw ok
[03:33:24 #258] KB frame 23: enter
[03:33:24 #259] KB frame 23: letters ok
[03:33:24 #260] KB frame 23: anim ok
[03:33:24 #261] KB frame 23: input ok
[03:33:25 #262] KB frame 23: app update ok
[03:33:25 #263] KB frame 23: draw ok
[03:33:25 #264] KB frame 24: enter
[03:33:25 #265] KB frame 24: letters ok
[03:33:25 #266] KB frame 24: anim ok
[03:33:25 #267] KB frame 24: input ok
[03:33:25 #268] KB frame 24: app update ok
[03:33:25 #269] KB frame 24: draw ok
[03:33:25 #270] P13 capBehavior=0 (0 normal)
[03:33:30 #271] P13 willHide ok=0 text=[]
[03:33:30 #272] P13 didHide (count=1)
[03:33:30 #273] P13 tc5 textChanges=4 (want 4: a, A, delete, cancel-restore)
[03:33:30 #274] P13 tc4 willHideOk=0 (want 0 cancel) text=[] (want empty)
[03:33:30 #275] P13 tc1 didShow=1 didHide=1 visible=0 (want 1 1 0)
[03:33:30 #276] updateFrame: heartbeat frame=600
[03:33:31 #277] P13 session2: show with initial 'x'
[03:33:31 #278] P13 didShow (count=2)
[03:33:34 #279] P13 willHide ok=1 text=[x1]
[03:33:34 #280] P13 didHide (count=2)
[03:33:34 #281] P13 tc4b willHideOk=1 (want 1 OK) text=[x1] (want x1)
[03:33:34 #282] P13 tc1b didShow=2 didHide=2 visible=0 (want 2 2 0)
[03:33:34 #283] P13 tc6 update-callback restored: heartbeat next frames
[03:33:36 #284] P14 tc1 open: prefill=[https://example.com/page] (want https://example.com/page) shown=0 (want 0)
[03:33:36 #285] P13 didShow (count=3)
[03:33:36 #286] P14 tc1b launch: shown=1 visible=1 (want 1 1)
[03:33:37 #287] P14 tc2 preview=[https://example.com/page2] (want https://example.com/page2)
[03:33:39 #288] P13 didHide (count=3)
[03:33:39 #289] P14 tc5 after cancel: open=0 (want 0) submits=0 (want 0)
[03:33:39 #290] AddressBar submit: https://html.duckduckgo.com/html/?q=hello+world
[03:33:39 #291] P14 submit fired: https://html.duckduckgo.com/html/?q=hello+world
[03:33:39 #292] P14 tc3 submits=1 (want 1) got=[https://html.duckduckgo.com/html/?q=hello+world] open=0 (want 0)
[03:33:39 #293] AddressBar submit: https://example.com/
[03:33:39 #294] P14 submit fired: https://example.com/
[03:33:40 #295] P14 tc4 submits=2 (want 2) got=[https://example.com/] (want https://example.com/)
[03:33:40 #296] main: B-release opened address bar (keyboard)
[03:33:40 #297] P14 tc6 B-release: open=1 (want 1) shown=1 (want 1) visible=1 (want 1)
[03:33:40 #298] main: system menu close detected, address bar cancelled
[03:33:40 #299] P14 tc7 menu-gap: open=0 (want 0) visible=1 (hide anim in flight ok) skip=0 (want 0, armed 2 then consumed)
[03:33:40 #300] P14 RESULT scripted address-bar sequence complete state=0 (want 0=HOME)
[03:33:40 #301] P13 didShow (count=4)
[03:33:40 #302] updateFrame: heartbeat frame=900
[03:33:50 #303] updateFrame: heartbeat frame=1200
[03:34:00 #304] updateFrame: heartbeat frame=1500
[03:34:10 #305] updateFrame: heartbeat frame=1800
[03:34:20 #306] updateFrame: heartbeat frame=2100
[03:34:20 #307] eventHandler: kEventTerminate, frames=2116
