=== PlutoBrowser crash log ===
gamePath: com.bryanwandrych.plutobrowser
[03:09:01 #1] P1 grow: len=2890 cap=4096 head=|chunk0||chunk1| tail=nk298||chunk299|
[03:09:01 #2] P1 fmt: [str][X][%][-42]
[03:09:01 #3] ERROR: P2 error-path test: injected diagnostic error  ||  at Source/main.c:1020
[03:09:01 #4] P3 engine[0]=DuckDuckGo Lite url=https://html.duckduckgo.com/html/?q=
[03:09:01 #5] P3 engine[1]=FrogFind (Fast Text) url=http://frogfind.com/?q=
[03:09:01 #6] P3 engine[2]=Wiby (Classic Web) url=https://wiby.me/?q=
[03:09:01 #7] P3 engine[3]=Wikipedia Search url=https://en.wikipedia.org/wiki/Special:Search?search=
[03:09:01 #8] P3 bookmarks=9 first=Google last=Dan Luu's Blog
[03:09:01 #9] P3 imgmodes: all=all viewport-label=In-View Only fromname(viewport)=1
[03:09:01 #10] === PlutoBrowser boot (Phase 0 scaffold) ===
[03:09:01 #11] eventHandler: kEventInit, osversion=30101
[03:09:01 #12] P5 parse: scheme=https host=example.com port=8080 path=/a/b q=q=1 h=frag
[03:09:01 #13] P5 norm1=https://example.com:8080/a/b?q=1#frag
[03:09:01 #14] P5 about: host=home norm=about:home
[03:09:01 #15] P5 noscheme: norm=https://example.com/path ssl=1
[03:09:01 #16] P5 defport: norm=http://x.com/
[03:09:01 #17] P5 unwrap=https://example.org/page
[03:09:01 #18] P5 resolve1=https://x.com/a/b/c.png
[03:09:01 #19] P5 resolve2=https://x.com/root.png
[03:09:01 #20] P5 resolve3=https://cdn.y.com/i.png
[03:09:01 #21] P5 resolve4=https://x.com/a/page.html#top
[03:09:01 #22] P5 search: hw=1 dotcom=0 ip=0 about=0
[03:09:01 #23] P5 encode=%s val=a+b%26clank
[03:09:01 #24] P5 decode=a b&clank
[03:09:01 #25] P5 searchurl=https://html.duckduckgo.com/html/?q=playdate+consolepage.html
[03:09:01 #26] P7 utf16le=Aé😀
[03:09:01 #27] P7 cp1252 len=10(first=E2:want) first=E2
[03:09:01 #28] P7 meta=<html><head><meta charset="iso-8859-1"><title>t</title></head><body>café</body></html>
[03:09:01 #29] P7 hdr-passthrough=identical
[03:09:01 #30] P7 utf8 passthrough=café
[03:09:01 #31] P8 tc1a=sid=abc123; plain=1 (want sid=abc123; plain=1)
[03:09:01 #32] P8 tc1b=plain=1 (want plain=1)
[03:09:01 #33] P8 tc1c=[] (want empty)
[03:09:01 #34] P8 tc4-http=plain=1 (want plain=1)
[03:09:01 #35] P8 tc4-https=plain=1; sec=9 (want plain=1; sec=9)
[03:09:01 #36] P8 tc2=sec=9 (want sec=9) count=2 (want 2)
[03:09:01 #37] P8 tc5 count=5 (want 5)
[03:09:01 #38] P8 tc5 d1.expires>1824103680 (want >0 name=a)
[03:09:03 #39] P8 tc3 after-expiry count=5 (want 5, tmp pruned)
[03:09:04 #40] P8 tc7 count=300 lo=cap10 hi=cap309 (want 300 cap10 cap309)
[03:09:04 #41] P8 cleared count=0 (want 0)
[03:09:04 #42] P9 init bookmarks=9 (want 9 defaults) history=0
[03:09:04 #43] P9 tc2 top=First Again url=https://a.example/1 time=03:09 (want top First Again a.example)
[03:09:04 #44] P9 tc3 second=Second Page count=2 (want Second Page, 2)
[03:09:05 #45] P9 tc4 count=50 (want 50) top=https://cap.example/54 (want cap.example/54)
[03:09:05 #46] P9 tc5 9->10->10 (want +1 then same) title=New Title (want New Title)
[03:09:05 #47] P9 tc6 10->11 removed=1 (want +1, 1) now=10
[03:09:05 #48] P9 tc7 reload bookmarks=10 (want 10) history=50 (want 50)
[03:09:05 #49] P9 tc8 corrupt-recovery bookmarks=9 (want 9)
[03:09:05 #50] P9 tc1b jar-after-reload=0 (cookie section persists; jar restore in P30)
[03:09:05 #51] P9 about-filter 0==0 (want equal)
[03:09:05 #52] P10 tc1 fonts-ready=7 (want 7)
[03:09:05 #53] P10 tc2 body(Hello)=41 h1(Hello)=62 empty=0 (want >0, >w_body? no: h1 wider, 0)
[03:09:06 #54] P10 tc3 h1 lh=24 mt=6 (want 24, 6) ptr=1
[03:09:06 #55] P10 tc3 h2 lh=18 mt=5 (want 18, 5)
[03:09:06 #56] P10 tc3 h3 lh=16 mt=4 (want 16, 4)
[03:09:06 #57] P10 tc3 body-bold lh=16 (want 16) ptr=1
[03:09:06 #58] P10 tc3 mono lh=15 (want 15)
[03:09:06 #59] P10 tc3 small lh=14 (want 14) ptr=1
[03:09:06 #60] P10 tc3 sub lh=14 (want 14)
[03:09:06 #61] P4 scheduled: pending=2
[03:09:06 #62] KB new: entering
[03:09:06 #63] KB new: allocated
[03:09:06 #64] KB load: font...
[03:09:06 #65] KB load: font ok h=36
[03:09:06 #66] KB load: menu-space ok
[03:09:06 #67] KB load: menu-ok ok
[03:09:06 #68] KB load: menu-del ok
[03:09:06 #69] KB load: menu-cancel ok
[03:09:06 #70] KB new: font+images loaded
[03:09:06 #71] P13 newKeyboard returned
[03:09:06 #72] P13 update-callback set
[03:09:06 #73] updateFrame: first frame executed
[03:09:06 #74] P4 chain complete (5 iterations)
[03:09:06 #75] P6 cancel_all after t1 done + t2 error (cancelledFired must stay 0)
[03:09:06 #76] P6 RESULT: done=1 (want 1) error=1 (want 1) cancelledCompleted=0 (want 0) progress=0.00 running=0 maxTicksPerFrame=1
[03:09:07 #77] P4 oneshot fired (count=1)
[03:09:07 #78] P4 RESULT: oneshot=1 (want 1) chain=5 (want 5) cancelledFired=0 (want 0) pending=0
[03:09:10 #79] P12 tc2 home selection after D,D,R (want 4) = 4
[03:09:10 #80] P12 tc2a card4 url clean (want no pipe) = YES
[03:09:10 #81] navigate_to: https://en.wikipedia.org/wiki/Main_Page
[03:09:10 #82] P12 state -> 3 (frame 140)
[03:09:13 #83] P12 tc3 error selection after R,R (want 3) = 3
[03:09:13 #84] navigate_to: about:home
[03:09:13 #85] P12 state -> 0 (frame 220)
[03:09:14 #86] P12 state -> 4 (frame 260)
[03:09:14 #87] navigate_to: about:home
[03:09:15 #88] P12 state -> 0 (frame 270)
[03:09:15 #89] P12 state -> 5 (frame 280)
[03:09:15 #90] navigate_to: about:home
[03:09:15 #91] P12 state -> 0 (frame 290)
[03:09:15 #92] P12 state -> 6 (frame 300)
[03:09:15 #93] updateFrame: heartbeat frame=300
[03:09:16 #94] navigate_to: about:home
[03:09:16 #95] P12 state -> 0 (frame 320)
[03:09:16 #96] P12 tc6 after-cancel searchEngine=1 (want 1, staged discarded)
[03:09:16 #97] P12 state -> 6 (frame 330)
[03:09:17 #98] navigate_to: about:home
[03:09:17 #99] P12 state -> 0 (frame 350)
[03:09:17 #100] P12 tc6 after-save searchEngine=2 (want 2, persisted)
[03:09:19 #101] P12 RESULT state=0 (want 0=HOME) scripted sequence complete
[03:09:19 #102] P13 session1: show
[03:09:19 #103] KB frame 0: enter
[03:09:19 #104] KB frame 0: letters ok
[03:09:19 #105] KB frame 0: anim ok
[03:09:19 #106] KB frame 0: input ok
[03:09:19 #107] KB frame 0: app update ok
[03:09:19 #108] KB frame 0: draw ok
[03:09:19 #109] KB frame 1: enter
[03:09:19 #110] KB frame 1: letters ok
[03:09:19 #111] KB frame 1: anim ok
[03:09:19 #112] KB frame 1: input ok
[03:09:19 #113] KB frame 1: app update ok
[03:09:19 #114] KB frame 1: draw ok
[03:09:19 #115] KB frame 2: enter
[03:09:19 #116] KB frame 2: letters ok
[03:09:19 #117] KB frame 2: anim ok
[03:09:19 #118] KB frame 2: input ok
[03:09:19 #119] KB frame 2: app update ok
[03:09:19 #120] KB frame 2: draw ok
[03:09:19 #121] KB frame 3: enter
[03:09:19 #122] KB frame 3: letters ok
[03:09:19 #123] KB frame 3: anim ok
[03:09:19 #124] KB frame 3: input ok
[03:09:19 #125] KB frame 3: app update ok
[03:09:19 #126] KB frame 3: draw ok
[03:09:19 #127] KB frame 4: enter
[03:09:19 #128] KB frame 4: letters ok
[03:09:19 #129] KB frame 4: anim ok
[03:09:19 #130] KB frame 4: input ok
[03:09:19 #131] KB frame 4: app update ok
[03:09:19 #132] KB frame 4: draw ok
[03:09:19 #133] KB frame 5: enter
[03:09:19 #134] KB frame 5: letters ok
[03:09:19 #135] P13 didShow (count=1)
[03:09:19 #136] KB frame 5: anim ok
[03:09:19 #137] KB frame 5: input ok
[03:09:19 #138] KB frame 5: app update ok
[03:09:19 #139] KB frame 5: draw ok
[03:09:19 #140] KB frame 6: enter
[03:09:19 #141] KB frame 6: letters ok
[03:09:19 #142] KB frame 6: anim ok
[03:09:19 #143] KB frame 6: input ok
[03:09:19 #144] KB frame 6: app update ok
[03:09:19 #145] KB frame 6: draw ok
[03:09:19 #146] KB frame 7: enter
[03:09:19 #147] KB frame 7: letters ok
[03:09:19 #148] KB frame 7: anim ok
[03:09:19 #149] KB frame 7: input ok
[03:09:19 #150] KB frame 7: app update ok
[03:09:19 #151] KB frame 7: draw ok
[03:09:19 #152] KB frame 8: enter
[03:09:19 #153] KB frame 8: letters ok
[03:09:19 #154] KB frame 8: anim ok
[03:09:19 #155] KB frame 8: input ok
[03:09:19 #156] KB frame 8: app update ok
[03:09:19 #157] KB frame 8: draw ok
[03:09:19 #158] KB frame 9: enter
[03:09:19 #159] KB frame 9: letters ok
[03:09:19 #160] KB frame 9: anim ok
[03:09:19 #161] KB frame 9: input ok
[03:09:19 #162] KB frame 9: app update ok
[03:09:19 #163] KB frame 9: draw ok
[03:09:19 #164] KB frame 10: enter
[03:09:19 #165] KB frame 10: letters ok
[03:09:19 #166] KB frame 10: anim ok
[03:09:19 #167] KB frame 10: input ok
[03:09:19 #168] KB frame 10: app update ok
[03:09:19 #169] KB frame 10: draw ok
[03:09:19 #170] KB frame 11: enter
[03:09:19 #171] KB frame 11: letters ok
[03:09:19 #172] KB frame 11: anim ok
[03:09:19 #173] KB frame 11: input ok
[03:09:19 #174] KB frame 11: app update ok
[03:09:19 #175] KB frame 11: draw ok
[03:09:19 #176] KB frame 12: enter
[03:09:19 #177] KB frame 12: letters ok
[03:09:19 #178] KB frame 12: anim ok
[03:09:19 #179] KB frame 12: input ok
[03:09:19 #180] KB frame 12: app update ok
[03:09:19 #181] KB frame 12: draw ok
[03:09:19 #182] KB frame 13: enter
[03:09:19 #183] KB frame 13: letters ok
[03:09:19 #184] KB frame 13: anim ok
[03:09:19 #185] KB frame 13: input ok
[03:09:19 #186] KB frame 13: app update ok
[03:09:19 #187] KB frame 13: draw ok
[03:09:19 #188] KB frame 14: enter
[03:09:19 #189] KB frame 14: letters ok
[03:09:19 #190] KB frame 14: anim ok
[03:09:19 #191] KB frame 14: input ok
[03:09:19 #192] KB frame 14: app update ok
[03:09:19 #193] KB frame 14: draw ok
[03:09:19 #194] KB frame 15: enter
[03:09:19 #195] KB frame 15: letters ok
[03:09:19 #196] KB frame 15: anim ok
[03:09:19 #197] KB frame 15: input ok
[03:09:19 #198] KB frame 15: app update ok
[03:09:19 #199] KB frame 15: draw ok
[03:09:19 #200] KB frame 16: enter
[03:09:19 #201] KB frame 16: letters ok
[03:09:19 #202] KB frame 16: anim ok
[03:09:19 #203] KB frame 16: input ok
[03:09:19 #204] KB frame 16: app update ok
[03:09:19 #205] KB frame 16: draw ok
[03:09:19 #206] KB frame 17: enter
[03:09:19 #207] KB frame 17: letters ok
[03:09:19 #208] KB frame 17: anim ok
[03:09:19 #209] KB frame 17: input ok
[03:09:19 #210] KB frame 17: app update ok
[03:09:19 #211] KB frame 17: draw ok
[03:09:19 #212] KB frame 18: enter
[03:09:19 #213] KB frame 18: letters ok
[03:09:20 #214] KB frame 18: anim ok
[03:09:20 #215] KB frame 18: input ok
[03:09:20 #216] KB frame 18: app update ok
[03:09:20 #217] KB frame 18: draw ok
[03:09:20 #218] KB frame 19: enter
[03:09:20 #219] KB frame 19: letters ok
[03:09:20 #220] KB frame 19: anim ok
[03:09:20 #221] KB frame 19: input ok
[03:09:20 #222] P13 visible=1 width=181 left=222 (animating)
[03:09:20 #223] KB frame 19: app update ok
[03:09:20 #224] KB frame 19: draw ok
[03:09:20 #225] KB frame 20: enter
[03:09:20 #226] KB frame 20: letters ok
[03:09:20 #227] KB frame 20: anim ok
[03:09:20 #228] KB frame 20: input ok
[03:09:20 #229] KB frame 20: app update ok
[03:09:20 #230] KB frame 20: draw ok
[03:09:20 #231] KB frame 21: enter
[03:09:20 #232] KB frame 21: letters ok
[03:09:20 #233] KB frame 21: anim ok
[03:09:20 #234] KB frame 21: input ok
[03:09:20 #235] KB frame 21: app update ok
[03:09:20 #236] KB frame 21: draw ok
[03:09:20 #237] KB frame 22: enter
[03:09:20 #238] KB frame 22: letters ok
[03:09:20 #239] KB frame 22: anim ok
[03:09:20 #240] KB frame 22: input ok
[03:09:20 #241] KB frame 22: app update ok
[03:09:20 #242] KB frame 22: draw ok
[03:09:20 #243] KB frame 23: enter
[03:09:20 #244] KB frame 23: letters ok
[03:09:20 #245] KB frame 23: anim ok
[03:09:20 #246] KB frame 23: input ok
[03:09:20 #247] KB frame 23: app update ok
[03:09:20 #248] KB frame 23: draw ok
[03:09:20 #249] KB frame 24: enter
[03:09:20 #250] KB frame 24: letters ok
[03:09:20 #251] KB frame 24: anim ok
[03:09:20 #252] KB frame 24: input ok
[03:09:20 #253] KB frame 24: app update ok
[03:09:20 #254] KB frame 24: draw ok
[03:09:20 #255] P13 capBehavior=0 (0 normal)
[03:09:25 #256] P13 willHide ok=0 text=[]
[03:09:25 #257] P13 didHide (count=1)
[03:09:25 #258] P13 tc5 textChanges=4 (want 4: a, A, delete, cancel-restore)
[03:09:26 #259] P13 tc4 willHideOk=0 (want 0 cancel) text=[] (want empty)
[03:09:26 #260] P13 tc1 didShow=1 didHide=1 visible=0 (want 1 1 0)
[03:09:26 #261] updateFrame: heartbeat frame=600
[03:09:26 #262] P13 session2: show with initial 'x'
[03:09:26 #263] P13 didShow (count=2)
[03:09:29 #264] P13 willHide ok=1 text=[x1]
[03:09:29 #265] P13 didHide (count=2)
[03:09:29 #266] P13 tc4b willHideOk=1 (want 1 OK) text=[x1] (want x1)
[03:09:29 #267] P13 tc1b didShow=2 didHide=2 visible=0 (want 2 2 0)
[03:09:29 #268] P13 tc6 update-callback restored: heartbeat next frames
[03:09:31 #269] P14 tc1 open: prefill=[https://example.com/page] (want https://example.com/page) shown=0 (want 0)
[03:09:31 #270] P13 didShow (count=3)
[03:09:31 #271] P14 tc1b launch: shown=1 visible=1 (want 1 1)
[03:09:32 #272] P14 tc2 preview=[https://example.com/page2] (want https://example.com/page2)
[03:09:35 #273] P13 didHide (count=3)
[03:09:35 #274] P14 tc5 after cancel: open=0 (want 0) submits=0 (want 0)
[03:09:35 #275] AddressBar submit: https://html.duckduckgo.com/html/?q=hello+world
[03:09:35 #276] P14 submit fired: https://html.duckduckgo.com/html/?q=hello+world
[03:09:35 #277] P14 tc3 submits=1 (want 1) got=[https://html.duckduckgo.com/html/?q=hello+world] open=0 (want 0)
[03:09:35 #278] AddressBar submit: https://example.com/
[03:09:35 #279] P14 submit fired: https://example.com/
[03:09:35 #280] P14 tc4 submits=2 (want 2) got=[https://example.com/] (want https://example.com/)
[03:09:35 #281] main: B-release opened address bar (keyboard)
[03:09:35 #282] P14 tc6 B-release: open=1 (want 1) shown=1 (want 1) visible=1 (want 1)
[03:09:35 #283] main: system menu close detected, address bar cancelled
[03:09:35 #284] P14 tc7 menu-gap: open=0 (want 0) visible=1 (hide anim in flight ok) skip=0 (want 0, armed 2 then consumed)
[03:09:35 #285] P14 RESULT scripted address-bar sequence complete state=0 (want 0=HOME)
[03:09:35 #286] P13 didShow (count=4)
[03:09:35 #287] updateFrame: heartbeat frame=900
[03:09:45 #288] updateFrame: heartbeat frame=1200
[03:09:55 #289] updateFrame: heartbeat frame=1500
[03:10:05 #290] updateFrame: heartbeat frame=1800
[03:10:15 #291] updateFrame: heartbeat frame=2100
[03:10:21 #292] eventHandler: kEventTerminate, frames=2269
