=== PlutoBrowser crash log ===
gamePath: com.bryanwandrych.plutobrowser
[16:13:26 #1] P1 grow: len=2890 cap=4096 head=|chunk0||chunk1| tail=nk298||chunk299|
[16:13:26 #2] P1 fmt: [str][X][%][-42]
[16:13:26 #3] ERROR: P2 error-path test: injected diagnostic error  ||  at Source/main.c:237
[16:13:26 #4] P3 engine[0]=DuckDuckGo Lite url=https://html.duckduckgo.com/html/?q=
[16:13:26 #5] P3 engine[1]=FrogFind (Fast Text) url=http://frogfind.com/?q=
[16:13:26 #6] P3 engine[2]=Wiby (Classic Web) url=https://wiby.me/?q=
[16:13:26 #7] P3 engine[3]=Wikipedia Search url=https://en.wikipedia.org/wiki/Special:Search?search=
[16:13:26 #8] P3 bookmarks=9 first=Google last=Dan Luu's Blog
[16:13:26 #9] P3 imgmodes: all=all viewport-label=In-View Only fromname(viewport)=1
[16:13:26 #10] === PlutoBrowser boot (Phase 0 scaffold) ===
[16:13:26 #11] eventHandler: kEventInit, osversion=30101
[16:13:26 #12] P5 parse: scheme=https host=example.com port=8080 path=/a/b q=q=1 h=frag
[16:13:26 #13] P5 norm1=https://example.com:8080/a/b?q=1#frag
[16:13:26 #14] P5 about: host=home norm=about:home
[16:13:26 #15] P5 noscheme: norm=https://example.com/path ssl=1
[16:13:26 #16] P5 defport: norm=http://x.com/
[16:13:26 #17] P5 unwrap=https://example.org/page
[16:13:26 #18] P5 resolve1=https://x.com/a/b/c.png
[16:13:26 #19] P5 resolve2=https://x.com/root.png
[16:13:26 #20] P5 resolve3=https://cdn.y.com/i.png
[16:13:26 #21] P5 resolve4=https://x.com/a/page.html#top
[16:13:26 #22] P5 search: hw=1 dotcom=0 ip=0 about=0
[16:13:26 #23] P5 encode=%s val=a+b%26c
[16:13:26 #24] P5 decode=a b&c
[16:13:26 #25] P5 searchurl=https://html.duckduckgo.com/html/?q=playdate+console
[16:13:26 #26] P7 utf16le=Aé😀
[16:13:26 #27] P7 cp1252 len=10(first=E2:want) first=E2
[16:13:26 #28] P7 meta=<html><head><meta charset="iso-8859-1"><title>t</title></head><body>café</body></html>
[16:13:26 #29] P7 hdr-passthrough=identical
[16:13:26 #30] P7 utf8 passthrough=café
[16:13:26 #31] P4 scheduled: pending=2
[16:13:26 #32] updateFrame: first frame executed
[16:13:26 #33] P4 chain complete (5 iterations)
[16:13:26 #34] P6 cancel_all after t1 done + t2 error (cancelledFired must stay 0)
[16:13:26 #35] P6 RESULT: done=1 (want 1) error=1 (want 1) cancelledCompleted=0 (want 0) progress=0.00 running=0 maxTicksPerFrame=1
[16:13:27 #36] P4 oneshot fired (count=1)
[16:13:27 #37] P4 RESULT: oneshot=1 (want 1) chain=5 (want 5) cancelledFired=0 (want 0) pending=0
[16:13:37 #38] updateFrame: heartbeat frame=300
