=== PlutoBrowser crash log ===
gamePath: com.bryanwandrych.plutobrowser
[16:26:29 #1] P1 grow: len=2890 cap=4096 head=|chunk0||chunk1| tail=nk298||chunk299|
[16:26:29 #2] P1 fmt: [str][X][%][-42]
[16:26:29 #3] ERROR: P2 error-path test: injected diagnostic error  ||  at Source/main.c:238
[16:26:29 #4] P3 engine[0]=DuckDuckGo Lite url=https://html.duckduckgo.com/html/?q=
[16:26:29 #5] P3 engine[1]=FrogFind (Fast Text) url=http://frogfind.com/?q=
[16:26:29 #6] P3 engine[2]=Wiby (Classic Web) url=https://wiby.me/?q=
[16:26:29 #7] P3 engine[3]=Wikipedia Search url=https://en.wikipedia.org/wiki/Special:Search?search=
[16:26:29 #8] P3 bookmarks=9 first=Google last=Dan Luu's Blog
[16:26:29 #9] P3 imgmodes: all=all viewport-label=In-View Only fromname(viewport)=1
[16:26:29 #10] === PlutoBrowser boot (Phase 0 scaffold) ===
[16:26:29 #11] eventHandler: kEventInit, osversion=30101
[16:26:29 #12] P5 parse: scheme=https host=example.com port=8080 path=/a/b q=q=1 h=frag
[16:26:29 #13] P5 norm1=https://example.com:8080/a/b?q=1#frag
[16:26:29 #14] P5 about: host=home norm=about:home
[16:26:29 #15] P5 noscheme: norm=https://example.com/path ssl=1
[16:26:29 #16] P5 defport: norm=http://x.com/
[16:26:29 #17] P5 unwrap=https://example.org/page
[16:26:29 #18] P5 resolve1=https://x.com/a/b/c.png
[16:26:29 #19] P5 resolve2=https://x.com/root.png
[16:26:29 #20] P5 resolve3=https://cdn.y.com/i.png
[16:26:29 #21] P5 resolve4=https://x.com/a/page.html#top
[16:26:29 #22] P5 search: hw=1 dotcom=0 ip=0 about=0
[16:26:29 #23] P5 encode=%s val=a+b%26c
[16:26:29 #24] P5 decode=a b&c
[16:26:29 #25] P5 searchurl=https://html.duckduckgo.com/html/?q=playdate+console
[16:26:29 #26] P7 utf16le=Aé😀
[16:26:29 #27] P7 cp1252 len=10(first=E2:want) first=E2
[16:26:29 #28] P7 meta=<html><head><meta charset="iso-8859-1"><title>t</title></head><body>café</body></html>
[16:26:29 #29] P7 hdr-passthrough=identical
[16:26:29 #30] P7 utf8 passthrough=café
[16:26:29 #31] P8 tc1a=sid=abc123; plain=1 (want sid=abc123; plain=1)
[16:26:29 #32] P8 tc1b=plain=1 (want plain=1)
[16:26:29 #33] P8 tc1c=[] (want empty)
[16:26:29 #34] P8 tc4-http=plain=1 (want plain=1)
[16:26:29 #35] P8 tc4-https=plain=1; sec=9 (want plain=1; sec=9)
[16:26:29 #36] P8 tc2=sec=9 (want sec=9) count=2 (want 2)
[16:26:29 #37] P8 tc5 count=5 (want 5)
[16:26:29 #38] P8 tc5 d1.expires>1824103680 (want >0 name=a)
[16:26:31 #39] P8 tc3 after-expiry count=5 (want 5, tmp pruned)
[16:26:31 #40] P8 tc7 count=300 lo=cap10 hi=cap309 (want 300 cap10 cap309)
[16:26:31 #41] P8 cleared count=0 (want 0)
[16:26:31 #42] P4 scheduled: pending=2
[16:26:31 #43] updateFrame: first frame executed
[16:26:32 #44] P4 chain complete (5 iterations)
[16:26:32 #45] P6 cancel_all after t1 done + t2 error (cancelledFired must stay 0)
[16:26:32 #46] P6 RESULT: done=1 (want 1) error=1 (want 1) cancelledCompleted=0 (want 0) progress=0.00 running=0 maxTicksPerFrame=1
[16:26:32 #47] P4 oneshot fired (count=1)
[16:26:32 #48] P4 RESULT: oneshot=1 (want 1) chain=5 (want 5) cancelledFired=0 (want 0) pending=0
[16:26:42 #49] updateFrame: heartbeat frame=300
