=== PlutoBrowser crash log ===
gamePath: com.bryanwandrych.plutobrowser
[16:53:44 #1] P1 grow: len=2890 cap=4096 head=|chunk0||chunk1| tail=nk298||chunk299|
[16:53:44 #2] P1 fmt: [str][X][%][-42]
[16:53:44 #3] ERROR: P2 error-path test: injected diagnostic error  ||  at Source/main.c:240
[16:53:44 #4] P3 engine[0]=DuckDuckGo Lite url=https://html.duckduckgo.com/html/?q=
[16:53:44 #5] P3 engine[1]=FrogFind (Fast Text) url=http://frogfind.com/?q=
[16:53:44 #6] P3 engine[2]=Wiby (Classic Web) url=https://wiby.me/?q=
[16:53:44 #7] P3 engine[3]=Wikipedia Search url=https://en.wikipedia.org/wiki/Special:Search?search=
[16:53:44 #8] P3 bookmarks=9 first=Google last=Dan Luu's Blog
[16:53:44 #9] P3 imgmodes: all=all viewport-label=In-View Only fromname(viewport)=1
[16:53:44 #10] === PlutoBrowser boot (Phase 0 scaffold) ===
[16:53:44 #11] eventHandler: kEventInit, osversion=30101
[16:53:44 #12] P5 parse: scheme=https host=example.com port=8080 path=/a/b q=q=1 h=frag
[16:53:44 #13] P5 norm1=https://example.com:8080/a/b?q=1#frag
[16:53:44 #14] P5 about: host=home norm=about:home
[16:53:44 #15] P5 noscheme: norm=https://example.com/path ssl=1
[16:53:44 #16] P5 defport: norm=http://x.com/
[16:53:44 #17] P5 unwrap=https://example.org/page
[16:53:44 #18] P5 resolve1=https://x.com/a/b/c.png
[16:53:44 #19] P5 resolve2=https://x.com/root.png
[16:53:44 #20] P5 resolve3=https://cdn.y.com/i.png
[16:53:44 #21] P5 resolve4=https://x.com/a/page.html#top
[16:53:44 #22] P5 search: hw=1 dotcom=0 ip=0 about=0
[16:53:44 #23] P5 encode=%s val=a+b%26c
[16:53:44 #24] P5 decode=a b&c
[16:53:44 #25] P5 searchurl=https://html.duckduckgo.com/html/?q=playdate+console
[16:53:44 #26] P7 utf16le=Aé😀
[16:53:44 #27] P7 cp1252 len=10(first=E2:want) first=E2
[16:53:44 #28] P7 meta=<html><head><meta charset="iso-8859-1"><title>t</title></head><body>café</body></html>
[16:53:44 #29] P7 hdr-passthrough=identical
[16:53:44 #30] P7 utf8 passthrough=café
[16:53:44 #31] P8 tc1a=sid=abc123; plain=1 (want sid=abc123; plain=1)
[16:53:44 #32] P8 tc1b=plain=1 (want plain=1)
[16:53:44 #33] P8 tc1c=[] (want empty)
[16:53:44 #34] P8 tc4-http=plain=1 (want plain=1)
[16:53:44 #35] P8 tc4-https=plain=1; sec=9 (want plain=1; sec=9)
[16:53:44 #36] P8 tc2=sec=9 (want sec=9) count=2 (want 2)
[16:53:44 #37] P8 tc5 count=5 (want 5)
[16:53:44 #38] P8 tc5 d1.expires>1824103680 (want >0 name=a)
[16:53:46 #39] P8 tc3 after-expiry count=5 (want 5, tmp pruned)
[16:53:46 #40] P8 tc7 count=300 lo=cap10 hi=cap309 (want 300 cap10 cap309)
[16:53:46 #41] P8 cleared count=0 (want 0)
[16:53:46 #42] P9 init bookmarks=9 (want 9 defaults) history=0
[16:53:46 #43] P9 tc2 top=First Again url=https://a.example/1 time=16:53 (want top First Again a.example)
[16:53:46 #44] P9 tc3 second=Second Page count=2 (want Second Page, 2)
[16:53:46 #45] P9 tc4 count=50 (want 50) top=https://cap.example/54 (want cap.example/54)
[16:53:46 #46] P9 tc5 9->10->10 (want +1 then same) title=New Title (want New Title)
[16:53:46 #47] P9 tc6 10->11 removed=1 (want +1, 1) now=10
[16:53:46 #48] P9 tc7 reload bookmarks=10 (want 10) history=50 (want 50)
[16:53:46 #49] P9 tc8 corrupt-recovery bookmarks=9 (want 9)
[16:53:46 #50] P9 tc1b jar-after-reload=0 (cookie section persists; jar restore in P30)
[16:53:46 #51] P9 about-filter 0==0 (want equal)
[16:53:46 #52] P10 tc1 fonts-ready=7 (want 7)
[16:53:46 #53] P10 tc2 body(Hello)=41 h1(Hello)=62 empty=0 (want >0, >w_body? no: h1 wider, 0)
[16:53:46 #54] P10 tc3 h1 lh=24 mt=6 (want 24, 6) ptr=1
[16:53:46 #55] P10 tc3 h2 lh=18 mt=5 (want 18, 5)
[16:53:46 #56] P10 tc3 h3 lh=16 mt=4 (want 16, 4)
[16:53:46 #57] P10 tc3 body-bold lh=16 (want 16) ptr=1
[16:53:46 #58] P10 tc3 mono lh=15 (want 15)
[16:53:46 #59] P10 tc3 small lh=14 (want 14) ptr=1
[16:53:46 #60] P10 tc3 sub lh=14 (want 14)
[16:53:46 #61] P4 scheduled: pending=2
[16:53:46 #62] updateFrame: first frame executed
[16:53:46 #63] P4 chain complete (5 iterations)
[16:53:47 #64] P6 cancel_all after t1 done + t2 error (cancelledFired must stay 0)
[16:53:47 #65] P6 RESULT: done=1 (want 1) error=1 (want 1) cancelledCompleted=0 (want 0) progress=0.00 running=0 maxTicksPerFrame=1
[16:53:47 #66] P4 oneshot fired (count=1)
[16:53:47 #67] P4 RESULT: oneshot=1 (want 1) chain=5 (want 5) cancelledFired=0 (want 0) pending=0
[16:53:57 #68] updateFrame: heartbeat frame=300
