=== PlutoBrowser crash log ===
gamePath: com.bryanwandrych.plutobrowser
[18:06:29 #1] P1 grow: len=2890 cap=4096 head=|chunk0||chunk1| tail=nk298||chunk299|
[18:06:29 #2] P1 fmt: [str][X][%][-42]
[18:06:29 #3] ERROR: P2 error-path test: injected diagnostic error  ||  at Source/main.c:820
[18:06:29 #4] P3 engine[0]=DuckDuckGo Lite url=https://html.duckduckgo.com/html/?q=
[18:06:29 #5] P3 engine[1]=FrogFind (Fast Text) url=http://frogfind.com/?q=
[18:06:29 #6] P3 engine[2]=Wiby (Classic Web) url=https://wiby.me/?q=
[18:06:29 #7] P3 engine[3]=Wikipedia Search url=https://en.wikipedia.org/wiki/Special:Search?search=
[18:06:29 #8] P3 bookmarks=9 first=Google last=Dan Luu's Blog
[18:06:29 #9] P3 imgmodes: all=all viewport-label=In-View Only fromname(viewport)=1
[18:06:29 #10] === PlutoBrowser boot (Phase 0 scaffold) ===
[18:06:29 #11] eventHandler: kEventInit, osversion=30101
[18:06:29 #12] P5 parse: scheme=https host=example.com port=8080 path=/a/b q=q=1 h=frag
[18:06:29 #13] P5 norm1=https://example.com:8080/a/b?q=1#frag
[18:06:29 #14] P5 about: host=home norm=about:home
[18:06:29 #15] P5 noscheme: norm=https://example.com/path ssl=1
[18:06:29 #16] P5 defport: norm=http://x.com/
[18:06:29 #17] P5 unwrap=https://example.org/page
[18:06:29 #18] P5 resolve1=https://x.com/a/b/c.png
[18:06:29 #19] P5 resolve2=https://x.com/root.png
[18:06:29 #20] P5 resolve3=https://cdn.y.com/i.png
[18:06:29 #21] P5 resolve4=https://x.com/a/page.html#top
[18:06:29 #22] P5 search: hw=1 dotcom=0 ip=0 about=0
[18:06:29 #23] P5 encode=%s val=a+b%26c
[18:06:29 #24] P5 decode=a b&c
[18:06:29 #25] P5 searchurl=https://html.duckduckgo.com/html/?q=playdate+console
[18:06:29 #26] P7 utf16le=Aé😀
[18:06:29 #27] P7 cp1252 len=10(first=E2:want) first=E2
[18:06:29 #28] P7 meta=<html><head><meta charset="iso-8859-1"><title>t</title></head><body>café</body></html>
[18:06:29 #29] P7 hdr-passthrough=identical
[18:06:29 #30] P7 utf8 passthrough=café
[18:06:29 #31] P8 tc1a=sid=abc123; plain=1 (want sid=abc123; plain=1)
[18:06:29 #32] P8 tc1b=plain=1 (want plain=1)
[18:06:29 #33] P8 tc1c=[] (want empty)
[18:06:29 #34] P8 tc4-http=plain=1 (want plain=1)
[18:06:29 #35] P8 tc4-https=plain=1; sec=9 (want plain=1; sec=9)
[18:06:29 #36] P8 tc2=sec=9 (want sec=9) count=2 (want 2)
[18:06:29 #37] P8 tc5 count=5 (want 5)
[18:06:29 #38] P8 tc5 d1.expires>1824103680 (want >0 name=a)
[18:06:31 #39] P8 tc3 after-expiry count=5 (want 5, tmp pruned)
[18:06:31 #40] P8 tc7 count=300 lo=cap10 hi=cap309 (want 300 cap10 cap309)
[18:06:31 #41] P8 cleared count=0 (want 0)
[18:06:31 #42] P9 init bookmarks=9 (want 9 defaults) history=0
[18:06:31 #43] P9 tc2 top=First Again url=https://a.example/1 time=18:06 (want top First Again a.example)
[18:06:31 #44] P9 tc3 second=Second Page count=2 (want Second Page, 2)
[18:06:31 #45] P9 tc4 count=50 (want 50) top=https://cap.example/54 (want cap.example/54)
[18:06:31 #46] P9 tc5 9->10->10 (want +1 then same) title=New Title (want New Title)
[18:06:31 #47] P9 tc6 10->11 removed=1 (want +1, 1) now=10
[18:06:31 #48] P9 tc7 reload bookmarks=10 (want 10) history=50 (want 50)
[18:06:31 #49] P9 tc8 corrupt-recovery bookmarks=9 (want 9)
[18:06:31 #50] P9 tc1b jar-after-reload=0 (cookie section persists; jar restore in P30)
[18:06:31 #51] P9 about-filter 0==0 (want equal)
[18:06:31 #52] P10 tc1 fonts-ready=7 (want 7)
[18:06:31 #53] P10 tc2 body(Hello)=41 h1(Hello)=62 empty=0 (want >0, >w_body? no: h1 wider, 0)
[18:06:31 #54] P10 tc3 h1 lh=24 mt=6 (want 24, 6) ptr=1
[18:06:31 #55] P10 tc3 h2 lh=18 mt=5 (want 18, 5)
[18:06:31 #56] P10 tc3 h3 lh=16 mt=4 (want 16, 4)
[18:06:31 #57] P10 tc3 body-bold lh=16 (want 16) ptr=1
[18:06:31 #58] P10 tc3 mono lh=15 (want 15)
[18:06:31 #59] P10 tc3 small lh=14 (want 14) ptr=1
[18:06:31 #60] P10 tc3 sub lh=14 (want 14)
[18:06:31 #61] P4 scheduled: pending=2
