=== PlutoBrowser crash log ===
gamePath: com.bryanwandrych.plutobrowser
[17:29:10 #1] P1 grow: len=2890 cap=4096 head=|chunk0||chunk1| tail=nk298||chunk299|
[17:29:10 #2] P1 fmt: [str][X][%][-42]
[17:29:10 #3] ERROR: P2 error-path test: injected diagnostic error  ||  at Source/main.c:643
[17:29:10 #4] P3 engine[0]=DuckDuckGo Lite url=https://html.duckduckgo.com/html/?q=
[17:29:10 #5] P3 engine[1]=FrogFind (Fast Text) url=http://frogfind.com/?q=
[17:29:10 #6] P3 engine[2]=Wiby (Classic Web) url=https://wiby.me/?q=
[17:29:10 #7] P3 engine[3]=Wikipedia Search url=https://en.wikipedia.org/wiki/Special:Search?search=
[17:29:10 #8] P3 bookmarks=9 first=Google last=Dan Luu's Blog
[17:29:10 #9] P3 imgmodes: all=all viewport-label=In-View Only fromname(viewport)=1
[17:29:10 #10] === PlutoBrowser boot (Phase 0 scaffold) ===
[17:29:10 #11] eventHandler: kEventInit, osversion=30101
[17:29:10 #12] P5 parse: scheme=https host=example.com port=8080 path=/a/b q=q=1 h=frag
[17:29:10 #13] P5 norm1=https://example.com:8080/a/b?q=1#frag
[17:29:10 #14] P5 about: host=home norm=about:home
[17:29:10 #15] P5 noscheme: norm=https://example.com/path ssl=1
[17:29:10 #16] P5 defport: norm=http://x.com/
[17:29:10 #17] P5 unwrap=https://example.org/page
[17:29:10 #18] P5 resolve1=https://x.com/a/b/c.png
[17:29:10 #19] P5 resolve2=https://x.com/root.png
[17:29:10 #20] P5 resolve3=https://cdn.y.com/i.png
[17:29:10 #21] P5 resolve4=https://x.com/a/page.html#top
[17:29:10 #22] P5 search: hw=1 dotcom=0 ip=0 about=0
[17:29:10 #23] P5 encode=%s val=a+b%26c
[17:29:10 #24] P5 decode=a b&c
[17:29:10 #25] P5 searchurl=https://html.duckduckgo.com/html/?q=playdate+console
[17:29:10 #26] P7 utf16le=Aé😀
[17:29:10 #27] P7 cp1252 len=10(first=E2:want) first=E2
[17:29:10 #28] P7 meta=<html><head><meta charset="iso-8859-1"><title>t</title></head><body>café</body></html>
[17:29:10 #29] P7 hdr-passthrough=identical
[17:29:10 #30] P7 utf8 passthrough=café
[17:29:10 #31] P8 tc1a=sid=abc123; plain=1 (want sid=abc123; plain=1)
[17:29:10 #32] P8 tc1b=plain=1 (want plain=1)
[17:29:10 #33] P8 tc1c=[] (want empty)
[17:29:10 #34] P8 tc4-http=plain=1 (want plain=1)
[17:29:10 #35] P8 tc4-https=plain=1; sec=9 (want plain=1; sec=9)
[17:29:10 #36] P8 tc2=sec=9 (want sec=9) count=2 (want 2)
[17:29:10 #37] P8 tc5 count=5 (want 5)
[17:29:10 #38] P8 tc5 d1.expires>1824103680 (want >0 name=a)
[17:29:12 #39] P8 tc3 after-expiry count=5 (want 5, tmp pruned)
[17:29:12 #40] P8 tc7 count=300 lo=cap10 hi=cap309 (want 300 cap10 cap309)
[17:29:12 #41] P8 cleared count=0 (want 0)
[17:29:12 #42] P9 init bookmarks=9 (want 9 defaults) history=0
[17:29:12 #43] P9 tc2 top=First Again url=https://a.example/1 time=17:29 (want top First Again a.example)
[17:29:12 #44] P9 tc3 second=Second Page count=2 (want Second Page, 2)
[17:29:12 #45] P9 tc4 count=50 (want 50) top=https://cap.example/54 (want cap.example/54)
[17:29:12 #46] P9 tc5 9->10->10 (want +1 then same) title=New Title (want New Title)
[17:29:12 #47] P9 tc6 10->11 removed=1 (want +1, 1) now=10
[17:29:12 #48] P9 tc7 reload bookmarks=10 (want 10) history=50 (want 50)
[17:29:12 #49] P9 tc8 corrupt-recovery bookmarks=9 (want 9)
[17:29:12 #50] P9 tc1b jar-after-reload=0 (cookie section persists; jar restore in P30)
[17:29:12 #51] P9 about-filter 0==0 (want equal)
[17:29:12 #52] P10 tc1 fonts-ready=7 (want 7)
[17:29:12 #53] P10 tc2 body(Hello)=41 h1(Hello)=62 empty=0 (want >0, >w_body? no: h1 wider, 0)
[17:29:12 #54] P10 tc3 h1 lh=24 mt=6 (want 24, 6) ptr=1
[17:29:12 #55] P10 tc3 h2 lh=18 mt=5 (want 18, 5)
[17:29:12 #56] P10 tc3 h3 lh=16 mt=4 (want 16, 4)
[17:29:12 #57] P10 tc3 body-bold lh=16 (want 16) ptr=1
[17:29:12 #58] P10 tc3 mono lh=15 (want 15)
[17:29:12 #59] P10 tc3 small lh=14 (want 14) ptr=1
[17:29:12 #60] P10 tc3 sub lh=14 (want 14)
[17:29:12 #61] P4 scheduled: pending=2
[17:29:12 #62] updateFrame: first frame executed
[17:29:12 #63] P4 chain complete (5 iterations)
[17:29:12 #64] P6 cancel_all after t1 done + t2 error (cancelledFired must stay 0)
[17:29:12 #65] P6 RESULT: done=1 (want 1) error=1 (want 1) cancelledCompleted=0 (want 0) progress=0.00 running=0 maxTicksPerFrame=1
[17:29:13 #66] P4 oneshot fired (count=1)
[17:29:13 #67] P4 RESULT: oneshot=1 (want 1) chain=5 (want 5) cancelledFired=0 (want 0) pending=0
[17:29:16 #68] P12 tc2 home selection after D,D,R (want 4) = 4
[17:29:16 #69] P12 tc2a card4 url clean (want no pipe) = YES
[17:29:17 #70] navigate_to: https://en.wikipedia.org/wiki/Main_Page
[17:29:17 #71] P12 state -> 3 (frame 140)
[17:29:19 #72] P12 tc3 error selection after R,R (want 3) = 3
[17:29:20 #73] navigate_to: about:home
[17:29:20 #74] P12 state -> 0 (frame 220)
[17:29:21 #75] P12 state -> 4 (frame 260)
[17:29:21 #76] navigate_to: about:home
[17:29:21 #77] P12 state -> 0 (frame 270)
[17:29:22 #78] P12 state -> 5 (frame 280)
[17:29:22 #79] navigate_to: about:home
[17:29:22 #80] P12 state -> 0 (frame 290)
[17:29:22 #81] P12 state -> 6 (frame 300)
[17:29:22 #82] updateFrame: heartbeat frame=300
[17:29:23 #83] navigate_to: about:home
[17:29:23 #84] P12 state -> 0 (frame 320)
[17:29:23 #85] P12 tc6 after-cancel searchEngine=1 (want 1, staged discarded)
[17:29:24 #86] P12 state -> 6 (frame 330)
[17:29:24 #87] navigate_to: about:home
[17:29:24 #88] P12 state -> 0 (frame 350)
[17:29:25 #89] P12 tc6 after-save searchEngine=2 (want 2, persisted)
[17:29:26 #90] P12 RESULT state=0 (want 0=HOME) scripted sequence complete
